pnpm.exe : [WARN] The "pnpm" field in package.json is no longer read by pnpm. The following keys were ignored: 
"pnpm.auditConfig", "pnpm.overrides". See https://pnpm.io/settings for the new home of each setting.
At C:\Users\GODSWILL\AppData\Local\pnpm\bin\pnpm.ps1:14 char:3
+   & "$basedir/../global/v11/1ff0-19ef193e7f2/node_modules/@pnpm/exe/p ...
+   ~~~~~~~~~~~~~~~~~~~~~~~~~~~~~~~~~~~~~~~~~~~~~~~~~~~~~~~~~~~~~~~~~~~
    + CategoryInfo          : NotSpecified: ([WARN] The "pnp...f each setting.:String) [], RemoteException
    + FullyQualifiedErrorId : NativeCommandError
 

> my-app@0.1.0 prebuild C:\Users\GODSWILL\teachLink_web
> pnpm run check-locales && pnpm run check-i18n


> my-app@0.1.0 check-locales C:\Users\GODSWILL\teachLink_web
> node scripts/check-locales.mjs

Locale check - all locale files are complete.

> my-app@0.1.0 check-i18n C:\Users\GODSWILL\teachLink_web
> node scripts/check-i18n.cjs

No missing keys in ar.json
No missing keys in es.json
i18n: All locale files have complete key coverage.

> my-app@0.1.0 build C:\Users\GODSWILL\teachLink_web
> next build

 ÔÜá Warning: Next.js inferred your workspace root, but it may not be correct.
 We detected multiple lockfiles and selected the directory of C:\Users\GODSWILL\package-lock.json as the root 
directory.
 To silence this warning, set `outputFileTracingRoot` in your Next.js config, or consider removing one of the 
lockfiles if it's not needed.
   See https://nextjs.org/docs/app/api-reference/config/next-config-js/output#caveats for more information.
 Detected additional lockfiles: 
   * C:\Users\GODSWILL\teachLink_web\pnpm-lock.yaml

   Ôû▓ Next.js 15.5.19
   - Experiments (use with caution):
     ┬À optimizePackageImports

   Creating an optimized production build ...
 ÔÜá Next.js can't recognize the exported `runtime` field in "/api/v1/help/route", it may be re-exported from another 
file. The default config will be used instead.
 Ô£ô Compiled successfully in 12.6min
   Skipping linting
   Checking validity of types ...
   Collecting page data ...
 ÔÜá Next.js can't recognize the exported `runtime` field in "/api/v1/help/route", it may be re-exported from another 
file. The default config will be used instead.
 ÔÜá Using edge runtime on a page currently disables static generation for that page
{"level":30,"time":"2026-07-06T22:36:07.959Z","scope":"sms:queue","requestId":"corr-1783377367958-tcd41g","correlationId":"corr-1783377367958-tcd41g","traceId":"","context":{"provider":"twilio","maxRetries":3,"maxConcurrent":5,"retryDelayMs":1500},"msg":"SMS Queue initialized"}
{"level":30,"time":"2026-07-06T22:36:07.960Z","scope":"sms:queue","requestId":"corr-1783377367958-28lllp","correlationId":"corr-1783377367958-28lllp","traceId":"","context":{"provider":"twilio","maxRetries":3,"maxConcurrent":5,"retryDelayMs":1500},"msg":"SMS Queue initialized"}
{"level":30,"time":"2026-07-06T22:36:07.965Z","scope":"sms:service","requestId":"corr-1783377367964-kc7d3h","correlationId":"corr-1783377367964-kc7d3h","traceId":"","context":{"fromNumber":"+1234567890","maxRetries":3,"maxConcurrent":5},"msg":"SMS Service initialized"}
{"level":30,"time":"2026-07-06T22:36:07.966Z","scope":"sms:queue","requestId":"corr-1783377367965-0tdmgp","correlationId":"corr-1783377367965-0tdmgp","traceId":"","context":{"provider":"twilio","maxRetries":3,"maxConcurrent":5,"retryDelayMs":1500},"msg":"SMS Queue initialized"}
{"level":30,"time":"2026-07-06T22:36:07.966Z","scope":"sms:service","requestId":"corr-1783377367966-24vq3l","correlationId":"corr-1783377367966-24vq3l","traceId":"","context":{"fromNumber":"+1234567890","maxRetries":3,"maxConcurrent":5},"msg":"SMS Service initialized"}
{"level":30,"time":"2026-07-06T22:36:07.963Z","scope":"sms:service","requestId":"corr-1783377367962-ibdw76","correlationId":"corr-1783377367962-ibdw76","traceId":"","context":{"fromNumber":"+1234567890","maxRetries":3,"maxConcurrent":5},"msg":"SMS Service initialized"}
{"level":30,"time":"2026-07-06T22:36:07.964Z","scope":"sms:queue","requestId":"corr-1783377367963-961onj","correlationId":"corr-1783377367963-961onj","traceId":"","context":{"provider":"twilio","maxRetries":3,"maxConcurrent":5,"retryDelayMs":1500},"msg":"SMS Queue initialized"}
{"level":30,"time":"2026-07-06T22:36:07.965Z","scope":"sms:service","requestId":"corr-1783377367964-nxxgse","correlationId":"corr-1783377367964-nxxgse","traceId":"","context":{"fromNumber":"+1234567890","maxRetries":3,"maxConcurrent":5},"msg":"SMS Service initialized"}
{"level":30,"time":"2026-07-06T22:36:17.278Z","scope":"sms:queue","requestId":"corr-1783377377276-jkiz53","correlationId":"corr-1783377377276-jkiz53","traceId":"","context":{"provider":"twilio","maxRetries":3,"maxConcurrent":5,"retryDelayMs":1500},"msg":"SMS Queue initialized"}
{"level":30,"time":"2026-07-06T22:36:17.283Z","scope":"sms:service","requestId":"corr-1783377377282-425yv2","correlationId":"corr-1783377377282-425yv2","traceId":"","context":{"fromNumber":"+1234567890","maxRetries":3,"maxConcurrent":5},"msg":"SMS Service initialized"}
   Generating static pages (0/66) ...
{"level":30,"time":"2026-07-06T22:37:15.780Z","scope":"sms:queue","requestId":"corr-1783377435778-x6winh","correlationId":"corr-1783377435778-x6winh","traceId":"","context":{"provider":"twilio","maxRetries":3,"maxConcurrent":5,"retryDelayMs":1500},"msg":"SMS Queue initialized"}
{"level":30,"time":"2026-07-06T22:37:15.783Z","scope":"sms:service","requestId":"corr-1783377435782-bdv5em","correlationId":"corr-1783377435782-bdv5em","traceId":"","context":{"fromNumber":"+1234567890","maxRetries":3,"maxConcurrent":5},"msg":"SMS Service initialized"}
{"level":30,"time":"2026-07-06T22:37:17.174Z","scope":"sms:queue","requestId":"corr-1783377437172-1i0c6m","correlationId":"corr-1783377437172-1i0c6m","traceId":"","context":{"provider":"twilio","maxRetries":3,"maxConcurrent":5,"retryDelayMs":1500},"msg":"SMS Queue initialized"}
   Generating static pages (16/66) 
{"level":30,"time":"2026-07-06T22:37:17.178Z","scope":"sms:service","requestId":"corr-1783377437178-un6i0a","correlationId":"corr-1783377437178-un6i0a","traceId":"","context":{"fromNumber":"+1234567890","maxRetries":3,"maxConcurrent":5},"msg":"SMS Service initialized"}
{"level":30,"time":"2026-07-06T22:37:17.180Z","scope":"sms:queue","requestId":"corr-1783377437179-kuxyxi","correlationId":"corr-1783377437179-kuxyxi","traceId":"","context":{"provider":"twilio","maxRetries":3,"maxConcurrent":5,"retryDelayMs":1500},"msg":"SMS Queue initialized"}
{"level":30,"time":"2026-07-06T22:37:17.181Z","scope":"sms:service","requestId":"corr-1783377437180-pyqjiu","correlationId":"corr-1783377437180-pyqjiu","traceId":"","context":{"fromNumber":"+1234567890","maxRetries":3,"maxConcurrent":5},"msg":"SMS Service initialized"}
   Generating static pages (32/66) 
   Generating static pages (49/66) 
 Ô£ô Generating static pages (66/66)
   Finalizing page optimization ...
   Collecting build traces ...

Route (app)                                  Size  First Load JS  Revalidate  Expire
Ôöî ãÆ /                                     3.88 kB         160 kB
Ôö£ ãÆ /_not-found                             297 B         103 kB
Ôö£ ãÆ /accessibility-demo                    9.7 kB         116 kB
Ôö£ ãÆ /admin/cms                            17.5 kB         261 kB
Ôö£ ãÆ /admin/network-policies               2.89 kB         112 kB
Ôö£ ãÆ /admin/permissions                    1.89 kB         111 kB
Ôö£ ãÆ /api/admin/audit                        297 B         103 kB
Ôö£ ãÆ /api/admin/feature-flags                297 B         103 kB
Ôö£ ãÆ /api/admin/feature-flags/[id]           297 B         103 kB
Ôö£ ãÆ /api/admin/feature-flags/audit          297 B         103 kB
Ôö£ ãÆ /api/admin/feature-flags/evaluate       297 B         103 kB
Ôö£ ãÆ /api/admin/network-policies             297 B         103 kB
Ôö£ ãÆ /api/approvals                          297 B         103 kB
Ôö£ ãÆ /api/auth/discord                       297 B         103 kB
Ôö£ ãÆ /api/auth/discord/callback              297 B         103 kB
Ôö£ ãÆ /api/auth/email-verification/resend     297 B         103 kB
Ôö£ ãÆ /api/auth/email-verification/restore    297 B         103 kB
Ôö£ ãÆ /api/auth/email-verification/verify     297 B         103 kB
Ôö£ ãÆ /api/auth/login                         297 B         103 kB
Ôö£ ãÆ /api/auth/signup                        297 B         103 kB
Ôö£ ãÆ /api/bookmarks                          297 B         103 kB
Ôö£ ãÆ /api/certificates/[id]                  297 B         103 kB
Ôö£ ãÆ /api/certificates/[id]/download         297 B         103 kB
Ôö£ ãÆ /api/certificates/generate              297 B         103 kB
Ôö£ ãÆ /api/certificates/verify/[id]           297 B         103 kB
Ôö£ ãÆ /api/courses                            297 B         103 kB
Ôö£ ãÆ /api/courses/[id]                       297 B         103 kB
Ôö£ ãÆ /api/courses/[id]/enroll                297 B         103 kB
Ôö£ ãÆ /api/courses/[id]/lessons               297 B         103 kB
Ôö£ ãÆ /api/courses/downloadable               297 B         103 kB
Ôö£ ãÆ /api/errors/report                      297 B         103 kB
Ôö£ ãÆ /api/exports/execute                    297 B         103 kB
Ôö£ ãÆ /api/exports/history                    297 B         103 kB
Ôö£ ãÆ /api/exports/schedules                  297 B         103 kB
Ôö£ ãÆ /api/exports/schedules/[id]             297 B         103 kB
Ôö£ ãÆ /api/exports/templates                  297 B         103 kB
Ôö£ ãÆ /api/exports/templates/[id]             297 B         103 kB
Ôö£ ãÆ /api/generate-pdf                       297 B         103 kB
Ôö£ ãÆ /api/health                             297 B         103 kB
Ôö£ ãÆ /api/help                               297 B         103 kB
Ôö£ ãÆ /api/lessons/[id]/progress              297 B         103 kB
Ôö£ ãÆ /api/notarization                       297 B         103 kB
Ôö£ ãÆ /api/notes                              297 B         103 kB
Ôö£ ãÆ /api/performance/db-metrics             297 B         103 kB
Ôö£ ãÆ /api/performance/vitals                 297 B         103 kB
Ôö£ ãÆ /api/preview                            297 B         103 kB
Ôö£ ãÆ /api/referral/validate                  297 B         103 kB
Ôö£ ãÆ /api/security/reporting                 297 B         103 kB
Ôö£ ãÆ /api/sms/logs                           297 B         103 kB
Ôö£ ãÆ /api/sms/send                           297 B         103 kB
Ôö£ ãÆ /api/tipping                            297 B         103 kB
Ôö£ ãÆ /api/tips                               297 B         103 kB
Ôö£ ãÆ /api/tutorials                          297 B         103 kB
Ôö£ ãÆ /api/tutorials/[id]                     297 B         103 kB
Ôö£ ãÆ /api/tutorials/[id]/progress            297 B         103 kB
Ôö£ ãÆ /api/user/progress                      297 B         103 kB
Ôö£ ãÆ /api/user/settings                      297 B         103 kB
Ôö£ ãÆ /api/v1/[...route]                      297 B         103 kB
Ôö£ ãÆ /api/v1/consent                         297 B         103 kB
Ôö£ ãÆ /api/v1/help                            297 B         103 kB
Ôö£ ãÆ /api/v1/tickets                         297 B         103 kB
Ôö£ ãÆ /api/v1/tickets/[id]                    297 B         103 kB
Ôö£ ãÆ /api/video-analytics                    297 B         103 kB
Ôö£ ãÆ /api/volunteers                         297 B         103 kB
Ôö£ ãÆ /breadcrumbs-demo                     4.42 kB         150 kB
Ôö£ ãÆ /certificates                         2.63 kB         177 kB
Ôö£ ãÆ /courses                              1.75 kB         105 kB
Ôö£ ãÆ /courses/[courseId]                     14 kB         179 kB
Ôö£ ãÆ /dashboard                            19.1 kB         170 kB
Ôö£ ãÆ /editor                               2.61 kB         118 kB
Ôö£ ãÆ /instructor/create-course               25 kB         151 kB
Ôö£ ãÆ /leaderboard                          11.4 kB         140 kB
Ôö£ ãÆ /login                                4.77 kB         183 kB
Ôö£ ãÆ /messages                             11.7 kB         304 kB
Ôö£ ãÆ /onboarding                           20.7 kB         185 kB
Ôö£ ãÆ /pages/admin/feature-flags            11.1 kB         117 kB
Ôö£ ãÆ /pages/search                         10.2 kB         125 kB
Ôö£ ãÆ /performance                          10.3 kB         311 kB
Ôö£ ãÆ /privacy                              4.42 kB         107 kB
Ôö£ ãÆ /profile                              3.96 kB         107 kB
Ôö£ ãÆ /qr-code-demo                         2.26 kB         151 kB
Ôö£ ãÆ /quiz                                 4.76 kB         108 kB
Ôö£ ãÆ /release-notes                        2.06 kB         105 kB
Ôö£ ãÆ /search                               11.6 kB         127 kB
Ôö£ ãÆ /signup                               5.13 kB         183 kB
Ôö£ Ôùï /sitemap.xml                            297 B         103 kB          1h      1y
Ôö£ ãÆ /study-groups                         21.8 kB         337 kB
Ôö£ ãÆ /subscriptions-demo                   4.94 kB         108 kB
Ôö£ ãÆ /support                              3.45 kB         109 kB
Ôö£ ãÆ /theme-demo                           2.44 kB         105 kB
Ôö£ ãÆ /tooltip-demo                         3.09 kB         106 kB
Ôö£ ãÆ /topics/[slug]                        7.36 kB         119 kB
Ôö£ ãÆ /unauthorized                           167 B         106 kB
Ôö£ ãÆ /verify-email                         2.45 kB         157 kB
Ôö£ ãÆ /video-player-demo                    2.08 kB         105 kB
Ôö£ ãÆ /visualization-demo                   23.5 kB         243 kB
Ôöö ãÆ /web3-demo                            14.8 kB         123 kB
+ First Load JS shared by all              103 kB
  Ôö£ chunks/1255-7cc4270733dcc56b.js       45.8 kB
  Ôö£ chunks/4bd1b696-182b6b13bdad92e3.js   54.2 kB
  Ôöö other shared chunks (total)           2.82 kB

Route (pages)                                Size  First Load JS
Ôöî ãÆ /api/notifications/metrics                0 B        82.9 kB
Ôö£ ãÆ /api/notifications/send-notification      0 B        82.9 kB
Ôö£ ãÆ /api/notifications/subscribe              0 B        82.9 kB
Ôö£ ãÆ /api/notifications/track                  0 B        82.9 kB
Ôöö Ôùï /system-health (4293 ms)              7.71 kB        90.6 kB
+ First Load JS shared by all             82.9 kB
  Ôö£ chunks/framework-b9fd9bcc3ecde907.js  44.8 kB
  Ôö£ chunks/main-945d82723711e554.js       34.9 kB
  Ôöö other shared chunks (total)            3.1 kB

Ôùï  (Static)   prerendered as static content
ãÆ  (Dynamic)  server-rendered on demand


> my-app@0.1.0 postbuild C:\Users\GODSWILL\teachLink_web
> pnpm run generate:sitemap


> my-app@0.1.0 generate:sitemap C:\Users\GODSWILL\teachLink_web
> npx tsx scripts/generate-sitemap.ts

Sitemap written to C:\Users\GODSWILL\teachLink_web\public\sitemap.xml ÔÇö 14 URL(s) included.
Sitemap validation passed: 14 URL(s), schema-compliant XML.
npm notice
npm notice New major version of npm available! 10.9.3 -> 11.18.0
npm notice Changelog: https://github.com/npm/cli/releases/tag/v11.18.0
npm notice To update run: npm install -g npm@11.18.0
npm notice
