node.exe : [WARN] The "pnpm" field in package.json is no longer read by pnpm. 
The following keys were ignored: "pnpm.overrides". See 
https://pnpm.io/settings for the new home of each setting.
At C:\Users\u-adamu\npm-global\pnpm.ps1:24 char:5
+     & "node$exe"  "$basedir/node_modules/pnpm/bin/pnpm.mjs" $args
+     ~~~~~~~~~~~~~~~~~~~~~~~~~~~~~~~~~~~~~~~~~~~~~~~~~~~~~~~~~~~~~
    + CategoryInfo          : NotSpecified: ([WARN] The "pnp...f each setting. 
   :String) [], RemoteException
    + FullyQualifiedErrorId : NativeCommandError
 

> my-app@0.1.0 test C:\Users\u-adamu\Desktop\memplethee\teachLink_web
> vitest run "--run"


[1m[7m[36m RUN [39m[27m[22m [36mv2.1.9 [39m[90mC:/Users/u-adamu/Desktop/memplethee/teachLink_web[39m

 [32mΓ£ô[39m src/lib/notifications/__tests__/recommendation-engine.test.ts [2m([22m[2m22 tests[22m[2m)[22m[90m 74[2mms[22m[39m
 [32mΓ£ô[39m src/form-management/state/form-state-manager.test.ts [2m([22m[2m52 tests[22m[2m)[22m[33m 324[2mms[22m[39m
 [31mΓ¥»[39m src/lib/settings/__tests__/service.test.ts [2m([22m[2m69 tests[22m[2m | [22m[31m2 failed[39m[2m)[22m[90m 223[2mms[22m[39m
[31m   [31m├ù[31m SettingsService[2m > [22mimportSettings[2m > [22mrejects data with missing settings[90m 53[2mms[22m[31m[39m
[31m     ΓåÆ expected [ Array(1) ] to include 'Missing settings data'[39m
[31m   [31m├ù[31m SettingsService[2m > [22mgetCapabilities[2m > [22mall capabilities are enabled by default[90m 12[2mms[22m[31m[39m
[31m     ΓåÆ expected undefined to be true // Object.is equality[39m
 [31mΓ¥»[39m src/lib/settings/__tests__/integration.test.ts [2m([22m[2m36 tests[22m[2m | [22m[31m5 failed[39m[2m)[22m[90m 285[2mms[22m[39m
[31m   [31m├ù[31m Settings System Integration[2m > [22mEnd-to-End Settings Flow[2m > [22mexports and imports virtual background settings[90m 109[2mms[22m[31m[39m
[31m     ΓåÆ expected undefined to be true // Object.is equality[39m
[31m   [31m├ù[31m Settings System Integration[2m > [22mEnd-to-End Settings Flow[2m > [22mresets virtual background settings to defaults[90m 13[2mms[22m[31m[39m
[31m     ΓåÆ expected undefined to be false // Object.is equality[39m
[31m   [31m├ù[31m Settings System Integration[2m > [22mLocalStorage Integration[2m > [22mDocumentation Update Integration[2m > [22mintegrates documentation validation with settings workflow[90m 23[2mms[22m[31m[39m
[31m     ΓåÆ expected false to be true // Object.is equality[39m
[31m   [31m├ù[31m Settings System Integration[2m > [22mLocalStorage Integration[2m > [22mDocumentation Update Integration[2m > [22mensures documentation metadata stays in sync with schema[90m 15[2mms[22m[31m[39m
[31m     ΓåÆ expected [ 'version', 'theme', ΓÇª(13) ] to deeply equal [ 'version', 'theme', ΓÇª(12) ][39m
[31m   [31m├ù[31m Settings System Integration[2m > [22mLocalStorage Integration[2m > [22mDocumentation Update Integration[2m > [22mvalidates documentation completeness end-to-end[90m 3[2mms[22m[31m[39m
[31m     ΓåÆ expected false to be true // Object.is equality[39m
 [31mΓ¥»[39m src/app/api/certificates/__tests__/certificate-security.test.ts [2m([22m[2m17 tests[22m[2m | [22m[31m6 failed[39m[2m)[22m[90m 172[2mms[22m[39m
[31m   [31m├ù[31m Certificate Security[2m > [22mT1 - IDOR Prevention[2m > [22mtest_certificate_idor_blocked: should block access to other users certificates[90m 63[2mms[22m[31m[39m
[31m     ΓåÆ expected undefined to be 'user-123' // Object.is equality[39m
[31m   [31m├ù[31m Certificate Security[2m > [22mT3 - Certificate Forgery Prevention[2m > [22mtest_certificate_verification: should verify authentic certificates[90m 5[2mms[22m[31m[39m
[31m     ΓåÆ Cannot read properties of null (reading 'certificateId')[39m
[31m   [31m├ù[31m Certificate Security[2m > [22mT3 - Certificate Forgery Prevention[2m > [22mtest_certificate_verification: should reject tampered certificates[90m 3[2mms[22m[31m[39m
[31m     ΓåÆ Cannot read properties of null (reading 'certificateId')[39m
[31m   [31m├ù[31m Certificate Security[2m > [22mT3 - Certificate Forgery Prevention[2m > [22mtest_certificate_revocation: should block access to revoked certificates[90m 3[2mms[22m[31m[39m
[31m     ΓåÆ Cannot read properties of null (reading 'certificateId')[39m
[31m   [31m├ù[31m Certificate Security[2m > [22mT7 - Opaque Certificate IDs[2m > [22mtest_certificate_id_is_uuid: should not use sequential integers[90m 4[2mms[22m[31m[39m
[31m     ΓåÆ Cannot read properties of null (reading 'certificateId')[39m
[31m   [31m├ù[31m Certificate Security[2m > [22mIntegration[2m > [22mshould support full certificate lifecycle: create, verify, revoke[90m 2[2mms[22m[31m[39m
[31m     ΓåÆ Cannot read properties of null (reading 'certificateId')[39m
 [32mΓ£ô[39m src/components/audio/__tests__/AudioInvoice.test.tsx [2m([22m[2m30 tests[22m[2m)[22m[33m 2129[2mms[22m[39m
   [33m[2mΓ£ô[22m[39m AudioInvoiceBadge[2m > [22mrenders paid status [33m388[2mms[22m[39m
[90mstderr[2m | src/components/ui/__tests__/Accordion.test.tsx[2m > 
[22m[2mAccordion ΓÇô context errors[2m > [22m[2mthrows when AccordionItem 
is used outside Accordion
[22m[39mError: Uncaught [Error: Accordion sub-components must be used inside 
<Accordion>.]
    at reportException (C:\Users\u-adamu\Desktop\memplethee\teachLink_web\node_
modules\jsdom\lib\jsdom\living\helpers\runtime-script-errors.js:66:24)
    at innerInvokeEventListeners (C:\Users\u-adamu\Desktop\memplethee\teachLink
_web\node_modules\jsdom\lib\jsdom\living\events\EventTarget-impl.js:353:9)
    at invokeEventListeners (C:\Users\u-adamu\Desktop\memplethee\teachLink_web\
node_modules\jsdom\lib\jsdom\living\events\EventTarget-impl.js:286:3)
    at HTMLUnknownElementImpl._dispatch (C:\Users\u-adamu\Desktop\memplethee\te
achLink_web\node_modules\jsdom\lib\jsdom\living\events\EventTarget-impl.js:233:
9)
    at HTMLUnknownElementImpl.dispatchEvent (C:\Users\u-adamu\Desktop\memplethe
e\teachLink_web\node_modules\jsdom\lib\jsdom\living\events\EventTarget-impl.js:
104:17)
    at HTMLUnknownElement.dispatchEvent (C:\Users\u-adamu\Desktop\memplethee\te
achLink_web\node_modules\jsdom\lib\jsdom\living\generated\EventTarget.js:241:34
)
    at Object.invokeGuardedCallbackDev (C:\Users\u-adamu\Desktop\memplethee\tea
chLink_web\node_modules\react-dom\cjs\react-dom.development.js:4213:16)
    at invokeGuardedCallback (C:\Users\u-adamu\Desktop\memplethee\teachLink_web
\node_modules\react-dom\cjs\react-dom.development.js:4277:31)
    at beginWork$1 (C:\Users\u-adamu\Desktop\memplethee\teachLink_web\node_modu
les\react-dom\cjs\react-dom.development.js:27490:7)
    at performUnitOfWork (C:\Users\u-adamu\Desktop\memplethee\teachLink_web\nod
e_modules\react-dom\cjs\react-dom.development.js:26599:12) Error: Accordion 
sub-components must be used inside <Accordion>.
    at useAccordionContext [90m(C:\Users\u-adamu\Desktop\memplethee\teachLink_
web\[39msrc\components\ui\Accordion.tsx:52:11[90m)[39m
    at AccordionItem [90m(C:\Users\u-adamu\Desktop\memplethee\teachLink_web\[
39msrc\components\ui\Accordion.tsx:227:62[90m)[39m
    at renderWithHooks [90m(C:\Users\u-adamu\Desktop\memplethee\teachLink_web\
[39mnode_modules\[4mreact-dom[24m\cjs\react-dom.development.js:15486:18[90m
)[39m
    at mountIndeterminateComponent [90m(C:\Users\u-adamu\Desktop\memplethee\te
achLink_web\[39mnode_modules\[4mreact-dom[24m\cjs\react-dom.development.js:2
0103:13[90m)[39m
    at beginWork [90m(C:\Users\u-adamu\Desktop\memplethee\teachLink_web\[39mn
ode_modules\[4mreact-dom[24m\cjs\react-dom.development.js:21626:16[90m)[39m
    at HTMLUnknownElement.callCallback [90m(C:\Users\u-adamu\Desktop\memplethe
e\teachLink_web\[39mnode_modules\[4mreact-dom[24m\cjs\react-dom.development.
js:4164:14[90m)[39m
    at HTMLUnknownElement.callTheUserObjectsOperation [90m(C:\Users\u-adamu\De
sktop\memplethee\teachLink_web\[39mnode_modules\[4mjsdom[24m\lib\jsdom\livin
g\generated\EventListener.js:26:30[90m)[39m
    at innerInvokeEventListeners [90m(C:\Users\u-adamu\Desktop\memplethee\teac
hLink_web\[39mnode_modules\[4mjsdom[24m\lib\jsdom\living\events\EventTarget-
impl.js:350:25[90m)[39m
    at invokeEventListeners [90m(C:\Users\u-adamu\Desktop\memplethee\teachLink
_web\[39mnode_modules\[4mjsdom[24m\lib\jsdom\living\events\EventTarget-impl.
js:286:3[90m)[39m
    at HTMLUnknownElementImpl._dispatch [90m(C:\Users\u-adamu\Desktop\mempleth
ee\teachLink_web\[39mnode_modules\[4mjsdom[24m\lib\jsdom\living\events\Event
Target-impl.js:233:9[90m)[39m
Error: Uncaught [Error: Accordion sub-components must be used inside 
<Accordion>.]
    at reportException (C:\Users\u-adamu\Desktop\memplethee\teachLink_web\node_
modules\jsdom\lib\jsdom\living\helpers\runtime-script-errors.js:66:24)
    at innerInvokeEventListeners (C:\Users\u-adamu\Desktop\memplethee\teachLink
_web\node_modules\jsdom\lib\jsdom\living\events\EventTarget-impl.js:353:9)
    at invokeEventListeners (C:\Users\u-adamu\Desktop\memplethee\teachLink_web\
node_modules\jsdom\lib\jsdom\living\events\EventTarget-impl.js:286:3)
    at HTMLUnknownElementImpl._dispatch (C:\Users\u-adamu\Desktop\memplethee\te
achLink_web\node_modules\jsdom\lib\jsdom\living\events\EventTarget-impl.js:233:
9)
    at HTMLUnknownElementImpl.dispatchEvent (C:\Users\u-adamu\Desktop\memplethe
e\teachLink_web\node_modules\jsdom\lib\jsdom\living\events\EventTarget-impl.js:
104:17)
    at HTMLUnknownElement.dispatchEvent (C:\Users\u-adamu\Desktop\memplethee\te
achLink_web\node_modules\jsdom\lib\jsdom\living\generated\EventTarget.js:241:34
)
    at Object.invokeGuardedCallbackDev (C:\Users\u-adamu\Desktop\memplethee\tea
chLink_web\node_modules\react-dom\cjs\react-dom.development.js:4213:16)
    at invokeGuardedCallback (C:\Users\u-adamu\Desktop\memplethee\teachLink_web
\node_modules\react-dom\cjs\react-dom.development.js:4277:31)
    at beginWork$1 (C:\Users\u-adamu\Desktop\memplethee\teachLink_web\node_modu
les\react-dom\cjs\react-dom.development.js:27490:7)
    at performUnitOfWork (C:\Users\u-adamu\Desktop\memplethee\teachLink_web\nod
e_modules\react-dom\cjs\react-dom.development.js:26599:12) Error: Accordion 
sub-components must be used inside <Accordion>.
    at useAccordionContext [90m(C:\Users\u-adamu\Desktop\memplethee\teachLink_
web\[39msrc\components\ui\Accordion.tsx:52:11[90m)[39m
    at AccordionItem [90m(C:\Users\u-adamu\Desktop\memplethee\teachLink_web\[
39msrc\components\ui\Accordion.tsx:227:62[90m)[39m
    at renderWithHooks [90m(C:\Users\u-adamu\Desktop\memplethee\teachLink_web\
[39mnode_modules\[4mreact-dom[24m\cjs\react-dom.development.js:15486:18[90m
)[39m
    at mountIndeterminateComponent [90m(C:\Users\u-adamu\Desktop\memplethee\te
achLink_web\[39mnode_modules\[4mreact-dom[24m\cjs\react-dom.development.js:2
0103:13[90m)[39m
    at beginWork [90m(C:\Users\u-adamu\Desktop\memplethee\teachLink_web\[39mn
ode_modules\[4mreact-dom[24m\cjs\react-dom.development.js:21626:16[90m)[39m
    at HTMLUnknownElement.callCallback [90m(C:\Users\u-adamu\Desktop\memplethe
e\teachLink_web\[39mnode_modules\[4mreact-dom[24m\cjs\react-dom.development.
js:4164:14[90m)[39m
    at HTMLUnknownElement.callTheUserObjectsOperation [90m(C:\Users\u-adamu\De
sktop\memplethee\teachLink_web\[39mnode_modules\[4mjsdom[24m\lib\jsdom\livin
g\generated\EventListener.js:26:30[90m)[39m
    at innerInvokeEventListeners [90m(C:\Users\u-adamu\Desktop\memplethee\teac
hLink_web\[39mnode_modules\[4mjsdom[24m\lib\jsdom\living\events\EventTarget-
impl.js:350:25[90m)[39m
    at invokeEventListeners [90m(C:\Users\u-adamu\Desktop\memplethee\teachLink
_web\[39mnode_modules\[4mjsdom[24m\lib\jsdom\living\events\EventTarget-impl.
js:286:3[90m)[39m
    at HTMLUnknownElementImpl._dispatch [90m(C:\Users\u-adamu\Desktop\mempleth
ee\teachLink_web\[39mnode_modules\[4mjsdom[24m\lib\jsdom\living\events\Event
Target-impl.js:233:9[90m)[39m

[90mstderr[2m | src/components/ui/__tests__/Accordion.test.tsx[2m > 
[22m[2mAccordion ΓÇô context errors[2m > [22m[2mthrows when 
AccordionTrigger is used outside AccordionItem
[22m[39mError: Uncaught [Error: AccordionTrigger and AccordionContent must 
be used inside <AccordionItem>.]
    at reportException (C:\Users\u-adamu\Desktop\memplethee\teachLink_web\node_
modules\jsdom\lib\jsdom\living\helpers\runtime-script-errors.js:66:24)
    at innerInvokeEventListeners (C:\Users\u-adamu\Desktop\memplethee\teachLink
_web\node_modules\jsdom\lib\jsdom\living\events\EventTarget-impl.js:353:9)
    at invokeEventListeners (C:\Users\u-adamu\Desktop\memplethee\teachLink_web\
node_modules\jsdom\lib\jsdom\living\events\EventTarget-impl.js:286:3)
    at HTMLUnknownElementImpl._dispatch (C:\Users\u-adamu\Desktop\memplethee\te
achLink_web\node_modules\jsdom\lib\jsdom\living\events\EventTarget-impl.js:233:
9)
    at HTMLUnknownElementImpl.dispatchEvent (C:\Users\u-adamu\Desktop\memplethe
e\teachLink_web\node_modules\jsdom\lib\jsdom\living\events\EventTarget-impl.js:
104:17)
    at HTMLUnknownElement.dispatchEvent (C:\Users\u-adamu\Desktop\memplethee\te
achLink_web\node_modules\jsdom\lib\jsdom\living\generated\EventTarget.js:241:34
)
    at Object.invokeGuardedCallbackDev (C:\Users\u-adamu\Desktop\memplethee\tea
chLink_web\node_modules\react-dom\cjs\react-dom.development.js:4213:16)
    at invokeGuardedCallback (C:\Users\u-adamu\Desktop\memplethee\teachLink_web
\node_modules\react-dom\cjs\react-dom.development.js:4277:31)
    at beginWork$1 (C:\Users\u-adamu\Desktop\memplethee\teachLink_web\node_modu
les\react-dom\cjs\react-dom.development.js:27490:7)
    at performUnitOfWork (C:\Users\u-adamu\Desktop\memplethee\teachLink_web\nod
e_modules\react-dom\cjs\react-dom.development.js:26599:12) Error: 
AccordionTrigger and AccordionContent must be used inside <AccordionItem>.
    at useAccordionItemContext [90m(C:\Users\u-adamu\Desktop\memplethee\teachL
ink_web\[39msrc\components\ui\Accordion.tsx:74:11[90m)[39m
    at AccordionTrigger [90m(C:\Users\u-adamu\Desktop\memplethee\teachLink_web
\[39msrc\components\ui\Accordion.tsx:299:52[90m)[39m
    at renderWithHooks [90m(C:\Users\u-adamu\Desktop\memplethee\teachLink_web\
[39mnode_modules\[4mreact-dom[24m\cjs\react-dom.development.js:15486:18[90m
)[39m
    at mountIndeterminateComponent [90m(C:\Users\u-adamu\Desktop\memplethee\te
achLink_web\[39mnode_modules\[4mreact-dom[24m\cjs\react-dom.development.js:2
0103:13[90m)[39m
    at beginWork [90m(C:\Users\u-adamu\Desktop\memplethee\teachLink_web\[39mn
ode_modules\[4mreact-dom[24m\cjs\react-dom.development.js:21626:16[90m)[39m
    at HTMLUnknownElement.callCallback [90m(C:\Users\u-adamu\Desktop\memplethe
e\teachLink_web\[39mnode_modules\[4mreact-dom[24m\cjs\react-dom.development.
js:4164:14[90m)[39m
    at HTMLUnknownElement.callTheUserObjectsOperation [90m(C:\Users\u-adamu\De
sktop\memplethee\teachLink_web\[39mnode_modules\[4mjsdom[24m\lib\jsdom\livin
g\generated\EventListener.js:26:30[90m)[39m
    at innerInvokeEventListeners [90m(C:\Users\u-adamu\Desktop\memplethee\teac
hLink_web\[39mnode_modules\[4mjsdom[24m\lib\jsdom\living\events\EventTarget-
impl.js:350:25[90m)[39m
    at invokeEventListeners [90m(C:\Users\u-adamu\Desktop\memplethee\teachLink
_web\[39mnode_modules\[4mjsdom[24m\lib\jsdom\living\events\EventTarget-impl.
js:286:3[90m)[39m
    at HTMLUnknownElementImpl._dispatch [90m(C:\Users\u-adamu\Desktop\mempleth
ee\teachLink_web\[39mnode_modules\[4mjsdom[24m\lib\jsdom\living\events\Event
Target-impl.js:233:9[90m)[39m
Error: Uncaught [Error: AccordionTrigger and AccordionContent must be used 
inside <AccordionItem>.]
    at reportException (C:\Users\u-adamu\Desktop\memplethee\teachLink_web\node_
modules\jsdom\lib\jsdom\living\helpers\runtime-script-errors.js:66:24)
    at innerInvokeEventListeners (C:\Users\u-adamu\Desktop\memplethee\teachLink
_web\node_modules\jsdom\lib\jsdom\living\events\EventTarget-impl.js:353:9)
    at invokeEventListeners (C:\Users\u-adamu\Desktop\memplethee\teachLink_web\
node_modules\jsdom\lib\jsdom\living\events\EventTarget-impl.js:286:3)
    at HTMLUnknownElementImpl._dispatch (C:\Users\u-adamu\Desktop\memplethee\te
achLink_web\node_modules\jsdom\lib\jsdom\living\events\EventTarget-impl.js:233:
9)
    at HTMLUnknownElementImpl.dispatchEvent (C:\Users\u-adamu\Desktop\memplethe
e\teachLink_web\node_modules\jsdom\lib\jsdom\living\events\EventTarget-impl.js:
104:17)
    at HTMLUnknownElement.dispatchEvent (C:\Users\u-adamu\Desktop\memplethee\te
achLink_web\node_modules\jsdom\lib\jsdom\living\generated\EventTarget.js:241:34
)
    at Object.invokeGuardedCallbackDev (C:\Users\u-adamu\Desktop\memplethee\tea
chLink_web\node_modules\react-dom\cjs\react-dom.development.js:4213:16)
    at invokeGuardedCallback (C:\Users\u-adamu\Desktop\memplethee\teachLink_web
\node_modules\react-dom\cjs\react-dom.development.js:4277:31)
    at beginWork$1 (C:\Users\u-adamu\Desktop\memplethee\teachLink_web\node_modu
les\react-dom\cjs\react-dom.development.js:27490:7)
    at performUnitOfWork (C:\Users\u-adamu\Desktop\memplethee\teachLink_web\nod
e_modules\react-dom\cjs\react-dom.development.js:26599:12) Error: 
AccordionTrigger and AccordionContent must be used inside <AccordionItem>.
    at useAccordionItemContext [90m(C:\Users\u-adamu\Desktop\memplethee\teachL
ink_web\[39msrc\components\ui\Accordion.tsx:74:11[90m)[39m
    at AccordionTrigger [90m(C:\Users\u-adamu\Desktop\memplethee\teachLink_web
\[39msrc\components\ui\Accordion.tsx:299:52[90m)[39m
    at renderWithHooks [90m(C:\Users\u-adamu\Desktop\memplethee\teachLink_web\
[39mnode_modules\[4mreact-dom[24m\cjs\react-dom.development.js:15486:18[90m
)[39m
    at mountIndeterminateComponent [90m(C:\Users\u-adamu\Desktop\memplethee\te
achLink_web\[39mnode_modules\[4mreact-dom[24m\cjs\react-dom.development.js:2
0103:13[90m)[39m
    at beginWork [90m(C:\Users\u-adamu\Desktop\memplethee\teachLink_web\[39mn
ode_modules\[4mreact-dom[24m\cjs\react-dom.development.js:21626:16[90m)[39m
    at HTMLUnknownElement.callCallback [90m(C:\Users\u-adamu\Desktop\memplethe
e\teachLink_web\[39mnode_modules\[4mreact-dom[24m\cjs\react-dom.development.
js:4164:14[90m)[39m
    at HTMLUnknownElement.callTheUserObjectsOperation [90m(C:\Users\u-adamu\De
sktop\memplethee\teachLink_web\[39mnode_modules\[4mjsdom[24m\lib\jsdom\livin
g\generated\EventListener.js:26:30[90m)[39m
    at innerInvokeEventListeners [90m(C:\Users\u-adamu\Desktop\memplethee\teac
hLink_web\[39mnode_modules\[4mjsdom[24m\lib\jsdom\living\events\EventTarget-
impl.js:350:25[90m)[39m
    at invokeEventListeners [90m(C:\Users\u-adamu\Desktop\memplethee\teachLink
_web\[39mnode_modules\[4mjsdom[24m\lib\jsdom\living\events\EventTarget-impl.
js:286:3[90m)[39m
    at HTMLUnknownElementImpl._dispatch [90m(C:\Users\u-adamu\Desktop\mempleth
ee\teachLink_web\[39mnode_modules\[4mjsdom[24m\lib\jsdom\living\events\Event
Target-impl.js:233:9[90m)[39m

 [32mΓ£ô[39m src/components/ui/__tests__/Accordion.test.tsx [2m([22m[2m29 tests[22m[2m)[22m[33m 3249[2mms[22m[39m
   [33m[2mΓ£ô[22m[39m Accordion ΓÇô toggle behaviour[2m > [22mopens a closed item when its trigger is clicked [33m373[2mms[22m[39m
   [33m[2mΓ£ô[22m[39m Accordion ΓÇô toggle behaviour[2m > [22mallows multiple items open simultaneously by default [33m534[2mms[22m[39m
   [33m[2mΓ£ô[22m[39m Accordion ΓÇô disabled items[2m > [22mdoes not toggle a disabled item when clicked [33m308[2mms[22m[39m
 [32mΓ£ô[39m src/form-management/utils/configuration-parser.test.ts [2m([22m[2m21 tests[22m[2m)[22m[33m 4563[2mms[22m[39m
   [33m[2mΓ£ô[22m[39m FormConfigurationParser[2m > [22mRound-Trip Property Tests[2m > [22mProperty: Configuration round-trip should produce equivalent object [33m4477[2mms[22m[39m
 [32mΓ£ô[39m src/components/social/__tests__/socialFeatures.test.tsx [2m([22m[2m36 tests[22m[2m)[22m[33m 4435[2mms[22m[39m
   [33m[2mΓ£ô[22m[39m SocialProfile[2m > [22mrenders Follow button for non-own profile [33m470[2mms[22m[39m
   [33m[2mΓ£ô[22m[39m SocialProfile[2m > [22mswitches tab content on click [33m534[2mms[22m[39m
   [33m[2mΓ£ô[22m[39m SocialInteractions[2m > [22msubmits a new comment and displays it in the comment list [33m850[2mms[22m[39m
   [33m[2mΓ£ô[22m[39m SocialInteractions[2m > [22mdoes not allow submitting whitespace-only comments [33m465[2mms[22m[39m
[90mstderr[2m | src/form-management/validation/image-optimizer.test.ts[2m > 
[22m[2mImage Optimization[2m > [22m[2moptimizeImage[2m > [22m[2mshould 
return original file when no options provided
[22m[39mError: Not implemented: HTMLCanvasElement.prototype.getContext 
(without installing the canvas npm package)
    at module.exports (C:\Users\u-adamu\Desktop\memplethee\teachLink_web\node_m
odules\jsdom\lib\jsdom\browser\not-implemented.js:9:17)
    at HTMLCanvasElementImpl.getContext (C:\Users\u-adamu\Desktop\memplethee\te
achLink_web\node_modules\jsdom\lib\jsdom\living\nodes\HTMLCanvasElement-impl.js
:42:5)
    at HTMLCanvasElement.getContext (C:\Users\u-adamu\Desktop\memplethee\teachL
ink_web\node_modules\jsdom\lib\jsdom\living\generated\HTMLCanvasElement.js:131:
58)
    at MockImage.onload (C:\Users\u-adamu\Desktop\memplethee\teachLink_web\src\
form-management\validation\image-optimizer.ts:87:28)
    at Timeout._onTimeout (C:\Users\u-adamu\Desktop\memplethee\teachLink_web\sr
c\form-management\validation\image-optimizer.test.ts:27:18)
    at listOnTimeout (node:internal/timers:588:17)
    at processTimers (node:internal/timers:523:7) [90mundefined[39m

[90mstderr[2m | src/form-management/validation/image-optimizer.test.ts[2m > 
[22m[2mImage Optimization[2m > [22m[2moptimizeImage[2m > [22m[2mshould 
apply default options when partial options provided
[22m[39mError: Not implemented: HTMLCanvasElement.prototype.getContext 
(without installing the canvas npm package)
    at module.exports (C:\Users\u-adamu\Desktop\memplethee\teachLink_web\node_m
odules\jsdom\lib\jsdom\browser\not-implemented.js:9:17)
    at HTMLCanvasElementImpl.getContext (C:\Users\u-adamu\Desktop\memplethee\te
achLink_web\node_modules\jsdom\lib\jsdom\living\nodes\HTMLCanvasElement-impl.js
:42:5)
    at HTMLCanvasElement.getContext (C:\Users\u-adamu\Desktop\memplethee\teachL
ink_web\node_modules\jsdom\lib\jsdom\living\generated\HTMLCanvasElement.js:131:
58)
    at MockImage.onload (C:\Users\u-adamu\Desktop\memplethee\teachLink_web\src\
form-management\validation\image-optimizer.ts:87:28)
    at Timeout._onTimeout (C:\Users\u-adamu\Desktop\memplethee\teachLink_web\sr
c\form-management\validation\image-optimizer.test.ts:27:18)
    at listOnTimeout (node:internal/timers:588:17)
    at processTimers (node:internal/timers:523:7) [90mundefined[39m

[90mstderr[2m | src/form-management/validation/image-optimizer.test.ts[2m > 
[22m[2mImage Optimization[2m > [22m[2moptimizeImage[2m > [22m[2mshould 
handle different image formats
[22m[39mError: Not implemented: HTMLCanvasElement.prototype.getContext 
(without installing the canvas npm package)
    at module.exports (C:\Users\u-adamu\Desktop\memplethee\teachLink_web\node_m
odules\jsdom\lib\jsdom\browser\not-implemented.js:9:17)
    at HTMLCanvasElementImpl.getContext (C:\Users\u-adamu\Desktop\memplethee\te
achLink_web\node_modules\jsdom\lib\jsdom\living\nodes\HTMLCanvasElement-impl.js
:42:5)
    at HTMLCanvasElement.getContext (C:\Users\u-adamu\Desktop\memplethee\teachL
ink_web\node_modules\jsdom\lib\jsdom\living\generated\HTMLCanvasElement.js:131:
58)
    at MockImage.onload (C:\Users\u-adamu\Desktop\memplethee\teachLink_web\src\
form-management\validation\image-optimizer.ts:87:28)
    at Timeout._onTimeout (C:\Users\u-adamu\Desktop\memplethee\teachLink_web\sr
c\form-management\validation\image-optimizer.test.ts:27:18)
    at listOnTimeout (node:internal/timers:588:17)
    at processTimers (node:internal/timers:523:7) [90mundefined[39m

[90mstderr[2m | src/form-management/validation/image-optimizer.test.ts[2m > 
[22m[2mImage Optimization[2m > [22m[2moptimizeImage[2m > [22m[2mshould 
handle different image formats
[22m[39mError: Not implemented: HTMLCanvasElement.prototype.getContext 
(without installing the canvas npm package)
    at module.exports (C:\Users\u-adamu\Desktop\memplethee\teachLink_web\node_m
odules\jsdom\lib\jsdom\browser\not-implemented.js:9:17)
    at HTMLCanvasElementImpl.getContext (C:\Users\u-adamu\Desktop\memplethee\te
achLink_web\node_modules\jsdom\lib\jsdom\living\nodes\HTMLCanvasElement-impl.js
:42:5)
    at HTMLCanvasElement.getContext (C:\Users\u-adamu\Desktop\memplethee\teachL
ink_web\node_modules\jsdom\lib\jsdom\living\generated\HTMLCanvasElement.js:131:
58)
    at MockImage.onload (C:\Users\u-adamu\Desktop\memplethee\teachLink_web\src\
form-management\validation\image-optimizer.ts:87:28)
    at Timeout._onTimeout (C:\Users\u-adamu\Desktop\memplethee\teachLink_web\sr
c\form-management\validation\image-optimizer.test.ts:27:18)
    at listOnTimeout (node:internal/timers:588:17)
    at processTimers (node:internal/timers:523:7) [90mundefined[39m

[90mstderr[2m | src/form-management/validation/image-optimizer.test.ts[2m > 
[22m[2mImage Optimization[2m > [22m[2moptimizeImage[2m > [22m[2mshould 
support different quality values
[22m[39mError: Not implemented: HTMLCanvasElement.prototype.getContext 
(without installing the canvas npm package)
    at module.exports (C:\Users\u-adamu\Desktop\memplethee\teachLink_web\node_m
odules\jsdom\lib\jsdom\browser\not-implemented.js:9:17)
    at HTMLCanvasElementImpl.getContext (C:\Users\u-adamu\Desktop\memplethee\te
achLink_web\node_modules\jsdom\lib\jsdom\living\nodes\HTMLCanvasElement-impl.js
:42:5)
    at HTMLCanvasElement.getContext (C:\Users\u-adamu\Desktop\memplethee\teachL
ink_web\node_modules\jsdom\lib\jsdom\living\generated\HTMLCanvasElement.js:131:
58)
    at MockImage.onload (C:\Users\u-adamu\Desktop\memplethee\teachLink_web\src\
form-management\validation\image-optimizer.ts:87:28)
    at Timeout._onTimeout (C:\Users\u-adamu\Desktop\memplethee\teachLink_web\sr
c\form-management\validation\image-optimizer.test.ts:27:18)
    at listOnTimeout (node:internal/timers:588:17)
    at processTimers (node:internal/timers:523:7) [90mundefined[39m

 [32mΓ£ô[39m src/form-management/validation/custom-validation-registry.test.ts [2m([22m[2m23 tests[22m[2m)[22m[90m 85[2mms[22m[39m
[90mstderr[2m | src/form-management/validation/image-optimizer.test.ts[2m > 
[22m[2mImage Optimization[2m > [22m[2moptimizeImage[2m > [22m[2mshould 
support different output formats
[22m[39mError: Not implemented: HTMLCanvasElement.prototype.getContext 
(without installing the canvas npm package)
    at module.exports (C:\Users\u-adamu\Desktop\memplethee\teachLink_web\node_m
odules\jsdom\lib\jsdom\browser\not-implemented.js:9:17)
    at HTMLCanvasElementImpl.getContext (C:\Users\u-adamu\Desktop\memplethee\te
achLink_web\node_modules\jsdom\lib\jsdom\living\nodes\HTMLCanvasElement-impl.js
:42:5)
    at HTMLCanvasElement.getContext (C:\Users\u-adamu\Desktop\memplethee\teachL
ink_web\node_modules\jsdom\lib\jsdom\living\generated\HTMLCanvasElement.js:131:
58)
    at MockImage.onload (C:\Users\u-adamu\Desktop\memplethee\teachLink_web\src\
form-management\validation\image-optimizer.ts:87:28)
    at Timeout._onTimeout (C:\Users\u-adamu\Desktop\memplethee\teachLink_web\sr
c\form-management\validation\image-optimizer.test.ts:27:18)
    at listOnTimeout (node:internal/timers:588:17)
    at processTimers (node:internal/timers:523:7) [90mundefined[39m

[90mstderr[2m | src/form-management/validation/image-optimizer.test.ts[2m > 
[22m[2mImage Optimization[2m > [22m[2moptimizeImage[2m > [22m[2mshould 
support different output formats
[22m[39mError: Not implemented: HTMLCanvasElement.prototype.getContext 
(without installing the canvas npm package)
    at module.exports (C:\Users\u-adamu\Desktop\memplethee\teachLink_web\node_m
odules\jsdom\lib\jsdom\browser\not-implemented.js:9:17)
    at HTMLCanvasElementImpl.getContext (C:\Users\u-adamu\Desktop\memplethee\te
achLink_web\node_modules\jsdom\lib\jsdom\living\nodes\HTMLCanvasElement-impl.js
:42:5)
    at HTMLCanvasElement.getContext (C:\Users\u-adamu\Desktop\memplethee\teachL
ink_web\node_modules\jsdom\lib\jsdom\living\generated\HTMLCanvasElement.js:131:
58)
    at MockImage.onload (C:\Users\u-adamu\Desktop\memplethee\teachLink_web\src\
form-management\validation\image-optimizer.ts:87:28)
    at Timeout._onTimeout (C:\Users\u-adamu\Desktop\memplethee\teachLink_web\sr
c\form-management\validation\image-optimizer.test.ts:27:18)
    at listOnTimeout (node:internal/timers:588:17)
    at processTimers (node:internal/timers:523:7) [90mundefined[39m

[90mstderr[2m | src/form-management/validation/image-optimizer.test.ts[2m > 
[22m[2mImage Optimization[2m > [22m[2moptimizeImage[2m > [22m[2mshould 
support different output formats
[22m[39mError: Not implemented: HTMLCanvasElement.prototype.getContext 
(without installing the canvas npm package)
    at module.exports (C:\Users\u-adamu\Desktop\memplethee\teachLink_web\node_m
odules\jsdom\lib\jsdom\browser\not-implemented.js:9:17)
    at HTMLCanvasElementImpl.getContext (C:\Users\u-adamu\Desktop\memplethee\te
achLink_web\node_modules\jsdom\lib\jsdom\living\nodes\HTMLCanvasElement-impl.js
:42:5)
    at HTMLCanvasElement.getContext (C:\Users\u-adamu\Desktop\memplethee\teachL
ink_web\node_modules\jsdom\lib\jsdom\living\generated\HTMLCanvasElement.js:131:
58)
    at MockImage.onload (C:\Users\u-adamu\Desktop\memplethee\teachLink_web\src\
form-management\validation\image-optimizer.ts:87:28)
    at Timeout._onTimeout (C:\Users\u-adamu\Desktop\memplethee\teachLink_web\sr
c\form-management\validation\image-optimizer.test.ts:27:18)
    at listOnTimeout (node:internal/timers:588:17)
    at processTimers (node:internal/timers:523:7) [90mundefined[39m

[90mstderr[2m | src/form-management/validation/image-optimizer.test.ts[2m > 
[22m[2mImage Optimization[2m > [22m[2moptimizeImage[2m > [22m[2mshould 
handle preserveAspectRatio option
[22m[39mError: Not implemented: HTMLCanvasElement.prototype.getContext 
(without installing the canvas npm package)
    at module.exports (C:\Users\u-adamu\Desktop\memplethee\teachLink_web\node_m
odules\jsdom\lib\jsdom\browser\not-implemented.js:9:17)
    at HTMLCanvasElementImpl.getContext (C:\Users\u-adamu\Desktop\memplethee\te
achLink_web\node_modules\jsdom\lib\jsdom\living\nodes\HTMLCanvasElement-impl.js
:42:5)
    at HTMLCanvasElement.getContext (C:\Users\u-adamu\Desktop\memplethee\teachL
ink_web\node_modules\jsdom\lib\jsdom\living\generated\HTMLCanvasElement.js:131:
58)
    at MockImage.onload (C:\Users\u-adamu\Desktop\memplethee\teachLink_web\src\
form-management\validation\image-optimizer.ts:87:28)
    at Timeout._onTimeout (C:\Users\u-adamu\Desktop\memplethee\teachLink_web\sr
c\form-management\validation\image-optimizer.test.ts:27:18)
    at listOnTimeout (node:internal/timers:588:17)
    at processTimers (node:internal/timers:523:7) [90mundefined[39m

[90mstderr[2m | src/form-management/validation/image-optimizer.test.ts[2m > 
[22m[2mImage Optimization[2m > [22m[2moptimizeImage[2m > [22m[2mshould 
handle preserveAspectRatio option
[22m[39mError: Not implemented: HTMLCanvasElement.prototype.getContext 
(without installing the canvas npm package)
    at module.exports (C:\Users\u-adamu\Desktop\memplethee\teachLink_web\node_m
odules\jsdom\lib\jsdom\browser\not-implemented.js:9:17)
    at HTMLCanvasElementImpl.getContext (C:\Users\u-adamu\Desktop\memplethee\te
achLink_web\node_modules\jsdom\lib\jsdom\living\nodes\HTMLCanvasElement-impl.js
:42:5)
    at HTMLCanvasElement.getContext (C:\Users\u-adamu\Desktop\memplethee\teachL
ink_web\node_modules\jsdom\lib\jsdom\living\generated\HTMLCanvasElement.js:131:
58)
    at MockImage.onload (C:\Users\u-adamu\Desktop\memplethee\teachLink_web\src\
form-management\validation\image-optimizer.ts:87:28)
    at Timeout._onTimeout (C:\Users\u-adamu\Desktop\memplethee\teachLink_web\sr
c\form-management\validation\image-optimizer.test.ts:27:18)
    at listOnTimeout (node:internal/timers:588:17)
    at processTimers (node:internal/timers:523:7) [90mundefined[39m

[90mstderr[2m | src/form-management/validation/image-optimizer.test.ts[2m > 
[22m[2mImage Optimization Integration[2m > [22m[2mshould optimize images 
and update form state
[22m[39mError: Not implemented: HTMLCanvasElement.prototype.getContext 
(without installing the canvas npm package)
    at module.exports (C:\Users\u-adamu\Desktop\memplethee\teachLink_web\node_m
odules\jsdom\lib\jsdom\browser\not-implemented.js:9:17)
    at HTMLCanvasElementImpl.getContext (C:\Users\u-adamu\Desktop\memplethee\te
achLink_web\node_modules\jsdom\lib\jsdom\living\nodes\HTMLCanvasElement-impl.js
:42:5)
    at HTMLCanvasElement.getContext (C:\Users\u-adamu\Desktop\memplethee\teachL
ink_web\node_modules\jsdom\lib\jsdom\living\generated\HTMLCanvasElement.js:131:
58)
    at MockImage.onload (C:\Users\u-adamu\Desktop\memplethee\teachLink_web\src\
form-management\validation\image-optimizer.ts:87:28)
    at Timeout._onTimeout (C:\Users\u-adamu\Desktop\memplethee\teachLink_web\sr
c\form-management\validation\image-optimizer.test.ts:247:18)
    at listOnTimeout (node:internal/timers:588:17)
    at processTimers (node:internal/timers:523:7) [90mundefined[39m

[90mstderr[2m | src/form-management/validation/image-optimizer.test.ts[2m > 
[22m[2mImage Optimization Integration[2m > [22m[2mshould handle combined 
image dimensions and optimization rules
[22m[39mError: Not implemented: HTMLCanvasElement.prototype.getContext 
(without installing the canvas npm package)
    at module.exports (C:\Users\u-adamu\Desktop\memplethee\teachLink_web\node_m
odules\jsdom\lib\jsdom\browser\not-implemented.js:9:17)
    at HTMLCanvasElementImpl.getContext (C:\Users\u-adamu\Desktop\memplethee\te
achLink_web\node_modules\jsdom\lib\jsdom\living\nodes\HTMLCanvasElement-impl.js
:42:5)
    at HTMLCanvasElement.getContext (C:\Users\u-adamu\Desktop\memplethee\teachL
ink_web\node_modules\jsdom\lib\jsdom\living\generated\HTMLCanvasElement.js:131:
58)
    at MockImage.onload (C:\Users\u-adamu\Desktop\memplethee\teachLink_web\src\
form-management\validation\image-optimizer.ts:87:28)
    at Timeout._onTimeout (C:\Users\u-adamu\Desktop\memplethee\teachLink_web\sr
c\form-management\validation\image-optimizer.test.ts:247:18)
    at listOnTimeout (node:internal/timers:588:17)
    at processTimers (node:internal/timers:523:7) [90mundefined[39m

 [32mΓ£ô[39m src/form-management/validation/image-optimizer.test.ts [2m([22m[2m23 tests[22m[2m)[22m[33m 979[2mms[22m[39m
 [32mΓ£ô[39m src/lib/notifications/__tests__/integration.test.ts [2m([22m[2m14 tests[22m[2m)[22m[33m 1000[2mms[22m[39m
   [33m[2mΓ£ô[22m[39m Notification System Integration[2m > [22mEnd-to-End Notification Flow[2m > [22mdelivers notifications to multiple channels [33m306[2mms[22m[39m
 [32mΓ£ô[39m src/lib/notifications/__tests__/service.test.ts [2m([22m[2m24 tests[22m[2m)[22m[33m 428[2mms[22m[39m
 [32mΓ£ô[39m src/form-management/validation/validation-engine.test.ts [2m([22m[2m15 tests[22m[2m)[22m[90m 170[2mms[22m[39m
 [32mΓ£ô[39m src/form-management/validation/validation-feedback-display.test.ts [2m([22m[2m20 tests[22m[2m)[22m[90m 247[2mms[22m[39m
 [32mΓ£ô[39m src/form-management/validation/async-validation-manager.test.ts [2m([22m[2m14 tests[22m[2m)[22m[90m 148[2mms[22m[39m
 [31mΓ¥»[39m src/components/social/__tests__/commentSection.test.tsx [2m([22m[2m70 tests[22m[2m | [22m[31m1 failed[39m[2m)[22m[33m 14303[2mms[22m[39m
   [33m[2mΓ£ô[22m[39m SocialInteractions ΓÇô Comment Section UI[2m > [22mshows the comment section after clicking the Toggle comments button [33m493[2mms[22m[39m
   [33m[2mΓ£ô[22m[39m SocialInteractions ΓÇô Comment Section UI[2m > [22mhides the comment section when toggled a second time [33m657[2mms[22m[39m
   [33m[2mΓ£ô[22m[39m SocialInteractions ΓÇô Comment Section UI[2m > [22menables the Post button when the draft input has text [33m525[2mms[22m[39m
   [33m[2mΓ£ô[22m[39m SocialInteractions ΓÇô Comment Section UI[2m > [22mkeeps Post button disabled for whitespace-only input [33m376[2mms[22m[39m
   [33m[2mΓ£ô[22m[39m SocialInteractions ΓÇô Comment Section UI[2m > [22msubmitting the form calls addComment with trimmed text [33m991[2mms[22m[39m
   [33m[2mΓ£ô[22m[39m SocialInteractions ΓÇô Comment Section UI[2m > [22mclears the draft input after a successful submission [33m1294[2mms[22m[39m
   [33m[2mΓ£ô[22m[39m SocialInteractions ΓÇô Comment Section UI[2m > [22mappends the new comment to the visible list after submission [33m1291[2mms[22m[39m
   [33m[2mΓ£ô[22m[39m SocialInteractions ΓÇô Comment Section UI[2m > [22mdoes not submit when the form is submitted with an empty draft [33m612[2mms[22m[39m
   [33m[2mΓ£ô[22m[39m FollowingSystem[2m > [22mshows "No users found." when search query matches no users [33m323[2mms[22m[39m
[31m   [31m├ù[31m TopicFeed[2m > [22mshows the empty state when there are no posts[33m 1104[2mms[22m[31m[39m
[31m     ΓåÆ Unable to find an element with the text: No posts in this topic yet. Be the first to share!. This could be because the text is broken up by multiple elements. In this case, you can provide a function for your text matcher to make your matcher more flexible.

Ignored nodes: comments, script, style
[36m<body>[31m
  [36m<div>[31m
    [36m<div[31m
      [33mclass[31m=[32m"space-y-4"[31m
    [36m>[31m
      [36m<div[31m
        [33mclass[31m=[32m"bg-white dark:bg-gray-900 rounded-xl border border-gray-200 dark:border-gray-700 p-5"[31m
      [36m>[31m
        [36m<div[31m
          [33mclass[31m=[32m"flex items-start justify-between gap-3"[31m
        [36m>[31m
          [36m<div[31m
            [33mclass[31m=[32m"flex items-center gap-2 min-w-0"[31m
          [36m>[31m
            [36m<span[31m
              [33maria-hidden[31m=[32m"true"[31m
              [33mclass[31m=[32m"flex items-center justify-center w-10 h-10 rounded-xl bg-blue-100 dark:bg-blue-900/40 text-blue-600 dark:text-blue-400 shrink-0"[31m
            [36m>[31m
              [36m<svg[31m
                [33mclass[31m=[32m"lucide lucide-hash w-5 h-5"[31m
                [33mfill[31m=[32m"none"[31m
                [33mheight[31m=[32m"24"[31m
                [33mstroke[31m=[32m"currentColor"[31m
                [33mstroke-linecap[31m=[32m"round"[31m
                [33mstroke-linejoin[31m=[32m"round"[31m
                [33mstroke-width[31m=[32m"2"[31m
                [33mviewBox[31m=[32m"0 0 24 24"[31m
                [33mwidth[31m=[32m"24"[31m
                [33mxmlns[31m=[32m"http://www.w3.org/2000/svg"[31m
              [36m>[31m
                [36m<line[31m
                  [33mx1[31m=[32m"4"[31m
                  [33mx2[31m=[32m"20"[31m
                  [33my1[31m=[32m"9"[31m
                  [33my2[31m=[32m"9"[31m
                [36m/>[31m
                [36m<line[31m
                  [33mx1[31m=[32m"4"[31m
                  [33mx2[31m=[32m"20"[31m
                  [33my1[31m=[32m"15"[31m
                  [33my2[31m=[32m"15"[31m
                [36m/>[31m
                [36m<line[31m
                  [33mx1[31m=[32m"10"[31m
                  [33mx2[31m=[32m"8"[31m
                  [33my1[31m=[32m"3"[31m
                  [33my2[31m=[32m"21"[31m
                [36m/>[31m
                [36m<line[31m
                  [33mx1[31m=[32m"16"[31m
                  [33mx2[31m=[32m"14"[31m
                  [33my1[31m=[32m"3"[31m
                  [33my2[31m=[32m"21"[31m
                [36m/>[31m
              [36m</svg>[31m
            [36m</span>[31m
            [36m<div[31m
              [33mclass[31m=[32m"min-w-0"[31m
            [36m>[31m
              [36m<h1[31m
                [33mclass[31m=[32m"text-xl font-bold text-gray-900 dark:text-white truncate"[31m
              [36m>[31m
                [0m#[0m
                [0mReact[0m
              [36m</h1>[31m
              [36m<p[31m
                [33mclass[31m=[32m"mt-0.5 text-sm text-gray-600 dark:text-gray-400 line-clamp-2"[31m
              [36m>[31m
                [0mAll things React[0m
              [36m</p>[31m
            [36m</div>[31m
          [36m</div>[31m
          [36m<button[31m
            [33maria-label[31m=[32m"Follow #React"[31m
            [33mclass[31m=[32m"shrink-0 px-4 py-1.5 rounded-full text-sm font-semibold transition-colors focus-visible:outline-none focus-visible:ring-2 focus-visible:ring-blue-500 disabled:opacity-60 bg-blue-600 text-white hover:bg-blue-700"[31m
          [36m>[31m
            [0mFollow[0m
          [36m</button>[31m
        [36m</div>[31m
        [36m<div[31m
          [33mclass[31m=[32m"mt-3 flex gap-4 text-sm text-gray-500 dark:text-gray-400"[31m
        [36m>[31m
          [36m<span>[31m
            [36m<strong[31m
              [33mclass[31m=[32m"text-gray-900 dark:text-white"[31m
            [36m>[31m
              [0m42[0m
            [36m</strong>[31m
            [0m [0m
            [0mposts[0m
          [36m</span>[31m
          [36m<span>[31m
            [36m<strong[31m
              [33mclass[31m=[32m"text-gray-900 dark:text-white"[31m
            [36m>[31m
              [0m1.2K[0m
            [36m</strong>[31m
            [0m [0m
            [0mfollowers[0m
          [36m</span>[31m
        [36m</div>[31m
      [36m</div>[31m
      [36m<div[31m
        [33maria-label[31m=[32m"Sort posts"[31m
        [33mclass[31m=[32m"flex gap-1 p-1 bg-gray-100 dark:bg-gray-800 rounded-lg"[31m
        [33mrole[31m=[32m"group"[31m
      [36m>[31m
        [36m<button[31m
          [33maria-pressed[31m=[32m"true"[31m
          [33mclass[31m=[32m"flex items-center gap-1.5 px-3 py-1.5 rounded-md text-sm font-medium transition-colors focus-visible:outline-none focus-visible:ring-2 focus-visible:ring-blue-500 bg-white dark:bg-gray-700 text-gray-900 dark:text-white shadow-sm"[31m
        [36m>[31m
          [36m<svg[31m
            [33mclass[31m=[32m"lucide lucide-clock w-3.5 h-3.5"[31m
            [33mfill[31m=[32m"none"[31m
            [33mheight[31m=[32m"24"[31m
            [33mstroke[31m=[32m"currentColor"[31m
            [33mstroke-linecap[31m=[32m"round"[31m
            [33mstroke-linejoin[31m=[32m"round"[31m
            [33mstroke-width[31m=[32m"2"[31m
            [33mviewBox[31m=[32m"0 0 24 24"[31m
            [33mwidth[31m=[32m"24"[31m
            [33mxmlns[31m=[32m"http://www.w3.org/2000/svg"[31m
          [36m>[31m
            [36m<circle[31m
              [33mcx[31m=[32m"12"[31m
              [33mcy[31m=[32m"12"[31m
              [33mr[31m=[32m"10"[31m
            [36m/>[31m
            [36m<polyline[31m
              [33mpoints[31m=[32m"12 6 12 12 16 14"[31m
            [36m/>[31m
          [36m</svg>[31m
          [0mLatest[0m
        [36m</button>[31m
        [36m<button[31m
          [33maria-pressed[31m=[32m"false"[31m
          [33mclass[31m=[32m"flex items-center gap-1.5 px-3 py-1.5 rounded-md text-sm font-medium transition-colors focus-visible:outline-none focus-visible:ring-2 focus-visible:ring-blue-500 text-gray-500 dark:text-gray-400 hover:text-gray-700 dark:hover:text-gray-200"[31m
        [36m>[31m
          [36m<svg[31m
            [33mclass[31m=[32m"lucide lucide-trending-up w-3.5 h-3.5"[31m
            [33mfill[31m=[32m"none"[31m
            [33mheight[31m=[32m"24"[31m
            [33mstroke[31m=[32m"currentColor"[31m
            [33mstroke-linecap[31m=[32m"round"[31m
            [33mstroke-linejoin[31m=[32m"round"[31m
            [33mstroke-width[31m=[32m"2"[31m
            [33mviewBox[31m=[32m"0 0 24 24"[31m
            [33mwidth[31m=[32m"24"[31m
            [33mxmlns[31m=[32m"http://www.w3.org/2000/svg"[31m
          [36m>[31m
            [36m<polyline[31m
              [33mpoints[31m=[32m"22 7 13.5 15.5 8.5 10.5 2 17"[31m
            [36m/>[31m
            [36m<polyline[31m
              [33mpoints[31m=[32m"16 7 22 7 22 13"[31m
            [36m/>[31m
          [36m</svg>[31m
          [0mPopular[0m
        [36m</button>[31m
        [36m<button[31m
          [33maria-pressed[31m=[32m"false"[31m
          [33mclass[31m=[32m"flex items-center gap-1.5 px-3 py-1.5 rounded-md text-sm font-medium transition-colors focus-visible:outline-none focus-visible:ring-2 focus-visible:ring-blue-500 text-gray-500 dark:text-gray-400 hover:text-gray-700 dark:hover:text-gray-200"[31m
        [36m>[31m
          [36m<svg[31m
            [33mclass[31m=[32m"lucide lucide-arrow-up w-3.5 h-3.5"[31m
            [33mfill[31m=[32m"none"[31m
            [33mheight[31m=[32m"24"[31m
            [33mstroke[31m=[32m"currentColor"[31m
            [33mstroke-linecap[31m=[32m"round"[31m
            [33mstroke-linejoin[31m=[32m"round"[31m
            [33mstroke-width[31m=[32m"2"[31m
            [33mviewBox[31m=[32m"0 0 24 24"[31m
            [33mwidth[31m=[32m"24"[31m
            [33mxmlns[31m=[32m"http://www.w3.org/2000/svg"[31m
          [36m>[31m
            [36m<path[31m
              [33md[31m=[32m"m5 12 7-7 7 7"[31m
            [36m/>[31m
            [36m<path[31m
              [33md[31m=[32m"M12 19V5"[31m
            [36m/>[31m
          [36m</svg>[31m
          [0mOldest[0m
        [36m</button>[31m
      [36m</div>[31m
      [36m<div[31m
        [33mclass[31m=[32m"bg-white dark:bg-gray-900 rounded-xl border border-gray-200 dark:border-gray-700 divide-y divide-gray-100 dark:divide-gray-800"[31m
      [36m>[31m
        [36m<div[31m
          [33mclass[31m=[32m"p-12 text-center space-y-3"[31m
        [36m>[31m
          [36m<span[31m
            [33maria-hidden[31m=[32m"true"[31m
            [33mclass[31m=[32m"inline-flex items-center justify-center w-12 h-12 rounded-full bg-gray-100 dark:bg-gray-800 text-gray-400"[31m
          [36m>[31m
            [36m<svg[31m
              [33mclass[31m=[32m"lucide lucide-book-open w-6 h-6"[31m
              [33mfill[31m=[32m"none"[31m
              [33mheight[31m=[32m"24"[31m
              [33mstroke[31m=[32m"currentColor"[31m
              [33mstroke-linecap[31m=[32m"round"[31m
              [33mstroke-linejoin[31m=[32m"round"[31m
              [33mstroke-width[31m=[32m"2"[31m
              [33mviewBox[31m=[32m"0 0 24 24"[31m
              [33mwidth[31m=[32m"24"[31m
              [33mxmlns[31m=[32m"http://www.w3.org/2000/svg"[31m
            [36m>[31m
              [36m<path[31m
                [33md[31m=[32m"M12 7v14"[31m
              [36m/>[31m
              [36m<path[31m
                [33md[31m=[32m"M3 18a1 1 0 0 1-1-1V4a1 1 0 0 1 1-1h5a4 4 0 0 1 4 4 4 4 0 0 1 4-4h5a1 1 0 0 1 1 1v13a1 1 0 0 1-1 1h-6a3 3 0 0 0-3 3 3 3 0 0 0-3-3z"[31m
              [36m/>[31m
            [36m</svg>[31m
          [36m</span>[31m
          [36m<p[31m
            [33mclass[31m=[32m"text-sm font-medium text-gray-700 dark:text-gray-300"[31m
          [36m>[31m
            [0mNo posts yet in #[0m
            [0mReact[0m
          [36m</p>[31m
          [36m<p[31m
            [33mclass[31m=[32m"text-xs text-gray-500 dark:text-gray-400"[31m
          [36m>[31m
            [0mBe the first to share your knowledge![0m
          [36m</p>[31m
          [36m<a[31m
            [33mclass[31m=[32m"inline-flex items-center gap-1.5 px-4 py-2 rounded-lg bg-blue-600 text-white text-sm font-medium hover:bg-blue-700 transition-colors focus-visible:outline-none focus-visible:ring-2 focus-visible:ring-blue-500"[31m
            [33mhref[31m=[32m"/create"[31m
          [36m>[31m
            [0mCreate a post[0m
          [36m</a>[31m
        [36m</div>[31m
      [36m</div>[31m
    [36m</div>[31m
  [36m</div>[31m
[36m</body>[31m

Ignored nodes: comments, script, style
[36m<html>[31m
  [36m<head />[31m
  [36m<body>[31m
    [36m<div>[31m
      [36m<div[31m
        [33mclass[31m=[32m"space-y-4"[31m
      [36m>[31m
        [36m<div[31m
          [33mclass[31m=[32m"bg-white dark:bg-gray-900 rounded-xl border border-gray-200 dark:border-gray-700 p-5"[31m
        [36m>[31m
          [36m<div[31m
            [33mclass[31m=[32m"flex items-start justify-between gap-3"[31m
          [36m>[31m
            [36m<div[31m
              [33mclass[31m=[32m"flex items-center gap-2 min-w-0"[31m
            [36m>[31m
              [36m<span[31m
                [33maria-hidden[31m=[32m"true"[31m
                [33mclass[31m=[32m"flex items-center justify-center w-10 h-10 rounded-xl bg-blue-100 dark:bg-blue-900/40 text-blue-600 dark:text-blue-400 shrink-0"[31m
              [36m>[31m
                [36m<svg[31m
                  [33mclass[31m=[32m"lucide lucide-hash w-5 h-5"[31m
                  [33mfill[31m=[32m"none"[31m
                  [33mheight[31m=[32m"24"[31m
                  [33mstroke[31m=[32m"currentColor"[31m
                  [33mstroke-linecap[31m=[32m"round"[31m
                  [33mstroke-linejoin[31m=[32m"round"[31m
                  [33mstroke-width[31m=[32m"2"[31m
                  [33mviewBox[31m=[32m"0 0 24 24"[31m
                  [33mwidth[31m=[32m"24"[31m
                  [33mxmlns[31m=[32m"http://www.w3.org/2000/svg"[31m
                [36m>[31m
                  [36m<line[31m
                    [33mx1[31m=[32m"4"[31m
                    [33mx2[31m=[32m"20"[31m
                    [33my1[31m=[32m"9"[31m
                    [33my2[31m=[32m"9"[31m
                  [36m/>[31m
                  [36m<line[31m
                    [33mx1[31m=[32m"4"[31m
                    [33mx2[31m=[32m"20"[31m
                    [33my1[31m=[32m"15"[31m
                    [33my2[31m=[32m"15"[31m
                  [36m/>[31m
                  [36m<line[31m
                    [33mx1[31m=[32m"10"[31m
                    [33mx2[31m=[32m"8"[31m
                    [33my1[31m=[32m"3"[31m
                    [33my2[31m=[32m"21"[31m
                  [36m/>[31m
                  [36m<line[31m
                    [33mx1[31m=[32m"16"[31m
                    [33mx2[31m=[32m"14"[31m
                    [33my1[31m=[32m"3"[31m
                    [33my2[31m=[32m"21"[31m
                  [36m/>[31m
                [36m</svg>[31m
              [36m</span>[31m
              [36m<div[31m
                [33mclass[31m=[32m"min-w-0"[31m
              [36m>[31m
                [36m<h1[31m
                  [33mclass[31m=[32m"text-xl font-bold text-gray-900 dark:text-white truncate"[31m
                [36m>[31m
                  [0m#[0m
                  [0mReact[0m
                [36m</h1>[31m
                [36m<p[31m
                  [33mclass[31m=[32m"mt-0.5 text-sm text-gray-600 dark:text-gray-400 line-clamp-2"[31m
                [36m>[31m
                  [0mAll things React[0m
                [36m</p>[31m
              [36m</div>[31m
            [36m</div>[31m
            [36m<button[31m
              [33maria-label[31m=[32m"Follow #React"[31m
              [33mclass[31m=[32m"shrink-0 px-4 py-1.5 rounded-full text-sm font-semibold transition-colors focus-visible:outline-none focus-visible:ring-2 focus-visible:ring-blue-500 disabled:opacity-60 bg-blue-600 text-white hover:bg-blue-700"[31m
            [36m>[31m
              [0mFollow[0m
            [36m</button>[31m
          [36m</div>[31m
          [36m<div[31m
            [33mclass[31m=[32m"mt-3 flex gap-4 text-sm text-gray-500 dark:text-gray-400"[31m
          [36m>[31m
            [36m<span>[31m
              [36m<strong[31m
                [33mclass[31m=[32m"text-gray-900 dark:text-white"[31m
              [36m>[31m
                [0m42[0m
              [36m</strong>[31m
              [0m [0m
              [0mposts[0m
            [36m</span>[31m
            [36m<span>[31m
              [36m<strong[31m
                [33mclass[31m=[32m"text-gray-900 dark:text-white"[31m
              [36m>[31m
                [0m1.2K[0m
              [36m</strong>[31m
              [0m [0m
              [0mfollowers[0m
            [36m</span>[31m
          [36m</div>[31m
        [36m</div>[31m
        [36m<div[31m
          [33maria-label[31m=[32m"Sort posts"[31m
          [33mclass[31m=[32m"flex gap-1 p-1 bg-gray-100 dark:bg-gray-800 rounded-lg"[31m
          [33mrole[31m=[32m"group"[31m
        [36m>[31m
          [36m<button[31m
            [33maria-pressed[31m=[32m"true"[31m
            [33mclass[31m=[32m"flex items-center gap-1.5 px-3 py-1.5 rounded-md text-sm font-medium transition-colors focus-visible:outline-none focus-visible:ring-2 focus-visible:ring-blue-500 bg-white dark:bg-gray-700 text-gray-900 dark:text-white shadow-sm"[31m
          [36m>[31m
            [36m<svg[31m
              [33mclass[31m=[32m"lucide lucide-clock w-3.5 h-3.5"[31m
              [33mfill[31m=[32m"none"[31m
              [33mheight[31m=[32m"24"[31m
              [33mstroke[31m=[32m"currentColor"[31m
              [33mstroke-linecap[31m=[32m"round"[31m
              [33mstroke-linejoin[31m=[32m"round"[31m
              [33mstroke-width[31m=[32m"2"[31m
              [33mviewBox[31m=[32m"0 0 24 24"[31m
              [33mwidth[31m=[32m"24"[31m
              [33mxmlns[31m=[32m"http://www.w3.org/2000/svg"[31m
            [36m>[31m
              [36m<circle[31m
                [33mcx[31m=[32m"12"[31m
                [33mcy[31m=[32m"12"[31m
                [33mr[31m=[32m"10"[31m
              [36m/>[31m
              [36m<polyline[31m
                [33mpoints[31m=[32m"12 6 12 12 16 14"[31m
              [36m/>[31m
            [36m</svg>[31m
            [0mLatest[0m
          [36m</button>[31m
          [36m<button[31m
            [33maria-pressed[31m=[32m"false"[31m
            [33mclass[31m=[32m"flex items-center gap-1.5 px-3 py-1.5 rounded-md text-sm font-medium transition-colors focus-visible:outline-none focus-visible:ring-2 focus-visible:ring-blue-500 text-gray-500 dark:text-gray-400 hover:text-gray-700 dark:hover:text-gray-200"[31m
          [36m>[31m
            [36m<svg[31m
              [33mclass[31m=[32m"lucide lucide-trending-up w-3.5 h-3.5"[31m
              [33mfill[31m=[32m"none"[31m
              [33mheight[31m=[32m"24"[31m
              [33mstroke[31m=[32m"currentColor"[31m
              [33mstroke-linecap[31m=[32m"round"[31m
              [33mstroke-linejoin[31m=[32m"round"[31m
              [33mstroke-width[31m=[32m"2"[31m
              [33mviewBox[31m=[32m"0 0 24 24"[31m
              [33mwidth[31m=[32m"24"[31m
              [33mxmlns[31m=[32m"http://www.w3.org/2000/svg"[31m
            [36m>[31m
              [36m<polyline[31m
                [33mpoints[31m=[32m"22 7 13.5 15.5 8.5 10.5 2 17"[31m
              [36m/>[31m
              [36m<polyline[31m
                [33mpoints[31m=[32m"16 7 22 7 22 13"[31m
              [36m/>[31m
            [36m</svg>[31m
            [0mPopular[0m
          [36m</button>[31m
          [36m<button[31m
            [33maria-pressed[31m=[32m"false"[31m
            [33mclass[31m=[32m"flex items-center gap-1.5 px-3 py-1.5 rounded-md text-sm font-medium transition-colors focus-visible:outline-none focus-visible:ring-2 focus-visible:ring-blue-500 text-gray-500 dark:text-gray-400 hover:text-gray-700 dark:hover:text-gray-200"[31m
          [36m>[31m
            [36m<svg[31m
              [33mclass[31m=[32m"lucide lucide-arrow-up w-3.5 h-3.5"[31m
              [33mfill[31m=[32m"none"[31m
              [33mheight[31m=[32m"24"[31m
              [33mstroke[31m=[32m"currentColor"[31m
              [33mstroke-linecap[31m=[32m"round"[31m
              [33mstroke-linejoin[31m=[32m"round"[31m
              [33mstroke-width[31m=[32m"2"[31m
              [33mviewBox[31m=[32m"0 0 24 24"[31m
              [33mwidth[31m=[32m"24"[31m
              [33mxmlns[31m=[32m"http://www.w3.org/2000/svg"[31m
            [36m>[31m
              [36m<path[31m
                [33md[31m=[32m"m5 12 7-7 7 7"[31m
              [36m/>[31m
              [36m<path[31m
                [33md[31m=[32m"M12 19V5"[31m
              [36m/>[31m
            [36m</svg>[31m
            [0mOldest[0m
          [36m</button>[31m
        [36m</div>[31m
        [36m<div[31m
          [33mclass[31m=[32m"bg-white dark:bg-gray-900 rounded-xl border border-gray-200 dark:border-gray-700 divide-y divide-gray-100 dark:divide-gray-800"[31m
        [36m>[31m
          [36m<div[31m
            [33mclass[31m=[32m"p-12 text-center space-y-3"[31m
          [36m>[31m
            [36m<span[31m
              [33maria-hidden[31m=[32m"true"[31m
              [33mclass[31m=[32m"inline-flex items-center justify-center w-12 h-12 rounded-full bg-gray-100 dark:bg-gray-800 text-gray-400"[31m
            [36m>[31m
              [36m<svg[31m
                [33mclass[31m=[32m"lucide lucide-book-open w-6 h-6"[31m
                [33mfill[31m=[32m"none"[31m
                [33mheight[31m=[32m"24"[31m
                [33mstroke[31m=[32m"currentColor"[31m
                [33mstroke-linecap[31m=[32m"round"[31m
                [33mstroke-linejoin[31m=[32m"round"[31m
                [33mstroke-width[31m=[32m"2"[31m
                [33mviewBox[31m=[32m"0 0 24 24"[31m
                [33mwidth[31m=[32m"24"[31m
                [33mxmlns[31m=[32m"http://www.w3.org/2000/svg"[31m
              [36m>[31m
                [36m<path[31m
                  [33md[31m=[32m"M12 7v14"[31m
                [36m/>[31m
                [36m<path[31m
                  [33md[31m=[32m"M3 18a1 1 0 0 1-1-1V4a1 1 0 0 1 1-1h5a4 4 0 0 1 4 4 4 4 0 0 1 4-4h5a1 1 0 0 1 1 1v13a1 1 0 0 1-1 1h-6a3 3 0 0 0-3 3 3 3 0 0 0-3-3z"[31m
                [36m/>[31m
              [36m</svg>[31m
            [36m</span>[31m
            [36m<p[31m
              [33mclass[31m=[32m"text-sm font-medium text-gray-700 dark:text-gray-300"[31m
            [36m>[31m
              [0mNo posts yet in #[0m
              [0mReact[0m
            [36m</p>[31m
            [36m<p[31m
              [33mclass[31m=[32m"text-xs text-gray-500 dark:text-gray-400"[31m
            [36m>[31m
              [0mBe the first to share your knowledge![0m
            [36m</p>[31m
            [36m<a[31m
              [33mclass[31m=[32m"inline-flex items-center gap-1.5 px-4 py-2 rounded-lg bg-blue-600 text-white text-sm font-medium hover:bg-blue-700 transition-colors focus-visible:outline-none focus-visible:ring-2 focus-visible:ring-blue-500"[31m
              [33mhref[31m=[32m"/create"[31m
            [36m>[31m
              [0mCreate a post[0m
            [36m</a>[31m
          [36m</div>[31m
        [36m</div>[31m
      [36m</div>[31m
    [36m</div>[31m
  [36m</body>[31m
[36m</html>[31m[39m
   [33m[2mΓ£ô[22m[39m TopicFeed[2m > [22mchanging the sort option triggers a fresh API load [33m656[2mms[22m[39m
 [32mΓ£ô[39m src/services/fraud-detection/__tests__/FraudDetectionService.test.ts [2m([22m[2m27 tests[22m[2m)[22m[90m 91[2mms[22m[39m
[90mstderr[2m | src/components/ai/__tests__/ai-components.test.tsx[2m > 
[22m[2mPersonalizedRecommendations[2m > [22m[2mrenders fetched 
recommendations
[22m[39mError: Uncaught [TypeError: Cannot read properties of undefined 
(reading 'map')]
    at reportException (C:\Users\u-adamu\Desktop\memplethee\teachLink_web\node_
modules\jsdom\lib\jsdom\living\helpers\runtime-script-errors.js:66:24)
    at innerInvokeEventListeners (C:\Users\u-adamu\Desktop\memplethee\teachLink
_web\node_modules\jsdom\lib\jsdom\living\events\EventTarget-impl.js:353:9)
    at invokeEventListeners (C:\Users\u-adamu\Desktop\memplethee\teachLink_web\
node_modules\jsdom\lib\jsdom\living\events\EventTarget-impl.js:286:3)
    at HTMLUnknownElementImpl._dispatch (C:\Users\u-adamu\Desktop\memplethee\te
achLink_web\node_modules\jsdom\lib\jsdom\living\events\EventTarget-impl.js:233:
9)
    at HTMLUnknownElementImpl.dispatchEvent (C:\Users\u-adamu\Desktop\memplethe
e\teachLink_web\node_modules\jsdom\lib\jsdom\living\events\EventTarget-impl.js:
104:17)
    at HTMLUnknownElement.dispatchEvent (C:\Users\u-adamu\Desktop\memplethee\te
achLink_web\node_modules\jsdom\lib\jsdom\living\generated\EventTarget.js:241:34
)
    at Object.invokeGuardedCallbackDev (C:\Users\u-adamu\Desktop\memplethee\tea
chLink_web\node_modules\react-dom\cjs\react-dom.development.js:4213:16)
    at invokeGuardedCallback (C:\Users\u-adamu\Desktop\memplethee\teachLink_web
\node_modules\react-dom\cjs\react-dom.development.js:4277:31)
    at beginWork$1 (C:\Users\u-adamu\Desktop\memplethee\teachLink_web\node_modu
les\react-dom\cjs\react-dom.development.js:27490:7)
    at performUnitOfWork (C:\Users\u-adamu\Desktop\memplethee\teachLink_web\nod
e_modules\react-dom\cjs\react-dom.development.js:26599:12) TypeError: Cannot 
read properties of undefined (reading 'map')
    at PersonalizedRecommendations [90m(C:\Users\u-adamu\Desktop\memplethee\te
achLink_web\[39msrc\components\ai\PersonalizedRecommendations.tsx:58:16[90m)
[39m
    at renderWithHooks [90m(C:\Users\u-adamu\Desktop\memplethee\teachLink_web\
[39mnode_modules\[4mreact-dom[24m\cjs\react-dom.development.js:15486:18[90m
)[39m
    at updateFunctionComponent [90m(C:\Users\u-adamu\Desktop\memplethee\teachL
ink_web\[39mnode_modules\[4mreact-dom[24m\cjs\react-dom.development.js:19617
:20[90m)[39m
    at beginWork [90m(C:\Users\u-adamu\Desktop\memplethee\teachLink_web\[39mn
ode_modules\[4mreact-dom[24m\cjs\react-dom.development.js:21640:16[90m)[39m
    at HTMLUnknownElement.callCallback [90m(C:\Users\u-adamu\Desktop\memplethe
e\teachLink_web\[39mnode_modules\[4mreact-dom[24m\cjs\react-dom.development.
js:4164:14[90m)[39m
    at HTMLUnknownElement.callTheUserObjectsOperation [90m(C:\Users\u-adamu\De
sktop\memplethee\teachLink_web\[39mnode_modules\[4mjsdom[24m\lib\jsdom\livin
g\generated\EventListener.js:26:30[90m)[39m
    at innerInvokeEventListeners [90m(C:\Users\u-adamu\Desktop\memplethee\teac
hLink_web\[39mnode_modules\[4mjsdom[24m\lib\jsdom\living\events\EventTarget-
impl.js:350:25[90m)[39m
    at invokeEventListeners [90m(C:\Users\u-adamu\Desktop\memplethee\teachLink
_web\[39mnode_modules\[4mjsdom[24m\lib\jsdom\living\events\EventTarget-impl.
js:286:3[90m)[39m
    at HTMLUnknownElementImpl._dispatch [90m(C:\Users\u-adamu\Desktop\mempleth
ee\teachLink_web\[39mnode_modules\[4mjsdom[24m\lib\jsdom\living\events\Event
Target-impl.js:233:9[90m)[39m
    at HTMLUnknownElementImpl.dispatchEvent [90m(C:\Users\u-adamu\Desktop\memp
lethee\teachLink_web\[39mnode_modules\[4mjsdom[24m\lib\jsdom\living\events\E
ventTarget-impl.js:104:17[90m)[39m
Error: Uncaught [TypeError: Cannot read properties of undefined (reading 
'map')]
    at reportException (C:\Users\u-adamu\Desktop\memplethee\teachLink_web\node_
modules\jsdom\lib\jsdom\living\helpers\runtime-script-errors.js:66:24)
    at innerInvokeEventListeners (C:\Users\u-adamu\Desktop\memplethee\teachLink
_web\node_modules\jsdom\lib\jsdom\living\events\EventTarget-impl.js:353:9)
    at invokeEventListeners (C:\Users\u-adamu\Desktop\memplethee\teachLink_web\
node_modules\jsdom\lib\jsdom\living\events\EventTarget-impl.js:286:3)
    at HTMLUnknownElementImpl._dispatch (C:\Users\u-adamu\Desktop\memplethee\te
achLink_web\node_modules\jsdom\lib\jsdom\living\events\EventTarget-impl.js:233:
9)
    at HTMLUnknownElementImpl.dispatchEvent (C:\Users\u-adamu\Desktop\memplethe
e\teachLink_web\node_modules\jsdom\lib\jsdom\living\events\EventTarget-impl.js:
104:17)
    at HTMLUnknownElement.dispatchEvent (C:\Users\u-adamu\Desktop\memplethee\te
achLink_web\node_modules\jsdom\lib\jsdom\living\generated\EventTarget.js:241:34
)
    at Object.invokeGuardedCallbackDev (C:\Users\u-adamu\Desktop\memplethee\tea
chLink_web\node_modules\react-dom\cjs\react-dom.development.js:4213:16)
    at invokeGuardedCallback (C:\Users\u-adamu\Desktop\memplethee\teachLink_web
\node_modules\react-dom\cjs\react-dom.development.js:4277:31)
    at beginWork$1 (C:\Users\u-adamu\Desktop\memplethee\teachLink_web\node_modu
les\react-dom\cjs\react-dom.development.js:27490:7)
    at performUnitOfWork (C:\Users\u-adamu\Desktop\memplethee\teachLink_web\nod
e_modules\react-dom\cjs\react-dom.development.js:26599:12) TypeError: Cannot 
read properties of undefined (reading 'map')
    at PersonalizedRecommendations [90m(C:\Users\u-adamu\Desktop\memplethee\te
achLink_web\[39msrc\components\ai\PersonalizedRecommendations.tsx:58:16[90m)
[39m
    at renderWithHooks [90m(C:\Users\u-adamu\Desktop\memplethee\teachLink_web\
[39mnode_modules\[4mreact-dom[24m\cjs\react-dom.development.js:15486:18[90m
)[39m
    at updateFunctionComponent [90m(C:\Users\u-adamu\Desktop\memplethee\teachL
ink_web\[39mnode_modules\[4mreact-dom[24m\cjs\react-dom.development.js:19617
:20[90m)[39m
    at beginWork [90m(C:\Users\u-adamu\Desktop\memplethee\teachLink_web\[39mn
ode_modules\[4mreact-dom[24m\cjs\react-dom.development.js:21640:16[90m)[39m
    at HTMLUnknownElement.callCallback [90m(C:\Users\u-adamu\Desktop\memplethe
e\teachLink_web\[39mnode_modules\[4mreact-dom[24m\cjs\react-dom.development.
js:4164:14[90m)[39m
    at HTMLUnknownElement.callTheUserObjectsOperation [90m(C:\Users\u-adamu\De
sktop\memplethee\teachLink_web\[39mnode_modules\[4mjsdom[24m\lib\jsdom\livin
g\generated\EventListener.js:26:30[90m)[39m
    at innerInvokeEventListeners [90m(C:\Users\u-adamu\Desktop\memplethee\teac
hLink_web\[39mnode_modules\[4mjsdom[24m\lib\jsdom\living\events\EventTarget-
impl.js:350:25[90m)[39m
    at invokeEventListeners [90m(C:\Users\u-adamu\Desktop\memplethee\teachLink
_web\[39mnode_modules\[4mjsdom[24m\lib\jsdom\living\events\EventTarget-impl.
js:286:3[90m)[39m
    at HTMLUnknownElementImpl._dispatch [90m(C:\Users\u-adamu\Desktop\mempleth
ee\teachLink_web\[39mnode_modules\[4mjsdom[24m\lib\jsdom\living\events\Event
Target-impl.js:233:9[90m)[39m
    at HTMLUnknownElementImpl.dispatchEvent [90m(C:\Users\u-adamu\Desktop\memp
lethee\teachLink_web\[39mnode_modules\[4mjsdom[24m\lib\jsdom\living\events\E
ventTarget-impl.js:104:17[90m)[39m

 [32mΓ£ô[39m src/form-management/state/dependency-manager.test.ts [2m([22m[2m15 tests[22m[2m)[22m[90m 44[2mms[22m[39m
 [32mΓ£ô[39m src/form-management/auto-save/auto-save-manager.test.ts [2m([22m[2m20 tests[22m[2m)[22m[90m 104[2mms[22m[39m
 [32mΓ£ô[39m src/testing/UserFlowTester.test.tsx [2m([22m[2m23 tests[22m[2m)[22m[33m 11637[2mms[22m[39m
   [33m[2mΓ£ô[22m[39m UserFlowTester ΓÇô Authentication[2m > [22mcompletes a successful login flow [33m2309[2mms[22m[39m
   [33m[2mΓ£ô[22m[39m UserFlowTester ΓÇô Authentication[2m > [22mshows loading state while authenticating [33m986[2mms[22m[39m
   [33m[2mΓ£ô[22m[39m UserFlowTester ΓÇô Authentication[2m > [22mdisplays error message on failed login [33m997[2mms[22m[39m
   [33m[2mΓ£ô[22m[39m UserFlowTester ΓÇô Authentication[2m > [22mclears error on subsequent login attempt [33m1156[2mms[22m[39m
   [33m[2mΓ£ô[22m[39m UserFlowTester ΓÇô Todo CRUD[2m > [22madds a new todo [33m1265[2mms[22m[39m
   [33m[2mΓ£ô[22m[39m UserFlowTester ΓÇô Todo CRUD[2m > [22mclears input after adding [33m456[2mms[22m[39m
   [33m[2mΓ£ô[22m[39m UserFlowTester ΓÇô Todo CRUD[2m > [22mtoggles a todo done state [33m497[2mms[22m[39m
   [33m[2mΓ£ô[22m[39m UserFlowTester ΓÇô Todo CRUD[2m > [22mdeletes a todo [33m702[2mms[22m[39m
   [33m[2mΓ£ô[22m[39m UserFlowTester ΓÇô Todo CRUD[2m > [22mmanages multiple todos independently [33m1150[2mms[22m[39m
   [33m[2mΓ£ô[22m[39m UserFlowTester ΓÇô Multi-step form[2m > [22mcompletes full workflow and submits data [33m928[2mms[22m[39m
[90mstderr[2m | src/components/ai/__tests__/ai-components.test.tsx[2m > 
[22m[2mPersonalizedRecommendations[2m > [22m[2mshows empty state when no 
recommendations
[22m[39mError: Uncaught [TypeError: Cannot read properties of undefined 
(reading 'map')]
    at reportException (C:\Users\u-adamu\Desktop\memplethee\teachLink_web\node_
modules\jsdom\lib\jsdom\living\helpers\runtime-script-errors.js:66:24)
    at innerInvokeEventListeners (C:\Users\u-adamu\Desktop\memplethee\teachLink
_web\node_modules\jsdom\lib\jsdom\living\events\EventTarget-impl.js:353:9)
    at invokeEventListeners (C:\Users\u-adamu\Desktop\memplethee\teachLink_web\
node_modules\jsdom\lib\jsdom\living\events\EventTarget-impl.js:286:3)
    at HTMLUnknownElementImpl._dispatch (C:\Users\u-adamu\Desktop\memplethee\te
achLink_web\node_modules\jsdom\lib\jsdom\living\events\EventTarget-impl.js:233:
9)
    at HTMLUnknownElementImpl.dispatchEvent (C:\Users\u-adamu\Desktop\memplethe
e\teachLink_web\node_modules\jsdom\lib\jsdom\living\events\EventTarget-impl.js:
104:17)
    at HTMLUnknownElement.dispatchEvent (C:\Users\u-adamu\Desktop\memplethee\te
achLink_web\node_modules\jsdom\lib\jsdom\living\generated\EventTarget.js:241:34
)
    at Object.invokeGuardedCallbackDev (C:\Users\u-adamu\Desktop\memplethee\tea
chLink_web\node_modules\react-dom\cjs\react-dom.development.js:4213:16)
    at invokeGuardedCallback (C:\Users\u-adamu\Desktop\memplethee\teachLink_web
\node_modules\react-dom\cjs\react-dom.development.js:4277:31)
    at beginWork$1 (C:\Users\u-adamu\Desktop\memplethee\teachLink_web\node_modu
les\react-dom\cjs\react-dom.development.js:27490:7)
    at performUnitOfWork (C:\Users\u-adamu\Desktop\memplethee\teachLink_web\nod
e_modules\react-dom\cjs\react-dom.development.js:26599:12) TypeError: Cannot 
read properties of undefined (reading 'map')
    at PersonalizedRecommendations [90m(C:\Users\u-adamu\Desktop\memplethee\te
achLink_web\[39msrc\components\ai\PersonalizedRecommendations.tsx:58:16[90m)
[39m
    at renderWithHooks [90m(C:\Users\u-adamu\Desktop\memplethee\teachLink_web\
[39mnode_modules\[4mreact-dom[24m\cjs\react-dom.development.js:15486:18[90m
)[39m
    at updateFunctionComponent [90m(C:\Users\u-adamu\Desktop\memplethee\teachL
ink_web\[39mnode_modules\[4mreact-dom[24m\cjs\react-dom.development.js:19617
:20[90m)[39m
    at beginWork [90m(C:\Users\u-adamu\Desktop\memplethee\teachLink_web\[39mn
ode_modules\[4mreact-dom[24m\cjs\react-dom.development.js:21640:16[90m)[39m
    at HTMLUnknownElement.callCallback [90m(C:\Users\u-adamu\Desktop\memplethe
e\teachLink_web\[39mnode_modules\[4mreact-dom[24m\cjs\react-dom.development.
js:4164:14[90m)[39m
    at HTMLUnknownElement.callTheUserObjectsOperation [90m(C:\Users\u-adamu\De
sktop\memplethee\teachLink_web\[39mnode_modules\[4mjsdom[24m\lib\jsdom\livin
g\generated\EventListener.js:26:30[90m)[39m
    at innerInvokeEventListeners [90m(C:\Users\u-adamu\Desktop\memplethee\teac
hLink_web\[39mnode_modules\[4mjsdom[24m\lib\jsdom\living\events\EventTarget-
impl.js:350:25[90m)[39m
    at invokeEventListeners [90m(C:\Users\u-adamu\Desktop\memplethee\teachLink
_web\[39mnode_modules\[4mjsdom[24m\lib\jsdom\living\events\EventTarget-impl.
js:286:3[90m)[39m
    at HTMLUnknownElementImpl._dispatch [90m(C:\Users\u-adamu\Desktop\mempleth
ee\teachLink_web\[39mnode_modules\[4mjsdom[24m\lib\jsdom\living\events\Event
Target-impl.js:233:9[90m)[39m
    at HTMLUnknownElementImpl.dispatchEvent [90m(C:\Users\u-adamu\Desktop\memp
lethee\teachLink_web\[39mnode_modules\[4mjsdom[24m\lib\jsdom\living\events\E
ventTarget-impl.js:104:17[90m)[39m
Error: Uncaught [TypeError: Cannot read properties of undefined (reading 
'map')]
    at reportException (C:\Users\u-adamu\Desktop\memplethee\teachLink_web\node_
modules\jsdom\lib\jsdom\living\helpers\runtime-script-errors.js:66:24)
    at innerInvokeEventListeners (C:\Users\u-adamu\Desktop\memplethee\teachLink
_web\node_modules\jsdom\lib\jsdom\living\events\EventTarget-impl.js:353:9)
    at invokeEventListeners (C:\Users\u-adamu\Desktop\memplethee\teachLink_web\
node_modules\jsdom\lib\jsdom\living\events\EventTarget-impl.js:286:3)
    at HTMLUnknownElementImpl._dispatch (C:\Users\u-adamu\Desktop\memplethee\te
achLink_web\node_modules\jsdom\lib\jsdom\living\events\EventTarget-impl.js:233:
9)
    at HTMLUnknownElementImpl.dispatchEvent (C:\Users\u-adamu\Desktop\memplethe
e\teachLink_web\node_modules\jsdom\lib\jsdom\living\events\EventTarget-impl.js:
104:17)
    at HTMLUnknownElement.dispatchEvent (C:\Users\u-adamu\Desktop\memplethee\te
achLink_web\node_modules\jsdom\lib\jsdom\living\generated\EventTarget.js:241:34
)
    at Object.invokeGuardedCallbackDev (C:\Users\u-adamu\Desktop\memplethee\tea
chLink_web\node_modules\react-dom\cjs\react-dom.development.js:4213:16)
    at invokeGuardedCallback (C:\Users\u-adamu\Desktop\memplethee\teachLink_web
\node_modules\react-dom\cjs\react-dom.development.js:4277:31)
    at beginWork$1 (C:\Users\u-adamu\Desktop\memplethee\teachLink_web\node_modu
les\react-dom\cjs\react-dom.development.js:27490:7)
    at performUnitOfWork (C:\Users\u-adamu\Desktop\memplethee\teachLink_web\nod
e_modules\react-dom\cjs\react-dom.development.js:26599:12) TypeError: Cannot 
read properties of undefined (reading 'map')
    at PersonalizedRecommendations [90m(C:\Users\u-adamu\Desktop\memplethee\te
achLink_web\[39msrc\components\ai\PersonalizedRecommendations.tsx:58:16[90m)
[39m
    at renderWithHooks [90m(C:\Users\u-adamu\Desktop\memplethee\teachLink_web\
[39mnode_modules\[4mreact-dom[24m\cjs\react-dom.development.js:15486:18[90m
)[39m
    at updateFunctionComponent [90m(C:\Users\u-adamu\Desktop\memplethee\teachL
ink_web\[39mnode_modules\[4mreact-dom[24m\cjs\react-dom.development.js:19617
:20[90m)[39m
    at beginWork [90m(C:\Users\u-adamu\Desktop\memplethee\teachLink_web\[39mn
ode_modules\[4mreact-dom[24m\cjs\react-dom.development.js:21640:16[90m)[39m
    at HTMLUnknownElement.callCallback [90m(C:\Users\u-adamu\Desktop\memplethe
e\teachLink_web\[39mnode_modules\[4mreact-dom[24m\cjs\react-dom.development.
js:4164:14[90m)[39m
    at HTMLUnknownElement.callTheUserObjectsOperation [90m(C:\Users\u-adamu\De
sktop\memplethee\teachLink_web\[39mnode_modules\[4mjsdom[24m\lib\jsdom\livin
g\generated\EventListener.js:26:30[90m)[39m
    at innerInvokeEventListeners [90m(C:\Users\u-adamu\Desktop\memplethee\teac
hLink_web\[39mnode_modules\[4mjsdom[24m\lib\jsdom\living\events\EventTarget-
impl.js:350:25[90m)[39m
    at invokeEventListeners [90m(C:\Users\u-adamu\Desktop\memplethee\teachLink
_web\[39mnode_modules\[4mjsdom[24m\lib\jsdom\living\events\EventTarget-impl.
js:286:3[90m)[39m
    at HTMLUnknownElementImpl._dispatch [90m(C:\Users\u-adamu\Desktop\mempleth
ee\teachLink_web\[39mnode_modules\[4mjsdom[24m\lib\jsdom\living\events\Event
Target-impl.js:233:9[90m)[39m
    at HTMLUnknownElementImpl.dispatchEvent [90m(C:\Users\u-adamu\Desktop\memp
lethee\teachLink_web\[39mnode_modules\[4mjsdom[24m\lib\jsdom\living\events\E
ventTarget-impl.js:104:17[90m)[39m

 [32mΓ£ô[39m src/utils/__tests__/performanceUtils.test.ts [2m([22m[2m30 tests[22m[2m)[22m[90m 151[2mms[22m[39m
 [31mΓ¥»[39m src/utils/__tests__/circuitBreaker.test.ts [2m([22m[2m23 tests[22m[2m | [22m[31m1 failed[39m[2m)[22m[33m 3951[2mms[22m[39m
   [33m[2mΓ£ô[22m[39m CircuitBreaker[2m > [22mRecovery (HALF_OPEN state)[2m > [22mshould transition to HALF_OPEN after timeout [33m1112[2mms[22m[39m
   [33m[2mΓ£ô[22m[39m CircuitBreaker[2m > [22mRecovery (HALF_OPEN state)[2m > [22mshould close circuit after success threshold in HALF_OPEN [33m1112[2mms[22m[39m
   [33m[2mΓ£ô[22m[39m CircuitBreaker[2m > [22mRecovery (HALF_OPEN state)[2m > [22mshould reopen circuit on failure in HALF_OPEN [33m1116[2mms[22m[39m
[31m   [31m├ù[31m CircuitBreaker[2m > [22mFailure History Cleanup[2m > [22mshould clean up old failures outside monitoring period[90m 205[2mms[22m[31m[39m
[31m     ΓåÆ expected 'OPEN' to be 'CLOSED' // Object.is equality[39m
 [31mΓ¥»[39m src/app/api/approvals/__tests__/approvals.test.tsx [2m([22m[2m22 tests[22m[2m | [22m[31m2 failed[39m[2m)[22m[33m 3091[2mms[22m[39m
   [33m[2mΓ£ô[22m[39m SubmitForApproval component[2m > [22mrenders submit button for INSTRUCTOR (has CONTENT_UPLOAD, not CONTENT_APPROVE) [33m320[2mms[22m[39m
[31m   [31m├ù[31m ApprovalQueue component[2m > [22mshows Approve and Reject buttons for PENDING items[33m 1064[2mms[22m[31m[39m
[31m     ΓåÆ Unable to find role="button" and name `/^approve$/i`

Ignored nodes: comments, script, style
[36m<body>[31m
  [36m<div>[31m
    [36m<div[31m
      [33mclass[31m=[32m"space-y-4"[31m
    [36m>[31m
      [36m<div[31m
        [33mclass[31m=[32m"flex items-center justify-between"[31m
      [36m>[31m
        [36m<h2[31m
          [33mclass[31m=[32m"text-xl font-semibold text-gray-900 dark:text-white"[31m
        [36m>[31m
          [0mApproval Queue[0m
        [36m</h2>[31m
        [36m<button[31m
          [33maria-label[31m=[32m"Refresh approval queue"[31m
          [33mclass[31m=[32m"p-2 rounded-lg text-gray-500 hover:text-gray-700 dark:hover:text-gray-300 hover:bg-gray-100 dark:hover:bg-gray-800 transition-colors disabled:opacity-50"[31m
        [36m>[31m
          [36m<svg[31m
            [33mclass[31m=[32m"lucide lucide-refresh-cw w-4 h-4"[31m
            [33mfill[31m=[32m"none"[31m
            [33mheight[31m=[32m"24"[31m
            [33mstroke[31m=[32m"currentColor"[31m
            [33mstroke-linecap[31m=[32m"round"[31m
            [33mstroke-linejoin[31m=[32m"round"[31m
            [33mstroke-width[31m=[32m"2"[31m
            [33mviewBox[31m=[32m"0 0 24 24"[31m
            [33mwidth[31m=[32m"24"[31m
            [33mxmlns[31m=[32m"http://www.w3.org/2000/svg"[31m
          [36m>[31m
            [36m<path[31m
              [33md[31m=[32m"M3 12a9 9 0 0 1 9-9 9.75 9.75 0 0 1 6.74 2.74L21 8"[31m
            [36m/>[31m
            [36m<path[31m
              [33md[31m=[32m"M21 3v5h-5"[31m
            [36m/>[31m
            [36m<path[31m
              [33md[31m=[32m"M21 12a9 9 0 0 1-9 9 9.75 9.75 0 0 1-6.74-2.74L3 16"[31m
            [36m/>[31m
            [36m<path[31m
              [33md[31m=[32m"M8 16H3v5"[31m
            [36m/>[31m
          [36m</svg>[31m
        [36m</button>[31m
      [36m</div>[31m
      [36m<div[31m
        [33maria-label[31m=[32m"Filter approvals by status"[31m
        [33mclass[31m=[32m"flex gap-2 flex-wrap"[31m
        [33mrole[31m=[32m"group"[31m
      [36m>[31m
        [36m<button[31m
          [33maria-pressed[31m=[32m"true"[31m
          [33mclass[31m=[32m"px-3 py-1 rounded-full text-sm font-medium transition-colors bg-blue-600 text-white"[31m
        [36m>[31m
          [0mPending[0m
        [36m</button>[31m
        [36m<button[31m
          [33maria-pressed[31m=[32m"false"[31m
          [33mclass[31m=[32m"px-3 py-1 rounded-full text-sm font-medium transition-colors bg-gray-100 dark:bg-gray-800 text-gray-700 dark:text-gray-300 hover:bg-gray-200 dark:hover:bg-gray-700"[31m
        [36m>[31m
          [0mApproved[0m
        [36m</button>[31m
        [36m<button[31m
          [33maria-pressed[31m=[32m"false"[31m
          [33mclass[31m=[32m"px-3 py-1 rounded-full text-sm font-medium transition-colors bg-gray-100 dark:bg-gray-800 text-gray-700 dark:text-gray-300 hover:bg-gray-200 dark:hover:bg-gray-700"[31m
        [36m>[31m
          [0mRejected[0m
        [36m</button>[31m
        [36m<button[31m
          [33maria-pressed[31m=[32m"false"[31m
          [33mclass[31m=[32m"px-3 py-1 rounded-full text-sm font-medium transition-colors bg-gray-100 dark:bg-gray-800 text-gray-700 dark:text-gray-300 hover:bg-gray-200 dark:hover:bg-gray-700"[31m
        [36m>[31m
          [0mAll[0m
        [36m</button>[31m
      [36m</div>[31m
      [36m<ul[31m
        [33maria-label[31m=[32m"Approval submissions"[31m
        [33mclass[31m=[32m"space-y-3"[31m
      [36m>[31m
        [36m<li[31m
          [33mclass[31m=[32m"bg-white dark:bg-gray-900 border border-gray-200 dark:border-gray-700 rounded-xl p-4 space-y-3"[31m
        [36m>[31m
          [36m<div[31m
            [33mclass[31m=[32m"flex items-start justify-between gap-4"[31m
          [36m>[31m
            [36m<div>[31m
              [36m<p[31m
                [33mclass[31m=[32m"font-medium text-gray-900 dark:text-white"[31m
              [36m>[31m
                [0mBlockchain Basics[0m
              [36m</p>[31m
              [36m<p[31m
                [33mclass[31m=[32m"text-xs text-gray-500 dark:text-gray-400 mt-0.5"[31m
              [36m>[31m
                [0mCOURSE[0m
                [0m ┬╖ submitted by[0m
                [0m [0m
                [36m<span[31m
                  [33mclass[31m=[32m"font-medium"[31m
                [36m>[31m
                  [0minstructor-1[0m
                [36m</span>[31m
                [0m ┬╖[0m
                [0m [0m
                [0m25/06/2026[0m
              [36m</p>[31m
            [36m</div>[31m
            [36m<span[31m
              [33mclass[31m=[32m"inline-flex items-center gap-1 px-2 py-0.5 rounded-full text-xs font-medium bg-yellow-100 text-yellow-800 dark:bg-yellow-900/30 dark:text-yellow-300"[31m
            [36m>[31m
              [36m<svg[31m
                [33mclass[31m=[32m"lucide lucide-clock w-3 h-3"[31m
                [33mfill[31m=[32m"none"[31m
                [33mheight[31m=[32m"24"[31m
                [33mstroke[31m=[32m"currentColor"[31m
                [33mstroke-linecap[31m=[32m"round"[31m
                [33mstroke-linejoin[31m=[32m"round"[31m
                [33mstroke-width[31m=[32m"2"[31m
                [33mviewBox[31m=[32m"0 0 24 24"[31m
                [33mwidth[31m=[32m"24"[31m
                [33mxmlns[31m=[32m"http://www.w3.org/2000/svg"[31m
              [36m>[31m
                [36m<circle[31m
                  [33mcx[31m=[32m"12"[31m
                  [33mcy[31m=[32m"12"[31m
                  [33mr[31m=[32m"10"[31m
                [36m/>[31m
                [36m<polyline[31m
                  [33mpoints[31m=[32m"12 6 12 12 16 14"[31m
                [36m/>[31m
              [36m</svg>[31m
              [0mPENDING[0m
            [36m</span>[31m
          [36m</div>[31m
          [36m<div[31m
            [33mclass[31m=[32m"space-y-2"[31m
          [36m>[31m
            [36m<textarea[31m
              [33mclass[31m=[32m"w-full text-sm rounded-lg border border-gray-200 dark:border-gray-700 bg-gray-50 dark:bg-gray-800 text-gray-900 dark:text-white px-3 py-2 resize-none focus:outline-none focus:ring-2 focus:ring-blue-500"[31m
              [33mmaxlength[31m=[32m"500"[31m
              [33mplaceholder[31m=[32m"Optional review noteΓÇª"[31m
              [33mrows[31m=[32m"2"[31m
            [36m/>[31m
            [36m<div[31m
              [33mclass[31m=[32m"flex gap-2"[31m
            [36m>[31m
              [36m<button[31m
                [33mclass[31m=[32m"flex items-center gap-1.5 px-3 py-1.5 rounded-lg bg-green-600 hover:bg-green-700 text-white text-sm font-medium transition-colors disabled:opacity-50"[31m
              [36m>[31m
                [36m<svg[31m
                  [33mclass[31m=[32m"lucide lucide-circle-check-big w-4 h-4"[31m
                  [33mfill[31m=[32m"none"[31m
                  [33mheight[31m=[32m"24"[31m
                  [33mstroke[31m=[32m"currentColor"[31m
                  [33mstroke-linecap[31m=[32m"round"[31m
                  [33mstroke-linejoin[31m=[32m"round"[31m
                  [33mstroke-width[31m=[32m"2"[31m
                  [33mviewBox[31m=[32m"0 0 24 24"[31m
                  [33mwidth[31m=[32m"24"[31m
                  [33mxmlns[31m=[32m"http://www.w3.org/2000/svg"[31m
                [36m>[31m
                  [36m<path[31m
                    [33md[31m=[32m"M21.801 10A10 10 0 1 1 17 3.335"[31m
                  [36m/>[31m
                  [36m<path[31m
                    [33md[31m=[32m"m9 11 3 3L22 4"[31m
                  [36m/>[31m
                [36m</svg>[31m
                [0mApprove It[0m
              [36m</button>[31m
              [36m<button[31m
                [33mclass[31m=[32m"flex items-center gap-1.5 px-3 py-1.5 rounded-lg bg-red-600 hover:bg-red-700 text-white text-sm font-medium transition-colors disabled:opacity-50"[31m
              [36m>[31m
                [36m<svg[31m
                  [33mclass[31m=[32m"lucide lucide-circle-x w-4 h-4"[31m
                  [33mfill[31m=[32m"none"[31m
                  [33mheight[31m=[32m"24"[31m
                  [33mstroke[31m=[32m"currentColor"[31m
                  [33mstroke-linecap[31m=[32m"round"[31m
                  [33mstroke-linejoin[31m=[32m"round"[31m
                  [33mstroke-width[31m=[32m"2"[31m
                  [33mviewBox[31m=[32m"0 0 24 24"[31m
                  [33mwidth[31m=[32m"24"[31m
                  [33mxmlns[31m=[32m"http://www.w3.org/2000/svg"[31m
                [36m>[31m
                  [36m<circle[31m
                    [33mcx[31m=[32m"12"[31m
                    [33mcy[31m=[32m"12"[31m
                    [33mr[31m=[32m"10"[31m
                  [36m/>[31m
                  [36m<path[31m
                    [33md[31m=[32m"m15 9-6 6"[31m
                  [36m/>[31m
                  [36m<path[31m
                    [33md[31m=[32m"m9 9 6 6"[31m
                  [36m/>[31m
                [36m</svg>[31m
                [0mReject[0m
              [36m</button>[31m
            [36m</div>[31m
          [36m</div>[31m
        [36m</li>[31m
      [36m</ul>[31m
    [36m</div>[31m
  [36m</div>[31m
[36m</body>[31m

Ignored nodes: comments, script, style
[36m<html>[31m
  [36m<head />[31m
  [36m<body>[31m
    [36m<div>[31m
      [36m<div[31m
        [33mclass[31m=[32m"space-y-4"[31m
      [36m>[31m
        [36m<div[31m
          [33mclass[31m=[32m"flex items-center justify-between"[31m
        [36m>[31m
          [36m<h2[31m
            [33mclass[31m=[32m"text-xl font-semibold text-gray-900 dark:text-white"[31m
          [36m>[31m
            [0mApproval Queue[0m
          [36m</h2>[31m
          [36m<button[31m
            [33maria-label[31m=[32m"Refresh approval queue"[31m
            [33mclass[31m=[32m"p-2 rounded-lg text-gray-500 hover:text-gray-700 dark:hover:text-gray-300 hover:bg-gray-100 dark:hover:bg-gray-800 transition-colors disabled:opacity-50"[31m
          [36m>[31m
            [36m<svg[31m
              [33mclass[31m=[32m"lucide lucide-refresh-cw w-4 h-4"[31m
              [33mfill[31m=[32m"none"[31m
              [33mheight[31m=[32m"24"[31m
              [33mstroke[31m=[32m"currentColor"[31m
              [33mstroke-linecap[31m=[32m"round"[31m
              [33mstroke-linejoin[31m=[32m"round"[31m
              [33mstroke-width[31m=[32m"2"[31m
              [33mviewBox[31m=[32m"0 0 24 24"[31m
              [33mwidth[31m=[32m"24"[31m
              [33mxmlns[31m=[32m"http://www.w3.org/2000/svg"[31m
            [36m>[31m
              [36m<path[31m
                [33md[31m=[32m"M3 12a9 9 0 0 1 9-9 9.75 9.75 0 0 1 6.74 2.74L21 8"[31m
              [36m/>[31m
              [36m<path[31m
                [33md[31m=[32m"M21 3v5h-5"[31m
              [36m/>[31m
              [36m<path[31m
                [33md[31m=[32m"M21 12a9 9 0 0 1-9 9 9.75 9.75 0 0 1-6.74-2.74L3 16"[31m
              [36m/>[31m
              [36m<path[31m
                [33md[31m=[32m"M8 16H3v5"[31m
              [36m/>[31m
            [36m</svg>[31m
          [36m</button>[31m
        [36m</div>[31m
        [36m<div[31m
          [33maria-label[31m=[32m"Filter approvals by status"[31m
          [33mclass[31m=[32m"flex gap-2 flex-wrap"[31m
          [33mrole[31m=[32m"group"[31m
        [36m>[31m
          [36m<button[31m
            [33maria-pressed[31m=[32m"true"[31m
            [33mclass[31m=[32m"px-3 py-1 rounded-full text-sm font-medium transition-colors bg-blue-600 text-white"[31m
          [36m>[31m
            [0mPending[0m
          [36m</button>[31m
          [36m<button[31m
            [33maria-pressed[31m=[32m"false"[31m
            [33mclass[31m=[32m"px-3 py-1 rounded-full text-sm font-medium transition-colors bg-gray-100 dark:bg-gray-800 text-gray-700 dark:text-gray-300 hover:bg-gray-200 dark:hover:bg-gray-700"[31m
          [36m>[31m
            [0mApproved[0m
          [36m</button>[31m
          [36m<button[31m
            [33maria-pressed[31m=[32m"false"[31m
            [33mclass[31m=[32m"px-3 py-1 rounded-full text-sm font-medium transition-colors bg-gray-100 dark:bg-gray-800 text-gray-700 dark:text-gray-300 hover:bg-gray-200 dark:hover:bg-gray-700"[31m
          [36m>[31m
            [0mRejected[0m
          [36m</button>[31m
          [36m<button[31m
            [33maria-pressed[31m=[32m"false"[31m
            [33mclass[31m=[32m"px-3 py-1 rounded-full text-sm font-medium transition-colors bg-gray-100 dark:bg-gray-800 text-gray-700 dark:text-gray-300 hover:bg-gray-200 dark:hover:bg-gray-700"[31m
          [36m>[31m
            [0mAll[0m
          [36m</button>[31m
        [36m</div>[31m
        [36m<ul[31m
          [33maria-label[31m=[32m"Approval submissions"[31m
          [33mclass[31m=[32m"space-y-3"[31m
        [36m>[31m
          [36m<li[31m
            [33mclass[31m=[32m"bg-white dark:bg-gray-900 border border-gray-200 dark:border-gray-700 rounded-xl p-4 space-y-3"[31m
          [36m>[31m
            [36m<div[31m
              [33mclass[31m=[32m"flex items-start justify-between gap-4"[31m
            [36m>[31m
              [36m<div>[31m
                [36m<p[31m
                  [33mclass[31m=[32m"font-medium text-gray-900 dark:text-white"[31m
                [36m>[31m
                  [0mBlockchain Basics[0m
                [36m</p>[31m
                [36m<p[31m
                  [33mclass[31m=[32m"text-xs text-gray-500 dark:text-gray-400 mt-0.5"[31m
                [36m>[31m
                  [0mCOURSE[0m
                  [0m ┬╖ submitted by[0m
                  [0m [0m
                  [36m<span[31m
                    [33mclass[31m=[32m"font-medium"[31m
                  [36m>[31m
                    [0minstructor-1[0m
                  [36m</span>[31m
                  [0m ┬╖[0m
                  [0m [0m
                  [0m25/06/2026[0m
                [36m</p>[31m
              [36m</div>[31m
              [36m<span[31m
                [33mclass[31m=[32m"inline-flex items-center gap-1 px-2 py-0.5 rounded-full text-xs font-medium bg-yellow-100 text-yellow-800 dark:bg-yellow-900/30 dark:text-yellow-300"[31m
              [36m>[31m
                [36m<svg[31m
                  [33mclass[31m=[32m"lucide lucide-clock w-3 h-3"[31m
                  [33mfill[31m=[32m"none"[31m
                  [33mheight[31m=[32m"24"[31m
                  [33mstroke[31m=[32m"currentColor"[31m
                  [33mstroke-linecap[31m=[32m"round"[31m
                  [33mstroke-linejoin[31m=[32m"round"[31m
                  [33mstroke-width[31m=[32m"2"[31m
                  [33mviewBox[31m=[32m"0 0 24 24"[31m
                  [33mwidth[31m=[32m"24"[31m
                  [33mxmlns[31m=[32m"http://www.w3.org/2000/svg"[31m
                [36m>[31m
                  [36m<circle[31m
                    [33mcx[31m=[32m"12"[31m
                    [33mcy[31m=[32m"12"[31m
                    [33mr[31m=[32m"10"[31m
                  [36m/>[31m
                  [36m<polyline[31m
                    [33mpoints[31m=[32m"12 6 12 12 16 14"[31m
                  [36m/>[31m
                [36m</svg>[31m
                [0mPENDING[0m
              [36m</span>[31m
            [36m</div>[31m
            [36m<div[31m
              [33mclass[31m=[32m"space-y-2"[31m
            [36m>[31m
              [36m<textarea[31m
                [33mclass[31m=[32m"w-full text-sm rounded-lg border border-gray-200 dark:border-gray-700 bg-gray-50 dark:bg-gray-800 text-gray-900 dark:text-white px-3 py-2 resize-none focus:outline-none focus:ring-2 focus:ring-blue-500"[31m
                [33mmaxlength[31m=[32m"500"[31m
                [33mplaceholder[31m=[32m"Optional review noteΓÇª"[31m
                [33mrows[31m=[32m"2"[31m
              [36m/>[31m
              [36m<div[31m
                [33mclass[31m=[32m"flex gap-2"[31m
              [36m>[31m
                [36m<button[31m
                  [33mclass[31m=[32m"flex items-center gap-1.5 px-3 py-1.5 rounded-lg bg-green-600 hover:bg-green-700 text-white text-sm font-medium transition-colors disabled:opacity-50"[31m
                [36m>[31m
                  [36m<svg[31m
                    [33mclass[31m=[32m"lucide lucide-circle-check-big w-4 h-4"[31m
                    [33mfill[31m=[32m"none"[31m
                    [33mheight[31m=[32m"24"[31m
                    [33mstroke[31m=[32m"currentColor"[31m
                    [33mstroke-linecap[31m=[32m"round"[31m
                    [33mstroke-linejoin[31m=[32m"round"[31m
                    [33mstroke-width[31m=[32m"2"[31m
                    [33mviewBox[31m=[32m"0 0 24 24"[31m
                    [33mwidth[31m=[32m"24"[31m
                    [33mxmlns[31m=[32m"http://www.w3.org/2000/svg"[31m
                  [36m>[31m
                    [36m<path[31m
                      [33md[31m=[32m"M21.801 10A10 10 0 1 1 17 3.335"[31m
                    [36m/>[31m
                    [36m<path[31m
                      [33md[31m=[32m"m9 11 3 3L22 4"[31m
                    [36m/>[31m
                  [36m</svg>[31m
                  [0mApprove It[0m
                [36m</button>[31m
                [36m<button[31m
                  [33mclass[31m=[32m"flex items-center gap-1.5 px-3 py-1.5 rounded-lg bg-red-600 hover:bg-red-700 text-white text-sm font-medium transition-colors disabled:opacity-50"[31m
                [36m>[31m
                  [36m<svg[31m
                    [33mclass[31m=[32m"lucide lucide-circle-x w-4 h-4"[31m
                    [33mfill[31m=[32m"none"[31m
                    [33mheight[31m=[32m"24"[31m
                    [33mstroke[31m=[32m"currentColor"[31m
                    [33mstroke-linecap[31m=[32m"round"[31m
                    [33mstroke-linejoin[31m=[32m"round"[31m
                    [33mstroke-width[31m=[32m"2"[31m
                    [33mviewBox[31m=[32m"0 0 24 24"[31m
                    [33mwidth[31m=[32m"24"[31m
                    [33mxmlns[31m=[32m"http://www.w3.org/2000/svg"[31m
                  [36m>[31m
                    [36m<circle[31m
                      [33mcx[31m=[32m"12"[31m
                      [33mcy[31m=[32m"12"[31m
                      [33mr[31m=[32m"10"[31m
                    [36m/>[31m
                    [36m<path[31m
                      [33md[31m=[32m"m15 9-6 6"[31m
                    [36m/>[31m
                    [36m<path[31m
                      [33md[31m=[32m"m9 9 6 6"[31m
                    [36m/>[31m
                  [36m</svg>[31m
                  [0mReject[0m
                [36m</button>[31m
              [36m</div>[31m
            [36m</div>[31m
          [36m</li>[31m
        [36m</ul>[31m
      [36m</div>[31m
    [36m</div>[31m
  [36m</body>[31m
[36m</html>[31m[39m
[31m   [31m├ù[31m ApprovalQueue component[2m > [22mcalls PATCH on approve[33m 1039[2mms[22m[31m[39m
[31m     ΓåÆ Unable to find role="button" and name `/^approve$/i`

Ignored nodes: comments, script, style
[36m<body>[31m
  [36m<div>[31m
    [36m<div[31m
      [33mclass[31m=[32m"space-y-4"[31m
    [36m>[31m
      [36m<div[31m
        [33mclass[31m=[32m"flex items-center justify-between"[31m
      [36m>[31m
        [36m<h2[31m
          [33mclass[31m=[32m"text-xl font-semibold text-gray-900 dark:text-white"[31m
        [36m>[31m
          [0mApproval Queue[0m
        [36m</h2>[31m
        [36m<button[31m
          [33maria-label[31m=[32m"Refresh approval queue"[31m
          [33mclass[31m=[32m"p-2 rounded-lg text-gray-500 hover:text-gray-700 dark:hover:text-gray-300 hover:bg-gray-100 dark:hover:bg-gray-800 transition-colors disabled:opacity-50"[31m
        [36m>[31m
          [36m<svg[31m
            [33mclass[31m=[32m"lucide lucide-refresh-cw w-4 h-4"[31m
            [33mfill[31m=[32m"none"[31m
            [33mheight[31m=[32m"24"[31m
            [33mstroke[31m=[32m"currentColor"[31m
            [33mstroke-linecap[31m=[32m"round"[31m
            [33mstroke-linejoin[31m=[32m"round"[31m
            [33mstroke-width[31m=[32m"2"[31m
            [33mviewBox[31m=[32m"0 0 24 24"[31m
            [33mwidth[31m=[32m"24"[31m
            [33mxmlns[31m=[32m"http://www.w3.org/2000/svg"[31m
          [36m>[31m
            [36m<path[31m
              [33md[31m=[32m"M3 12a9 9 0 0 1 9-9 9.75 9.75 0 0 1 6.74 2.74L21 8"[31m
            [36m/>[31m
            [36m<path[31m
              [33md[31m=[32m"M21 3v5h-5"[31m
            [36m/>[31m
            [36m<path[31m
              [33md[31m=[32m"M21 12a9 9 0 0 1-9 9 9.75 9.75 0 0 1-6.74-2.74L3 16"[31m
            [36m/>[31m
            [36m<path[31m
              [33md[31m=[32m"M8 16H3v5"[31m
            [36m/>[31m
          [36m</svg>[31m
        [36m</button>[31m
      [36m</div>[31m
      [36m<div[31m
        [33maria-label[31m=[32m"Filter approvals by status"[31m
        [33mclass[31m=[32m"flex gap-2 flex-wrap"[31m
        [33mrole[31m=[32m"group"[31m
      [36m>[31m
        [36m<button[31m
          [33maria-pressed[31m=[32m"true"[31m
          [33mclass[31m=[32m"px-3 py-1 rounded-full text-sm font-medium transition-colors bg-blue-600 text-white"[31m
        [36m>[31m
          [0mPending[0m
        [36m</button>[31m
        [36m<button[31m
          [33maria-pressed[31m=[32m"false"[31m
          [33mclass[31m=[32m"px-3 py-1 rounded-full text-sm font-medium transition-colors bg-gray-100 dark:bg-gray-800 text-gray-700 dark:text-gray-300 hover:bg-gray-200 dark:hover:bg-gray-700"[31m
        [36m>[31m
          [0mApproved[0m
        [36m</button>[31m
        [36m<button[31m
          [33maria-pressed[31m=[32m"false"[31m
          [33mclass[31m=[32m"px-3 py-1 rounded-full text-sm font-medium transition-colors bg-gray-100 dark:bg-gray-800 text-gray-700 dark:text-gray-300 hover:bg-gray-200 dark:hover:bg-gray-700"[31m
        [36m>[31m
          [0mRejected[0m
        [36m</button>[31m
        [36m<button[31m
          [33maria-pressed[31m=[32m"false"[31m
          [33mclass[31m=[32m"px-3 py-1 rounded-full text-sm font-medium transition-colors bg-gray-100 dark:bg-gray-800 text-gray-700 dark:text-gray-300 hover:bg-gray-200 dark:hover:bg-gray-700"[31m
        [36m>[31m
          [0mAll[0m
        [36m</button>[31m
      [36m</div>[31m
      [36m<ul[31m
        [33maria-label[31m=[32m"Approval submissions"[31m
        [33mclass[31m=[32m"space-y-3"[31m
      [36m>[31m
        [36m<li[31m
          [33mclass[31m=[32m"bg-white dark:bg-gray-900 border border-gray-200 dark:border-gray-700 rounded-xl p-4 space-y-3"[31m
        [36m>[31m
          [36m<div[31m
            [33mclass[31m=[32m"flex items-start justify-between gap-4"[31m
          [36m>[31m
            [36m<div>[31m
              [36m<p[31m
                [33mclass[31m=[32m"font-medium text-gray-900 dark:text-white"[31m
              [36m>[31m
                [0mBlockchain Basics[0m
              [36m</p>[31m
              [36m<p[31m
                [33mclass[31m=[32m"text-xs text-gray-500 dark:text-gray-400 mt-0.5"[31m
              [36m>[31m
                [0mCOURSE[0m
                [0m ┬╖ submitted by[0m
                [0m [0m
                [36m<span[31m
                  [33mclass[31m=[32m"font-medium"[31m
                [36m>[31m
                  [0minstructor-1[0m
                [36m</span>[31m
                [0m ┬╖[0m
                [0m [0m
                [0m25/06/2026[0m
              [36m</p>[31m
            [36m</div>[31m
            [36m<span[31m
              [33mclass[31m=[32m"inline-flex items-center gap-1 px-2 py-0.5 rounded-full text-xs font-medium bg-yellow-100 text-yellow-800 dark:bg-yellow-900/30 dark:text-yellow-300"[31m
            [36m>[31m
              [36m<svg[31m
                [33mclass[31m=[32m"lucide lucide-clock w-3 h-3"[31m
                [33mfill[31m=[32m"none"[31m
                [33mheight[31m=[32m"24"[31m
                [33mstroke[31m=[32m"currentColor"[31m
                [33mstroke-linecap[31m=[32m"round"[31m
                [33mstroke-linejoin[31m=[32m"round"[31m
                [33mstroke-width[31m=[32m"2"[31m
                [33mviewBox[31m=[32m"0 0 24 24"[31m
                [33mwidth[31m=[32m"24"[31m
                [33mxmlns[31m=[32m"http://www.w3.org/2000/svg"[31m
              [36m>[31m
                [36m<circle[31m
                  [33mcx[31m=[32m"12"[31m
                  [33mcy[31m=[32m"12"[31m
                  [33mr[31m=[32m"10"[31m
                [36m/>[31m
                [36m<polyline[31m
                  [33mpoints[31m=[32m"12 6 12 12 16 14"[31m
                [36m/>[31m
              [36m</svg>[31m
              [0mPENDING[0m
            [36m</span>[31m
          [36m</div>[31m
          [36m<div[31m
            [33mclass[31m=[32m"space-y-2"[31m
          [36m>[31m
            [36m<textarea[31m
              [33mclass[31m=[32m"w-full text-sm rounded-lg border border-gray-200 dark:border-gray-700 bg-gray-50 dark:bg-gray-800 text-gray-900 dark:text-white px-3 py-2 resize-none focus:outline-none focus:ring-2 focus:ring-blue-500"[31m
              [33mmaxlength[31m=[32m"500"[31m
              [33mplaceholder[31m=[32m"Optional review noteΓÇª"[31m
              [33mrows[31m=[32m"2"[31m
            [36m/>[31m
            [36m<div[31m
              [33mclass[31m=[32m"flex gap-2"[31m
            [36m>[31m
              [36m<button[31m
                [33mclass[31m=[32m"flex items-center gap-1.5 px-3 py-1.5 rounded-lg bg-green-600 hover:bg-green-700 text-white text-sm font-medium transition-colors disabled:opacity-50"[31m
              [36m>[31m
                [36m<svg[31m
                  [33mclass[31m=[32m"lucide lucide-circle-check-big w-4 h-4"[31m
                  [33mfill[31m=[32m"none"[31m
                  [33mheight[31m=[32m"24"[31m
                  [33mstroke[31m=[32m"currentColor"[31m
                  [33mstroke-linecap[31m=[32m"round"[31m
                  [33mstroke-linejoin[31m=[32m"round"[31m
                  [33mstroke-width[31m=[32m"2"[31m
                  [33mviewBox[31m=[32m"0 0 24 24"[31m
                  [33mwidth[31m=[32m"24"[31m
                  [33mxmlns[31m=[32m"http://www.w3.org/2000/svg"[31m
                [36m>[31m
                  [36m<path[31m
                    [33md[31m=[32m"M21.801 10A10 10 0 1 1 17 3.335"[31m
                  [36m/>[31m
                  [36m<path[31m
                    [33md[31m=[32m"m9 11 3 3L22 4"[31m
                  [36m/>[31m
                [36m</svg>[31m
                [0mApprove It[0m
              [36m</button>[31m
              [36m<button[31m
                [33mclass[31m=[32m"flex items-center gap-1.5 px-3 py-1.5 rounded-lg bg-red-600 hover:bg-red-700 text-white text-sm font-medium transition-colors disabled:opacity-50"[31m
              [36m>[31m
                [36m<svg[31m
                  [33mclass[31m=[32m"lucide lucide-circle-x w-4 h-4"[31m
                  [33mfill[31m=[32m"none"[31m
                  [33mheight[31m=[32m"24"[31m
                  [33mstroke[31m=[32m"currentColor"[31m
                  [33mstroke-linecap[31m=[32m"round"[31m
                  [33mstroke-linejoin[31m=[32m"round"[31m
                  [33mstroke-width[31m=[32m"2"[31m
                  [33mviewBox[31m=[32m"0 0 24 24"[31m
                  [33mwidth[31m=[32m"24"[31m
                  [33mxmlns[31m=[32m"http://www.w3.org/2000/svg"[31m
                [36m>[31m
                  [36m<circle[31m
                    [33mcx[31m=[32m"12"[31m
                    [33mcy[31m=[32m"12"[31m
                    [33mr[31m=[32m"10"[31m
                  [36m/>[31m
                  [36m<path[31m
                    [33md[31m=[32m"m15 9-6 6"[31m
                  [36m/>[31m
                  [36m<path[31m
                    [33md[31m=[32m"m9 9 6 6"[31m
                  [36m/>[31m
                [36m</svg>[31m
                [0mReject[0m
              [36m</button>[31m
            [36m</div>[31m
          [36m</div>[31m
        [36m</li>[31m
      [36m</ul>[31m
    [36m</div>[31m
  [36m</div>[31m
[36m</body>[31m

Ignored nodes: comments, script, style
[36m<html>[31m
  [36m<head />[31m
  [36m<body>[31m
    [36m<div>[31m
      [36m<div[31m
        [33mclass[31m=[32m"space-y-4"[31m
      [36m>[31m
        [36m<div[31m
          [33mclass[31m=[32m"flex items-center justify-between"[31m
        [36m>[31m
          [36m<h2[31m
            [33mclass[31m=[32m"text-xl font-semibold text-gray-900 dark:text-white"[31m
          [36m>[31m
            [0mApproval Queue[0m
          [36m</h2>[31m
          [36m<button[31m
            [33maria-label[31m=[32m"Refresh approval queue"[31m
            [33mclass[31m=[32m"p-2 rounded-lg text-gray-500 hover:text-gray-700 dark:hover:text-gray-300 hover:bg-gray-100 dark:hover:bg-gray-800 transition-colors disabled:opacity-50"[31m
          [36m>[31m
            [36m<svg[31m
              [33mclass[31m=[32m"lucide lucide-refresh-cw w-4 h-4"[31m
              [33mfill[31m=[32m"none"[31m
              [33mheight[31m=[32m"24"[31m
              [33mstroke[31m=[32m"currentColor"[31m
              [33mstroke-linecap[31m=[32m"round"[31m
              [33mstroke-linejoin[31m=[32m"round"[31m
              [33mstroke-width[31m=[32m"2"[31m
              [33mviewBox[31m=[32m"0 0 24 24"[31m
              [33mwidth[31m=[32m"24"[31m
              [33mxmlns[31m=[32m"http://www.w3.org/2000/svg"[31m
            [36m>[31m
              [36m<path[31m
                [33md[31m=[32m"M3 12a9 9 0 0 1 9-9 9.75 9.75 0 0 1 6.74 2.74L21 8"[31m
              [36m/>[31m
              [36m<path[31m
                [33md[31m=[32m"M21 3v5h-5"[31m
              [36m/>[31m
              [36m<path[31m
                [33md[31m=[32m"M21 12a9 9 0 0 1-9 9 9.75 9.75 0 0 1-6.74-2.74L3 16"[31m
              [36m/>[31m
              [36m<path[31m
                [33md[31m=[32m"M8 16H3v5"[31m
              [36m/>[31m
            [36m</svg>[31m
          [36m</button>[31m
        [36m</div>[31m
        [36m<div[31m
          [33maria-label[31m=[32m"Filter approvals by status"[31m
          [33mclass[31m=[32m"flex gap-2 flex-wrap"[31m
          [33mrole[31m=[32m"group"[31m
        [36m>[31m
          [36m<button[31m
            [33maria-pressed[31m=[32m"true"[31m
            [33mclass[31m=[32m"px-3 py-1 rounded-full text-sm font-medium transition-colors bg-blue-600 text-white"[31m
          [36m>[31m
            [0mPending[0m
          [36m</button>[31m
          [36m<button[31m
            [33maria-pressed[31m=[32m"false"[31m
            [33mclass[31m=[32m"px-3 py-1 rounded-full text-sm font-medium transition-colors bg-gray-100 dark:bg-gray-800 text-gray-700 dark:text-gray-300 hover:bg-gray-200 dark:hover:bg-gray-700"[31m
          [36m>[31m
            [0mApproved[0m
          [36m</button>[31m
          [36m<button[31m
            [33maria-pressed[31m=[32m"false"[31m
            [33mclass[31m=[32m"px-3 py-1 rounded-full text-sm font-medium transition-colors bg-gray-100 dark:bg-gray-800 text-gray-700 dark:text-gray-300 hover:bg-gray-200 dark:hover:bg-gray-700"[31m
          [36m>[31m
            [0mRejected[0m
          [36m</button>[31m
          [36m<button[31m
            [33maria-pressed[31m=[32m"false"[31m
            [33mclass[31m=[32m"px-3 py-1 rounded-full text-sm font-medium transition-colors bg-gray-100 dark:bg-gray-800 text-gray-700 dark:text-gray-300 hover:bg-gray-200 dark:hover:bg-gray-700"[31m
          [36m>[31m
            [0mAll[0m
          [36m</button>[31m
        [36m</div>[31m
        [36m<ul[31m
          [33maria-label[31m=[32m"Approval submissions"[31m
          [33mclass[31m=[32m"space-y-3"[31m
        [36m>[31m
          [36m<li[31m
            [33mclass[31m=[32m"bg-white dark:bg-gray-900 border border-gray-200 dark:border-gray-700 rounded-xl p-4 space-y-3"[31m
          [36m>[31m
            [36m<div[31m
              [33mclass[31m=[32m"flex items-start justify-between gap-4"[31m
            [36m>[31m
              [36m<div>[31m
                [36m<p[31m
                  [33mclass[31m=[32m"font-medium text-gray-900 dark:text-white"[31m
                [36m>[31m
                  [0mBlockchain Basics[0m
                [36m</p>[31m
                [36m<p[31m
                  [33mclass[31m=[32m"text-xs text-gray-500 dark:text-gray-400 mt-0.5"[31m
                [36m>[31m
                  [0mCOURSE[0m
                  [0m ┬╖ submitted by[0m
                  [0m [0m
                  [36m<span[31m
                    [33mclass[31m=[32m"font-medium"[31m
                  [36m>[31m
                    [0minstructor-1[0m
                  [36m</span>[31m
                  [0m ┬╖[0m
                  [0m [0m
                  [0m25/06/2026[0m
                [36m</p>[31m
              [36m</div>[31m
              [36m<span[31m
                [33mclass[31m=[32m"inline-flex items-center gap-1 px-2 py-0.5 rounded-full text-xs font-medium bg-yellow-100 text-yellow-800 dark:bg-yellow-900/30 dark:text-yellow-300"[31m
              [36m>[31m
                [36m<svg[31m
                  [33mclass[31m=[32m"lucide lucide-clock w-3 h-3"[31m
                  [33mfill[31m=[32m"none"[31m
                  [33mheight[31m=[32m"24"[31m
                  [33mstroke[31m=[32m"currentColor"[31m
                  [33mstroke-linecap[31m=[32m"round"[31m
                  [33mstroke-linejoin[31m=[32m"round"[31m
                  [33mstroke-width[31m=[32m"2"[31m
                  [33mviewBox[31m=[32m"0 0 24 24"[31m
                  [33mwidth[31m=[32m"24"[31m
                  [33mxmlns[31m=[32m"http://www.w3.org/2000/svg"[31m
                [36m>[31m
                  [36m<circle[31m
                    [33mcx[31m=[32m"12"[31m
                    [33mcy[31m=[32m"12"[31m
                    [33mr[31m=[32m"10"[31m
                  [36m/>[31m
                  [36m<polyline[31m
                    [33mpoints[31m=[32m"12 6 12 12 16 14"[31m
                  [36m/>[31m
                [36m</svg>[31m
                [0mPENDING[0m
              [36m</span>[31m
            [36m</div>[31m
            [36m<div[31m
              [33mclass[31m=[32m"space-y-2"[31m
            [36m>[31m
              [36m<textarea[31m
                [33mclass[31m=[32m"w-full text-sm rounded-lg border border-gray-200 dark:border-gray-700 bg-gray-50 dark:bg-gray-800 text-gray-900 dark:text-white px-3 py-2 resize-none focus:outline-none focus:ring-2 focus:ring-blue-500"[31m
                [33mmaxlength[31m=[32m"500"[31m
                [33mplaceholder[31m=[32m"Optional review noteΓÇª"[31m
                [33mrows[31m=[32m"2"[31m
              [36m/>[31m
              [36m<div[31m
                [33mclass[31m=[32m"flex gap-2"[31m
              [36m>[31m
                [36m<button[31m
                  [33mclass[31m=[32m"flex items-center gap-1.5 px-3 py-1.5 rounded-lg bg-green-600 hover:bg-green-700 text-white text-sm font-medium transition-colors disabled:opacity-50"[31m
                [36m>[31m
                  [36m<svg[31m
                    [33mclass[31m=[32m"lucide lucide-circle-check-big w-4 h-4"[31m
                    [33mfill[31m=[32m"none"[31m
                    [33mheight[31m=[32m"24"[31m
                    [33mstroke[31m=[32m"currentColor"[31m
                    [33mstroke-linecap[31m=[32m"round"[31m
                    [33mstroke-linejoin[31m=[32m"round"[31m
                    [33mstroke-width[31m=[32m"2"[31m
                    [33mviewBox[31m=[32m"0 0 24 24"[31m
                    [33mwidth[31m=[32m"24"[31m
                    [33mxmlns[31m=[32m"http://www.w3.org/2000/svg"[31m
                  [36m>[31m
                    [36m<path[31m
                      [33md[31m=[32m"M21.801 10A10 10 0 1 1 17 3.335"[31m
                    [36m/>[31m
                    [36m<path[31m
                      [33md[31m=[32m"m9 11 3 3L22 4"[31m
                    [36m/>[31m
                  [36m</svg>[31m
                  [0mApprove It[0m
                [36m</button>[31m
                [36m<button[31m
                  [33mclass[31m=[32m"flex items-center gap-1.5 px-3 py-1.5 rounded-lg bg-red-600 hover:bg-red-700 text-white text-sm font-medium transition-colors disabled:opacity-50"[31m
                [36m>[31m
                  [36m<svg[31m
                    [33mclass[31m=[32m"lucide lucide-circle-x w-4 h-4"[31m
                    [33mfill[31m=[32m"none"[31m
                    [33mheight[31m=[32m"24"[31m
                    [33mstroke[31m=[32m"currentColor"[31m
                    [33mstroke-linecap[31m=[32m"round"[31m
                    [33mstroke-linejoin[31m=[32m"round"[31m
                    [33mstroke-width[31m=[32m"2"[31m
                    [33mviewBox[31m=[32m"0 0 24 24"[31m
                    [33mwidth[31m=[32m"24"[31m
                    [33mxmlns[31m=[32m"http://www.w3.org/2000/svg"[31m
                  [36m>[31m
                    [36m<circle[31m
                      [33mcx[31m=[32m"12"[31m
                      [33mcy[31m=[32m"12"[31m
                      [33mr[31m=[32m"10"[31m
                    [36m/>[31m
                    [36m<path[31m
                      [33md[31m=[32m"m15 9-6 6"[31m
                    [36m/>[31m
                    [36m<path[31m
                      [33md[31m=[32m"m9 9 6 6"[31m
                    [36m/>[31m
                  [36m</svg>[31m
                  [0mReject[0m
                [36m</button>[31m
              [36m</div>[31m
            [36m</div>[31m
          [36m</li>[31m
        [36m</ul>[31m
      [36m</div>[31m
    [36m</div>[31m
  [36m</body>[31m
[36m</html>[31m[39m
 [31mΓ¥»[39m src/lib/__tests__/redirectManagement.test.ts [2m([22m[2m24 tests[22m[2m | [22m[31m1 failed[39m[2m)[22m[90m 79[2mms[22m[39m
[31m   [31m├ù[31m Redirect Management System[2m > [22mfindRedirectRule[2m > [22mshould handle combined query params and hash[90m 31[2mms[22m[31m[39m
[31m     ΓåÆ expected '/new#results?page=1&sort=desc' to be '/new?page=1&sort=desc#results' // Object.is equality[39m
 [32mΓ£ô[39m src/components/ui/__tests__/Breadcrumbs.test.tsx [2m([22m[2m27 tests[22m[2m)[22m[33m 1186[2mms[22m[39m
 [31mΓ¥»[39m src/components/ai/__tests__/ai-components.test.tsx [2m([22m[2m25 tests[22m[2m | [22m[31m13 failed[39m[2m)[22m[33m 8057[2mms[22m[39m
[31m   [31m├ù[31m LearningAssistant[2m > [22msends message and displays assistant reply[90m 152[2mms[22m[31m[39m
[31m     ΓåÆ Unable to find a label with the text of: Assistant is typing

Ignored nodes: comments, script, style
[36m<body>[31m
  [36m<div>[31m
    [36m<div[31m
      [33mclass[31m=[32m"flex flex-col h-full bg-white dark:bg-gray-900 rounded-xl border border-gray-200 dark:border-gray-700 overflow-hidden"[31m
    [36m>[31m
      [36m<div[31m
        [33mclass[31m=[32m"flex items-center gap-2 px-4 py-3 border-b border-gray-200 dark:border-gray-700"[31m
      [36m>[31m
        [36m<svg[31m
          [33mclass[31m=[32m"lucide lucide-bot w-5 h-5 text-blue-500"[31m
          [33mfill[31m=[32m"none"[31m
          [33mheight[31m=[32m"24"[31m
          [33mstroke[31m=[32m"currentColor"[31m
          [33mstroke-linecap[31m=[32m"round"[31m
          [33mstroke-linejoin[31m=[32m"round"[31m
          [33mstroke-width[31m=[32m"2"[31m
          [33mviewBox[31m=[32m"0 0 24 24"[31m
          [33mwidth[31m=[32m"24"[31m
          [33mxmlns[31m=[32m"http://www.w3.org/2000/svg"[31m
        [36m>[31m
          [36m<path[31m
            [33md[31m=[32m"M12 8V4H8"[31m
          [36m/>[31m
          [36m<rect[31m
            [33mheight[31m=[32m"12"[31m
            [33mrx[31m=[32m"2"[31m
            [33mwidth[31m=[32m"16"[31m
            [33mx[31m=[32m"4"[31m
            [33my[31m=[32m"8"[31m
          [36m/>[31m
          [36m<path[31m
            [33md[31m=[32m"M2 14h2"[31m
          [36m/>[31m
          [36m<path[31m
            [33md[31m=[32m"M20 14h2"[31m
          [36m/>[31m
          [36m<path[31m
            [33md[31m=[32m"M15 13v2"[31m
          [36m/>[31m
          [36m<path[31m
            [33md[31m=[32m"M9 13v2"[31m
          [36m/>[31m
        [36m</svg>[31m
        [36m<h2[31m
          [33mclass[31m=[32m"font-semibold text-gray-900 dark:text-white text-sm"[31m
        [36m>[31m
          [0mLearning Assistant[0m
        [36m</h2>[31m
      [36m</div>[31m
      [36m<div[31m
        [33maria-label[31m=[32m"Conversation"[31m
        [33maria-live[31m=[32m"polite"[31m
        [33mclass[31m=[32m"flex-1 overflow-y-auto p-4 space-y-4 min-h-0"[31m
        [33mrole[31m=[32m"log"[31m
      [36m>[31m
        [36m<div[31m
          [33mclass[31m=[32m"flex gap-2 justify-end"[31m
        [36m>[31m
          [36m<div[31m
            [33mclass[31m=[32m"max-w-[75%] rounded-2xl px-3 py-2 text-sm bg-blue-600 text-white rounded-br-sm"[31m
          [36m>[31m
            [0mHi there[0m
          [36m</div>[31m
          [36m<svg[31m
            [33mclass[31m=[32m"lucide lucide-user w-6 h-6 text-gray-400 shrink-0 mt-0.5"[31m
            [33mfill[31m=[32m"none"[31m
            [33mheight[31m=[32m"24"[31m
            [33mstroke[31m=[32m"currentColor"[31m
            [33mstroke-linecap[31m=[32m"round"[31m
            [33mstroke-linejoin[31m=[32m"round"[31m
            [33mstroke-width[31m=[32m"2"[31m
            [33mviewBox[31m=[32m"0 0 24 24"[31m
            [33mwidth[31m=[32m"24"[31m
            [33mxmlns[31m=[32m"http://www.w3.org/2000/svg"[31m
          [36m>[31m
            [36m<path[31m
              [33md[31m=[32m"M19 21v-2a4 4 0 0 0-4-4H9a4 4 0 0 0-4 4v2"[31m
            [36m/>[31m
            [36m<circle[31m
              [33mcx[31m=[32m"12"[31m
              [33mcy[31m=[32m"7"[31m
              [33mr[31m=[32m"4"[31m
            [36m/>[31m
          [36m</svg>[31m
        [36m</div>[31m
        [36m<div />[31m
      [36m</div>[31m
      [36m<div[31m
        [33mclass[31m=[32m"px-4 py-3 border-t border-gray-200 dark:border-gray-700 flex gap-2"[31m
      [36m>[31m
        [36m<input[31m
          [33maria-label[31m=[32m"Message input"[31m
          [33mclass[31m=[32m"flex-1 text-sm bg-gray-100 dark:bg-gray-800 rounded-lg px-3 py-2 focus:outline-none focus:ring-2 focus:ring-blue-500 text-gray-900 dark:text-white disabled:opacity-50"[31m
          [33mplaceholder[31m=[32m"Ask a questionΓÇª"[31m
          [33mtype[31m=[32m"text"[31m
          [33mvalue[31m=[32m"Hi there"[31m
        [36m/>[31m
        [36m<button[31m
          [33maria-label[31m=[32m"Send message"[31m
          [33mclass[31m=[32m"p-2 bg-blue-600 text-white rounded-lg hover:bg-blue-500 disabled:opacity-50 transition-colors"[31m
        [36m>[31m
          [36m<svg[31m
            [33mclass[31m=[32m"lucide lucide-send w-4 h-4"[31m
            [33mfill[31m=[32m"none"[31m
            [33mheight[31m=[32m"24"[31m
            [33mstroke[31m=[32m"currentColor"[31m
            [33mstroke-linecap[31m=[32m"round"[31m
            [33mstroke-linejoin[31m=[32m"round"[31m
            [33mstroke-width[31m=[32m"2"[31m
            [33mviewBox[31m=[32m"0 0 24 24"[31m
            [33mwidth[31m=[32m"24"[31m
            [33mxmlns[31m=[32m"http://www.w3.org/2000/svg"[31m
          [36m>[31m
            [36m<path[31m
              [33md[31m=[32m"M14.536 21.686a.5.5 0 0 0 .937-.024l6.5-19a.496.496 0 0 0-.635-.635l-19 6.5a.5.5 0 0 0-.024.937l7.93 3.18a2 2 0 0 1 1.112 1.11z"[31m
            [36m/>[31m
            [36m<path[31m
              [33md[31m=[32m"m21.854 2.147-10.94 10.939"[31m
            [36m/>[31m
          [36m</svg>[31m
        [36m</button>[31m
      [36m</div>[31m
    [36m</div>[31m
  [36m</div>[31m
[36m</body>[31m[39m
[31m   [31m├ù[31m LearningAssistant[2m > [22mshows error message on API failure[33m 1092[2mms[22m[31m[39m
[31m     ΓåÆ Unable to find role="alert"

Ignored nodes: comments, script, style
[36m<body>[31m
  [36m<div>[31m
    [36m<div[31m
      [33mclass[31m=[32m"flex flex-col h-full bg-white dark:bg-gray-900 rounded-xl border border-gray-200 dark:border-gray-700 overflow-hidden"[31m
    [36m>[31m
      [36m<div[31m
        [33mclass[31m=[32m"flex items-center gap-2 px-4 py-3 border-b border-gray-200 dark:border-gray-700"[31m
      [36m>[31m
        [36m<svg[31m
          [33mclass[31m=[32m"lucide lucide-bot w-5 h-5 text-blue-500"[31m
          [33mfill[31m=[32m"none"[31m
          [33mheight[31m=[32m"24"[31m
          [33mstroke[31m=[32m"currentColor"[31m
          [33mstroke-linecap[31m=[32m"round"[31m
          [33mstroke-linejoin[31m=[32m"round"[31m
          [33mstroke-width[31m=[32m"2"[31m
          [33mviewBox[31m=[32m"0 0 24 24"[31m
          [33mwidth[31m=[32m"24"[31m
          [33mxmlns[31m=[32m"http://www.w3.org/2000/svg"[31m
        [36m>[31m
          [36m<path[31m
            [33md[31m=[32m"M12 8V4H8"[31m
          [36m/>[31m
          [36m<rect[31m
            [33mheight[31m=[32m"12"[31m
            [33mrx[31m=[32m"2"[31m
            [33mwidth[31m=[32m"16"[31m
            [33mx[31m=[32m"4"[31m
            [33my[31m=[32m"8"[31m
          [36m/>[31m
          [36m<path[31m
            [33md[31m=[32m"M2 14h2"[31m
          [36m/>[31m
          [36m<path[31m
            [33md[31m=[32m"M20 14h2"[31m
          [36m/>[31m
          [36m<path[31m
            [33md[31m=[32m"M15 13v2"[31m
          [36m/>[31m
          [36m<path[31m
            [33md[31m=[32m"M9 13v2"[31m
          [36m/>[31m
        [36m</svg>[31m
        [36m<h2[31m
          [33mclass[31m=[32m"font-semibold text-gray-900 dark:text-white text-sm"[31m
        [36m>[31m
          [0mLearning Assistant[0m
        [36m</h2>[31m
      [36m</div>[31m
      [36m<div[31m
        [33maria-label[31m=[32m"Conversation"[31m
        [33maria-live[31m=[32m"polite"[31m
        [33mclass[31m=[32m"flex-1 overflow-y-auto p-4 space-y-4 min-h-0"[31m
        [33mrole[31m=[32m"log"[31m
      [36m>[31m
        [36m<div[31m
          [33mclass[31m=[32m"flex gap-2 justify-end"[31m
        [36m>[31m
          [36m<div[31m
            [33mclass[31m=[32m"max-w-[75%] rounded-2xl px-3 py-2 text-sm bg-blue-600 text-white rounded-br-sm"[31m
          [36m>[31m
            [0mtest[0m
          [36m</div>[31m
          [36m<svg[31m
            [33mclass[31m=[32m"lucide lucide-user w-6 h-6 text-gray-400 shrink-0 mt-0.5"[31m
            [33mfill[31m=[32m"none"[31m
            [33mheight[31m=[32m"24"[31m
            [33mstroke[31m=[32m"currentColor"[31m
            [33mstroke-linecap[31m=[32m"round"[31m
            [33mstroke-linejoin[31m=[32m"round"[31m
            [33mstroke-width[31m=[32m"2"[31m
            [33mviewBox[31m=[32m"0 0 24 24"[31m
            [33mwidth[31m=[32m"24"[31m
            [33mxmlns[31m=[32m"http://www.w3.org/2000/svg"[31m
          [36m>[31m
            [36m<path[31m
              [33md[31m=[32m"M19 21v-2a4 4 0 0 0-4-4H9a4 4 0 0 0-4 4v2"[31m
            [36m/>[31m
            [36m<circle[31m
              [33mcx[31m=[32m"12"[31m
              [33mcy[31m=[32m"7"[31m
              [33mr[31m=[32m"4"[31m
            [36m/>[31m
          [36m</svg>[31m
        [36m</div>[31m
        [36m<div />[31m
      [36m</div>[31m
      [36m<div[31m
        [33mclass[31m=[32m"px-4 py-3 border-t border-gray-200 dark:border-gray-700 flex gap-2"[31m
      [36m>[31m
        [36m<input[31m
          [33maria-label[31m=[32m"Message input"[31m
          [33mclass[31m=[32m"flex-1 text-sm bg-gray-100 dark:bg-gray-800 rounded-lg px-3 py-2 focus:outline-none focus:ring-2 focus:ring-blue-500 text-gray-900 dark:text-white disabled:opacity-50"[31m
          [33mplaceholder[31m=[32m"Ask a questionΓÇª"[31m
          [33mtype[31m=[32m"text"[31m
          [33mvalue[31m=[32m"test"[31m
        [36m/>[31m
        [36m<button[31m
          [33maria-label[31m=[32m"Send message"[31m
          [33mclass[31m=[32m"p-2 bg-blue-600 text-white rounded-lg hover:bg-blue-500 disabled:opacity-50 transition-colors"[31m
        [36m>[31m
          [36m<svg[31m
            [33mclass[31m=[32m"lucide lucide-send w-4 h-4"[31m
            [33mfill[31m=[32m"none"[31m
            [33mheight[31m=[32m"24"[31m
            [33mstroke[31m=[32m"currentColor"[31m
            [33mstroke-linecap[31m=[32m"round"[31m
            [33mstroke-linejoin[31m=[32m"round"[31m
            [33mstroke-width[31m=[32m"2"[31m
            [33mviewBox[31m=[32m"0 0 24 24"[31m
            [33mwidth[31m=[32m"24"[31m
            [33mxmlns[31m=[32m"http://www.w3.org/2000/svg"[31m
          [36m>[31m
            [36m<path[31m
              [33md[31m=[32m"M14.536 21.686a.5.5 0 0 0 .937-.024l6.5-19a.496.496 0 0 0-.635-.635l-19 6.5a.5.5 0 0 0-.024.937l7.93 3.18a2 2 0 0 1 1.112 1.11z"[31m
            [36m/>[31m
            [36m<path[31m
              [33md[31m=[32m"m21.854 2.147-10.94 10.939"[31m
            [36m/>[31m
          [36m</svg>[31m
        [36m</button>[31m
      [36m</div>[31m
    [36m</div>[31m
  [36m</div>[31m
[36m</body>[31m

Ignored nodes: comments, script, style
[36m<html>[31m
  [36m<head />[31m
  [36m<body>[31m
    [36m<div>[31m
      [36m<div[31m
        [33mclass[31m=[32m"flex flex-col h-full bg-white dark:bg-gray-900 rounded-xl border border-gray-200 dark:border-gray-700 overflow-hidden"[31m
      [36m>[31m
        [36m<div[31m
          [33mclass[31m=[32m"flex items-center gap-2 px-4 py-3 border-b border-gray-200 dark:border-gray-700"[31m
        [36m>[31m
          [36m<svg[31m
            [33mclass[31m=[32m"lucide lucide-bot w-5 h-5 text-blue-500"[31m
            [33mfill[31m=[32m"none"[31m
            [33mheight[31m=[32m"24"[31m
            [33mstroke[31m=[32m"currentColor"[31m
            [33mstroke-linecap[31m=[32m"round"[31m
            [33mstroke-linejoin[31m=[32m"round"[31m
            [33mstroke-width[31m=[32m"2"[31m
            [33mviewBox[31m=[32m"0 0 24 24"[31m
            [33mwidth[31m=[32m"24"[31m
            [33mxmlns[31m=[32m"http://www.w3.org/2000/svg"[31m
          [36m>[31m
            [36m<path[31m
              [33md[31m=[32m"M12 8V4H8"[31m
            [36m/>[31m
            [36m<rect[31m
              [33mheight[31m=[32m"12"[31m
              [33mrx[31m=[32m"2"[31m
              [33mwidth[31m=[32m"16"[31m
              [33mx[31m=[32m"4"[31m
              [33my[31m=[32m"8"[31m
            [36m/>[31m
            [36m<path[31m
              [33md[31m=[32m"M2 14h2"[31m
            [36m/>[31m
            [36m<path[31m
              [33md[31m=[32m"M20 14h2"[31m
            [36m/>[31m
            [36m<path[31m
              [33md[31m=[32m"M15 13v2"[31m
            [36m/>[31m
            [36m<path[31m
              [33md[31m=[32m"M9 13v2"[31m
            [36m/>[31m
          [36m</svg>[31m
          [36m<h2[31m
            [33mclass[31m=[32m"font-semibold text-gray-900 dark:text-white text-sm"[31m
          [36m>[31m
            [0mLearning Assistant[0m
          [36m</h2>[31m
        [36m</div>[31m
        [36m<div[31m
          [33maria-label[31m=[32m"Conversation"[31m
          [33maria-live[31m=[32m"polite"[31m
          [33mclass[31m=[32m"flex-1 overflow-y-auto p-4 space-y-4 min-h-0"[31m
          [33mrole[31m=[32m"log"[31m
        [36m>[31m
          [36m<div[31m
            [33mclass[31m=[32m"flex gap-2 justify-end"[31m
          [36m>[31m
            [36m<div[31m
              [33mclass[31m=[32m"max-w-[75%] rounded-2xl px-3 py-2 text-sm bg-blue-600 text-white rounded-br-sm"[31m
            [36m>[31m
              [0mtest[0m
            [36m</div>[31m
            [36m<svg[31m
              [33mclass[31m=[32m"lucide lucide-user w-6 h-6 text-gray-400 shrink-0 mt-0.5"[31m
              [33mfill[31m=[32m"none"[31m
              [33mheight[31m=[32m"24"[31m
              [33mstroke[31m=[32m"currentColor"[31m
              [33mstroke-linecap[31m=[32m"round"[31m
              [33mstroke-linejoin[31m=[32m"round"[31m
              [33mstroke-width[31m=[32m"2"[31m
              [33mviewBox[31m=[32m"0 0 24 24"[31m
              [33mwidth[31m=[32m"24"[31m
              [33mxmlns[31m=[32m"http://www.w3.org/2000/svg"[31m
            [36m>[31m
              [36m<path[31m
                [33md[31m=[32m"M19 21v-2a4 4 0 0 0-4-4H9a4 4 0 0 0-4 4v2"[31m
              [36m/>[31m
              [36m<circle[31m
                [33mcx[31m=[32m"12"[31m
                [33mcy[31m=[32m"7"[31m
                [33mr[31m=[32m"4"[31m
              [36m/>[31m
            [36m</svg>[31m
          [36m</div>[31m
          [36m<div />[31m
        [36m</div>[31m
        [36m<div[31m
          [33mclass[31m=[32m"px-4 py-3 border-t border-gray-200 dark:border-gray-700 flex gap-2"[31m
        [36m>[31m
          [36m<input[31m
            [33maria-label[31m=[32m"Message input"[31m
            [33mclass[31m=[32m"flex-1 text-sm bg-gray-100 dark:bg-gray-800 rounded-lg px-3 py-2 focus:outline-none focus:ring-2 focus:ring-blue-500 text-gray-900 dark:text-white disabled:opacity-50"[31m
            [33mplaceholder[31m=[32m"Ask a questionΓÇª"[31m
            [33mtype[31m=[32m"text"[31m
            [33mvalue[31m=[32m"test"[31m
          [36m/>[31m
          [36m<button[31m
            [33maria-label[31m=[32m"Send message"[31m
            [33mclass[31m=[32m"p-2 bg-blue-600 text-white rounded-lg hover:bg-blue-500 disabled:opacity-50 transition-colors"[31m
          [36m>[31m
            [36m<svg[31m
              [33mclass[31m=[32m"lucide lucide-send w-4 h-4"[31m
              [33mfill[31m=[32m"none"[31m
              [33mheight[31m=[32m"24"[31m
              [33mstroke[31m=[32m"currentColor"[31m
              [33mstroke-linecap[31m=[32m"round"[31m
              [33mstroke-linejoin[31m=[32m"round"[31m
              [33mstroke-width[31m=[32m"2"[31m
              [33mviewBox[31m=[32m"0 0 24 24"[31m
              [33mwidth[31m=[32m"24"[31m
              [33mxmlns[31m=[32m"http://www.w3.org/2000/svg"[31m
            [36m>[31m
              [36m<path[31m
                [33md[31m=[32m"M14.536 21.686a.5.5 0 0 0 .937-.024l6.5-19a.496.496 0 0 0-.635-.635l-19 6.5a.5.5 0 0 0-.024.937l7.93 3.18a2 2 0 0 1 1.112 1.11z"[31m
              [36m/>[31m
              [36m<path[31m
                [33md[31m=[32m"m21.854 2.147-10.94 10.939"[31m
              [36m/>[31m
            [36m</svg>[31m
          [36m</button>[31m
        [36m</div>[31m
      [36m</div>[31m
    [36m</div>[31m
  [36m</body>[31m
[36m</html>[31m[39m
[31m   [31m├ù[31m LearningAssistant[2m > [22msubmits on Enter key[33m 1049[2mms[22m[31m[39m
[31m     ΓåÆ expected "spy" to be called 1 times, but got 0 times

Ignored nodes: comments, script, style
[36m<html>[31m
  [36m<head />[31m
  [36m<body>[31m
    [36m<div>[31m
      [36m<div[31m
        [33mclass[31m=[32m"flex flex-col h-full bg-white dark:bg-gray-900 rounded-xl border border-gray-200 dark:border-gray-700 overflow-hidden"[31m
      [36m>[31m
        [36m<div[31m
          [33mclass[31m=[32m"flex items-center gap-2 px-4 py-3 border-b border-gray-200 dark:border-gray-700"[31m
        [36m>[31m
          [36m<svg[31m
            [33mclass[31m=[32m"lucide lucide-bot w-5 h-5 text-blue-500"[31m
            [33mfill[31m=[32m"none"[31m
            [33mheight[31m=[32m"24"[31m
            [33mstroke[31m=[32m"currentColor"[31m
            [33mstroke-linecap[31m=[32m"round"[31m
            [33mstroke-linejoin[31m=[32m"round"[31m
            [33mstroke-width[31m=[32m"2"[31m
            [33mviewBox[31m=[32m"0 0 24 24"[31m
            [33mwidth[31m=[32m"24"[31m
            [33mxmlns[31m=[32m"http://www.w3.org/2000/svg"[31m
          [36m>[31m
            [36m<path[31m
              [33md[31m=[32m"M12 8V4H8"[31m
            [36m/>[31m
            [36m<rect[31m
              [33mheight[31m=[32m"12"[31m
              [33mrx[31m=[32m"2"[31m
              [33mwidth[31m=[32m"16"[31m
              [33mx[31m=[32m"4"[31m
              [33my[31m=[32m"8"[31m
            [36m/>[31m
            [36m<path[31m
              [33md[31m=[32m"M2 14h2"[31m
            [36m/>[31m
            [36m<path[31m
              [33md[31m=[32m"M20 14h2"[31m
            [36m/>[31m
            [36m<path[31m
              [33md[31m=[32m"M15 13v2"[31m
            [36m/>[31m
            [36m<path[31m
              [33md[31m=[32m"M9 13v2"[31m
            [36m/>[31m
          [36m</svg>[31m
          [36m<h2[31m
            [33mclass[31m=[32m"font-semibold text-gray-900 dark:text-white text-sm"[31m
          [36m>[31m
            [0mLearning Assistant[0m
          [36m</h2>[31m
        [36m</div>[31m
        [36m<div[31m
          [33maria-label[31m=[32m"Conversation"[31m
          [33maria-live[31m=[32m"polite"[31m
          [33mclass[31m=[32m"flex-1 overflow-y-auto p-4 space-y-4 min-h-0"[31m
          [33mrole[31m=[32m"log"[31m
        [36m>[31m
          [36m<div[31m
            [33mclass[31m=[32m"flex gap-2 justify-end"[31m
          [36m>[31m
            [36m<div[31m
              [33mclass[31m=[32m"max-w-[75%] rounded-2xl px-3 py-2 text-sm bg-blue-600 text-white rounded-br-sm"[31m
            [36m>[31m
              [0mEnter test[0m
            [36m</div>[31m
            [36m<svg[31m
              [33mclass[31m=[32m"lucide lucide-user w-6 h-6 text-gray-400 shrink-0 mt-0.5"[31m
              [33mfill[31m=[32m"none"[31m
              [33mheight[31m=[32m"24"[31m
              [33mstroke[31m=[32m"currentColor"[31m
              [33mstroke-linecap[31m=[32m"round"[31m
              [33mstroke-linejoin[31m=[32m"round"[31m
              [33mstroke-width[31m=[32m"2"[31m
              [33mviewBox[31m=[32m"0 0 24 24"[31m
              [33mwidth[31m=[32m"24"[31m
              [33mxmlns[31m=[32m"http://www.w3.org/2000/svg"[31m
            [36m>[31m
              [36m<path[31m
                [33md[31m=[32m"M19 21v-2a4 4 0 0 0-4-4H9a4 4 0 0 0-4 4v2"[31m
              [36m/>[31m
              [36m<circle[31m
                [33mcx[31m=[32m"12"[31m
                [33mcy[31m=[32m"7"[31m
                [33mr[31m=[32m"4"[31m
              [36m/>[31m
            [36m</svg>[31m
          [36m</div>[31m
          [36m<div />[31m
        [36m</div>[31m
        [36m<div[31m
          [33mclass[31m=[32m"px-4 py-3 border-t border-gray-200 dark:border-gray-700 flex gap-2"[31m
        [36m>[31m
          [36m<input[31m
            [33maria-label[31m=[32m"Message input"[31m
            [33mclass[31m=[32m"flex-1 text-sm bg-gray-100 dark:bg-gray-800 rounded-lg px-3 py-2 focus:outline-none focus:ring-2 focus:ring-blue-500 text-gray-900 dark:text-white disabled:opacity-50"[31m
            [33mplaceholder[31m=[32m"Ask a questionΓÇª"[31m
            [33mtype[31m=[32m"text"[31m
            [33mvalue[31m=[32m"Enter test"[31m
          [36m/>[31m
          [36m<button[31m
            [33maria-label[31m=[32m"Send message"[31m
            [33mclass[31m=[32m"p-2 bg-blue-600 text-white rounded-lg hover:bg-blue-500 disabled:opacity-50 transition-colors"[31m
          [36m>[31m
            [36m<svg[31m
              [33mclass[31m=[32m"lucide lucide-send w-4 h-4"[31m
              [33mfill[31m=[32m"none"[31m
              [33mheight[31m=[32m"24"[31m
              [33mstroke[31m=[32m"currentColor"[31m
              [33mstroke-linecap[31m=[32m"round"[31m
              [33mstroke-linejoin[31m=[32m"round"[31m
              [33mstroke-width[31m=[32m"2"[31m
              [33mviewBox[31m=[32m"0 0 24 24"[31m
              [33mwidth[31m=[32m"24"[31m
              [33mxmlns[31m=[32m"http://www.w3.org/2000/svg"[31m
            [36m>[31m
              [36m<path[31m
                [33md[31m=[32m"M14.536 21.686a.5.5 0 0 0 .937-.024l6.5-19a.496.496 0 0 0-.635-.635l-19 6.5a.5.5 0 0 0-.024.937l7.93 3.18a2 2 0 0 1 1.112 1.11z"[31m
              [36m/>[31m
              [36m<path[31m
                [33md[31m=[32m"m21.854 2.147-10.94 10.939"[31m
              [36m/>[31m
            [36m</svg>[31m
          [36m</button>[31m
        [36m</div>[31m
      [36m</div>[31m
    [36m</div>[31m
  [36m</body>[31m
[36m</html>[31m[39m
[31m   [31m├ù[31m PersonalizedRecommendations[2m > [22mshows skeleton while loading[90m 44[2mms[22m[31m[39m
[31m     ΓåÆ Unable to find a label with the text of: Loading recommendations

Ignored nodes: comments, script, style
[36m<body>[31m
  [36m<div>[31m
    [36m<div[31m
      [33mclass[31m=[32m"bg-white dark:bg-gray-900 rounded-xl border border-gray-200 dark:border-gray-700 overflow-hidden"[31m
    [36m>[31m
      [36m<div[31m
        [33mclass[31m=[32m"flex items-center gap-2 px-4 py-3 border-b border-gray-200 dark:border-gray-700"[31m
      [36m>[31m
        [36m<svg[31m
          [33mclass[31m=[32m"lucide lucide-sparkles w-5 h-5 text-yellow-500"[31m
          [33mfill[31m=[32m"none"[31m
          [33mheight[31m=[32m"24"[31m
          [33mstroke[31m=[32m"currentColor"[31m
          [33mstroke-linecap[31m=[32m"round"[31m
          [33mstroke-linejoin[31m=[32m"round"[31m
          [33mstroke-width[31m=[32m"2"[31m
          [33mviewBox[31m=[32m"0 0 24 24"[31m
          [33mwidth[31m=[32m"24"[31m
          [33mxmlns[31m=[32m"http://www.w3.org/2000/svg"[31m
        [36m>[31m
          [36m<path[31m
            [33md[31m=[32m"M9.937 15.5A2 2 0 0 0 8.5 14.063l-6.135-1.582a.5.5 0 0 1 0-.962L8.5 9.936A2 2 0 0 0 9.937 8.5l1.582-6.135a.5.5 0 0 1 .963 0L14.063 8.5A2 2 0 0 0 15.5 9.937l6.135 1.581a.5.5 0 0 1 0 .964L15.5 14.063a2 2 0 0 0-1.437 1.437l-1.582 6.135a.5.5 0 0 1-.963 0z"[31m
          [36m/>[31m
          [36m<path[31m
            [33md[31m=[32m"M20 3v4"[31m
          [36m/>[31m
          [36m<path[31m
            [33md[31m=[32m"M22 5h-4"[31m
          [36m/>[31m
          [36m<path[31m
            [33md[31m=[32m"M4 17v2"[31m
          [36m/>[31m
          [36m<path[31m
            [33md[31m=[32m"M5 18H3"[31m
          [36m/>[31m
        [36m</svg>[31m
        [36m<h2[31m
          [33mclass[31m=[32m"font-semibold text-gray-900 dark:text-white text-sm"[31m
        [36m>[31m
          [0mRecommended for You[0m
        [36m</h2>[31m
      [36m</div>[31m
      [36m<div[31m
        [33mclass[31m=[32m"p-4 space-y-3"[31m
      [36m>[31m
        [36m<div[31m
          [33mclass[31m=[32m"animate-pulse p-4 rounded-lg border border-gray-200 dark:border-gray-700 space-y-2"[31m
        [36m>[31m
          [36m<div[31m
            [33mclass[31m=[32m"h-4 bg-gray-200 dark:bg-gray-700 rounded w-3/4"[31m
          [36m/>[31m
          [36m<div[31m
            [33mclass[31m=[32m"h-3 bg-gray-200 dark:bg-gray-700 rounded w-full"[31m
          [36m/>[31m
          [36m<div[31m
            [33mclass[31m=[32m"h-3 bg-gray-200 dark:bg-gray-700 rounded w-1/3"[31m
          [36m/>[31m
        [36m</div>[31m
        [36m<div[31m
          [33mclass[31m=[32m"animate-pulse p-4 rounded-lg border border-gray-200 dark:border-gray-700 space-y-2"[31m
        [36m>[31m
          [36m<div[31m
            [33mclass[31m=[32m"h-4 bg-gray-200 dark:bg-gray-700 rounded w-3/4"[31m
          [36m/>[31m
          [36m<div[31m
            [33mclass[31m=[32m"h-3 bg-gray-200 dark:bg-gray-700 rounded w-full"[31m
          [36m/>[31m
          [36m<div[31m
            [33mclass[31m=[32m"h-3 bg-gray-200 dark:bg-gray-700 rounded w-1/3"[31m
          [36m/>[31m
        [36m</div>[31m
        [36m<div[31m
          [33mclass[31m=[32m"animate-pulse p-4 rounded-lg border border-gray-200 dark:border-gray-700 space-y-2"[31m
        [36m>[31m
          [36m<div[31m
            [33mclass[31m=[32m"h-4 bg-gray-200 dark:bg-gray-700 rounded w-3/4"[31m
          [36m/>[31m
          [36m<div[31m
            [33mclass[31m=[32m"h-3 bg-gray-200 dark:bg-gray-700 rounded w-full"[31m
          [36m/>[31m
          [36m<div[31m
            [33mclass[31m=[32m"h-3 bg-gray-200 dark:bg-gray-700 rounded w-1/3"[31m
          [36m/>[31m
        [36m</div>[31m
      [36m</div>[31m
    [36m</div>[31m
  [36m</div>[31m
[36m</body>[31m[39m
[31m   [31m├ù[31m PersonalizedRecommendations[2m > [22mrenders fetched recommendations[33m 1037[2mms[22m[31m[39m
[31m     ΓåÆ Unable to find an element with the text: React Basics. This could be because the text is broken up by multiple elements. In this case, you can provide a function for your text matcher to make your matcher more flexible.

Ignored nodes: comments, script, style
[36m<body>[31m
  [36m<div />[31m
[36m</body>[31m

Ignored nodes: comments, script, style
[36m<html>[31m
  [36m<head />[31m
  [36m<body>[31m
    [36m<div />[31m
  [36m</body>[31m
[36m</html>[31m[39m
[31m   [31m├ù[31m PersonalizedRecommendations[2m > [22mshows error state on failure[33m 1031[2mms[22m[31m[39m
[31m     ΓåÆ Unable to find role="alert"

Ignored nodes: comments, script, style
[36m<body>[31m
  [36m<div>[31m
    [36m<div[31m
      [33mclass[31m=[32m"bg-white dark:bg-gray-900 rounded-xl border border-gray-200 dark:border-gray-700 overflow-hidden"[31m
    [36m>[31m
      [36m<div[31m
        [33mclass[31m=[32m"flex items-center gap-2 px-4 py-3 border-b border-gray-200 dark:border-gray-700"[31m
      [36m>[31m
        [36m<svg[31m
          [33mclass[31m=[32m"lucide lucide-sparkles w-5 h-5 text-yellow-500"[31m
          [33mfill[31m=[32m"none"[31m
          [33mheight[31m=[32m"24"[31m
          [33mstroke[31m=[32m"currentColor"[31m
          [33mstroke-linecap[31m=[32m"round"[31m
          [33mstroke-linejoin[31m=[32m"round"[31m
          [33mstroke-width[31m=[32m"2"[31m
          [33mviewBox[31m=[32m"0 0 24 24"[31m
          [33mwidth[31m=[32m"24"[31m
          [33mxmlns[31m=[32m"http://www.w3.org/2000/svg"[31m
        [36m>[31m
          [36m<path[31m
            [33md[31m=[32m"M9.937 15.5A2 2 0 0 0 8.5 14.063l-6.135-1.582a.5.5 0 0 1 0-.962L8.5 9.936A2 2 0 0 0 9.937 8.5l1.582-6.135a.5.5 0 0 1 .963 0L14.063 8.5A2 2 0 0 0 15.5 9.937l6.135 1.581a.5.5 0 0 1 0 .964L15.5 14.063a2 2 0 0 0-1.437 1.437l-1.582 6.135a.5.5 0 0 1-.963 0z"[31m
          [36m/>[31m
          [36m<path[31m
            [33md[31m=[32m"M20 3v4"[31m
          [36m/>[31m
          [36m<path[31m
            [33md[31m=[32m"M22 5h-4"[31m
          [36m/>[31m
          [36m<path[31m
            [33md[31m=[32m"M4 17v2"[31m
          [36m/>[31m
          [36m<path[31m
            [33md[31m=[32m"M5 18H3"[31m
          [36m/>[31m
        [36m</svg>[31m
        [36m<h2[31m
          [33mclass[31m=[32m"font-semibold text-gray-900 dark:text-white text-sm"[31m
        [36m>[31m
          [0mRecommended for You[0m
        [36m</h2>[31m
      [36m</div>[31m
      [36m<div[31m
        [33mclass[31m=[32m"p-4 space-y-3"[31m
      [36m>[31m
        [36m<p[31m
          [33mclass[31m=[32m"text-sm text-center text-red-500 py-4"[31m
        [36m>[31m
          [0mFailed to load recommendations.[0m
        [36m</p>[31m
      [36m</div>[31m
    [36m</div>[31m
  [36m</div>[31m
[36m</body>[31m

Ignored nodes: comments, script, style
[36m<html>[31m
  [36m<head />[31m
  [36m<body>[31m
    [36m<div>[31m
      [36m<div[31m
        [33mclass[31m=[32m"bg-white dark:bg-gray-900 rounded-xl border border-gray-200 dark:border-gray-700 overflow-hidden"[31m
      [36m>[31m
        [36m<div[31m
          [33mclass[31m=[32m"flex items-center gap-2 px-4 py-3 border-b border-gray-200 dark:border-gray-700"[31m
        [36m>[31m
          [36m<svg[31m
            [33mclass[31m=[32m"lucide lucide-sparkles w-5 h-5 text-yellow-500"[31m
            [33mfill[31m=[32m"none"[31m
            [33mheight[31m=[32m"24"[31m
            [33mstroke[31m=[32m"currentColor"[31m
            [33mstroke-linecap[31m=[32m"round"[31m
            [33mstroke-linejoin[31m=[32m"round"[31m
            [33mstroke-width[31m=[32m"2"[31m
            [33mviewBox[31m=[32m"0 0 24 24"[31m
            [33mwidth[31m=[32m"24"[31m
            [33mxmlns[31m=[32m"http://www.w3.org/2000/svg"[31m
          [36m>[31m
            [36m<path[31m
              [33md[31m=[32m"M9.937 15.5A2 2 0 0 0 8.5 14.063l-6.135-1.582a.5.5 0 0 1 0-.962L8.5 9.936A2 2 0 0 0 9.937 8.5l1.582-6.135a.5.5 0 0 1 .963 0L14.063 8.5A2 2 0 0 0 15.5 9.937l6.135 1.581a.5.5 0 0 1 0 .964L15.5 14.063a2 2 0 0 0-1.437 1.437l-1.582 6.135a.5.5 0 0 1-.963 0z"[31m
            [36m/>[31m
            [36m<path[31m
              [33md[31m=[32m"M20 3v4"[31m
            [36m/>[31m
            [36m<path[31m
              [33md[31m=[32m"M22 5h-4"[31m
            [36m/>[31m
            [36m<path[31m
              [33md[31m=[32m"M4 17v2"[31m
            [36m/>[31m
            [36m<path[31m
              [33md[31m=[32m"M5 18H3"[31m
            [36m/>[31m
          [36m</svg>[31m
          [36m<h2[31m
            [33mclass[31m=[32m"font-semibold text-gray-900 dark:text-white text-sm"[31m
          [36m>[31m
            [0mRecommended for You[0m
          [36m</h2>[31m
        [36m</div>[31m
        [36m<div[31m
          [33mclass[31m=[32m"p-4 space-y-3"[31m
        [36m>[31m
          [36m<p[31m
            [33mclass[31m=[32m"text-sm text-center text-red-500 py-4"[31m
          [36m>[31m
            [0mFailed to load recommendations.[0m
          [36m</p>[31m
        [36m</div>[31m
      [36m</div>[31m
    [36m</div>[31m
  [36m</body>[31m
[36m</html>[31m[39m
[31m   [31m├ù[31m PersonalizedRecommendations[2m > [22mshows empty state when no recommendations[33m 1026[2mms[22m[31m[39m
[31m     ΓåÆ Unable to find an element with the text: /no recommendations yet/i. This could be because the text is broken up by multiple elements. In this case, you can provide a function for your text matcher to make your matcher more flexible.

Ignored nodes: comments, script, style
[36m<body>[31m
  [36m<div />[31m
[36m</body>[31m

Ignored nodes: comments, script, style
[36m<html>[31m
  [36m<head />[31m
  [36m<body>[31m
    [36m<div />[31m
  [36m</body>[31m
[36m</html>[31m[39m
[31m   [31m├ù[31m IntelligentProgress[2m > [22mrenders progress bar and insights[90m 235[2mms[22m[31m[39m
[31m     ΓåÆ [2mexpect([22m[31melement[31m[2m).toHaveAttribute([22m[32m[32m"aria-valuenow"[32m[31m[2m, [22m[32m[32m"50"[32m[31m[2m) // element.getAttribute("aria-valuenow") === "50"[22m

Expected the element to have attribute:
[32m  aria-valuenow="50"[31m
Received:
[31m  aria-valuenow="0"[31m[39m
[31m   [31m├ù[31m IntelligentProgress[2m > [22mshows error state on failure[33m 1033[2mms[22m[31m[39m
[31m     ΓåÆ Unable to find role="alert"

Ignored nodes: comments, script, style
[36m<body>[31m
  [36m<div>[31m
    [36m<div[31m
      [33mclass[31m=[32m"bg-white dark:bg-gray-900 rounded-xl border border-gray-200 dark:border-gray-700 overflow-hidden"[31m
    [36m>[31m
      [36m<div[31m
        [33mclass[31m=[32m"flex items-center gap-2 px-4 py-3 border-b border-gray-200 dark:border-gray-700"[31m
      [36m>[31m
        [36m<svg[31m
          [33mclass[31m=[32m"lucide lucide-trending-up w-5 h-5 text-green-500"[31m
          [33mfill[31m=[32m"none"[31m
          [33mheight[31m=[32m"24"[31m
          [33mstroke[31m=[32m"currentColor"[31m
          [33mstroke-linecap[31m=[32m"round"[31m
          [33mstroke-linejoin[31m=[32m"round"[31m
          [33mstroke-width[31m=[32m"2"[31m
          [33mviewBox[31m=[32m"0 0 24 24"[31m
          [33mwidth[31m=[32m"24"[31m
          [33mxmlns[31m=[32m"http://www.w3.org/2000/svg"[31m
        [36m>[31m
          [36m<polyline[31m
            [33mpoints[31m=[32m"22 7 13.5 15.5 8.5 10.5 2 17"[31m
          [36m/>[31m
          [36m<polyline[31m
            [33mpoints[31m=[32m"16 7 22 7 22 13"[31m
          [36m/>[31m
        [36m</svg>[31m
        [36m<h2[31m
          [33mclass[31m=[32m"font-semibold text-gray-900 dark:text-white text-sm"[31m
        [36m>[31m
          [0mYour Progress[0m
        [36m</h2>[31m
      [36m</div>[31m
      [36m<div[31m
        [33mclass[31m=[32m"p-4 space-y-4"[31m
      [36m>[31m
        [36m<p[31m
          [33mclass[31m=[32m"text-sm text-center text-red-500 py-4"[31m
        [36m>[31m
          [0mFailed to load progress.[0m
        [36m</p>[31m
      [36m</div>[31m
    [36m</div>[31m
  [36m</div>[31m
[36m</body>[31m

Ignored nodes: comments, script, style
[36m<html>[31m
  [36m<head />[31m
  [36m<body>[31m
    [36m<div>[31m
      [36m<div[31m
        [33mclass[31m=[32m"bg-white dark:bg-gray-900 rounded-xl border border-gray-200 dark:border-gray-700 overflow-hidden"[31m
      [36m>[31m
        [36m<div[31m
          [33mclass[31m=[32m"flex items-center gap-2 px-4 py-3 border-b border-gray-200 dark:border-gray-700"[31m
        [36m>[31m
          [36m<svg[31m
            [33mclass[31m=[32m"lucide lucide-trending-up w-5 h-5 text-green-500"[31m
            [33mfill[31m=[32m"none"[31m
            [33mheight[31m=[32m"24"[31m
            [33mstroke[31m=[32m"currentColor"[31m
            [33mstroke-linecap[31m=[32m"round"[31m
            [33mstroke-linejoin[31m=[32m"round"[31m
            [33mstroke-width[31m=[32m"2"[31m
            [33mviewBox[31m=[32m"0 0 24 24"[31m
            [33mwidth[31m=[32m"24"[31m
            [33mxmlns[31m=[32m"http://www.w3.org/2000/svg"[31m
          [36m>[31m
            [36m<polyline[31m
              [33mpoints[31m=[32m"22 7 13.5 15.5 8.5 10.5 2 17"[31m
            [36m/>[31m
            [36m<polyline[31m
              [33mpoints[31m=[32m"16 7 22 7 22 13"[31m
            [36m/>[31m
          [36m</svg>[31m
          [36m<h2[31m
            [33mclass[31m=[32m"font-semibold text-gray-900 dark:text-white text-sm"[31m
          [36m>[31m
            [0mYour Progress[0m
          [36m</h2>[31m
        [36m</div>[31m
        [36m<div[31m
          [33mclass[31m=[32m"p-4 space-y-4"[31m
        [36m>[31m
          [36m<p[31m
            [33mclass[31m=[32m"text-sm text-center text-red-500 py-4"[31m
          [36m>[31m
            [0mFailed to load progress.[0m
          [36m</p>[31m
        [36m</div>[31m
      [36m</div>[31m
    [36m</div>[31m
  [36m</body>[31m
[36m</html>[31m[39m
[31m   [31m├ù[31m NaturalLanguageQuery[2m > [22msubmits query and renders results[90m 185[2mms[22m[31m[39m
[31m     ΓåÆ Unable to find an accessible element with the role "search"

Here are the accessible roles:

  textbox:

  Name "Search query":
  [36m<input[31m
    [33maria-label[31m=[32m"Search query"[31m
    [33mclass[31m=[32m"w-full pl-9 pr-3 py-2 text-sm bg-gray-100 dark:bg-gray-800 rounded-lg focus:outline-none focus:ring-2 focus:ring-blue-500 text-gray-900 dark:text-white"[31m
    [33mid[31m=[32m"search-query"[31m
    [33mplaceholder[31m=[32m"Ask anything, e.g. 'intro to machine learning'ΓÇª"[31m
    [33mtype[31m=[32m"text"[31m
    [33mvalue[31m=[32m"python basics"[31m
  [36m/>[31m

  --------------------------------------------------
  button:

  Name "Submit search":
  [36m<button[31m
    [33maria-label[31m=[32m"Submit search"[31m
    [33mclass[31m=[32m"px-4 py-2 bg-blue-600 text-white text-sm rounded-lg hover:bg-blue-500 disabled:opacity-50 transition-colors"[31m
  [36m/>[31m

  --------------------------------------------------

Ignored nodes: comments, script, style
[36m<body>[31m
  [36m<div>[31m
    [36m<div[31m
      [33mclass[31m=[32m"bg-white dark:bg-gray-900 rounded-xl border border-gray-200 dark:border-gray-700 overflow-hidden"[31m
    [36m>[31m
      [36m<div[31m
        [33mclass[31m=[32m"p-4 border-b border-gray-200 dark:border-gray-700"[31m
      [36m>[31m
        [36m<div[31m
          [33mclass[31m=[32m"relative flex gap-2"[31m
        [36m>[31m
          [36m<div[31m
            [33mclass[31m=[32m"relative flex-1"[31m
          [36m>[31m
            [36m<label[31m
              [33mclass[31m=[32m"sr-only"[31m
              [33mfor[31m=[32m"search-query"[31m
            [36m>[31m
              [0mSearch query[0m
            [36m</label>[31m
            [36m<svg[31m
              [33mclass[31m=[32m"lucide lucide-search absolute left-3 top-1/2 -translate-y-1/2 w-4 h-4 text-gray-400"[31m
              [33mfill[31m=[32m"none"[31m
              [33mheight[31m=[32m"24"[31m
              [33mstroke[31m=[32m"currentColor"[31m
              [33mstroke-linecap[31m=[32m"round"[31m
              [33mstroke-linejoin[31m=[32m"round"[31m
              [33mstroke-width[31m=[32m"2"[31m
              [33mviewBox[31m=[32m"0 0 24 24"[31m
              [33mwidth[31m=[32m"24"[31m
              [33mxmlns[31m=[32m"http://www.w3.org/2000/svg"[31m
            [36m>[31m
              [36m<circle[31m
                [33mcx[31m=[32m"11"[31m
                [33mcy[31m=[32m"11"[31m
                [33mr[31m=[32m"8"[31m
              [36m/>[31m
              [36m<path[31m
                [33md[31m=[32m"m21 21-4.3-4.3"[31m
              [36m/>[31m
            [36m</svg>[31m
            [36m<input[31m
              [33maria-label[31m=[32m"Search query"[31m
              [33mclass[31m=[32m"w-full pl-9 pr-3 py-2 text-sm bg-gray-100 dark:bg-gray-800 rounded-lg focus:outline-none focus:ring-2 focus:ring-blue-500 text-gray-900 dark:text-white"[31m
              [33mid[31m=[32m"search-query"[31m
              [33mplaceholder[31m=[32m"Ask anything, e.g. 'intro to machine learning'ΓÇª"[31m
              [33mtype[31m=[32m"text"[31m
              [33mvalue[31m=[32m"python basics"[31m
            [36m/>[31m
          [36m</div>[31m
          [36m<button[31m
            [33maria-label[31m=[32m"Submit search"[31m
            [33mclass[31m=[32m"px-4 py-2 bg-blue-600 text-white text-sm rounded-lg hover:bg-blue-500 disabled:opacity-50 transition-colors"[31m
          [36m>[31m
            [0mSearch[0m
          [36m</button>[31m
        [36m</div>[31m
      [36m</div>[31m
      [36m<div[31m
        [33mclass[31m=[32m"p-4 space-y-3"[31m
      [36m/>[31m
    [36m</div>[31m
  [36m</div>[31m
[36m</body>[31m[39m
[31m   [31m├ù[31m NaturalLanguageQuery[2m > [22mshows "No results found" for empty results[90m 154[2mms[22m[31m[39m
[31m     ΓåÆ Unable to find an accessible element with the role "search"

Here are the accessible roles:

  textbox:

  Name "Search query":
  [36m<input[31m
    [33maria-label[31m=[32m"Search query"[31m
    [33mclass[31m=[32m"w-full pl-9 pr-3 py-2 text-sm bg-gray-100 dark:bg-gray-800 rounded-lg focus:outline-none focus:ring-2 focus:ring-blue-500 text-gray-900 dark:text-white"[31m
    [33mid[31m=[32m"search-query"[31m
    [33mplaceholder[31m=[32m"Ask anything, e.g. 'intro to machine learning'ΓÇª"[31m
    [33mtype[31m=[32m"text"[31m
    [33mvalue[31m=[32m"xyz"[31m
  [36m/>[31m

  --------------------------------------------------
  button:

  Name "Submit search":
  [36m<button[31m
    [33maria-label[31m=[32m"Submit search"[31m
    [33mclass[31m=[32m"px-4 py-2 bg-blue-600 text-white text-sm rounded-lg hover:bg-blue-500 disabled:opacity-50 transition-colors"[31m
  [36m/>[31m

  --------------------------------------------------

Ignored nodes: comments, script, style
[36m<body>[31m
  [36m<div>[31m
    [36m<div[31m
      [33mclass[31m=[32m"bg-white dark:bg-gray-900 rounded-xl border border-gray-200 dark:border-gray-700 overflow-hidden"[31m
    [36m>[31m
      [36m<div[31m
        [33mclass[31m=[32m"p-4 border-b border-gray-200 dark:border-gray-700"[31m
      [36m>[31m
        [36m<div[31m
          [33mclass[31m=[32m"relative flex gap-2"[31m
        [36m>[31m
          [36m<div[31m
            [33mclass[31m=[32m"relative flex-1"[31m
          [36m>[31m
            [36m<label[31m
              [33mclass[31m=[32m"sr-only"[31m
              [33mfor[31m=[32m"search-query"[31m
            [36m>[31m
              [0mSearch query[0m
            [36m</label>[31m
            [36m<svg[31m
              [33mclass[31m=[32m"lucide lucide-search absolute left-3 top-1/2 -translate-y-1/2 w-4 h-4 text-gray-400"[31m
              [33mfill[31m=[32m"none"[31m
              [33mheight[31m=[32m"24"[31m
              [33mstroke[31m=[32m"currentColor"[31m
              [33mstroke-linecap[31m=[32m"round"[31m
              [33mstroke-linejoin[31m=[32m"round"[31m
              [33mstroke-width[31m=[32m"2"[31m
              [33mviewBox[31m=[32m"0 0 24 24"[31m
              [33mwidth[31m=[32m"24"[31m
              [33mxmlns[31m=[32m"http://www.w3.org/2000/svg"[31m
            [36m>[31m
              [36m<circle[31m
                [33mcx[31m=[32m"11"[31m
                [33mcy[31m=[32m"11"[31m
                [33mr[31m=[32m"8"[31m
              [36m/>[31m
              [36m<path[31m
                [33md[31m=[32m"m21 21-4.3-4.3"[31m
              [36m/>[31m
            [36m</svg>[31m
            [36m<input[31m
              [33maria-label[31m=[32m"Search query"[31m
              [33mclass[31m=[32m"w-full pl-9 pr-3 py-2 text-sm bg-gray-100 dark:bg-gray-800 rounded-lg focus:outline-none focus:ring-2 focus:ring-blue-500 text-gray-900 dark:text-white"[31m
              [33mid[31m=[32m"search-query"[31m
              [33mplaceholder[31m=[32m"Ask anything, e.g. 'intro to machine learning'ΓÇª"[31m
              [33mtype[31m=[32m"text"[31m
              [33mvalue[31m=[32m"xyz"[31m
            [36m/>[31m
          [36m</div>[31m
          [36m<button[31m
            [33maria-label[31m=[32m"Submit search"[31m
            [33mclass[31m=[32m"px-4 py-2 bg-blue-600 text-white text-sm rounded-lg hover:bg-blue-500 disabled:opacity-50 transition-colors"[31m
          [36m>[31m
            [0mSearch[0m
          [36m</button>[31m
        [36m</div>[31m
      [36m</div>[31m
      [36m<div[31m
        [33mclass[31m=[32m"p-4 space-y-3"[31m
      [36m/>[31m
    [36m</div>[31m
  [36m</div>[31m
[36m</body>[31m[39m
[31m   [31m├ù[31m NaturalLanguageQuery[2m > [22mshows error state on failure[90m 83[2mms[22m[31m[39m
[31m     ΓåÆ Unable to find an accessible element with the role "search"

Here are the accessible roles:

  textbox:

  Name "Search query":
  [36m<input[31m
    [33maria-label[31m=[32m"Search query"[31m
    [33mclass[31m=[32m"w-full pl-9 pr-3 py-2 text-sm bg-gray-100 dark:bg-gray-800 rounded-lg focus:outline-none focus:ring-2 focus:ring-blue-500 text-gray-900 dark:text-white"[31m
    [33mid[31m=[32m"search-query"[31m
    [33mplaceholder[31m=[32m"Ask anything, e.g. 'intro to machine learning'ΓÇª"[31m
    [33mtype[31m=[32m"text"[31m
    [33mvalue[31m=[32m"test"[31m
  [36m/>[31m

  --------------------------------------------------
  button:

  Name "Submit search":
  [36m<button[31m
    [33maria-label[31m=[32m"Submit search"[31m
    [33mclass[31m=[32m"px-4 py-2 bg-blue-600 text-white text-sm rounded-lg hover:bg-blue-500 disabled:opacity-50 transition-colors"[31m
  [36m/>[31m

  --------------------------------------------------

Ignored nodes: comments, script, style
[36m<body>[31m
  [36m<div>[31m
    [36m<div[31m
      [33mclass[31m=[32m"bg-white dark:bg-gray-900 rounded-xl border border-gray-200 dark:border-gray-700 overflow-hidden"[31m
    [36m>[31m
      [36m<div[31m
        [33mclass[31m=[32m"p-4 border-b border-gray-200 dark:border-gray-700"[31m
      [36m>[31m
        [36m<div[31m
          [33mclass[31m=[32m"relative flex gap-2"[31m
        [36m>[31m
          [36m<div[31m
            [33mclass[31m=[32m"relative flex-1"[31m
          [36m>[31m
            [36m<label[31m
              [33mclass[31m=[32m"sr-only"[31m
              [33mfor[31m=[32m"search-query"[31m
            [36m>[31m
              [0mSearch query[0m
            [36m</label>[31m
            [36m<svg[31m
              [33mclass[31m=[32m"lucide lucide-search absolute left-3 top-1/2 -translate-y-1/2 w-4 h-4 text-gray-400"[31m
              [33mfill[31m=[32m"none"[31m
              [33mheight[31m=[32m"24"[31m
              [33mstroke[31m=[32m"currentColor"[31m
              [33mstroke-linecap[31m=[32m"round"[31m
              [33mstroke-linejoin[31m=[32m"round"[31m
              [33mstroke-width[31m=[32m"2"[31m
              [33mviewBox[31m=[32m"0 0 24 24"[31m
              [33mwidth[31m=[32m"24"[31m
              [33mxmlns[31m=[32m"http://www.w3.org/2000/svg"[31m
            [36m>[31m
              [36m<circle[31m
                [33mcx[31m=[32m"11"[31m
                [33mcy[31m=[32m"11"[31m
                [33mr[31m=[32m"8"[31m
              [36m/>[31m
              [36m<path[31m
                [33md[31m=[32m"m21 21-4.3-4.3"[31m
              [36m/>[31m
            [36m</svg>[31m
            [36m<input[31m
              [33maria-label[31m=[32m"Search query"[31m
              [33mclass[31m=[32m"w-full pl-9 pr-3 py-2 text-sm bg-gray-100 dark:bg-gray-800 rounded-lg focus:outline-none focus:ring-2 focus:ring-blue-500 text-gray-900 dark:text-white"[31m
              [33mid[31m=[32m"search-query"[31m
              [33mplaceholder[31m=[32m"Ask anything, e.g. 'intro to machine learning'ΓÇª"[31m
              [33mtype[31m=[32m"text"[31m
              [33mvalue[31m=[32m"test"[31m
            [36m/>[31m
          [36m</div>[31m
          [36m<button[31m
            [33maria-label[31m=[32m"Submit search"[31m
            [33mclass[31m=[32m"px-4 py-2 bg-blue-600 text-white text-sm rounded-lg hover:bg-blue-500 disabled:opacity-50 transition-colors"[31m
          [36m>[31m
            [0mSearch[0m
          [36m</button>[31m
        [36m</div>[31m
      [36m</div>[31m
      [36m<div[31m
        [33mclass[31m=[32m"p-4 space-y-3"[31m
      [36m/>[31m
    [36m</div>[31m
  [36m</div>[31m
[36m</body>[31m[39m
[31m   [31m├ù[31m NaturalLanguageQuery[2m > [22mshows loading state while searching[90m 75[2mms[22m[31m[39m
[31m     ΓåÆ Unable to find an accessible element with the role "search"

Here are the accessible roles:

  textbox:

  Name "Search query":
  [36m<input[31m
    [33maria-label[31m=[32m"Search query"[31m
    [33mclass[31m=[32m"w-full pl-9 pr-3 py-2 text-sm bg-gray-100 dark:bg-gray-800 rounded-lg focus:outline-none focus:ring-2 focus:ring-blue-500 text-gray-900 dark:text-white"[31m
    [33mid[31m=[32m"search-query"[31m
    [33mplaceholder[31m=[32m"Ask anything, e.g. 'intro to machine learning'ΓÇª"[31m
    [33mtype[31m=[32m"text"[31m
    [33mvalue[31m=[32m"react"[31m
  [36m/>[31m

  --------------------------------------------------
  button:

  Name "Submit search":
  [36m<button[31m
    [33maria-label[31m=[32m"Submit search"[31m
    [33mclass[31m=[32m"px-4 py-2 bg-blue-600 text-white text-sm rounded-lg hover:bg-blue-500 disabled:opacity-50 transition-colors"[31m
  [36m/>[31m

  --------------------------------------------------

Ignored nodes: comments, script, style
[36m<body>[31m
  [36m<div>[31m
    [36m<div[31m
      [33mclass[31m=[32m"bg-white dark:bg-gray-900 rounded-xl border border-gray-200 dark:border-gray-700 overflow-hidden"[31m
    [36m>[31m
      [36m<div[31m
        [33mclass[31m=[32m"p-4 border-b border-gray-200 dark:border-gray-700"[31m
      [36m>[31m
        [36m<div[31m
          [33mclass[31m=[32m"relative flex gap-2"[31m
        [36m>[31m
          [36m<div[31m
            [33mclass[31m=[32m"relative flex-1"[31m
          [36m>[31m
            [36m<label[31m
              [33mclass[31m=[32m"sr-only"[31m
              [33mfor[31m=[32m"search-query"[31m
            [36m>[31m
              [0mSearch query[0m
            [36m</label>[31m
            [36m<svg[31m
              [33mclass[31m=[32m"lucide lucide-search absolute left-3 top-1/2 -translate-y-1/2 w-4 h-4 text-gray-400"[31m
              [33mfill[31m=[32m"none"[31m
              [33mheight[31m=[32m"24"[31m
              [33mstroke[31m=[32m"currentColor"[31m
              [33mstroke-linecap[31m=[32m"round"[31m
              [33mstroke-linejoin[31m=[32m"round"[31m
              [33mstroke-width[31m=[32m"2"[31m
              [33mviewBox[31m=[32m"0 0 24 24"[31m
              [33mwidth[31m=[32m"24"[31m
              [33mxmlns[31m=[32m"http://www.w3.org/2000/svg"[31m
            [36m>[31m
              [36m<circle[31m
                [33mcx[31m=[32m"11"[31m
                [33mcy[31m=[32m"11"[31m
                [33mr[31m=[32m"8"[31m
              [36m/>[31m
              [36m<path[31m
                [33md[31m=[32m"m21 21-4.3-4.3"[31m
              [36m/>[31m
            [36m</svg>[31m
            [36m<input[31m
              [33maria-label[31m=[32m"Search query"[31m
              [33mclass[31m=[32m"w-full pl-9 pr-3 py-2 text-sm bg-gray-100 dark:bg-gray-800 rounded-lg focus:outline-none focus:ring-2 focus:ring-blue-500 text-gray-900 dark:text-white"[31m
              [33mid[31m=[32m"search-query"[31m
              [33mplaceholder[31m=[32m"Ask anything, e.g. 'intro to machine learning'ΓÇª"[31m
              [33mtype[31m=[32m"text"[31m
              [33mvalue[31m=[32m"react"[31m
            [36m/>[31m
          [36m</div>[31m
          [36m<button[31m
            [33maria-label[31m=[32m"Submit search"[31m
            [33mclass[31m=[32m"px-4 py-2 bg-blue-600 text-white text-sm rounded-lg hover:bg-blue-500 disabled:opacity-50 transition-colors"[31m
          [36m>[31m
            [0mSearch[0m
          [36m</button>[31m
        [36m</div>[31m
      [36m</div>[31m
      [36m<div[31m
        [33mclass[31m=[32m"p-4 space-y-3"[31m
      [36m/>[31m
    [36m</div>[31m
  [36m</div>[31m
[36m</body>[31m[39m
 [32mΓ£ô[39m src/utils/__tests__/errorUtils.test.ts [2m([22m[2m32 tests[22m[2m)[22m[90m 74[2mms[22m[39m
 [32mΓ£ô[39m src/testing/events/events.test.tsx [2m([22m[2m18 tests[22m[2m)[22m[33m 3481[2mms[22m[39m
   [33m[2mΓ£ô[22m[39m NewEventPage[2m > [22msubmits form with correct data [33m1039[2mms[22m[39m
   [33m[2mΓ£ô[22m[39m NewEventPage[2m > [22mshows error when API call fails [33m368[2mms[22m[39m
   [33m[2mΓ£ô[22m[39m EditEventPage[2m > [22msubmits updated data on save [33m1249[2mms[22m[39m
 [32mΓ£ô[39m src/components/search/__tests__/FilterCustomerSupport.test.tsx [2m([22m[2m21 tests[22m[2m)[22m[33m 2962[2mms[22m[39m
   [33m[2mΓ£ô[22m[39m FilterHelpPopover[2m > [22mcalls onToggle when button is clicked [33m347[2mms[22m[39m
   [33m[2mΓ£ô[22m[39m FilterSupportGuide[2m > [22mswitches to Contact Support tab [33m364[2mms[22m[39m
   [33m[2mΓ£ô[22m[39m useFilterCustomerSupport[2m > [22mtoggles activeHelpId [33m338[2mms[22m[39m
 [32mΓ£ô[39m src/__tests__/logging/sms-aggregator.test.ts [2m([22m[2m27 tests[22m[2m)[22m[90m 88[2mms[22m[39m
 [32mΓ£ô[39m src/app/hooks/__tests__/useNotifications.test.ts [2m([22m[2m9 tests[22m[2m)[22m[90m 231[2mms[22m[39m
 [31mΓ¥»[39m src/components/profile/__tests__/ConferenceManagement.test.tsx [2m([22m[2m33 tests[22m[2m | [22m[31m20 failed[39m[2m)[22m[33m 27946[2mms[22m[39m
   [33m[2mΓ£ô[22m[39m ConferenceManagement[2m > [22mComponent Rendering[2m > [22mrenders the component with heading [33m613[2mms[22m[39m
[31m   [31m├ù[31m ConferenceManagement[2m > [22mList Display[2m > [22mrenders list of conferences when data exists[33m 1099[2mms[22m[31m[39m
[31m     ΓåÆ Unable to find an element with the text: Tech Summit 2024. This could be because the text is broken up by multiple elements. In this case, you can provide a function for your text matcher to make your matcher more flexible.

Ignored nodes: comments, script, style
[36m<body>[31m
  [36m<div>[31m
    [36m<section[31m
      [33maria-labelledby[31m=[32m"conference-management-heading"[31m
      [33mclass[31m=[32m"rounded-xl border border-gray-200 bg-white p-6 shadow-sm dark:border-slate-800 dark:bg-slate-900"[31m
    [36m>[31m
      [36m<div[31m
        [33mclass[31m=[32m"flex items-center justify-between mb-6"[31m
      [36m>[31m
        [36m<div[31m
          [33mclass[31m=[32m"flex items-center gap-3"[31m
        [36m>[31m
          [36m<svg[31m
            [33maria-hidden[31m=[32m"true"[31m
            [33mclass[31m=[32m"lucide lucide-calendar text-blue-600 dark:text-blue-400"[31m
            [33mfill[31m=[32m"none"[31m
            [33mheight[31m=[32m"24"[31m
            [33mstroke[31m=[32m"currentColor"[31m
            [33mstroke-linecap[31m=[32m"round"[31m
            [33mstroke-linejoin[31m=[32m"round"[31m
            [33mstroke-width[31m=[32m"2"[31m
            [33mviewBox[31m=[32m"0 0 24 24"[31m
            [33mwidth[31m=[32m"24"[31m
            [33mxmlns[31m=[32m"http://www.w3.org/2000/svg"[31m
          [36m>[31m
            [36m<path[31m
              [33md[31m=[32m"M8 2v4"[31m
            [36m/>[31m
            [36m<path[31m
              [33md[31m=[32m"M16 2v4"[31m
            [36m/>[31m
            [36m<rect[31m
              [33mheight[31m=[32m"18"[31m
              [33mrx[31m=[32m"2"[31m
              [33mwidth[31m=[32m"18"[31m
              [33mx[31m=[32m"3"[31m
              [33my[31m=[32m"4"[31m
            [36m/>[31m
            [36m<path[31m
              [33md[31m=[32m"M3 10h18"[31m
            [36m/>[31m
          [36m</svg>[31m
          [36m<h3[31m
            [33mclass[31m=[32m"text-2xl font-bold text-gray-900 dark:text-slate-100"[31m
            [33mid[31m=[32m"conference-management-heading"[31m
          [36m>[31m
            [0mConferences[0m
          [36m</h3>[31m
        [36m</div>[31m
        [36m<button[31m
          [33maria-expanded[31m=[32m"false"[31m
          [33maria-label[31m=[32m"Show add conference form"[31m
          [33mclass[31m=[32m"inline-flex items-center gap-2 rounded-lg bg-blue-600 px-4 py-2 text-sm font-semibold text-white hover:bg-blue-700 transition-colors disabled:bg-blue-400 disabled:cursor-not-allowed dark:bg-blue-600 dark:hover:bg-blue-700"[31m
          [33mtype[31m=[32m"button"[31m
        [36m>[31m
          [36m<svg[31m
            [33maria-hidden[31m=[32m"true"[31m
            [33mclass[31m=[32m"lucide lucide-plus"[31m
            [33mfill[31m=[32m"none"[31m
            [33mheight[31m=[32m"18"[31m
            [33mstroke[31m=[32m"currentColor"[31m
            [33mstroke-linecap[31m=[32m"round"[31m
            [33mstroke-linejoin[31m=[32m"round"[31m
            [33mstroke-width[31m=[32m"2"[31m
            [33mviewBox[31m=[32m"0 0 24 24"[31m
            [33mwidth[31m=[32m"18"[31m
            [33mxmlns[31m=[32m"http://www.w3.org/2000/svg"[31m
          [36m>[31m
            [36m<path[31m
              [33md[31m=[32m"M5 12h14"[31m
            [36m/>[31m
            [36m<path[31m
              [33md[31m=[32m"M12 5v14"[31m
            [36m/>[31m
          [36m</svg>[31m
          [0mAdd Conference[0m
        [36m</button>[31m
      [36m</div>[31m
      [36m<div[31m
        [33maria-label[31m=[32m"No conferences added yet"[31m
        [33mclass[31m=[32m"text-center py-8 text-gray-500 dark:text-slate-400"[31m
        [33mrole[31m=[32m"status"[31m
      [36m>[31m
        [36m<p[31m
          [33mclass[31m=[32m"text-sm"[31m
        [36m>[31m
          [0mNo conferences yet. Add one to get started![0m
        [36m</p>[31m
      [36m</div>[31m
    [36m</section>[31m
  [36m</div>[31m
[36m</body>[31m

Ignored nodes: comments, script, style
[36m<html>[31m
  [36m<head />[31m
  [36m<body>[31m
    [36m<div>[31m
      [36m<section[31m
        [33maria-labelledby[31m=[32m"conference-management-heading"[31m
        [33mclass[31m=[32m"rounded-xl border border-gray-200 bg-white p-6 shadow-sm dark:border-slate-800 dark:bg-slate-900"[31m
      [36m>[31m
        [36m<div[31m
          [33mclass[31m=[32m"flex items-center justify-between mb-6"[31m
        [36m>[31m
          [36m<div[31m
            [33mclass[31m=[32m"flex items-center gap-3"[31m
          [36m>[31m
            [36m<svg[31m
              [33maria-hidden[31m=[32m"true"[31m
              [33mclass[31m=[32m"lucide lucide-calendar text-blue-600 dark:text-blue-400"[31m
              [33mfill[31m=[32m"none"[31m
              [33mheight[31m=[32m"24"[31m
              [33mstroke[31m=[32m"currentColor"[31m
              [33mstroke-linecap[31m=[32m"round"[31m
              [33mstroke-linejoin[31m=[32m"round"[31m
              [33mstroke-width[31m=[32m"2"[31m
              [33mviewBox[31m=[32m"0 0 24 24"[31m
              [33mwidth[31m=[32m"24"[31m
              [33mxmlns[31m=[32m"http://www.w3.org/2000/svg"[31m
            [36m>[31m
              [36m<path[31m
                [33md[31m=[32m"M8 2v4"[31m
              [36m/>[31m
              [36m<path[31m
                [33md[31m=[32m"M16 2v4"[31m
              [36m/>[31m
              [36m<rect[31m
                [33mheight[31m=[32m"18"[31m
                [33mrx[31m=[32m"2"[31m
                [33mwidth[31m=[32m"18"[31m
                [33mx[31m=[32m"3"[31m
                [33my[31m=[32m"4"[31m
              [36m/>[31m
              [36m<path[31m
                [33md[31m=[32m"M3 10h18"[31m
              [36m/>[31m
            [36m</svg>[31m
            [36m<h3[31m
              [33mclass[31m=[32m"text-2xl font-bold text-gray-900 dark:text-slate-100"[31m
              [33mid[31m=[32m"conference-management-heading"[31m
            [36m>[31m
              [0mConferences[0m
            [36m</h3>[31m
          [36m</div>[31m
          [36m<button[31m
            [33maria-expanded[31m=[32m"false"[31m
            [33maria-label[31m=[32m"Show add conference form"[31m
            [33mclass[31m=[32m"inline-flex items-center gap-2 rounded-lg bg-blue-600 px-4 py-2 text-sm font-semibold text-white hover:bg-blue-700 transition-colors disabled:bg-blue-400 disabled:cursor-not-allowed dark:bg-blue-600 dark:hover:bg-blue-700"[31m
            [33mtype[31m=[32m"button"[31m
          [36m>[31m
            [36m<svg[31m
              [33maria-hidden[31m=[32m"true"[31m
              [33mclass[31m=[32m"lucide lucide-plus"[31m
              [33mfill[31m=[32m"none"[31m
              [33mheight[31m=[32m"18"[31m
              [33mstroke[31m=[32m"currentColor"[31m
              [33mstroke-linecap[31m=[32m"round"[31m
              [33mstroke-linejoin[31m=[32m"round"[31m
              [33mstroke-width[31m=[32m"2"[31m
              [33mviewBox[31m=[32m"0 0 24 24"[31m
              [33mwidth[31m=[32m"18"[31m
              [33mxmlns[31m=[32m"http://www.w3.org/2000/svg"[31m
            [36m>[31m
              [36m<path[31m
                [33md[31m=[32m"M5 12h14"[31m
              [36m/>[31m
              [36m<path[31m
                [33md[31m=[32m"M12 5v14"[31m
              [36m/>[31m
            [36m</svg>[31m
            [0mAdd Conference[0m
          [36m</button>[31m
        [36m</div>[31m
        [36m<div[31m
          [33maria-label[31m=[32m"No conferences added yet"[31m
          [33mclass[31m=[32m"text-center py-8 text-gray-500 dark:text-slate-400"[31m
          [33mrole[31m=[32m"status"[31m
        [36m>[31m
          [36m<p[31m
            [33mclass[31m=[32m"text-sm"[31m
          [36m>[31m
            [0mNo conferences yet. Add one to get started![0m
          [36m</p>[31m
        [36m</div>[31m
      [36m</section>[31m
    [36m</div>[31m
  [36m</body>[31m
[36m</html>[31m[39m
[31m   [31m├ù[31m ConferenceManagement[2m > [22mList Display[2m > [22mdisplays conference details: title, role, date, location[33m 1042[2mms[22m[31m[39m
[31m     ΓåÆ Unable to find an element with the text: Tech Summit 2024. This could be because the text is broken up by multiple elements. In this case, you can provide a function for your text matcher to make your matcher more flexible.

Ignored nodes: comments, script, style
[36m<body>[31m
  [36m<div>[31m
    [36m<section[31m
      [33maria-labelledby[31m=[32m"conference-management-heading"[31m
      [33mclass[31m=[32m"rounded-xl border border-gray-200 bg-white p-6 shadow-sm dark:border-slate-800 dark:bg-slate-900"[31m
    [36m>[31m
      [36m<div[31m
        [33mclass[31m=[32m"flex items-center justify-between mb-6"[31m
      [36m>[31m
        [36m<div[31m
          [33mclass[31m=[32m"flex items-center gap-3"[31m
        [36m>[31m
          [36m<svg[31m
            [33maria-hidden[31m=[32m"true"[31m
            [33mclass[31m=[32m"lucide lucide-calendar text-blue-600 dark:text-blue-400"[31m
            [33mfill[31m=[32m"none"[31m
            [33mheight[31m=[32m"24"[31m
            [33mstroke[31m=[32m"currentColor"[31m
            [33mstroke-linecap[31m=[32m"round"[31m
            [33mstroke-linejoin[31m=[32m"round"[31m
            [33mstroke-width[31m=[32m"2"[31m
            [33mviewBox[31m=[32m"0 0 24 24"[31m
            [33mwidth[31m=[32m"24"[31m
            [33mxmlns[31m=[32m"http://www.w3.org/2000/svg"[31m
          [36m>[31m
            [36m<path[31m
              [33md[31m=[32m"M8 2v4"[31m
            [36m/>[31m
            [36m<path[31m
              [33md[31m=[32m"M16 2v4"[31m
            [36m/>[31m
            [36m<rect[31m
              [33mheight[31m=[32m"18"[31m
              [33mrx[31m=[32m"2"[31m
              [33mwidth[31m=[32m"18"[31m
              [33mx[31m=[32m"3"[31m
              [33my[31m=[32m"4"[31m
            [36m/>[31m
            [36m<path[31m
              [33md[31m=[32m"M3 10h18"[31m
            [36m/>[31m
          [36m</svg>[31m
          [36m<h3[31m
            [33mclass[31m=[32m"text-2xl font-bold text-gray-900 dark:text-slate-100"[31m
            [33mid[31m=[32m"conference-management-heading"[31m
          [36m>[31m
            [0mConferences[0m
          [36m</h3>[31m
        [36m</div>[31m
        [36m<button[31m
          [33maria-expanded[31m=[32m"false"[31m
          [33maria-label[31m=[32m"Show add conference form"[31m
          [33mclass[31m=[32m"inline-flex items-center gap-2 rounded-lg bg-blue-600 px-4 py-2 text-sm font-semibold text-white hover:bg-blue-700 transition-colors disabled:bg-blue-400 disabled:cursor-not-allowed dark:bg-blue-600 dark:hover:bg-blue-700"[31m
          [33mtype[31m=[32m"button"[31m
        [36m>[31m
          [36m<svg[31m
            [33maria-hidden[31m=[32m"true"[31m
            [33mclass[31m=[32m"lucide lucide-plus"[31m
            [33mfill[31m=[32m"none"[31m
            [33mheight[31m=[32m"18"[31m
            [33mstroke[31m=[32m"currentColor"[31m
            [33mstroke-linecap[31m=[32m"round"[31m
            [33mstroke-linejoin[31m=[32m"round"[31m
            [33mstroke-width[31m=[32m"2"[31m
            [33mviewBox[31m=[32m"0 0 24 24"[31m
            [33mwidth[31m=[32m"18"[31m
            [33mxmlns[31m=[32m"http://www.w3.org/2000/svg"[31m
          [36m>[31m
            [36m<path[31m
              [33md[31m=[32m"M5 12h14"[31m
            [36m/>[31m
            [36m<path[31m
              [33md[31m=[32m"M12 5v14"[31m
            [36m/>[31m
          [36m</svg>[31m
          [0mAdd Conference[0m
        [36m</button>[31m
      [36m</div>[31m
      [36m<div[31m
        [33maria-label[31m=[32m"No conferences added yet"[31m
        [33mclass[31m=[32m"text-center py-8 text-gray-500 dark:text-slate-400"[31m
        [33mrole[31m=[32m"status"[31m
      [36m>[31m
        [36m<p[31m
          [33mclass[31m=[32m"text-sm"[31m
        [36m>[31m
          [0mNo conferences yet. Add one to get started![0m
        [36m</p>[31m
      [36m</div>[31m
    [36m</section>[31m
  [36m</div>[31m
[36m</body>[31m

Ignored nodes: comments, script, style
[36m<html>[31m
  [36m<head />[31m
  [36m<body>[31m
    [36m<div>[31m
      [36m<section[31m
        [33maria-labelledby[31m=[32m"conference-management-heading"[31m
        [33mclass[31m=[32m"rounded-xl border border-gray-200 bg-white p-6 shadow-sm dark:border-slate-800 dark:bg-slate-900"[31m
      [36m>[31m
        [36m<div[31m
          [33mclass[31m=[32m"flex items-center justify-between mb-6"[31m
        [36m>[31m
          [36m<div[31m
            [33mclass[31m=[32m"flex items-center gap-3"[31m
          [36m>[31m
            [36m<svg[31m
              [33maria-hidden[31m=[32m"true"[31m
              [33mclass[31m=[32m"lucide lucide-calendar text-blue-600 dark:text-blue-400"[31m
              [33mfill[31m=[32m"none"[31m
              [33mheight[31m=[32m"24"[31m
              [33mstroke[31m=[32m"currentColor"[31m
              [33mstroke-linecap[31m=[32m"round"[31m
              [33mstroke-linejoin[31m=[32m"round"[31m
              [33mstroke-width[31m=[32m"2"[31m
              [33mviewBox[31m=[32m"0 0 24 24"[31m
              [33mwidth[31m=[32m"24"[31m
              [33mxmlns[31m=[32m"http://www.w3.org/2000/svg"[31m
            [36m>[31m
              [36m<path[31m
                [33md[31m=[32m"M8 2v4"[31m
              [36m/>[31m
              [36m<path[31m
                [33md[31m=[32m"M16 2v4"[31m
              [36m/>[31m
              [36m<rect[31m
                [33mheight[31m=[32m"18"[31m
                [33mrx[31m=[32m"2"[31m
                [33mwidth[31m=[32m"18"[31m
                [33mx[31m=[32m"3"[31m
                [33my[31m=[32m"4"[31m
              [36m/>[31m
              [36m<path[31m
                [33md[31m=[32m"M3 10h18"[31m
              [36m/>[31m
            [36m</svg>[31m
            [36m<h3[31m
              [33mclass[31m=[32m"text-2xl font-bold text-gray-900 dark:text-slate-100"[31m
              [33mid[31m=[32m"conference-management-heading"[31m
            [36m>[31m
              [0mConferences[0m
            [36m</h3>[31m
          [36m</div>[31m
          [36m<button[31m
            [33maria-expanded[31m=[32m"false"[31m
            [33maria-label[31m=[32m"Show add conference form"[31m
            [33mclass[31m=[32m"inline-flex items-center gap-2 rounded-lg bg-blue-600 px-4 py-2 text-sm font-semibold text-white hover:bg-blue-700 transition-colors disabled:bg-blue-400 disabled:cursor-not-allowed dark:bg-blue-600 dark:hover:bg-blue-700"[31m
            [33mtype[31m=[32m"button"[31m
          [36m>[31m
            [36m<svg[31m
              [33maria-hidden[31m=[32m"true"[31m
              [33mclass[31m=[32m"lucide lucide-plus"[31m
              [33mfill[31m=[32m"none"[31m
              [33mheight[31m=[32m"18"[31m
              [33mstroke[31m=[32m"currentColor"[31m
              [33mstroke-linecap[31m=[32m"round"[31m
              [33mstroke-linejoin[31m=[32m"round"[31m
              [33mstroke-width[31m=[32m"2"[31m
              [33mviewBox[31m=[32m"0 0 24 24"[31m
              [33mwidth[31m=[32m"18"[31m
              [33mxmlns[31m=[32m"http://www.w3.org/2000/svg"[31m
            [36m>[31m
              [36m<path[31m
                [33md[31m=[32m"M5 12h14"[31m
              [36m/>[31m
              [36m<path[31m
                [33md[31m=[32m"M12 5v14"[31m
              [36m/>[31m
            [36m</svg>[31m
            [0mAdd Conference[0m
          [36m</button>[31m
        [36m</div>[31m
        [36m<div[31m
          [33maria-label[31m=[32m"No conferences added yet"[31m
          [33mclass[31m=[32m"text-center py-8 text-gray-500 dark:text-slate-400"[31m
          [33mrole[31m=[32m"status"[31m
        [36m>[31m
          [36m<p[31m
            [33mclass[31m=[32m"text-sm"[31m
          [36m>[31m
            [0mNo conferences yet. Add one to get started![0m
          [36m</p>[31m
        [36m</div>[31m
      [36m</section>[31m
    [36m</div>[31m
  [36m</body>[31m
[36m</html>[31m[39m
[31m   [31m├ù[31m ConferenceManagement[2m > [22mList Display[2m > [22mdisplays correct role badges for different roles[33m 1077[2mms[22m[31m[39m
[31m     ΓåÆ Unable to find an element with the text: Speaker. This could be because the text is broken up by multiple elements. In this case, you can provide a function for your text matcher to make your matcher more flexible.

Ignored nodes: comments, script, style
[36m<body>[31m
  [36m<div>[31m
    [36m<section[31m
      [33maria-labelledby[31m=[32m"conference-management-heading"[31m
      [33mclass[31m=[32m"rounded-xl border border-gray-200 bg-white p-6 shadow-sm dark:border-slate-800 dark:bg-slate-900"[31m
    [36m>[31m
      [36m<div[31m
        [33mclass[31m=[32m"flex items-center justify-between mb-6"[31m
      [36m>[31m
        [36m<div[31m
          [33mclass[31m=[32m"flex items-center gap-3"[31m
        [36m>[31m
          [36m<svg[31m
            [33maria-hidden[31m=[32m"true"[31m
            [33mclass[31m=[32m"lucide lucide-calendar text-blue-600 dark:text-blue-400"[31m
            [33mfill[31m=[32m"none"[31m
            [33mheight[31m=[32m"24"[31m
            [33mstroke[31m=[32m"currentColor"[31m
            [33mstroke-linecap[31m=[32m"round"[31m
            [33mstroke-linejoin[31m=[32m"round"[31m
            [33mstroke-width[31m=[32m"2"[31m
            [33mviewBox[31m=[32m"0 0 24 24"[31m
            [33mwidth[31m=[32m"24"[31m
            [33mxmlns[31m=[32m"http://www.w3.org/2000/svg"[31m
          [36m>[31m
            [36m<path[31m
              [33md[31m=[32m"M8 2v4"[31m
            [36m/>[31m
            [36m<path[31m
              [33md[31m=[32m"M16 2v4"[31m
            [36m/>[31m
            [36m<rect[31m
              [33mheight[31m=[32m"18"[31m
              [33mrx[31m=[32m"2"[31m
              [33mwidth[31m=[32m"18"[31m
              [33mx[31m=[32m"3"[31m
              [33my[31m=[32m"4"[31m
            [36m/>[31m
            [36m<path[31m
              [33md[31m=[32m"M3 10h18"[31m
            [36m/>[31m
          [36m</svg>[31m
          [36m<h3[31m
            [33mclass[31m=[32m"text-2xl font-bold text-gray-900 dark:text-slate-100"[31m
            [33mid[31m=[32m"conference-management-heading"[31m
          [36m>[31m
            [0mConferences[0m
          [36m</h3>[31m
        [36m</div>[31m
        [36m<button[31m
          [33maria-expanded[31m=[32m"false"[31m
          [33maria-label[31m=[32m"Show add conference form"[31m
          [33mclass[31m=[32m"inline-flex items-center gap-2 rounded-lg bg-blue-600 px-4 py-2 text-sm font-semibold text-white hover:bg-blue-700 transition-colors disabled:bg-blue-400 disabled:cursor-not-allowed dark:bg-blue-600 dark:hover:bg-blue-700"[31m
          [33mtype[31m=[32m"button"[31m
        [36m>[31m
          [36m<svg[31m
            [33maria-hidden[31m=[32m"true"[31m
            [33mclass[31m=[32m"lucide lucide-plus"[31m
            [33mfill[31m=[32m"none"[31m
            [33mheight[31m=[32m"18"[31m
            [33mstroke[31m=[32m"currentColor"[31m
            [33mstroke-linecap[31m=[32m"round"[31m
            [33mstroke-linejoin[31m=[32m"round"[31m
            [33mstroke-width[31m=[32m"2"[31m
            [33mviewBox[31m=[32m"0 0 24 24"[31m
            [33mwidth[31m=[32m"18"[31m
            [33mxmlns[31m=[32m"http://www.w3.org/2000/svg"[31m
          [36m>[31m
            [36m<path[31m
              [33md[31m=[32m"M5 12h14"[31m
            [36m/>[31m
            [36m<path[31m
              [33md[31m=[32m"M12 5v14"[31m
            [36m/>[31m
          [36m</svg>[31m
          [0mAdd Conference[0m
        [36m</button>[31m
      [36m</div>[31m
      [36m<div[31m
        [33maria-label[31m=[32m"No conferences added yet"[31m
        [33mclass[31m=[32m"text-center py-8 text-gray-500 dark:text-slate-400"[31m
        [33mrole[31m=[32m"status"[31m
      [36m>[31m
        [36m<p[31m
          [33mclass[31m=[32m"text-sm"[31m
        [36m>[31m
          [0mNo conferences yet. Add one to get started![0m
        [36m</p>[31m
      [36m</div>[31m
    [36m</section>[31m
  [36m</div>[31m
[36m</body>[31m

Ignored nodes: comments, script, style
[36m<html>[31m
  [36m<head />[31m
  [36m<body>[31m
    [36m<div>[31m
      [36m<section[31m
        [33maria-labelledby[31m=[32m"conference-management-heading"[31m
        [33mclass[31m=[32m"rounded-xl border border-gray-200 bg-white p-6 shadow-sm dark:border-slate-800 dark:bg-slate-900"[31m
      [36m>[31m
        [36m<div[31m
          [33mclass[31m=[32m"flex items-center justify-between mb-6"[31m
        [36m>[31m
          [36m<div[31m
            [33mclass[31m=[32m"flex items-center gap-3"[31m
          [36m>[31m
            [36m<svg[31m
              [33maria-hidden[31m=[32m"true"[31m
              [33mclass[31m=[32m"lucide lucide-calendar text-blue-600 dark:text-blue-400"[31m
              [33mfill[31m=[32m"none"[31m
              [33mheight[31m=[32m"24"[31m
              [33mstroke[31m=[32m"currentColor"[31m
              [33mstroke-linecap[31m=[32m"round"[31m
              [33mstroke-linejoin[31m=[32m"round"[31m
              [33mstroke-width[31m=[32m"2"[31m
              [33mviewBox[31m=[32m"0 0 24 24"[31m
              [33mwidth[31m=[32m"24"[31m
              [33mxmlns[31m=[32m"http://www.w3.org/2000/svg"[31m
            [36m>[31m
              [36m<path[31m
                [33md[31m=[32m"M8 2v4"[31m
              [36m/>[31m
              [36m<path[31m
                [33md[31m=[32m"M16 2v4"[31m
              [36m/>[31m
              [36m<rect[31m
                [33mheight[31m=[32m"18"[31m
                [33mrx[31m=[32m"2"[31m
                [33mwidth[31m=[32m"18"[31m
                [33mx[31m=[32m"3"[31m
                [33my[31m=[32m"4"[31m
              [36m/>[31m
              [36m<path[31m
                [33md[31m=[32m"M3 10h18"[31m
              [36m/>[31m
            [36m</svg>[31m
            [36m<h3[31m
              [33mclass[31m=[32m"text-2xl font-bold text-gray-900 dark:text-slate-100"[31m
              [33mid[31m=[32m"conference-management-heading"[31m
            [36m>[31m
              [0mConferences[0m
            [36m</h3>[31m
          [36m</div>[31m
          [36m<button[31m
            [33maria-expanded[31m=[32m"false"[31m
            [33maria-label[31m=[32m"Show add conference form"[31m
            [33mclass[31m=[32m"inline-flex items-center gap-2 rounded-lg bg-blue-600 px-4 py-2 text-sm font-semibold text-white hover:bg-blue-700 transition-colors disabled:bg-blue-400 disabled:cursor-not-allowed dark:bg-blue-600 dark:hover:bg-blue-700"[31m
            [33mtype[31m=[32m"button"[31m
          [36m>[31m
            [36m<svg[31m
              [33maria-hidden[31m=[32m"true"[31m
              [33mclass[31m=[32m"lucide lucide-plus"[31m
              [33mfill[31m=[32m"none"[31m
              [33mheight[31m=[32m"18"[31m
              [33mstroke[31m=[32m"currentColor"[31m
              [33mstroke-linecap[31m=[32m"round"[31m
              [33mstroke-linejoin[31m=[32m"round"[31m
              [33mstroke-width[31m=[32m"2"[31m
              [33mviewBox[31m=[32m"0 0 24 24"[31m
              [33mwidth[31m=[32m"18"[31m
              [33mxmlns[31m=[32m"http://www.w3.org/2000/svg"[31m
            [36m>[31m
              [36m<path[31m
                [33md[31m=[32m"M5 12h14"[31m
              [36m/>[31m
              [36m<path[31m
                [33md[31m=[32m"M12 5v14"[31m
              [36m/>[31m
            [36m</svg>[31m
            [0mAdd Conference[0m
          [36m</button>[31m
        [36m</div>[31m
        [36m<div[31m
          [33maria-label[31m=[32m"No conferences added yet"[31m
          [33mclass[31m=[32m"text-center py-8 text-gray-500 dark:text-slate-400"[31m
          [33mrole[31m=[32m"status"[31m
        [36m>[31m
          [36m<p[31m
            [33mclass[31m=[32m"text-sm"[31m
          [36m>[31m
            [0mNo conferences yet. Add one to get started![0m
          [36m</p>[31m
        [36m</div>[31m
      [36m</section>[31m
    [36m</div>[31m
  [36m</body>[31m
[36m</html>[31m[39m
[31m   [31m├ù[31m ConferenceManagement[2m > [22mList Display[2m > [22mrenders conference list as unordered list[33m 1070[2mms[22m[31m[39m
[31m     ΓåÆ Unable to find an element with the text: Tech Summit 2024. This could be because the text is broken up by multiple elements. In this case, you can provide a function for your text matcher to make your matcher more flexible.

Ignored nodes: comments, script, style
[36m<body>[31m
  [36m<div>[31m
    [36m<section[31m
      [33maria-labelledby[31m=[32m"conference-management-heading"[31m
      [33mclass[31m=[32m"rounded-xl border border-gray-200 bg-white p-6 shadow-sm dark:border-slate-800 dark:bg-slate-900"[31m
    [36m>[31m
      [36m<div[31m
        [33mclass[31m=[32m"flex items-center justify-between mb-6"[31m
      [36m>[31m
        [36m<div[31m
          [33mclass[31m=[32m"flex items-center gap-3"[31m
        [36m>[31m
          [36m<svg[31m
            [33maria-hidden[31m=[32m"true"[31m
            [33mclass[31m=[32m"lucide lucide-calendar text-blue-600 dark:text-blue-400"[31m
            [33mfill[31m=[32m"none"[31m
            [33mheight[31m=[32m"24"[31m
            [33mstroke[31m=[32m"currentColor"[31m
            [33mstroke-linecap[31m=[32m"round"[31m
            [33mstroke-linejoin[31m=[32m"round"[31m
            [33mstroke-width[31m=[32m"2"[31m
            [33mviewBox[31m=[32m"0 0 24 24"[31m
            [33mwidth[31m=[32m"24"[31m
            [33mxmlns[31m=[32m"http://www.w3.org/2000/svg"[31m
          [36m>[31m
            [36m<path[31m
              [33md[31m=[32m"M8 2v4"[31m
            [36m/>[31m
            [36m<path[31m
              [33md[31m=[32m"M16 2v4"[31m
            [36m/>[31m
            [36m<rect[31m
              [33mheight[31m=[32m"18"[31m
              [33mrx[31m=[32m"2"[31m
              [33mwidth[31m=[32m"18"[31m
              [33mx[31m=[32m"3"[31m
              [33my[31m=[32m"4"[31m
            [36m/>[31m
            [36m<path[31m
              [33md[31m=[32m"M3 10h18"[31m
            [36m/>[31m
          [36m</svg>[31m
          [36m<h3[31m
            [33mclass[31m=[32m"text-2xl font-bold text-gray-900 dark:text-slate-100"[31m
            [33mid[31m=[32m"conference-management-heading"[31m
          [36m>[31m
            [0mConferences[0m
          [36m</h3>[31m
        [36m</div>[31m
        [36m<button[31m
          [33maria-expanded[31m=[32m"false"[31m
          [33maria-label[31m=[32m"Show add conference form"[31m
          [33mclass[31m=[32m"inline-flex items-center gap-2 rounded-lg bg-blue-600 px-4 py-2 text-sm font-semibold text-white hover:bg-blue-700 transition-colors disabled:bg-blue-400 disabled:cursor-not-allowed dark:bg-blue-600 dark:hover:bg-blue-700"[31m
          [33mtype[31m=[32m"button"[31m
        [36m>[31m
          [36m<svg[31m
            [33maria-hidden[31m=[32m"true"[31m
            [33mclass[31m=[32m"lucide lucide-plus"[31m
            [33mfill[31m=[32m"none"[31m
            [33mheight[31m=[32m"18"[31m
            [33mstroke[31m=[32m"currentColor"[31m
            [33mstroke-linecap[31m=[32m"round"[31m
            [33mstroke-linejoin[31m=[32m"round"[31m
            [33mstroke-width[31m=[32m"2"[31m
            [33mviewBox[31m=[32m"0 0 24 24"[31m
            [33mwidth[31m=[32m"18"[31m
            [33mxmlns[31m=[32m"http://www.w3.org/2000/svg"[31m
          [36m>[31m
            [36m<path[31m
              [33md[31m=[32m"M5 12h14"[31m
            [36m/>[31m
            [36m<path[31m
              [33md[31m=[32m"M12 5v14"[31m
            [36m/>[31m
          [36m</svg>[31m
          [0mAdd Conference[0m
        [36m</button>[31m
      [36m</div>[31m
      [36m<div[31m
        [33maria-label[31m=[32m"No conferences added yet"[31m
        [33mclass[31m=[32m"text-center py-8 text-gray-500 dark:text-slate-400"[31m
        [33mrole[31m=[32m"status"[31m
      [36m>[31m
        [36m<p[31m
          [33mclass[31m=[32m"text-sm"[31m
        [36m>[31m
          [0mNo conferences yet. Add one to get started![0m
        [36m</p>[31m
      [36m</div>[31m
    [36m</section>[31m
  [36m</div>[31m
[36m</body>[31m

Ignored nodes: comments, script, style
[36m<html>[31m
  [36m<head />[31m
  [36m<body>[31m
    [36m<div>[31m
      [36m<section[31m
        [33maria-labelledby[31m=[32m"conference-management-heading"[31m
        [33mclass[31m=[32m"rounded-xl border border-gray-200 bg-white p-6 shadow-sm dark:border-slate-800 dark:bg-slate-900"[31m
      [36m>[31m
        [36m<div[31m
          [33mclass[31m=[32m"flex items-center justify-between mb-6"[31m
        [36m>[31m
          [36m<div[31m
            [33mclass[31m=[32m"flex items-center gap-3"[31m
          [36m>[31m
            [36m<svg[31m
              [33maria-hidden[31m=[32m"true"[31m
              [33mclass[31m=[32m"lucide lucide-calendar text-blue-600 dark:text-blue-400"[31m
              [33mfill[31m=[32m"none"[31m
              [33mheight[31m=[32m"24"[31m
              [33mstroke[31m=[32m"currentColor"[31m
              [33mstroke-linecap[31m=[32m"round"[31m
              [33mstroke-linejoin[31m=[32m"round"[31m
              [33mstroke-width[31m=[32m"2"[31m
              [33mviewBox[31m=[32m"0 0 24 24"[31m
              [33mwidth[31m=[32m"24"[31m
              [33mxmlns[31m=[32m"http://www.w3.org/2000/svg"[31m
            [36m>[31m
              [36m<path[31m
                [33md[31m=[32m"M8 2v4"[31m
              [36m/>[31m
              [36m<path[31m
                [33md[31m=[32m"M16 2v4"[31m
              [36m/>[31m
              [36m<rect[31m
                [33mheight[31m=[32m"18"[31m
                [33mrx[31m=[32m"2"[31m
                [33mwidth[31m=[32m"18"[31m
                [33mx[31m=[32m"3"[31m
                [33my[31m=[32m"4"[31m
              [36m/>[31m
              [36m<path[31m
                [33md[31m=[32m"M3 10h18"[31m
              [36m/>[31m
            [36m</svg>[31m
            [36m<h3[31m
              [33mclass[31m=[32m"text-2xl font-bold text-gray-900 dark:text-slate-100"[31m
              [33mid[31m=[32m"conference-management-heading"[31m
            [36m>[31m
              [0mConferences[0m
            [36m</h3>[31m
          [36m</div>[31m
          [36m<button[31m
            [33maria-expanded[31m=[32m"false"[31m
            [33maria-label[31m=[32m"Show add conference form"[31m
            [33mclass[31m=[32m"inline-flex items-center gap-2 rounded-lg bg-blue-600 px-4 py-2 text-sm font-semibold text-white hover:bg-blue-700 transition-colors disabled:bg-blue-400 disabled:cursor-not-allowed dark:bg-blue-600 dark:hover:bg-blue-700"[31m
            [33mtype[31m=[32m"button"[31m
          [36m>[31m
            [36m<svg[31m
              [33maria-hidden[31m=[32m"true"[31m
              [33mclass[31m=[32m"lucide lucide-plus"[31m
              [33mfill[31m=[32m"none"[31m
              [33mheight[31m=[32m"18"[31m
              [33mstroke[31m=[32m"currentColor"[31m
              [33mstroke-linecap[31m=[32m"round"[31m
              [33mstroke-linejoin[31m=[32m"round"[31m
              [33mstroke-width[31m=[32m"2"[31m
              [33mviewBox[31m=[32m"0 0 24 24"[31m
              [33mwidth[31m=[32m"18"[31m
              [33mxmlns[31m=[32m"http://www.w3.org/2000/svg"[31m
            [36m>[31m
              [36m<path[31m
                [33md[31m=[32m"M5 12h14"[31m
              [36m/>[31m
              [36m<path[31m
                [33md[31m=[32m"M12 5v14"[31m
              [36m/>[31m
            [36m</svg>[31m
            [0mAdd Conference[0m
          [36m</button>[31m
        [36m</div>[31m
        [36m<div[31m
          [33maria-label[31m=[32m"No conferences added yet"[31m
          [33mclass[31m=[32m"text-center py-8 text-gray-500 dark:text-slate-400"[31m
          [33mrole[31m=[32m"status"[31m
        [36m>[31m
          [36m<p[31m
            [33mclass[31m=[32m"text-sm"[31m
          [36m>[31m
            [0mNo conferences yet. Add one to get started![0m
          [36m</p>[31m
        [36m</div>[31m
      [36m</section>[31m
    [36m</div>[31m
  [36m</body>[31m
[36m</html>[31m[39m
   [33m[2mΓ£ô[22m[39m ConferenceManagement[2m > [22mAdd Conference Form[2m > [22mtoggles form visibility on button click [33m568[2mms[22m[39m
[31m   [31m├ù[31m ConferenceManagement[2m > [22mAdd Conference Submission[2m > [22mcalls addConference service on valid form submission[33m 2799[2mms[22m[31m[39m
[31m     ΓåÆ expected "spy" to be called with arguments: [ 'user-123', ObjectContaining{ΓÇª} ][90m

Received: 

[31m[90m

Number of calls: [1m0[22m
[31m

Ignored nodes: comments, script, style
[36m<html>[31m
  [36m<head />[31m
  [36m<body>[31m
    [36m<div>[31m
      [36m<section[31m
        [33maria-labelledby[31m=[32m"conference-management-heading"[31m
        [33mclass[31m=[32m"rounded-xl border border-gray-200 bg-white p-6 shadow-sm dark:border-slate-800 dark:bg-slate-900"[31m
      [36m>[31m
        [36m<div[31m
          [33mclass[31m=[32m"flex items-center justify-between mb-6"[31m
        [36m>[31m
          [36m<div[31m
            [33mclass[31m=[32m"flex items-center gap-3"[31m
          [36m>[31m
            [36m<svg[31m
              [33maria-hidden[31m=[32m"true"[31m
              [33mclass[31m=[32m"lucide lucide-calendar text-blue-600 dark:text-blue-400"[31m
              [33mfill[31m=[32m"none"[31m
              [33mheight[31m=[32m"24"[31m
              [33mstroke[31m=[32m"currentColor"[31m
              [33mstroke-linecap[31m=[32m"round"[31m
              [33mstroke-linejoin[31m=[32m"round"[31m
              [33mstroke-width[31m=[32m"2"[31m
              [33mviewBox[31m=[32m"0 0 24 24"[31m
              [33mwidth[31m=[32m"24"[31m
              [33mxmlns[31m=[32m"http://www.w3.org/2000/svg"[31m
            [36m>[31m
              [36m<path[31m
                [33md[31m=[32m"M8 2v4"[31m
              [36m/>[31m
              [36m<path[31m
                [33md[31m=[32m"M16 2v4"[31m
              [36m/>[31m
              [36m<rect[31m
                [33mheight[31m=[32m"18"[31m
                [33mrx[31m=[32m"2"[31m
                [33mwidth[31m=[32m"18"[31m
                [33mx[31m=[32m"3"[31m
                [33my[31m=[32m"4"[31m
              [36m/>[31m
              [36m<path[31m
                [33md[31m=[32m"M3 10h18"[31m
              [36m/>[31m
            [36m</svg>[31m
            [36m<h3[31m
              [33mclass[31m=[32m"text-2xl font-bold text-gray-900 dark:text-slate-100"[31m
              [33mid[31m=[32m"conference-management-heading"[31m
            [36m>[31m
              [0mConferences[0m
            [36m</h3>[31m
          [36m</div>[31m
          [36m<button[31m
            [33maria-expanded[31m=[32m"true"[31m
            [33maria-label[31m=[32m"Hide add conference form"[31m
            [33mclass[31m=[32m"inline-flex items-center gap-2 rounded-lg bg-blue-600 px-4 py-2 text-sm font-semibold text-white hover:bg-blue-700 transition-colors disabled:bg-blue-400 disabled:cursor-not-allowed dark:bg-blue-600 dark:hover:bg-blue-700"[31m
            [33mtype[31m=[32m"button"[31m
          [36m>[31m
            [36m<svg[31m
              [33maria-hidden[31m=[32m"true"[31m
              [33mclass[31m=[32m"lucide lucide-plus"[31m
              [33mfill[31m=[32m"none"[31m
              [33mheight[31m=[32m"18"[31m
              [33mstroke[31m=[32m"currentColor"[31m
              [33mstroke-linecap[31m=[32m"round"[31m
              [33mstroke-linejoin[31m=[32m"round"[31m
              [33mstroke-width[31m=[32m"2"[31m
              [33mviewBox[31m=[32m"0 0 24 24"[31m
              [33mwidth[31m=[32m"18"[31m
              [33mxmlns[31m=[32m"http://www.w3.org/2000/svg"[31m
            [36m>[31m
              [36m<path[31m
                [33md[31m=[32m"M5 12h14"[31m
              [36m/>[31m
              [36m<path[31m
                [33md[31m=[32m"M12 5v14"[31m
              [36m/>[31m
            [36m</svg>[31m
            [0mCancel[0m
          [36m</button>[31m
        [36m</div>[31m
        [36m<div[31m
          [33mclass[31m=[32m"mb-6 rounded-lg bg-gray-50 p-4 border border-gray-200 dark:bg-slate-800 dark:border-slate-700"[31m
        [36m>[31m
          [36m<form[31m
            [33mclass[31m=[32m"space-y-4"[31m
          [36m>[31m
            [36m<div[31m
              [33mclass[31m=[32m"grid grid-cols-1 sm:grid-cols-2 gap-4"[31m
            [36m>[31m
              [36m<div[31m
                [33mclass[31m=[32m"space-y-2"[31m
              [36m>[31m
                [36m<label[31m
                  [33mclass[31m=[32m"block text-sm font-semibold text-gray-700 dark:text-gray-300"[31m
                  [33mfor[31m=[32m"title-:rf:"[31m
                [36m>[31m
                  [0mConference Title[0m
                [36m</label>[31m
                [36m<div[31m
                  [33mclass[31m=[32m"relative group"[31m
                [36m>[31m
                  [36m<input[31m
                    [33maria-invalid[31m=[32m"false"[31m
                    [33maria-required[31m=[32m"true"[31m
                    [33mclass[31m=[32m"
    w-full pl-4 pr-4 py-2.5 
    bg-gray-50 border rounded-xl 
    focus:bg-white focus:ring-2 focus:ring-blue-500 focus:border-blue-500 
    outline-none transition-all duration-200 
    border-gray-200 hover:border-gray-300
    dark:bg-gray-800 dark:border-gray-700 dark:text-white dark:focus:bg-gray-700
   "[31m
                    [33mid[31m=[32m"title-:rf:"[31m
                    [33mname[31m=[32m"title"[31m
                    [33mplaceholder[31m=[32m"e.g., Tech Summit 2024"[31m
                    [33mrequired[31m=[32m""[31m
                  [36m/>[31m
                [36m</div>[31m
              [36m</div>[31m
              [36m<div[31m
                [33mclass[31m=[32m"space-y-2"[31m
              [36m>[31m
                [36m<label[31m
                  [33mclass[31m=[32m"block text-sm font-semibold text-gray-700 dark:text-gray-300"[31m
                  [33mfor[31m=[32m"role-:rg:"[31m
                [36m>[31m
                  [0mYour Role[0m
                [36m</label>[31m
                [36m<div[31m
                  [33mclass[31m=[32m"relative group"[31m
                [36m>[31m
                  [36m<select[31m
                    [33maria-invalid[31m=[32m"false"[31m
                    [33maria-required[31m=[32m"true"[31m
                    [33mclass[31m=[32m"
    w-full pl-4 pr-4 py-2.5 
    bg-gray-50 border rounded-xl 
    focus:bg-white focus:ring-2 focus:ring-blue-500 focus:border-blue-500 
    outline-none transition-all duration-200 
    border-gray-200 hover:border-gray-300
    dark:bg-gray-800 dark:border-gray-700 dark:text-white dark:focus:bg-gray-700
   "[31m
                    [33mid[31m=[32m"role-:rg:"[31m
                    [33mname[31m=[32m"role"[31m
                    [33mrequired[31m=[32m""[31m
                  [36m>[31m
                    [36m<option[31m
                      [33mvalue[31m=[32m"attendee"[31m
                    [36m>[31m
                      [0mAttendee[0m
                    [36m</option>[31m
                    [36m<option[31m
                      [33mvalue[31m=[32m"speaker"[31m
                    [36m>[31m
                      [0mSpea...[39m
[31m   [31m├ù[31m ConferenceManagement[2m > [22mAdd Conference Submission[2m > [22mdisplays validation error for empty required fields[33m 1364[2mms[22m[31m[39m
[31m     ΓåÆ [2mexpect([22m[31mreceived[31m[2m).toBeInTheDocument()[22m

[31mreceived[31m value must be an HTMLElement or an SVGElement.


Ignored nodes: comments, script, style
[36m<html>[31m
  [36m<head />[31m
  [36m<body>[31m
    [36m<div>[31m
      [36m<section[31m
        [33maria-labelledby[31m=[32m"conference-management-heading"[31m
        [33mclass[31m=[32m"rounded-xl border border-gray-200 bg-white p-6 shadow-sm dark:border-slate-800 dark:bg-slate-900"[31m
      [36m>[31m
        [36m<div[31m
          [33mclass[31m=[32m"flex items-center justify-between mb-6"[31m
        [36m>[31m
          [36m<div[31m
            [33mclass[31m=[32m"flex items-center gap-3"[31m
          [36m>[31m
            [36m<svg[31m
              [33maria-hidden[31m=[32m"true"[31m
              [33mclass[31m=[32m"lucide lucide-calendar text-blue-600 dark:text-blue-400"[31m
              [33mfill[31m=[32m"none"[31m
              [33mheight[31m=[32m"24"[31m
              [33mstroke[31m=[32m"currentColor"[31m
              [33mstroke-linecap[31m=[32m"round"[31m
              [33mstroke-linejoin[31m=[32m"round"[31m
              [33mstroke-width[31m=[32m"2"[31m
              [33mviewBox[31m=[32m"0 0 24 24"[31m
              [33mwidth[31m=[32m"24"[31m
              [33mxmlns[31m=[32m"http://www.w3.org/2000/svg"[31m
            [36m>[31m
              [36m<path[31m
                [33md[31m=[32m"M8 2v4"[31m
              [36m/>[31m
              [36m<path[31m
                [33md[31m=[32m"M16 2v4"[31m
              [36m/>[31m
              [36m<rect[31m
                [33mheight[31m=[32m"18"[31m
                [33mrx[31m=[32m"2"[31m
                [33mwidth[31m=[32m"18"[31m
                [33mx[31m=[32m"3"[31m
                [33my[31m=[32m"4"[31m
              [36m/>[31m
              [36m<path[31m
                [33md[31m=[32m"M3 10h18"[31m
              [36m/>[31m
            [36m</svg>[31m
            [36m<h3[31m
              [33mclass[31m=[32m"text-2xl font-bold text-gray-900 dark:text-slate-100"[31m
              [33mid[31m=[32m"conference-management-heading"[31m
            [36m>[31m
              [0mConferences[0m
            [36m</h3>[31m
          [36m</div>[31m
          [36m<button[31m
            [33maria-expanded[31m=[32m"true"[31m
            [33maria-label[31m=[32m"Hide add conference form"[31m
            [33mclass[31m=[32m"inline-flex items-center gap-2 rounded-lg bg-blue-600 px-4 py-2 text-sm font-semibold text-white hover:bg-blue-700 transition-colors disabled:bg-blue-400 disabled:cursor-not-allowed dark:bg-blue-600 dark:hover:bg-blue-700"[31m
            [33mtype[31m=[32m"button"[31m
          [36m>[31m
            [36m<svg[31m
              [33maria-hidden[31m=[32m"true"[31m
              [33mclass[31m=[32m"lucide lucide-plus"[31m
              [33mfill[31m=[32m"none"[31m
              [33mheight[31m=[32m"18"[31m
              [33mstroke[31m=[32m"currentColor"[31m
              [33mstroke-linecap[31m=[32m"round"[31m
              [33mstroke-linejoin[31m=[32m"round"[31m
              [33mstroke-width[31m=[32m"2"[31m
              [33mviewBox[31m=[32m"0 0 24 24"[31m
              [33mwidth[31m=[32m"18"[31m
              [33mxmlns[31m=[32m"http://www.w3.org/2000/svg"[31m
            [36m>[31m
              [36m<path[31m
                [33md[31m=[32m"M5 12h14"[31m
              [36m/>[31m
              [36m<path[31m
                [33md[31m=[32m"M12 5v14"[31m
              [36m/>[31m
            [36m</svg>[31m
            [0mCancel[0m
          [36m</button>[31m
        [36m</div>[31m
        [36m<div[31m
          [33mclass[31m=[32m"mb-6 rounded-lg bg-gray-50 p-4 border border-gray-200 dark:bg-slate-800 dark:border-slate-700"[31m
        [36m>[31m
          [36m<form[31m
            [33mclass[31m=[32m"space-y-4"[31m
          [36m>[31m
            [36m<div[31m
              [33mclass[31m=[32m"grid grid-cols-1 sm:grid-cols-2 gap-4"[31m
            [36m>[31m
              [36m<div[31m
                [33mclass[31m=[32m"space-y-2"[31m
              [36m>[31m
                [36m<label[31m
                  [33mclass[31m=[32m"block text-sm font-semibold text-gray-700 dark:text-gray-300"[31m
                  [33mfor[31m=[32m"title-:rk:"[31m
                [36m>[31m
                  [0mConference Title[0m
                [36m</label>[31m
                [36m<div[31m
                  [33mclass[31m=[32m"relative group"[31m
                [36m>[31m
                  [36m<input[31m
                    [33maria-invalid[31m=[32m"false"[31m
                    [33maria-required[31m=[32m"true"[31m
                    [33mclass[31m=[32m"
    w-full pl-4 pr-4 py-2.5 
    bg-gray-50 border rounded-xl 
    focus:bg-white focus:ring-2 focus:ring-blue-500 focus:border-blue-500 
    outline-none transition-all duration-200 
    border-gray-200 hover:border-gray-300
    dark:bg-gray-800 dark:border-gray-700 dark:text-white dark:focus:bg-gray-700
   "[31m
                    [33mid[31m=[32m"title-:rk:"[31m
                    [33mname[31m=[32m"title"[31m
                    [33mplaceholder[31m=[32m"e.g., Tech Summit 2024"[31m
                    [33mrequired[31m=[32m""[31m
                  [36m/>[31m
                [36m</div>[31m
              [36m</div>[31m
              [36m<div[31m
                [33mclass[31m=[32m"space-y-2"[31m
              [36m>[31m
                [36m<label[31m
                  [33mclass[31m=[32m"block text-sm font-semibold text-gray-700 dark:text-gray-300"[31m
                  [33mfor[31m=[32m"role-:rl:"[31m
                [36m>[31m
                  [0mYour Role[0m
                [36m</label>[31m
                [36m<div[31m
                  [33mclass[31m=[32m"relative group"[31m
                [36m>[31m
                  [36m<select[31m
                    [33maria-invalid[31m=[32m"false"[31m
                    [33maria-required[31m=[32m"true"[31m
                    [33mclass[31m=[32m"
    w-full pl-4 pr-4 py-2.5 
    bg-gray-50 border rounded-xl 
    focus:bg-white focus:ring-2 focus:ring-blue-500 focus:border-blue-500 
    outline-none transition-all duration-200 
    border-gray-200 hover:border-gray-300
    dark:bg-gray-800 dark:border-gray-700 dark:text-white dark:focus:bg-gray-700
   "[31m
                    [33mid[31m=[32m"role-:rl:"[31m
                    [33mname[31m=[32m"role"[31m
                    [33mrequired[31m=[32m""[31m
                  [36m>[31m
                    [36m<option[31m
                      [33mvalue[31m=[32m"attendee"[31m
                    [36m>[31m
                      [0mAttendee[0m
                    [36m</option>[31m
                    [36m<option[31m
                      [33mvalue[31m=[32m"speaker"[31m
                    [36m>[31m
                      [0mSpea...[39m
[31m   [31m├ù[31m ConferenceManagement[2m > [22mAdd Conference Submission[2m > [22mclears form and closes after successful submission[33m 2248[2mms[22m[31m[39m
[31m     ΓåÆ expected "spy" to be called at least once

Ignored nodes: comments, script, style
[36m<html>[31m
  [36m<head />[31m
  [36m<body>[31m
    [36m<div>[31m
      [36m<section[31m
        [33maria-labelledby[31m=[32m"conference-management-heading"[31m
        [33mclass[31m=[32m"rounded-xl border border-gray-200 bg-white p-6 shadow-sm dark:border-slate-800 dark:bg-slate-900"[31m
      [36m>[31m
        [36m<div[31m
          [33mclass[31m=[32m"flex items-center justify-between mb-6"[31m
        [36m>[31m
          [36m<div[31m
            [33mclass[31m=[32m"flex items-center gap-3"[31m
          [36m>[31m
            [36m<svg[31m
              [33maria-hidden[31m=[32m"true"[31m
              [33mclass[31m=[32m"lucide lucide-calendar text-blue-600 dark:text-blue-400"[31m
              [33mfill[31m=[32m"none"[31m
              [33mheight[31m=[32m"24"[31m
              [33mstroke[31m=[32m"currentColor"[31m
              [33mstroke-linecap[31m=[32m"round"[31m
              [33mstroke-linejoin[31m=[32m"round"[31m
              [33mstroke-width[31m=[32m"2"[31m
              [33mviewBox[31m=[32m"0 0 24 24"[31m
              [33mwidth[31m=[32m"24"[31m
              [33mxmlns[31m=[32m"http://www.w3.org/2000/svg"[31m
            [36m>[31m
              [36m<path[31m
                [33md[31m=[32m"M8 2v4"[31m
              [36m/>[31m
              [36m<path[31m
                [33md[31m=[32m"M16 2v4"[31m
              [36m/>[31m
              [36m<rect[31m
                [33mheight[31m=[32m"18"[31m
                [33mrx[31m=[32m"2"[31m
                [33mwidth[31m=[32m"18"[31m
                [33mx[31m=[32m"3"[31m
                [33my[31m=[32m"4"[31m
              [36m/>[31m
              [36m<path[31m
                [33md[31m=[32m"M3 10h18"[31m
              [36m/>[31m
            [36m</svg>[31m
            [36m<h3[31m
              [33mclass[31m=[32m"text-2xl font-bold text-gray-900 dark:text-slate-100"[31m
              [33mid[31m=[32m"conference-management-heading"[31m
            [36m>[31m
              [0mConferences[0m
            [36m</h3>[31m
          [36m</div>[31m
          [36m<button[31m
            [33maria-expanded[31m=[32m"true"[31m
            [33maria-label[31m=[32m"Hide add conference form"[31m
            [33mclass[31m=[32m"inline-flex items-center gap-2 rounded-lg bg-blue-600 px-4 py-2 text-sm font-semibold text-white hover:bg-blue-700 transition-colors disabled:bg-blue-400 disabled:cursor-not-allowed dark:bg-blue-600 dark:hover:bg-blue-700"[31m
            [33mtype[31m=[32m"button"[31m
          [36m>[31m
            [36m<svg[31m
              [33maria-hidden[31m=[32m"true"[31m
              [33mclass[31m=[32m"lucide lucide-plus"[31m
              [33mfill[31m=[32m"none"[31m
              [33mheight[31m=[32m"18"[31m
              [33mstroke[31m=[32m"currentColor"[31m
              [33mstroke-linecap[31m=[32m"round"[31m
              [33mstroke-linejoin[31m=[32m"round"[31m
              [33mstroke-width[31m=[32m"2"[31m
              [33mviewBox[31m=[32m"0 0 24 24"[31m
              [33mwidth[31m=[32m"18"[31m
              [33mxmlns[31m=[32m"http://www.w3.org/2000/svg"[31m
            [36m>[31m
              [36m<path[31m
                [33md[31m=[32m"M5 12h14"[31m
              [36m/>[31m
              [36m<path[31m
                [33md[31m=[32m"M12 5v14"[31m
              [36m/>[31m
            [36m</svg>[31m
            [0mCancel[0m
          [36m</button>[31m
        [36m</div>[31m
        [36m<div[31m
          [33mclass[31m=[32m"mb-6 rounded-lg bg-gray-50 p-4 border border-gray-200 dark:bg-slate-800 dark:border-slate-700"[31m
        [36m>[31m
          [36m<form[31m
            [33mclass[31m=[32m"space-y-4"[31m
          [36m>[31m
            [36m<div[31m
              [33mclass[31m=[32m"grid grid-cols-1 sm:grid-cols-2 gap-4"[31m
            [36m>[31m
              [36m<div[31m
                [33mclass[31m=[32m"space-y-2"[31m
              [36m>[31m
                [36m<label[31m
                  [33mclass[31m=[32m"block text-sm font-semibold text-gray-700 dark:text-gray-300"[31m
                  [33mfor[31m=[32m"title-:rp:"[31m
                [36m>[31m
                  [0mConference Title[0m
                [36m</label>[31m
                [36m<div[31m
                  [33mclass[31m=[32m"relative group"[31m
                [36m>[31m
                  [36m<input[31m
                    [33maria-invalid[31m=[32m"false"[31m
                    [33maria-required[31m=[32m"true"[31m
                    [33mclass[31m=[32m"
    w-full pl-4 pr-4 py-2.5 
    bg-gray-50 border rounded-xl 
    focus:bg-white focus:ring-2 focus:ring-blue-500 focus:border-blue-500 
    outline-none transition-all duration-200 
    border-gray-200 hover:border-gray-300
    dark:bg-gray-800 dark:border-gray-700 dark:text-white dark:focus:bg-gray-700
   "[31m
                    [33mid[31m=[32m"title-:rp:"[31m
                    [33mname[31m=[32m"title"[31m
                    [33mplaceholder[31m=[32m"e.g., Tech Summit 2024"[31m
                    [33mrequired[31m=[32m""[31m
                  [36m/>[31m
                [36m</div>[31m
              [36m</div>[31m
              [36m<div[31m
                [33mclass[31m=[32m"space-y-2"[31m
              [36m>[31m
                [36m<label[31m
                  [33mclass[31m=[32m"block text-sm font-semibold text-gray-700 dark:text-gray-300"[31m
                  [33mfor[31m=[32m"role-:rq:"[31m
                [36m>[31m
                  [0mYour Role[0m
                [36m</label>[31m
                [36m<div[31m
                  [33mclass[31m=[32m"relative group"[31m
                [36m>[31m
                  [36m<select[31m
                    [33maria-invalid[31m=[32m"false"[31m
                    [33maria-required[31m=[32m"true"[31m
                    [33mclass[31m=[32m"
    w-full pl-4 pr-4 py-2.5 
    bg-gray-50 border rounded-xl 
    focus:bg-white focus:ring-2 focus:ring-blue-500 focus:border-blue-500 
    outline-none transition-all duration-200 
    border-gray-200 hover:border-gray-300
    dark:bg-gray-800 dark:border-gray-700 dark:text-white dark:focus:bg-gray-700
   "[31m
                    [33mid[31m=[32m"role-:rq:"[31m
                    [33mname[31m=[32m"role"[31m
                    [33mrequired[31m=[32m""[31m
                  [36m>[31m
                    [36m<option[31m
                      [33mvalue[31m=[32m"attendee"[31m
                    [36m>[31m
                      [0mAttendee[0m
                    [36m</option>[31m
                    [36m<option[31m
                      [33mvalue[31m=[32m"speaker"[31m
                    [36m>[31m
                      [0mSpea...[39m
[31m   [31m├ù[31m ConferenceManagement[2m > [22mEdit Conference[2m > [22mopens form with pre-filled data when edit button clicked[33m 1217[2mms[22m[31m[39m
[31m     ΓåÆ Unable to find an element with the text: Tech Summit 2024. This could be because the text is broken up by multiple elements. In this case, you can provide a function for your text matcher to make your matcher more flexible.

Ignored nodes: comments, script, style
[36m<body>[31m
  [36m<div>[31m
    [36m<section[31m
      [33maria-labelledby[31m=[32m"conference-management-heading"[31m
      [33mclass[31m=[32m"rounded-xl border border-gray-200 bg-white p-6 shadow-sm dark:border-slate-800 dark:bg-slate-900"[31m
    [36m>[31m
      [36m<div[31m
        [33mclass[31m=[32m"flex items-center justify-between mb-6"[31m
      [36m>[31m
        [36m<div[31m
          [33mclass[31m=[32m"flex items-center gap-3"[31m
        [36m>[31m
          [36m<svg[31m
            [33maria-hidden[31m=[32m"true"[31m
            [33mclass[31m=[32m"lucide lucide-calendar text-blue-600 dark:text-blue-400"[31m
            [33mfill[31m=[32m"none"[31m
            [33mheight[31m=[32m"24"[31m
            [33mstroke[31m=[32m"currentColor"[31m
            [33mstroke-linecap[31m=[32m"round"[31m
            [33mstroke-linejoin[31m=[32m"round"[31m
            [33mstroke-width[31m=[32m"2"[31m
            [33mviewBox[31m=[32m"0 0 24 24"[31m
            [33mwidth[31m=[32m"24"[31m
            [33mxmlns[31m=[32m"http://www.w3.org/2000/svg"[31m
          [36m>[31m
            [36m<path[31m
              [33md[31m=[32m"M8 2v4"[31m
            [36m/>[31m
            [36m<path[31m
              [33md[31m=[32m"M16 2v4"[31m
            [36m/>[31m
            [36m<rect[31m
              [33mheight[31m=[32m"18"[31m
              [33mrx[31m=[32m"2"[31m
              [33mwidth[31m=[32m"18"[31m
              [33mx[31m=[32m"3"[31m
              [33my[31m=[32m"4"[31m
            [36m/>[31m
            [36m<path[31m
              [33md[31m=[32m"M3 10h18"[31m
            [36m/>[31m
          [36m</svg>[31m
          [36m<h3[31m
            [33mclass[31m=[32m"text-2xl font-bold text-gray-900 dark:text-slate-100"[31m
            [33mid[31m=[32m"conference-management-heading"[31m
          [36m>[31m
            [0mConferences[0m
          [36m</h3>[31m
        [36m</div>[31m
        [36m<button[31m
          [33maria-expanded[31m=[32m"false"[31m
          [33maria-label[31m=[32m"Show add conference form"[31m
          [33mclass[31m=[32m"inline-flex items-center gap-2 rounded-lg bg-blue-600 px-4 py-2 text-sm font-semibold text-white hover:bg-blue-700 transition-colors disabled:bg-blue-400 disabled:cursor-not-allowed dark:bg-blue-600 dark:hover:bg-blue-700"[31m
          [33mtype[31m=[32m"button"[31m
        [36m>[31m
          [36m<svg[31m
            [33maria-hidden[31m=[32m"true"[31m
            [33mclass[31m=[32m"lucide lucide-plus"[31m
            [33mfill[31m=[32m"none"[31m
            [33mheight[31m=[32m"18"[31m
            [33mstroke[31m=[32m"currentColor"[31m
            [33mstroke-linecap[31m=[32m"round"[31m
            [33mstroke-linejoin[31m=[32m"round"[31m
            [33mstroke-width[31m=[32m"2"[31m
            [33mviewBox[31m=[32m"0 0 24 24"[31m
            [33mwidth[31m=[32m"18"[31m
            [33mxmlns[31m=[32m"http://www.w3.org/2000/svg"[31m
          [36m>[31m
            [36m<path[31m
              [33md[31m=[32m"M5 12h14"[31m
            [36m/>[31m
            [36m<path[31m
              [33md[31m=[32m"M12 5v14"[31m
            [36m/>[31m
          [36m</svg>[31m
          [0mAdd Conference[0m
        [36m</button>[31m
      [36m</div>[31m
      [36m<div[31m
        [33maria-label[31m=[32m"No conferences added yet"[31m
        [33mclass[31m=[32m"text-center py-8 text-gray-500 dark:text-slate-400"[31m
        [33mrole[31m=[32m"status"[31m
      [36m>[31m
        [36m<p[31m
          [33mclass[31m=[32m"text-sm"[31m
        [36m>[31m
          [0mNo conferences yet. Add one to get started![0m
        [36m</p>[31m
      [36m</div>[31m
    [36m</section>[31m
  [36m</div>[31m
[36m</body>[31m

Ignored nodes: comments, script, style
[36m<html>[31m
  [36m<head />[31m
  [36m<body>[31m
    [36m<div>[31m
      [36m<section[31m
        [33maria-labelledby[31m=[32m"conference-management-heading"[31m
        [33mclass[31m=[32m"rounded-xl border border-gray-200 bg-white p-6 shadow-sm dark:border-slate-800 dark:bg-slate-900"[31m
      [36m>[31m
        [36m<div[31m
          [33mclass[31m=[32m"flex items-center justify-between mb-6"[31m
        [36m>[31m
          [36m<div[31m
            [33mclass[31m=[32m"flex items-center gap-3"[31m
          [36m>[31m
            [36m<svg[31m
              [33maria-hidden[31m=[32m"true"[31m
              [33mclass[31m=[32m"lucide lucide-calendar text-blue-600 dark:text-blue-400"[31m
              [33mfill[31m=[32m"none"[31m
              [33mheight[31m=[32m"24"[31m
              [33mstroke[31m=[32m"currentColor"[31m
              [33mstroke-linecap[31m=[32m"round"[31m
              [33mstroke-linejoin[31m=[32m"round"[31m
              [33mstroke-width[31m=[32m"2"[31m
              [33mviewBox[31m=[32m"0 0 24 24"[31m
              [33mwidth[31m=[32m"24"[31m
              [33mxmlns[31m=[32m"http://www.w3.org/2000/svg"[31m
            [36m>[31m
              [36m<path[31m
                [33md[31m=[32m"M8 2v4"[31m
              [36m/>[31m
              [36m<path[31m
                [33md[31m=[32m"M16 2v4"[31m
              [36m/>[31m
              [36m<rect[31m
                [33mheight[31m=[32m"18"[31m
                [33mrx[31m=[32m"2"[31m
                [33mwidth[31m=[32m"18"[31m
                [33mx[31m=[32m"3"[31m
                [33my[31m=[32m"4"[31m
              [36m/>[31m
              [36m<path[31m
                [33md[31m=[32m"M3 10h18"[31m
              [36m/>[31m
            [36m</svg>[31m
            [36m<h3[31m
              [33mclass[31m=[32m"text-2xl font-bold text-gray-900 dark:text-slate-100"[31m
              [33mid[31m=[32m"conference-management-heading"[31m
            [36m>[31m
              [0mConferences[0m
            [36m</h3>[31m
          [36m</div>[31m
          [36m<button[31m
            [33maria-expanded[31m=[32m"false"[31m
            [33maria-label[31m=[32m"Show add conference form"[31m
            [33mclass[31m=[32m"inline-flex items-center gap-2 rounded-lg bg-blue-600 px-4 py-2 text-sm font-semibold text-white hover:bg-blue-700 transition-colors disabled:bg-blue-400 disabled:cursor-not-allowed dark:bg-blue-600 dark:hover:bg-blue-700"[31m
            [33mtype[31m=[32m"button"[31m
          [36m>[31m
            [36m<svg[31m
              [33maria-hidden[31m=[32m"true"[31m
              [33mclass[31m=[32m"lucide lucide-plus"[31m
              [33mfill[31m=[32m"none"[31m
              [33mheight[31m=[32m"18"[31m
              [33mstroke[31m=[32m"currentColor"[31m
              [33mstroke-linecap[31m=[32m"round"[31m
              [33mstroke-linejoin[31m=[32m"round"[31m
              [33mstroke-width[31m=[32m"2"[31m
              [33mviewBox[31m=[32m"0 0 24 24"[31m
              [33mwidth[31m=[32m"18"[31m
              [33mxmlns[31m=[32m"http://www.w3.org/2000/svg"[31m
            [36m>[31m
              [36m<path[31m
                [33md[31m=[32m"M5 12h14"[31m
              [36m/>[31m
              [36m<path[31m
                [33md[31m=[32m"M12 5v14"[31m
              [36m/>[31m
            [36m</svg>[31m
            [0mAdd Conference[0m
          [36m</button>[31m
        [36m</div>[31m
        [36m<div[31m
          [33maria-label[31m=[32m"No conferences added yet"[31m
          [33mclass[31m=[32m"text-center py-8 text-gray-500 dark:text-slate-400"[31m
          [33mrole[31m=[32m"status"[31m
        [36m>[31m
          [36m<p[31m
            [33mclass[31m=[32m"text-sm"[31m
          [36m>[31m
            [0mNo conferences yet. Add one to get started![0m
          [36m</p>[31m
        [36m</div>[31m
      [36m</section>[31m
    [36m</div>[31m
  [36m</body>[31m
[36m</html>[31m[39m
[31m   [31m├ù[31m ConferenceManagement[2m > [22mEdit Conference[2m > [22mcalls updateConference with modified data[33m 1033[2mms[22m[31m[39m
[31m     ΓåÆ Unable to find an element with the text: Tech Summit 2024. This could be because the text is broken up by multiple elements. In this case, you can provide a function for your text matcher to make your matcher more flexible.

Ignored nodes: comments, script, style
[36m<body>[31m
  [36m<div>[31m
    [36m<section[31m
      [33maria-labelledby[31m=[32m"conference-management-heading"[31m
      [33mclass[31m=[32m"rounded-xl border border-gray-200 bg-white p-6 shadow-sm dark:border-slate-800 dark:bg-slate-900"[31m
    [36m>[31m
      [36m<div[31m
        [33mclass[31m=[32m"flex items-center justify-between mb-6"[31m
      [36m>[31m
        [36m<div[31m
          [33mclass[31m=[32m"flex items-center gap-3"[31m
        [36m>[31m
          [36m<svg[31m
            [33maria-hidden[31m=[32m"true"[31m
            [33mclass[31m=[32m"lucide lucide-calendar text-blue-600 dark:text-blue-400"[31m
            [33mfill[31m=[32m"none"[31m
            [33mheight[31m=[32m"24"[31m
            [33mstroke[31m=[32m"currentColor"[31m
            [33mstroke-linecap[31m=[32m"round"[31m
            [33mstroke-linejoin[31m=[32m"round"[31m
            [33mstroke-width[31m=[32m"2"[31m
            [33mviewBox[31m=[32m"0 0 24 24"[31m
            [33mwidth[31m=[32m"24"[31m
            [33mxmlns[31m=[32m"http://www.w3.org/2000/svg"[31m
          [36m>[31m
            [36m<path[31m
              [33md[31m=[32m"M8 2v4"[31m
            [36m/>[31m
            [36m<path[31m
              [33md[31m=[32m"M16 2v4"[31m
            [36m/>[31m
            [36m<rect[31m
              [33mheight[31m=[32m"18"[31m
              [33mrx[31m=[32m"2"[31m
              [33mwidth[31m=[32m"18"[31m
              [33mx[31m=[32m"3"[31m
              [33my[31m=[32m"4"[31m
            [36m/>[31m
            [36m<path[31m
              [33md[31m=[32m"M3 10h18"[31m
            [36m/>[31m
          [36m</svg>[31m
          [36m<h3[31m
            [33mclass[31m=[32m"text-2xl font-bold text-gray-900 dark:text-slate-100"[31m
            [33mid[31m=[32m"conference-management-heading"[31m
          [36m>[31m
            [0mConferences[0m
          [36m</h3>[31m
        [36m</div>[31m
        [36m<button[31m
          [33maria-expanded[31m=[32m"false"[31m
          [33maria-label[31m=[32m"Show add conference form"[31m
          [33mclass[31m=[32m"inline-flex items-center gap-2 rounded-lg bg-blue-600 px-4 py-2 text-sm font-semibold text-white hover:bg-blue-700 transition-colors disabled:bg-blue-400 disabled:cursor-not-allowed dark:bg-blue-600 dark:hover:bg-blue-700"[31m
          [33mtype[31m=[32m"button"[31m
        [36m>[31m
          [36m<svg[31m
            [33maria-hidden[31m=[32m"true"[31m
            [33mclass[31m=[32m"lucide lucide-plus"[31m
            [33mfill[31m=[32m"none"[31m
            [33mheight[31m=[32m"18"[31m
            [33mstroke[31m=[32m"currentColor"[31m
            [33mstroke-linecap[31m=[32m"round"[31m
            [33mstroke-linejoin[31m=[32m"round"[31m
            [33mstroke-width[31m=[32m"2"[31m
            [33mviewBox[31m=[32m"0 0 24 24"[31m
            [33mwidth[31m=[32m"18"[31m
            [33mxmlns[31m=[32m"http://www.w3.org/2000/svg"[31m
          [36m>[31m
            [36m<path[31m
              [33md[31m=[32m"M5 12h14"[31m
            [36m/>[31m
            [36m<path[31m
              [33md[31m=[32m"M12 5v14"[31m
            [36m/>[31m
          [36m</svg>[31m
          [0mAdd Conference[0m
        [36m</button>[31m
      [36m</div>[31m
      [36m<div[31m
        [33maria-label[31m=[32m"No conferences added yet"[31m
        [33mclass[31m=[32m"text-center py-8 text-gray-500 dark:text-slate-400"[31m
        [33mrole[31m=[32m"status"[31m
      [36m>[31m
        [36m<p[31m
          [33mclass[31m=[32m"text-sm"[31m
        [36m>[31m
          [0mNo conferences yet. Add one to get started![0m
        [36m</p>[31m
      [36m</div>[31m
    [36m</section>[31m
  [36m</div>[31m
[36m</body>[31m

Ignored nodes: comments, script, style
[36m<html>[31m
  [36m<head />[31m
  [36m<body>[31m
    [36m<div>[31m
      [36m<section[31m
        [33maria-labelledby[31m=[32m"conference-management-heading"[31m
        [33mclass[31m=[32m"rounded-xl border border-gray-200 bg-white p-6 shadow-sm dark:border-slate-800 dark:bg-slate-900"[31m
      [36m>[31m
        [36m<div[31m
          [33mclass[31m=[32m"flex items-center justify-between mb-6"[31m
        [36m>[31m
          [36m<div[31m
            [33mclass[31m=[32m"flex items-center gap-3"[31m
          [36m>[31m
            [36m<svg[31m
              [33maria-hidden[31m=[32m"true"[31m
              [33mclass[31m=[32m"lucide lucide-calendar text-blue-600 dark:text-blue-400"[31m
              [33mfill[31m=[32m"none"[31m
              [33mheight[31m=[32m"24"[31m
              [33mstroke[31m=[32m"currentColor"[31m
              [33mstroke-linecap[31m=[32m"round"[31m
              [33mstroke-linejoin[31m=[32m"round"[31m
              [33mstroke-width[31m=[32m"2"[31m
              [33mviewBox[31m=[32m"0 0 24 24"[31m
              [33mwidth[31m=[32m"24"[31m
              [33mxmlns[31m=[32m"http://www.w3.org/2000/svg"[31m
            [36m>[31m
              [36m<path[31m
                [33md[31m=[32m"M8 2v4"[31m
              [36m/>[31m
              [36m<path[31m
                [33md[31m=[32m"M16 2v4"[31m
              [36m/>[31m
              [36m<rect[31m
                [33mheight[31m=[32m"18"[31m
                [33mrx[31m=[32m"2"[31m
                [33mwidth[31m=[32m"18"[31m
                [33mx[31m=[32m"3"[31m
                [33my[31m=[32m"4"[31m
              [36m/>[31m
              [36m<path[31m
                [33md[31m=[32m"M3 10h18"[31m
              [36m/>[31m
            [36m</svg>[31m
            [36m<h3[31m
              [33mclass[31m=[32m"text-2xl font-bold text-gray-900 dark:text-slate-100"[31m
              [33mid[31m=[32m"conference-management-heading"[31m
            [36m>[31m
              [0mConferences[0m
            [36m</h3>[31m
          [36m</div>[31m
          [36m<button[31m
            [33maria-expanded[31m=[32m"false"[31m
            [33maria-label[31m=[32m"Show add conference form"[31m
            [33mclass[31m=[32m"inline-flex items-center gap-2 rounded-lg bg-blue-600 px-4 py-2 text-sm font-semibold text-white hover:bg-blue-700 transition-colors disabled:bg-blue-400 disabled:cursor-not-allowed dark:bg-blue-600 dark:hover:bg-blue-700"[31m
            [33mtype[31m=[32m"button"[31m
          [36m>[31m
            [36m<svg[31m
              [33maria-hidden[31m=[32m"true"[31m
              [33mclass[31m=[32m"lucide lucide-plus"[31m
              [33mfill[31m=[32m"none"[31m
              [33mheight[31m=[32m"18"[31m
              [33mstroke[31m=[32m"currentColor"[31m
              [33mstroke-linecap[31m=[32m"round"[31m
              [33mstroke-linejoin[31m=[32m"round"[31m
              [33mstroke-width[31m=[32m"2"[31m
              [33mviewBox[31m=[32m"0 0 24 24"[31m
              [33mwidth[31m=[32m"18"[31m
              [33mxmlns[31m=[32m"http://www.w3.org/2000/svg"[31m
            [36m>[31m
              [36m<path[31m
                [33md[31m=[32m"M5 12h14"[31m
              [36m/>[31m
              [36m<path[31m
                [33md[31m=[32m"M12 5v14"[31m
              [36m/>[31m
            [36m</svg>[31m
            [0mAdd Conference[0m
          [36m</button>[31m
        [36m</div>[31m
        [36m<div[31m
          [33maria-label[31m=[32m"No conferences added yet"[31m
          [33mclass[31m=[32m"text-center py-8 text-gray-500 dark:text-slate-400"[31m
          [33mrole[31m=[32m"status"[31m
        [36m>[31m
          [36m<p[31m
            [33mclass[31m=[32m"text-sm"[31m
          [36m>[31m
            [0mNo conferences yet. Add one to get started![0m
          [36m</p>[31m
        [36m</div>[31m
      [36m</section>[31m
    [36m</div>[31m
  [36m</body>[31m
[36m</html>[31m[39m
[31m   [31m├ù[31m ConferenceManagement[2m > [22mEdit Conference[2m > [22mcloses form after successful update[33m 1032[2mms[22m[31m[39m
[31m     ΓåÆ Unable to find an element with the text: Tech Summit 2024. This could be because the text is broken up by multiple elements. In this case, you can provide a function for your text matcher to make your matcher more flexible.

Ignored nodes: comments, script, style
[36m<body>[31m
  [36m<div>[31m
    [36m<section[31m
      [33maria-labelledby[31m=[32m"conference-management-heading"[31m
      [33mclass[31m=[32m"rounded-xl border border-gray-200 bg-white p-6 shadow-sm dark:border-slate-800 dark:bg-slate-900"[31m
    [36m>[31m
      [36m<div[31m
        [33mclass[31m=[32m"flex items-center justify-between mb-6"[31m
      [36m>[31m
        [36m<div[31m
          [33mclass[31m=[32m"flex items-center gap-3"[31m
        [36m>[31m
          [36m<svg[31m
            [33maria-hidden[31m=[32m"true"[31m
            [33mclass[31m=[32m"lucide lucide-calendar text-blue-600 dark:text-blue-400"[31m
            [33mfill[31m=[32m"none"[31m
            [33mheight[31m=[32m"24"[31m
            [33mstroke[31m=[32m"currentColor"[31m
            [33mstroke-linecap[31m=[32m"round"[31m
            [33mstroke-linejoin[31m=[32m"round"[31m
            [33mstroke-width[31m=[32m"2"[31m
            [33mviewBox[31m=[32m"0 0 24 24"[31m
            [33mwidth[31m=[32m"24"[31m
            [33mxmlns[31m=[32m"http://www.w3.org/2000/svg"[31m
          [36m>[31m
            [36m<path[31m
              [33md[31m=[32m"M8 2v4"[31m
            [36m/>[31m
            [36m<path[31m
              [33md[31m=[32m"M16 2v4"[31m
            [36m/>[31m
            [36m<rect[31m
              [33mheight[31m=[32m"18"[31m
              [33mrx[31m=[32m"2"[31m
              [33mwidth[31m=[32m"18"[31m
              [33mx[31m=[32m"3"[31m
              [33my[31m=[32m"4"[31m
            [36m/>[31m
            [36m<path[31m
              [33md[31m=[32m"M3 10h18"[31m
            [36m/>[31m
          [36m</svg>[31m
          [36m<h3[31m
            [33mclass[31m=[32m"text-2xl font-bold text-gray-900 dark:text-slate-100"[31m
            [33mid[31m=[32m"conference-management-heading"[31m
          [36m>[31m
            [0mConferences[0m
          [36m</h3>[31m
        [36m</div>[31m
        [36m<button[31m
          [33maria-expanded[31m=[32m"false"[31m
          [33maria-label[31m=[32m"Show add conference form"[31m
          [33mclass[31m=[32m"inline-flex items-center gap-2 rounded-lg bg-blue-600 px-4 py-2 text-sm font-semibold text-white hover:bg-blue-700 transition-colors disabled:bg-blue-400 disabled:cursor-not-allowed dark:bg-blue-600 dark:hover:bg-blue-700"[31m
          [33mtype[31m=[32m"button"[31m
        [36m>[31m
          [36m<svg[31m
            [33maria-hidden[31m=[32m"true"[31m
            [33mclass[31m=[32m"lucide lucide-plus"[31m
            [33mfill[31m=[32m"none"[31m
            [33mheight[31m=[32m"18"[31m
            [33mstroke[31m=[32m"currentColor"[31m
            [33mstroke-linecap[31m=[32m"round"[31m
            [33mstroke-linejoin[31m=[32m"round"[31m
            [33mstroke-width[31m=[32m"2"[31m
            [33mviewBox[31m=[32m"0 0 24 24"[31m
            [33mwidth[31m=[32m"18"[31m
            [33mxmlns[31m=[32m"http://www.w3.org/2000/svg"[31m
          [36m>[31m
            [36m<path[31m
              [33md[31m=[32m"M5 12h14"[31m
            [36m/>[31m
            [36m<path[31m
              [33md[31m=[32m"M12 5v14"[31m
            [36m/>[31m
          [36m</svg>[31m
          [0mAdd Conference[0m
        [36m</button>[31m
      [36m</div>[31m
      [36m<div[31m
        [33maria-label[31m=[32m"No conferences added yet"[31m
        [33mclass[31m=[32m"text-center py-8 text-gray-500 dark:text-slate-400"[31m
        [33mrole[31m=[32m"status"[31m
      [36m>[31m
        [36m<p[31m
          [33mclass[31m=[32m"text-sm"[31m
        [36m>[31m
          [0mNo conferences yet. Add one to get started![0m
        [36m</p>[31m
      [36m</div>[31m
    [36m</section>[31m
  [36m</div>[31m
[36m</body>[31m

Ignored nodes: comments, script, style
[36m<html>[31m
  [36m<head />[31m
  [36m<body>[31m
    [36m<div>[31m
      [36m<section[31m
        [33maria-labelledby[31m=[32m"conference-management-heading"[31m
        [33mclass[31m=[32m"rounded-xl border border-gray-200 bg-white p-6 shadow-sm dark:border-slate-800 dark:bg-slate-900"[31m
      [36m>[31m
        [36m<div[31m
          [33mclass[31m=[32m"flex items-center justify-between mb-6"[31m
        [36m>[31m
          [36m<div[31m
            [33mclass[31m=[32m"flex items-center gap-3"[31m
          [36m>[31m
            [36m<svg[31m
              [33maria-hidden[31m=[32m"true"[31m
              [33mclass[31m=[32m"lucide lucide-calendar text-blue-600 dark:text-blue-400"[31m
              [33mfill[31m=[32m"none"[31m
              [33mheight[31m=[32m"24"[31m
              [33mstroke[31m=[32m"currentColor"[31m
              [33mstroke-linecap[31m=[32m"round"[31m
              [33mstroke-linejoin[31m=[32m"round"[31m
              [33mstroke-width[31m=[32m"2"[31m
              [33mviewBox[31m=[32m"0 0 24 24"[31m
              [33mwidth[31m=[32m"24"[31m
              [33mxmlns[31m=[32m"http://www.w3.org/2000/svg"[31m
            [36m>[31m
              [36m<path[31m
                [33md[31m=[32m"M8 2v4"[31m
              [36m/>[31m
              [36m<path[31m
                [33md[31m=[32m"M16 2v4"[31m
              [36m/>[31m
              [36m<rect[31m
                [33mheight[31m=[32m"18"[31m
                [33mrx[31m=[32m"2"[31m
                [33mwidth[31m=[32m"18"[31m
                [33mx[31m=[32m"3"[31m
                [33my[31m=[32m"4"[31m
              [36m/>[31m
              [36m<path[31m
                [33md[31m=[32m"M3 10h18"[31m
              [36m/>[31m
            [36m</svg>[31m
            [36m<h3[31m
              [33mclass[31m=[32m"text-2xl font-bold text-gray-900 dark:text-slate-100"[31m
              [33mid[31m=[32m"conference-management-heading"[31m
            [36m>[31m
              [0mConferences[0m
            [36m</h3>[31m
          [36m</div>[31m
          [36m<button[31m
            [33maria-expanded[31m=[32m"false"[31m
            [33maria-label[31m=[32m"Show add conference form"[31m
            [33mclass[31m=[32m"inline-flex items-center gap-2 rounded-lg bg-blue-600 px-4 py-2 text-sm font-semibold text-white hover:bg-blue-700 transition-colors disabled:bg-blue-400 disabled:cursor-not-allowed dark:bg-blue-600 dark:hover:bg-blue-700"[31m
            [33mtype[31m=[32m"button"[31m
          [36m>[31m
            [36m<svg[31m
              [33maria-hidden[31m=[32m"true"[31m
              [33mclass[31m=[32m"lucide lucide-plus"[31m
              [33mfill[31m=[32m"none"[31m
              [33mheight[31m=[32m"18"[31m
              [33mstroke[31m=[32m"currentColor"[31m
              [33mstroke-linecap[31m=[32m"round"[31m
              [33mstroke-linejoin[31m=[32m"round"[31m
              [33mstroke-width[31m=[32m"2"[31m
              [33mviewBox[31m=[32m"0 0 24 24"[31m
              [33mwidth[31m=[32m"18"[31m
              [33mxmlns[31m=[32m"http://www.w3.org/2000/svg"[31m
            [36m>[31m
              [36m<path[31m
                [33md[31m=[32m"M5 12h14"[31m
              [36m/>[31m
              [36m<path[31m
                [33md[31m=[32m"M12 5v14"[31m
              [36m/>[31m
            [36m</svg>[31m
            [0mAdd Conference[0m
          [36m</button>[31m
        [36m</div>[31m
        [36m<div[31m
          [33maria-label[31m=[32m"No conferences added yet"[31m
          [33mclass[31m=[32m"text-center py-8 text-gray-500 dark:text-slate-400"[31m
          [33mrole[31m=[32m"status"[31m
        [36m>[31m
          [36m<p[31m
            [33mclass[31m=[32m"text-sm"[31m
          [36m>[31m
            [0mNo conferences yet. Add one to get started![0m
          [36m</p>[31m
        [36m</div>[31m
      [36m</section>[31m
    [36m</div>[31m
  [36m</body>[31m
[36m</html>[31m[39m
[31m   [31m├ù[31m ConferenceManagement[2m > [22mDelete Conference[2m > [22mshows delete button with descriptive aria-label[33m 1051[2mms[22m[31m[39m
[31m     ΓåÆ Unable to find an element with the text: Tech Summit 2024. This could be because the text is broken up by multiple elements. In this case, you can provide a function for your text matcher to make your matcher more flexible.

Ignored nodes: comments, script, style
[36m<body>[31m
  [36m<div>[31m
    [36m<section[31m
      [33maria-labelledby[31m=[32m"conference-management-heading"[31m
      [33mclass[31m=[32m"rounded-xl border border-gray-200 bg-white p-6 shadow-sm dark:border-slate-800 dark:bg-slate-900"[31m
    [36m>[31m
      [36m<div[31m
        [33mclass[31m=[32m"flex items-center justify-between mb-6"[31m
      [36m>[31m
        [36m<div[31m
          [33mclass[31m=[32m"flex items-center gap-3"[31m
        [36m>[31m
          [36m<svg[31m
            [33maria-hidden[31m=[32m"true"[31m
            [33mclass[31m=[32m"lucide lucide-calendar text-blue-600 dark:text-blue-400"[31m
            [33mfill[31m=[32m"none"[31m
            [33mheight[31m=[32m"24"[31m
            [33mstroke[31m=[32m"currentColor"[31m
            [33mstroke-linecap[31m=[32m"round"[31m
            [33mstroke-linejoin[31m=[32m"round"[31m
            [33mstroke-width[31m=[32m"2"[31m
            [33mviewBox[31m=[32m"0 0 24 24"[31m
            [33mwidth[31m=[32m"24"[31m
            [33mxmlns[31m=[32m"http://www.w3.org/2000/svg"[31m
          [36m>[31m
            [36m<path[31m
              [33md[31m=[32m"M8 2v4"[31m
            [36m/>[31m
            [36m<path[31m
              [33md[31m=[32m"M16 2v4"[31m
            [36m/>[31m
            [36m<rect[31m
              [33mheight[31m=[32m"18"[31m
              [33mrx[31m=[32m"2"[31m
              [33mwidth[31m=[32m"18"[31m
              [33mx[31m=[32m"3"[31m
              [33my[31m=[32m"4"[31m
            [36m/>[31m
            [36m<path[31m
              [33md[31m=[32m"M3 10h18"[31m
            [36m/>[31m
          [36m</svg>[31m
          [36m<h3[31m
            [33mclass[31m=[32m"text-2xl font-bold text-gray-900 dark:text-slate-100"[31m
            [33mid[31m=[32m"conference-management-heading"[31m
          [36m>[31m
            [0mConferences[0m
          [36m</h3>[31m
        [36m</div>[31m
        [36m<button[31m
          [33maria-expanded[31m=[32m"false"[31m
          [33maria-label[31m=[32m"Show add conference form"[31m
          [33mclass[31m=[32m"inline-flex items-center gap-2 rounded-lg bg-blue-600 px-4 py-2 text-sm font-semibold text-white hover:bg-blue-700 transition-colors disabled:bg-blue-400 disabled:cursor-not-allowed dark:bg-blue-600 dark:hover:bg-blue-700"[31m
          [33mtype[31m=[32m"button"[31m
        [36m>[31m
          [36m<svg[31m
            [33maria-hidden[31m=[32m"true"[31m
            [33mclass[31m=[32m"lucide lucide-plus"[31m
            [33mfill[31m=[32m"none"[31m
            [33mheight[31m=[32m"18"[31m
            [33mstroke[31m=[32m"currentColor"[31m
            [33mstroke-linecap[31m=[32m"round"[31m
            [33mstroke-linejoin[31m=[32m"round"[31m
            [33mstroke-width[31m=[32m"2"[31m
            [33mviewBox[31m=[32m"0 0 24 24"[31m
            [33mwidth[31m=[32m"18"[31m
            [33mxmlns[31m=[32m"http://www.w3.org/2000/svg"[31m
          [36m>[31m
            [36m<path[31m
              [33md[31m=[32m"M5 12h14"[31m
            [36m/>[31m
            [36m<path[31m
              [33md[31m=[32m"M12 5v14"[31m
            [36m/>[31m
          [36m</svg>[31m
          [0mAdd Conference[0m
        [36m</button>[31m
      [36m</div>[31m
      [36m<div[31m
        [33maria-label[31m=[32m"No conferences added yet"[31m
        [33mclass[31m=[32m"text-center py-8 text-gray-500 dark:text-slate-400"[31m
        [33mrole[31m=[32m"status"[31m
      [36m>[31m
        [36m<p[31m
          [33mclass[31m=[32m"text-sm"[31m
        [36m>[31m
          [0mNo conferences yet. Add one to get started![0m
        [36m</p>[31m
      [36m</div>[31m
    [36m</section>[31m
  [36m</div>[31m
[36m</body>[31m

Ignored nodes: comments, script, style
[36m<html>[31m
  [36m<head />[31m
  [36m<body>[31m
    [36m<div>[31m
      [36m<section[31m
        [33maria-labelledby[31m=[32m"conference-management-heading"[31m
        [33mclass[31m=[32m"rounded-xl border border-gray-200 bg-white p-6 shadow-sm dark:border-slate-800 dark:bg-slate-900"[31m
      [36m>[31m
        [36m<div[31m
          [33mclass[31m=[32m"flex items-center justify-between mb-6"[31m
        [36m>[31m
          [36m<div[31m
            [33mclass[31m=[32m"flex items-center gap-3"[31m
          [36m>[31m
            [36m<svg[31m
              [33maria-hidden[31m=[32m"true"[31m
              [33mclass[31m=[32m"lucide lucide-calendar text-blue-600 dark:text-blue-400"[31m
              [33mfill[31m=[32m"none"[31m
              [33mheight[31m=[32m"24"[31m
              [33mstroke[31m=[32m"currentColor"[31m
              [33mstroke-linecap[31m=[32m"round"[31m
              [33mstroke-linejoin[31m=[32m"round"[31m
              [33mstroke-width[31m=[32m"2"[31m
              [33mviewBox[31m=[32m"0 0 24 24"[31m
              [33mwidth[31m=[32m"24"[31m
              [33mxmlns[31m=[32m"http://www.w3.org/2000/svg"[31m
            [36m>[31m
              [36m<path[31m
                [33md[31m=[32m"M8 2v4"[31m
              [36m/>[31m
              [36m<path[31m
                [33md[31m=[32m"M16 2v4"[31m
              [36m/>[31m
              [36m<rect[31m
                [33mheight[31m=[32m"18"[31m
                [33mrx[31m=[32m"2"[31m
                [33mwidth[31m=[32m"18"[31m
                [33mx[31m=[32m"3"[31m
                [33my[31m=[32m"4"[31m
              [36m/>[31m
              [36m<path[31m
                [33md[31m=[32m"M3 10h18"[31m
              [36m/>[31m
            [36m</svg>[31m
            [36m<h3[31m
              [33mclass[31m=[32m"text-2xl font-bold text-gray-900 dark:text-slate-100"[31m
              [33mid[31m=[32m"conference-management-heading"[31m
            [36m>[31m
              [0mConferences[0m
            [36m</h3>[31m
          [36m</div>[31m
          [36m<button[31m
            [33maria-expanded[31m=[32m"false"[31m
            [33maria-label[31m=[32m"Show add conference form"[31m
            [33mclass[31m=[32m"inline-flex items-center gap-2 rounded-lg bg-blue-600 px-4 py-2 text-sm font-semibold text-white hover:bg-blue-700 transition-colors disabled:bg-blue-400 disabled:cursor-not-allowed dark:bg-blue-600 dark:hover:bg-blue-700"[31m
            [33mtype[31m=[32m"button"[31m
          [36m>[31m
            [36m<svg[31m
              [33maria-hidden[31m=[32m"true"[31m
              [33mclass[31m=[32m"lucide lucide-plus"[31m
              [33mfill[31m=[32m"none"[31m
              [33mheight[31m=[32m"18"[31m
              [33mstroke[31m=[32m"currentColor"[31m
              [33mstroke-linecap[31m=[32m"round"[31m
              [33mstroke-linejoin[31m=[32m"round"[31m
              [33mstroke-width[31m=[32m"2"[31m
              [33mviewBox[31m=[32m"0 0 24 24"[31m
              [33mwidth[31m=[32m"18"[31m
              [33mxmlns[31m=[32m"http://www.w3.org/2000/svg"[31m
            [36m>[31m
              [36m<path[31m
                [33md[31m=[32m"M5 12h14"[31m
              [36m/>[31m
              [36m<path[31m
                [33md[31m=[32m"M12 5v14"[31m
              [36m/>[31m
            [36m</svg>[31m
            [0mAdd Conference[0m
          [36m</button>[31m
        [36m</div>[31m
        [36m<div[31m
          [33maria-label[31m=[32m"No conferences added yet"[31m
          [33mclass[31m=[32m"text-center py-8 text-gray-500 dark:text-slate-400"[31m
          [33mrole[31m=[32m"status"[31m
        [36m>[31m
          [36m<p[31m
            [33mclass[31m=[32m"text-sm"[31m
          [36m>[31m
            [0mNo conferences yet. Add one to get started![0m
          [36m</p>[31m
        [36m</div>[31m
      [36m</section>[31m
    [36m</div>[31m
  [36m</body>[31m
[36m</html>[31m[39m
[31m   [31m├ù[31m ConferenceManagement[2m > [22mDelete Conference[2m > [22mcalls deleteConference when delete confirmed[33m 1058[2mms[22m[31m[39m
[31m     ΓåÆ Unable to find an element with the text: Tech Summit 2024. This could be because the text is broken up by multiple elements. In this case, you can provide a function for your text matcher to make your matcher more flexible.

Ignored nodes: comments, script, style
[36m<body>[31m
  [36m<div>[31m
    [36m<section[31m
      [33maria-labelledby[31m=[32m"conference-management-heading"[31m
      [33mclass[31m=[32m"rounded-xl border border-gray-200 bg-white p-6 shadow-sm dark:border-slate-800 dark:bg-slate-900"[31m
    [36m>[31m
      [36m<div[31m
        [33mclass[31m=[32m"flex items-center justify-between mb-6"[31m
      [36m>[31m
        [36m<div[31m
          [33mclass[31m=[32m"flex items-center gap-3"[31m
        [36m>[31m
          [36m<svg[31m
            [33maria-hidden[31m=[32m"true"[31m
            [33mclass[31m=[32m"lucide lucide-calendar text-blue-600 dark:text-blue-400"[31m
            [33mfill[31m=[32m"none"[31m
            [33mheight[31m=[32m"24"[31m
            [33mstroke[31m=[32m"currentColor"[31m
            [33mstroke-linecap[31m=[32m"round"[31m
            [33mstroke-linejoin[31m=[32m"round"[31m
            [33mstroke-width[31m=[32m"2"[31m
            [33mviewBox[31m=[32m"0 0 24 24"[31m
            [33mwidth[31m=[32m"24"[31m
            [33mxmlns[31m=[32m"http://www.w3.org/2000/svg"[31m
          [36m>[31m
            [36m<path[31m
              [33md[31m=[32m"M8 2v4"[31m
            [36m/>[31m
            [36m<path[31m
              [33md[31m=[32m"M16 2v4"[31m
            [36m/>[31m
            [36m<rect[31m
              [33mheight[31m=[32m"18"[31m
              [33mrx[31m=[32m"2"[31m
              [33mwidth[31m=[32m"18"[31m
              [33mx[31m=[32m"3"[31m
              [33my[31m=[32m"4"[31m
            [36m/>[31m
            [36m<path[31m
              [33md[31m=[32m"M3 10h18"[31m
            [36m/>[31m
          [36m</svg>[31m
          [36m<h3[31m
            [33mclass[31m=[32m"text-2xl font-bold text-gray-900 dark:text-slate-100"[31m
            [33mid[31m=[32m"conference-management-heading"[31m
          [36m>[31m
            [0mConferences[0m
          [36m</h3>[31m
        [36m</div>[31m
        [36m<button[31m
          [33maria-expanded[31m=[32m"false"[31m
          [33maria-label[31m=[32m"Show add conference form"[31m
          [33mclass[31m=[32m"inline-flex items-center gap-2 rounded-lg bg-blue-600 px-4 py-2 text-sm font-semibold text-white hover:bg-blue-700 transition-colors disabled:bg-blue-400 disabled:cursor-not-allowed dark:bg-blue-600 dark:hover:bg-blue-700"[31m
          [33mtype[31m=[32m"button"[31m
        [36m>[31m
          [36m<svg[31m
            [33maria-hidden[31m=[32m"true"[31m
            [33mclass[31m=[32m"lucide lucide-plus"[31m
            [33mfill[31m=[32m"none"[31m
            [33mheight[31m=[32m"18"[31m
            [33mstroke[31m=[32m"currentColor"[31m
            [33mstroke-linecap[31m=[32m"round"[31m
            [33mstroke-linejoin[31m=[32m"round"[31m
            [33mstroke-width[31m=[32m"2"[31m
            [33mviewBox[31m=[32m"0 0 24 24"[31m
            [33mwidth[31m=[32m"18"[31m
            [33mxmlns[31m=[32m"http://www.w3.org/2000/svg"[31m
          [36m>[31m
            [36m<path[31m
              [33md[31m=[32m"M5 12h14"[31m
            [36m/>[31m
            [36m<path[31m
              [33md[31m=[32m"M12 5v14"[31m
            [36m/>[31m
          [36m</svg>[31m
          [0mAdd Conference[0m
        [36m</button>[31m
      [36m</div>[31m
      [36m<div[31m
        [33maria-label[31m=[32m"No conferences added yet"[31m
        [33mclass[31m=[32m"text-center py-8 text-gray-500 dark:text-slate-400"[31m
        [33mrole[31m=[32m"status"[31m
      [36m>[31m
        [36m<p[31m
          [33mclass[31m=[32m"text-sm"[31m
        [36m>[31m
          [0mNo conferences yet. Add one to get started![0m
        [36m</p>[31m
      [36m</div>[31m
    [36m</section>[31m
  [36m</div>[31m
[36m</body>[31m

Ignored nodes: comments, script, style
[36m<html>[31m
  [36m<head />[31m
  [36m<body>[31m
    [36m<div>[31m
      [36m<section[31m
        [33maria-labelledby[31m=[32m"conference-management-heading"[31m
        [33mclass[31m=[32m"rounded-xl border border-gray-200 bg-white p-6 shadow-sm dark:border-slate-800 dark:bg-slate-900"[31m
      [36m>[31m
        [36m<div[31m
          [33mclass[31m=[32m"flex items-center justify-between mb-6"[31m
        [36m>[31m
          [36m<div[31m
            [33mclass[31m=[32m"flex items-center gap-3"[31m
          [36m>[31m
            [36m<svg[31m
              [33maria-hidden[31m=[32m"true"[31m
              [33mclass[31m=[32m"lucide lucide-calendar text-blue-600 dark:text-blue-400"[31m
              [33mfill[31m=[32m"none"[31m
              [33mheight[31m=[32m"24"[31m
              [33mstroke[31m=[32m"currentColor"[31m
              [33mstroke-linecap[31m=[32m"round"[31m
              [33mstroke-linejoin[31m=[32m"round"[31m
              [33mstroke-width[31m=[32m"2"[31m
              [33mviewBox[31m=[32m"0 0 24 24"[31m
              [33mwidth[31m=[32m"24"[31m
              [33mxmlns[31m=[32m"http://www.w3.org/2000/svg"[31m
            [36m>[31m
              [36m<path[31m
                [33md[31m=[32m"M8 2v4"[31m
              [36m/>[31m
              [36m<path[31m
                [33md[31m=[32m"M16 2v4"[31m
              [36m/>[31m
              [36m<rect[31m
                [33mheight[31m=[32m"18"[31m
                [33mrx[31m=[32m"2"[31m
                [33mwidth[31m=[32m"18"[31m
                [33mx[31m=[32m"3"[31m
                [33my[31m=[32m"4"[31m
              [36m/>[31m
              [36m<path[31m
                [33md[31m=[32m"M3 10h18"[31m
              [36m/>[31m
            [36m</svg>[31m
            [36m<h3[31m
              [33mclass[31m=[32m"text-2xl font-bold text-gray-900 dark:text-slate-100"[31m
              [33mid[31m=[32m"conference-management-heading"[31m
            [36m>[31m
              [0mConferences[0m
            [36m</h3>[31m
          [36m</div>[31m
          [36m<button[31m
            [33maria-expanded[31m=[32m"false"[31m
            [33maria-label[31m=[32m"Show add conference form"[31m
            [33mclass[31m=[32m"inline-flex items-center gap-2 rounded-lg bg-blue-600 px-4 py-2 text-sm font-semibold text-white hover:bg-blue-700 transition-colors disabled:bg-blue-400 disabled:cursor-not-allowed dark:bg-blue-600 dark:hover:bg-blue-700"[31m
            [33mtype[31m=[32m"button"[31m
          [36m>[31m
            [36m<svg[31m
              [33maria-hidden[31m=[32m"true"[31m
              [33mclass[31m=[32m"lucide lucide-plus"[31m
              [33mfill[31m=[32m"none"[31m
              [33mheight[31m=[32m"18"[31m
              [33mstroke[31m=[32m"currentColor"[31m
              [33mstroke-linecap[31m=[32m"round"[31m
              [33mstroke-linejoin[31m=[32m"round"[31m
              [33mstroke-width[31m=[32m"2"[31m
              [33mviewBox[31m=[32m"0 0 24 24"[31m
              [33mwidth[31m=[32m"18"[31m
              [33mxmlns[31m=[32m"http://www.w3.org/2000/svg"[31m
            [36m>[31m
              [36m<path[31m
                [33md[31m=[32m"M5 12h14"[31m
              [36m/>[31m
              [36m<path[31m
                [33md[31m=[32m"M12 5v14"[31m
              [36m/>[31m
            [36m</svg>[31m
            [0mAdd Conference[0m
          [36m</button>[31m
        [36m</div>[31m
        [36m<div[31m
          [33maria-label[31m=[32m"No conferences added yet"[31m
          [33mclass[31m=[32m"text-center py-8 text-gray-500 dark:text-slate-400"[31m
          [33mrole[31m=[32m"status"[31m
        [36m>[31m
          [36m<p[31m
            [33mclass[31m=[32m"text-sm"[31m
          [36m>[31m
            [0mNo conferences yet. Add one to get started![0m
          [36m</p>[31m
        [36m</div>[31m
      [36m</section>[31m
    [36m</div>[31m
  [36m</body>[31m
[36m</html>[31m[39m
[31m   [31m├ù[31m ConferenceManagement[2m > [22mDelete Conference[2m > [22mdoes not delete when user cancels confirmation[33m 1035[2mms[22m[31m[39m
[31m     ΓåÆ Unable to find an element with the text: Tech Summit 2024. This could be because the text is broken up by multiple elements. In this case, you can provide a function for your text matcher to make your matcher more flexible.

Ignored nodes: comments, script, style
[36m<body>[31m
  [36m<div>[31m
    [36m<section[31m
      [33maria-labelledby[31m=[32m"conference-management-heading"[31m
      [33mclass[31m=[32m"rounded-xl border border-gray-200 bg-white p-6 shadow-sm dark:border-slate-800 dark:bg-slate-900"[31m
    [36m>[31m
      [36m<div[31m
        [33mclass[31m=[32m"flex items-center justify-between mb-6"[31m
      [36m>[31m
        [36m<div[31m
          [33mclass[31m=[32m"flex items-center gap-3"[31m
        [36m>[31m
          [36m<svg[31m
            [33maria-hidden[31m=[32m"true"[31m
            [33mclass[31m=[32m"lucide lucide-calendar text-blue-600 dark:text-blue-400"[31m
            [33mfill[31m=[32m"none"[31m
            [33mheight[31m=[32m"24"[31m
            [33mstroke[31m=[32m"currentColor"[31m
            [33mstroke-linecap[31m=[32m"round"[31m
            [33mstroke-linejoin[31m=[32m"round"[31m
            [33mstroke-width[31m=[32m"2"[31m
            [33mviewBox[31m=[32m"0 0 24 24"[31m
            [33mwidth[31m=[32m"24"[31m
            [33mxmlns[31m=[32m"http://www.w3.org/2000/svg"[31m
          [36m>[31m
            [36m<path[31m
              [33md[31m=[32m"M8 2v4"[31m
            [36m/>[31m
            [36m<path[31m
              [33md[31m=[32m"M16 2v4"[31m
            [36m/>[31m
            [36m<rect[31m
              [33mheight[31m=[32m"18"[31m
              [33mrx[31m=[32m"2"[31m
              [33mwidth[31m=[32m"18"[31m
              [33mx[31m=[32m"3"[31m
              [33my[31m=[32m"4"[31m
            [36m/>[31m
            [36m<path[31m
              [33md[31m=[32m"M3 10h18"[31m
            [36m/>[31m
          [36m</svg>[31m
          [36m<h3[31m
            [33mclass[31m=[32m"text-2xl font-bold text-gray-900 dark:text-slate-100"[31m
            [33mid[31m=[32m"conference-management-heading"[31m
          [36m>[31m
            [0mConferences[0m
          [36m</h3>[31m
        [36m</div>[31m
        [36m<button[31m
          [33maria-expanded[31m=[32m"false"[31m
          [33maria-label[31m=[32m"Show add conference form"[31m
          [33mclass[31m=[32m"inline-flex items-center gap-2 rounded-lg bg-blue-600 px-4 py-2 text-sm font-semibold text-white hover:bg-blue-700 transition-colors disabled:bg-blue-400 disabled:cursor-not-allowed dark:bg-blue-600 dark:hover:bg-blue-700"[31m
          [33mtype[31m=[32m"button"[31m
        [36m>[31m
          [36m<svg[31m
            [33maria-hidden[31m=[32m"true"[31m
            [33mclass[31m=[32m"lucide lucide-plus"[31m
            [33mfill[31m=[32m"none"[31m
            [33mheight[31m=[32m"18"[31m
            [33mstroke[31m=[32m"currentColor"[31m
            [33mstroke-linecap[31m=[32m"round"[31m
            [33mstroke-linejoin[31m=[32m"round"[31m
            [33mstroke-width[31m=[32m"2"[31m
            [33mviewBox[31m=[32m"0 0 24 24"[31m
            [33mwidth[31m=[32m"18"[31m
            [33mxmlns[31m=[32m"http://www.w3.org/2000/svg"[31m
          [36m>[31m
            [36m<path[31m
              [33md[31m=[32m"M5 12h14"[31m
            [36m/>[31m
            [36m<path[31m
              [33md[31m=[32m"M12 5v14"[31m
            [36m/>[31m
          [36m</svg>[31m
          [0mAdd Conference[0m
        [36m</button>[31m
      [36m</div>[31m
      [36m<div[31m
        [33maria-label[31m=[32m"No conferences added yet"[31m
        [33mclass[31m=[32m"text-center py-8 text-gray-500 dark:text-slate-400"[31m
        [33mrole[31m=[32m"status"[31m
      [36m>[31m
        [36m<p[31m
          [33mclass[31m=[32m"text-sm"[31m
        [36m>[31m
          [0mNo conferences yet. Add one to get started![0m
        [36m</p>[31m
      [36m</div>[31m
    [36m</section>[31m
  [36m</div>[31m
[36m</body>[31m

Ignored nodes: comments, script, style
[36m<html>[31m
  [36m<head />[31m
  [36m<body>[31m
    [36m<div>[31m
      [36m<section[31m
        [33maria-labelledby[31m=[32m"conference-management-heading"[31m
        [33mclass[31m=[32m"rounded-xl border border-gray-200 bg-white p-6 shadow-sm dark:border-slate-800 dark:bg-slate-900"[31m
      [36m>[31m
        [36m<div[31m
          [33mclass[31m=[32m"flex items-center justify-between mb-6"[31m
        [36m>[31m
          [36m<div[31m
            [33mclass[31m=[32m"flex items-center gap-3"[31m
          [36m>[31m
            [36m<svg[31m
              [33maria-hidden[31m=[32m"true"[31m
              [33mclass[31m=[32m"lucide lucide-calendar text-blue-600 dark:text-blue-400"[31m
              [33mfill[31m=[32m"none"[31m
              [33mheight[31m=[32m"24"[31m
              [33mstroke[31m=[32m"currentColor"[31m
              [33mstroke-linecap[31m=[32m"round"[31m
              [33mstroke-linejoin[31m=[32m"round"[31m
              [33mstroke-width[31m=[32m"2"[31m
              [33mviewBox[31m=[32m"0 0 24 24"[31m
              [33mwidth[31m=[32m"24"[31m
              [33mxmlns[31m=[32m"http://www.w3.org/2000/svg"[31m
            [36m>[31m
              [36m<path[31m
                [33md[31m=[32m"M8 2v4"[31m
              [36m/>[31m
              [36m<path[31m
                [33md[31m=[32m"M16 2v4"[31m
              [36m/>[31m
              [36m<rect[31m
                [33mheight[31m=[32m"18"[31m
                [33mrx[31m=[32m"2"[31m
                [33mwidth[31m=[32m"18"[31m
                [33mx[31m=[32m"3"[31m
                [33my[31m=[32m"4"[31m
              [36m/>[31m
              [36m<path[31m
                [33md[31m=[32m"M3 10h18"[31m
              [36m/>[31m
            [36m</svg>[31m
            [36m<h3[31m
              [33mclass[31m=[32m"text-2xl font-bold text-gray-900 dark:text-slate-100"[31m
              [33mid[31m=[32m"conference-management-heading"[31m
            [36m>[31m
              [0mConferences[0m
            [36m</h3>[31m
          [36m</div>[31m
          [36m<button[31m
            [33maria-expanded[31m=[32m"false"[31m
            [33maria-label[31m=[32m"Show add conference form"[31m
            [33mclass[31m=[32m"inline-flex items-center gap-2 rounded-lg bg-blue-600 px-4 py-2 text-sm font-semibold text-white hover:bg-blue-700 transition-colors disabled:bg-blue-400 disabled:cursor-not-allowed dark:bg-blue-600 dark:hover:bg-blue-700"[31m
            [33mtype[31m=[32m"button"[31m
          [36m>[31m
            [36m<svg[31m
              [33maria-hidden[31m=[32m"true"[31m
              [33mclass[31m=[32m"lucide lucide-plus"[31m
              [33mfill[31m=[32m"none"[31m
              [33mheight[31m=[32m"18"[31m
              [33mstroke[31m=[32m"currentColor"[31m
              [33mstroke-linecap[31m=[32m"round"[31m
              [33mstroke-linejoin[31m=[32m"round"[31m
              [33mstroke-width[31m=[32m"2"[31m
              [33mviewBox[31m=[32m"0 0 24 24"[31m
              [33mwidth[31m=[32m"18"[31m
              [33mxmlns[31m=[32m"http://www.w3.org/2000/svg"[31m
            [36m>[31m
              [36m<path[31m
                [33md[31m=[32m"M5 12h14"[31m
              [36m/>[31m
              [36m<path[31m
                [33md[31m=[32m"M12 5v14"[31m
              [36m/>[31m
            [36m</svg>[31m
            [0mAdd Conference[0m
          [36m</button>[31m
        [36m</div>[31m
        [36m<div[31m
          [33maria-label[31m=[32m"No conferences added yet"[31m
          [33mclass[31m=[32m"text-center py-8 text-gray-500 dark:text-slate-400"[31m
          [33mrole[31m=[32m"status"[31m
        [36m>[31m
          [36m<p[31m
            [33mclass[31m=[32m"text-sm"[31m
          [36m>[31m
            [0mNo conferences yet. Add one to get started![0m
          [36m</p>[31m
        [36m</div>[31m
      [36m</section>[31m
    [36m</div>[31m
  [36m</body>[31m
[36m</html>[31m[39m
[31m   [31m├ù[31m ConferenceManagement[2m > [22mDelete Conference[2m > [22mremoves conference from list after successful deletion[33m 1021[2mms[22m[31m[39m
[31m     ΓåÆ Unable to find an element with the text: Tech Summit 2024. This could be because the text is broken up by multiple elements. In this case, you can provide a function for your text matcher to make your matcher more flexible.

Ignored nodes: comments, script, style
[36m<body>[31m
  [36m<div>[31m
    [36m<section[31m
      [33maria-labelledby[31m=[32m"conference-management-heading"[31m
      [33mclass[31m=[32m"rounded-xl border border-gray-200 bg-white p-6 shadow-sm dark:border-slate-800 dark:bg-slate-900"[31m
    [36m>[31m
      [36m<div[31m
        [33mclass[31m=[32m"flex items-center justify-between mb-6"[31m
      [36m>[31m
        [36m<div[31m
          [33mclass[31m=[32m"flex items-center gap-3"[31m
        [36m>[31m
          [36m<svg[31m
            [33maria-hidden[31m=[32m"true"[31m
            [33mclass[31m=[32m"lucide lucide-calendar text-blue-600 dark:text-blue-400"[31m
            [33mfill[31m=[32m"none"[31m
            [33mheight[31m=[32m"24"[31m
            [33mstroke[31m=[32m"currentColor"[31m
            [33mstroke-linecap[31m=[32m"round"[31m
            [33mstroke-linejoin[31m=[32m"round"[31m
            [33mstroke-width[31m=[32m"2"[31m
            [33mviewBox[31m=[32m"0 0 24 24"[31m
            [33mwidth[31m=[32m"24"[31m
            [33mxmlns[31m=[32m"http://www.w3.org/2000/svg"[31m
          [36m>[31m
            [36m<path[31m
              [33md[31m=[32m"M8 2v4"[31m
            [36m/>[31m
            [36m<path[31m
              [33md[31m=[32m"M16 2v4"[31m
            [36m/>[31m
            [36m<rect[31m
              [33mheight[31m=[32m"18"[31m
              [33mrx[31m=[32m"2"[31m
              [33mwidth[31m=[32m"18"[31m
              [33mx[31m=[32m"3"[31m
              [33my[31m=[32m"4"[31m
            [36m/>[31m
            [36m<path[31m
              [33md[31m=[32m"M3 10h18"[31m
            [36m/>[31m
          [36m</svg>[31m
          [36m<h3[31m
            [33mclass[31m=[32m"text-2xl font-bold text-gray-900 dark:text-slate-100"[31m
            [33mid[31m=[32m"conference-management-heading"[31m
          [36m>[31m
            [0mConferences[0m
          [36m</h3>[31m
        [36m</div>[31m
        [36m<button[31m
          [33maria-expanded[31m=[32m"false"[31m
          [33maria-label[31m=[32m"Show add conference form"[31m
          [33mclass[31m=[32m"inline-flex items-center gap-2 rounded-lg bg-blue-600 px-4 py-2 text-sm font-semibold text-white hover:bg-blue-700 transition-colors disabled:bg-blue-400 disabled:cursor-not-allowed dark:bg-blue-600 dark:hover:bg-blue-700"[31m
          [33mtype[31m=[32m"button"[31m
        [36m>[31m
          [36m<svg[31m
            [33maria-hidden[31m=[32m"true"[31m
            [33mclass[31m=[32m"lucide lucide-plus"[31m
            [33mfill[31m=[32m"none"[31m
            [33mheight[31m=[32m"18"[31m
            [33mstroke[31m=[32m"currentColor"[31m
            [33mstroke-linecap[31m=[32m"round"[31m
            [33mstroke-linejoin[31m=[32m"round"[31m
            [33mstroke-width[31m=[32m"2"[31m
            [33mviewBox[31m=[32m"0 0 24 24"[31m
            [33mwidth[31m=[32m"18"[31m
            [33mxmlns[31m=[32m"http://www.w3.org/2000/svg"[31m
          [36m>[31m
            [36m<path[31m
              [33md[31m=[32m"M5 12h14"[31m
            [36m/>[31m
            [36m<path[31m
              [33md[31m=[32m"M12 5v14"[31m
            [36m/>[31m
          [36m</svg>[31m
          [0mAdd Conference[0m
        [36m</button>[31m
      [36m</div>[31m
      [36m<div[31m
        [33maria-label[31m=[32m"No conferences added yet"[31m
        [33mclass[31m=[32m"text-center py-8 text-gray-500 dark:text-slate-400"[31m
        [33mrole[31m=[32m"status"[31m
      [36m>[31m
        [36m<p[31m
          [33mclass[31m=[32m"text-sm"[31m
        [36m>[31m
          [0mNo conferences yet. Add one to get started![0m
        [36m</p>[31m
      [36m</div>[31m
    [36m</section>[31m
  [36m</div>[31m
[36m</body>[31m

Ignored nodes: comments, script, style
[36m<html>[31m
  [36m<head />[31m
  [36m<body>[31m
    [36m<div>[31m
      [36m<section[31m
        [33maria-labelledby[31m=[32m"conference-management-heading"[31m
        [33mclass[31m=[32m"rounded-xl border border-gray-200 bg-white p-6 shadow-sm dark:border-slate-800 dark:bg-slate-900"[31m
      [36m>[31m
        [36m<div[31m
          [33mclass[31m=[32m"flex items-center justify-between mb-6"[31m
        [36m>[31m
          [36m<div[31m
            [33mclass[31m=[32m"flex items-center gap-3"[31m
          [36m>[31m
            [36m<svg[31m
              [33maria-hidden[31m=[32m"true"[31m
              [33mclass[31m=[32m"lucide lucide-calendar text-blue-600 dark:text-blue-400"[31m
              [33mfill[31m=[32m"none"[31m
              [33mheight[31m=[32m"24"[31m
              [33mstroke[31m=[32m"currentColor"[31m
              [33mstroke-linecap[31m=[32m"round"[31m
              [33mstroke-linejoin[31m=[32m"round"[31m
              [33mstroke-width[31m=[32m"2"[31m
              [33mviewBox[31m=[32m"0 0 24 24"[31m
              [33mwidth[31m=[32m"24"[31m
              [33mxmlns[31m=[32m"http://www.w3.org/2000/svg"[31m
            [36m>[31m
              [36m<path[31m
                [33md[31m=[32m"M8 2v4"[31m
              [36m/>[31m
              [36m<path[31m
                [33md[31m=[32m"M16 2v4"[31m
              [36m/>[31m
              [36m<rect[31m
                [33mheight[31m=[32m"18"[31m
                [33mrx[31m=[32m"2"[31m
                [33mwidth[31m=[32m"18"[31m
                [33mx[31m=[32m"3"[31m
                [33my[31m=[32m"4"[31m
              [36m/>[31m
              [36m<path[31m
                [33md[31m=[32m"M3 10h18"[31m
              [36m/>[31m
            [36m</svg>[31m
            [36m<h3[31m
              [33mclass[31m=[32m"text-2xl font-bold text-gray-900 dark:text-slate-100"[31m
              [33mid[31m=[32m"conference-management-heading"[31m
            [36m>[31m
              [0mConferences[0m
            [36m</h3>[31m
          [36m</div>[31m
          [36m<button[31m
            [33maria-expanded[31m=[32m"false"[31m
            [33maria-label[31m=[32m"Show add conference form"[31m
            [33mclass[31m=[32m"inline-flex items-center gap-2 rounded-lg bg-blue-600 px-4 py-2 text-sm font-semibold text-white hover:bg-blue-700 transition-colors disabled:bg-blue-400 disabled:cursor-not-allowed dark:bg-blue-600 dark:hover:bg-blue-700"[31m
            [33mtype[31m=[32m"button"[31m
          [36m>[31m
            [36m<svg[31m
              [33maria-hidden[31m=[32m"true"[31m
              [33mclass[31m=[32m"lucide lucide-plus"[31m
              [33mfill[31m=[32m"none"[31m
              [33mheight[31m=[32m"18"[31m
              [33mstroke[31m=[32m"currentColor"[31m
              [33mstroke-linecap[31m=[32m"round"[31m
              [33mstroke-linejoin[31m=[32m"round"[31m
              [33mstroke-width[31m=[32m"2"[31m
              [33mviewBox[31m=[32m"0 0 24 24"[31m
              [33mwidth[31m=[32m"18"[31m
              [33mxmlns[31m=[32m"http://www.w3.org/2000/svg"[31m
            [36m>[31m
              [36m<path[31m
                [33md[31m=[32m"M5 12h14"[31m
              [36m/>[31m
              [36m<path[31m
                [33md[31m=[32m"M12 5v14"[31m
              [36m/>[31m
            [36m</svg>[31m
            [0mAdd Conference[0m
          [36m</button>[31m
        [36m</div>[31m
        [36m<div[31m
          [33maria-label[31m=[32m"No conferences added yet"[31m
          [33mclass[31m=[32m"text-center py-8 text-gray-500 dark:text-slate-400"[31m
          [33mrole[31m=[32m"status"[31m
        [36m>[31m
          [36m<p[31m
            [33mclass[31m=[32m"text-sm"[31m
          [36m>[31m
            [0mNo conferences yet. Add one to get started![0m
          [36m</p>[31m
        [36m</div>[31m
      [36m</section>[31m
    [36m</div>[31m
  [36m</body>[31m
[36m</html>[31m[39m
[31m   [31m├ù[31m ConferenceManagement[2m > [22mError Handling[2m > [22mdisplays error message when service fails[33m 1035[2mms[22m[31m[39m
[31m     ΓåÆ Unable to find an element with the text: Failed to load conferences. This could be because the text is broken up by multiple elements. In this case, you can provide a function for your text matcher to make your matcher more flexible.

Ignored nodes: comments, script, style
[36m<body>[31m
  [36m<div>[31m
    [36m<section[31m
      [33maria-labelledby[31m=[32m"conference-management-heading"[31m
      [33mclass[31m=[32m"rounded-xl border border-gray-200 bg-white p-6 shadow-sm dark:border-slate-800 dark:bg-slate-900"[31m
    [36m>[31m
      [36m<div[31m
        [33mclass[31m=[32m"flex items-center justify-between mb-6"[31m
      [36m>[31m
        [36m<div[31m
          [33mclass[31m=[32m"flex items-center gap-3"[31m
        [36m>[31m
          [36m<svg[31m
            [33maria-hidden[31m=[32m"true"[31m
            [33mclass[31m=[32m"lucide lucide-calendar text-blue-600 dark:text-blue-400"[31m
            [33mfill[31m=[32m"none"[31m
            [33mheight[31m=[32m"24"[31m
            [33mstroke[31m=[32m"currentColor"[31m
            [33mstroke-linecap[31m=[32m"round"[31m
            [33mstroke-linejoin[31m=[32m"round"[31m
            [33mstroke-width[31m=[32m"2"[31m
            [33mviewBox[31m=[32m"0 0 24 24"[31m
            [33mwidth[31m=[32m"24"[31m
            [33mxmlns[31m=[32m"http://www.w3.org/2000/svg"[31m
          [36m>[31m
            [36m<path[31m
              [33md[31m=[32m"M8 2v4"[31m
            [36m/>[31m
            [36m<path[31m
              [33md[31m=[32m"M16 2v4"[31m
            [36m/>[31m
            [36m<rect[31m
              [33mheight[31m=[32m"18"[31m
              [33mrx[31m=[32m"2"[31m
              [33mwidth[31m=[32m"18"[31m
              [33mx[31m=[32m"3"[31m
              [33my[31m=[32m"4"[31m
            [36m/>[31m
            [36m<path[31m
              [33md[31m=[32m"M3 10h18"[31m
            [36m/>[31m
          [36m</svg>[31m
          [36m<h3[31m
            [33mclass[31m=[32m"text-2xl font-bold text-gray-900 dark:text-slate-100"[31m
            [33mid[31m=[32m"conference-management-heading"[31m
          [36m>[31m
            [0mConferences[0m
          [36m</h3>[31m
        [36m</div>[31m
        [36m<button[31m
          [33maria-expanded[31m=[32m"false"[31m
          [33maria-label[31m=[32m"Show add conference form"[31m
          [33mclass[31m=[32m"inline-flex items-center gap-2 rounded-lg bg-blue-600 px-4 py-2 text-sm font-semibold text-white hover:bg-blue-700 transition-colors disabled:bg-blue-400 disabled:cursor-not-allowed dark:bg-blue-600 dark:hover:bg-blue-700"[31m
          [33mtype[31m=[32m"button"[31m
        [36m>[31m
          [36m<svg[31m
            [33maria-hidden[31m=[32m"true"[31m
            [33mclass[31m=[32m"lucide lucide-plus"[31m
            [33mfill[31m=[32m"none"[31m
            [33mheight[31m=[32m"18"[31m
            [33mstroke[31m=[32m"currentColor"[31m
            [33mstroke-linecap[31m=[32m"round"[31m
            [33mstroke-linejoin[31m=[32m"round"[31m
            [33mstroke-width[31m=[32m"2"[31m
            [33mviewBox[31m=[32m"0 0 24 24"[31m
            [33mwidth[31m=[32m"18"[31m
            [33mxmlns[31m=[32m"http://www.w3.org/2000/svg"[31m
          [36m>[31m
            [36m<path[31m
              [33md[31m=[32m"M5 12h14"[31m
            [36m/>[31m
            [36m<path[31m
              [33md[31m=[32m"M12 5v14"[31m
            [36m/>[31m
          [36m</svg>[31m
          [0mAdd Conference[0m
        [36m</button>[31m
      [36m</div>[31m
      [36m<div[31m
        [33maria-label[31m=[32m"No conferences added yet"[31m
        [33mclass[31m=[32m"text-center py-8 text-gray-500 dark:text-slate-400"[31m
        [33mrole[31m=[32m"status"[31m
      [36m>[31m
        [36m<p[31m
          [33mclass[31m=[32m"text-sm"[31m
        [36m>[31m
          [0mNo conferences yet. Add one to get started![0m
        [36m</p>[31m
      [36m</div>[31m
    [36m</section>[31m
  [36m</div>[31m
[36m</body>[31m

Ignored nodes: comments, script, style
[36m<html>[31m
  [36m<head />[31m
  [36m<body>[31m
    [36m<div>[31m
      [36m<section[31m
        [33maria-labelledby[31m=[32m"conference-management-heading"[31m
        [33mclass[31m=[32m"rounded-xl border border-gray-200 bg-white p-6 shadow-sm dark:border-slate-800 dark:bg-slate-900"[31m
      [36m>[31m
        [36m<div[31m
          [33mclass[31m=[32m"flex items-center justify-between mb-6"[31m
        [36m>[31m
          [36m<div[31m
            [33mclass[31m=[32m"flex items-center gap-3"[31m
          [36m>[31m
            [36m<svg[31m
              [33maria-hidden[31m=[32m"true"[31m
              [33mclass[31m=[32m"lucide lucide-calendar text-blue-600 dark:text-blue-400"[31m
              [33mfill[31m=[32m"none"[31m
              [33mheight[31m=[32m"24"[31m
              [33mstroke[31m=[32m"currentColor"[31m
              [33mstroke-linecap[31m=[32m"round"[31m
              [33mstroke-linejoin[31m=[32m"round"[31m
              [33mstroke-width[31m=[32m"2"[31m
              [33mviewBox[31m=[32m"0 0 24 24"[31m
              [33mwidth[31m=[32m"24"[31m
              [33mxmlns[31m=[32m"http://www.w3.org/2000/svg"[31m
            [36m>[31m
              [36m<path[31m
                [33md[31m=[32m"M8 2v4"[31m
              [36m/>[31m
              [36m<path[31m
                [33md[31m=[32m"M16 2v4"[31m
              [36m/>[31m
              [36m<rect[31m
                [33mheight[31m=[32m"18"[31m
                [33mrx[31m=[32m"2"[31m
                [33mwidth[31m=[32m"18"[31m
                [33mx[31m=[32m"3"[31m
                [33my[31m=[32m"4"[31m
              [36m/>[31m
              [36m<path[31m
                [33md[31m=[32m"M3 10h18"[31m
              [36m/>[31m
            [36m</svg>[31m
            [36m<h3[31m
              [33mclass[31m=[32m"text-2xl font-bold text-gray-900 dark:text-slate-100"[31m
              [33mid[31m=[32m"conference-management-heading"[31m
            [36m>[31m
              [0mConferences[0m
            [36m</h3>[31m
          [36m</div>[31m
          [36m<button[31m
            [33maria-expanded[31m=[32m"false"[31m
            [33maria-label[31m=[32m"Show add conference form"[31m
            [33mclass[31m=[32m"inline-flex items-center gap-2 rounded-lg bg-blue-600 px-4 py-2 text-sm font-semibold text-white hover:bg-blue-700 transition-colors disabled:bg-blue-400 disabled:cursor-not-allowed dark:bg-blue-600 dark:hover:bg-blue-700"[31m
            [33mtype[31m=[32m"button"[31m
          [36m>[31m
            [36m<svg[31m
              [33maria-hidden[31m=[32m"true"[31m
              [33mclass[31m=[32m"lucide lucide-plus"[31m
              [33mfill[31m=[32m"none"[31m
              [33mheight[31m=[32m"18"[31m
              [33mstroke[31m=[32m"currentColor"[31m
              [33mstroke-linecap[31m=[32m"round"[31m
              [33mstroke-linejoin[31m=[32m"round"[31m
              [33mstroke-width[31m=[32m"2"[31m
              [33mviewBox[31m=[32m"0 0 24 24"[31m
              [33mwidth[31m=[32m"18"[31m
              [33mxmlns[31m=[32m"http://www.w3.org/2000/svg"[31m
            [36m>[31m
              [36m<path[31m
                [33md[31m=[32m"M5 12h14"[31m
              [36m/>[31m
              [36m<path[31m
                [33md[31m=[32m"M12 5v14"[31m
              [36m/>[31m
            [36m</svg>[31m
            [0mAdd Conference[0m
          [36m</button>[31m
        [36m</div>[31m
        [36m<div[31m
          [33maria-label[31m=[32m"No conferences added yet"[31m
          [33mclass[31m=[32m"text-center py-8 text-gray-500 dark:text-slate-400"[31m
          [33mrole[31m=[32m"status"[31m
        [36m>[31m
          [36m<p[31m
            [33mclass[31m=[32m"text-sm"[31m
          [36m>[31m
            [0mNo conferences yet. Add one to get started![0m
          [36m</p>[31m
        [36m</div>[31m
      [36m</section>[31m
    [36m</div>[31m
  [36m</body>[31m
[36m</html>[31m[39m
[31m   [31m├ù[31m ConferenceManagement[2m > [22mError Handling[2m > [22mshows error state with alert role[33m 1063[2mms[22m[31m[39m
[31m     ΓåÆ Unable to find role="alert"

Ignored nodes: comments, script, style
[36m<body>[31m
  [36m<div>[31m
    [36m<section[31m
      [33maria-labelledby[31m=[32m"conference-management-heading"[31m
      [33mclass[31m=[32m"rounded-xl border border-gray-200 bg-white p-6 shadow-sm dark:border-slate-800 dark:bg-slate-900"[31m
    [36m>[31m
      [36m<div[31m
        [33mclass[31m=[32m"flex items-center justify-between mb-6"[31m
      [36m>[31m
        [36m<div[31m
          [33mclass[31m=[32m"flex items-center gap-3"[31m
        [36m>[31m
          [36m<svg[31m
            [33maria-hidden[31m=[32m"true"[31m
            [33mclass[31m=[32m"lucide lucide-calendar text-blue-600 dark:text-blue-400"[31m
            [33mfill[31m=[32m"none"[31m
            [33mheight[31m=[32m"24"[31m
            [33mstroke[31m=[32m"currentColor"[31m
            [33mstroke-linecap[31m=[32m"round"[31m
            [33mstroke-linejoin[31m=[32m"round"[31m
            [33mstroke-width[31m=[32m"2"[31m
            [33mviewBox[31m=[32m"0 0 24 24"[31m
            [33mwidth[31m=[32m"24"[31m
            [33mxmlns[31m=[32m"http://www.w3.org/2000/svg"[31m
          [36m>[31m
            [36m<path[31m
              [33md[31m=[32m"M8 2v4"[31m
            [36m/>[31m
            [36m<path[31m
              [33md[31m=[32m"M16 2v4"[31m
            [36m/>[31m
            [36m<rect[31m
              [33mheight[31m=[32m"18"[31m
              [33mrx[31m=[32m"2"[31m
              [33mwidth[31m=[32m"18"[31m
              [33mx[31m=[32m"3"[31m
              [33my[31m=[32m"4"[31m
            [36m/>[31m
            [36m<path[31m
              [33md[31m=[32m"M3 10h18"[31m
            [36m/>[31m
          [36m</svg>[31m
          [36m<h3[31m
            [33mclass[31m=[32m"text-2xl font-bold text-gray-900 dark:text-slate-100"[31m
            [33mid[31m=[32m"conference-management-heading"[31m
          [36m>[31m
            [0mConferences[0m
          [36m</h3>[31m
        [36m</div>[31m
        [36m<button[31m
          [33maria-expanded[31m=[32m"false"[31m
          [33maria-label[31m=[32m"Show add conference form"[31m
          [33mclass[31m=[32m"inline-flex items-center gap-2 rounded-lg bg-blue-600 px-4 py-2 text-sm font-semibold text-white hover:bg-blue-700 transition-colors disabled:bg-blue-400 disabled:cursor-not-allowed dark:bg-blue-600 dark:hover:bg-blue-700"[31m
          [33mtype[31m=[32m"button"[31m
        [36m>[31m
          [36m<svg[31m
            [33maria-hidden[31m=[32m"true"[31m
            [33mclass[31m=[32m"lucide lucide-plus"[31m
            [33mfill[31m=[32m"none"[31m
            [33mheight[31m=[32m"18"[31m
            [33mstroke[31m=[32m"currentColor"[31m
            [33mstroke-linecap[31m=[32m"round"[31m
            [33mstroke-linejoin[31m=[32m"round"[31m
            [33mstroke-width[31m=[32m"2"[31m
            [33mviewBox[31m=[32m"0 0 24 24"[31m
            [33mwidth[31m=[32m"18"[31m
            [33mxmlns[31m=[32m"http://www.w3.org/2000/svg"[31m
          [36m>[31m
            [36m<path[31m
              [33md[31m=[32m"M5 12h14"[31m
            [36m/>[31m
            [36m<path[31m
              [33md[31m=[32m"M12 5v14"[31m
            [36m/>[31m
          [36m</svg>[31m
          [0mAdd Conference[0m
        [36m</button>[31m
      [36m</div>[31m
      [36m<div[31m
        [33maria-label[31m=[32m"No conferences added yet"[31m
        [33mclass[31m=[32m"text-center py-8 text-gray-500 dark:text-slate-400"[31m
        [33mrole[31m=[32m"status"[31m
      [36m>[31m
        [36m<p[31m
          [33mclass[31m=[32m"text-sm"[31m
        [36m>[31m
          [0mNo conferences yet. Add one to get started![0m
        [36m</p>[31m
      [36m</div>[31m
    [36m</section>[31m
  [36m</div>[31m
[36m</body>[31m

Ignored nodes: comments, script, style
[36m<html>[31m
  [36m<head />[31m
  [36m<body>[31m
    [36m<div>[31m
      [36m<section[31m
        [33maria-labelledby[31m=[32m"conference-management-heading"[31m
        [33mclass[31m=[32m"rounded-xl border border-gray-200 bg-white p-6 shadow-sm dark:border-slate-800 dark:bg-slate-900"[31m
      [36m>[31m
        [36m<div[31m
          [33mclass[31m=[32m"flex items-center justify-between mb-6"[31m
        [36m>[31m
          [36m<div[31m
            [33mclass[31m=[32m"flex items-center gap-3"[31m
          [36m>[31m
            [36m<svg[31m
              [33maria-hidden[31m=[32m"true"[31m
              [33mclass[31m=[32m"lucide lucide-calendar text-blue-600 dark:text-blue-400"[31m
              [33mfill[31m=[32m"none"[31m
              [33mheight[31m=[32m"24"[31m
              [33mstroke[31m=[32m"currentColor"[31m
              [33mstroke-linecap[31m=[32m"round"[31m
              [33mstroke-linejoin[31m=[32m"round"[31m
              [33mstroke-width[31m=[32m"2"[31m
              [33mviewBox[31m=[32m"0 0 24 24"[31m
              [33mwidth[31m=[32m"24"[31m
              [33mxmlns[31m=[32m"http://www.w3.org/2000/svg"[31m
            [36m>[31m
              [36m<path[31m
                [33md[31m=[32m"M8 2v4"[31m
              [36m/>[31m
              [36m<path[31m
                [33md[31m=[32m"M16 2v4"[31m
              [36m/>[31m
              [36m<rect[31m
                [33mheight[31m=[32m"18"[31m
                [33mrx[31m=[32m"2"[31m
                [33mwidth[31m=[32m"18"[31m
                [33mx[31m=[32m"3"[31m
                [33my[31m=[32m"4"[31m
              [36m/>[31m
              [36m<path[31m
                [33md[31m=[32m"M3 10h18"[31m
              [36m/>[31m
            [36m</svg>[31m
            [36m<h3[31m
              [33mclass[31m=[32m"text-2xl font-bold text-gray-900 dark:text-slate-100"[31m
              [33mid[31m=[32m"conference-management-heading"[31m
            [36m>[31m
              [0mConferences[0m
            [36m</h3>[31m
          [36m</div>[31m
          [36m<button[31m
            [33maria-expanded[31m=[32m"false"[31m
            [33maria-label[31m=[32m"Show add conference form"[31m
            [33mclass[31m=[32m"inline-flex items-center gap-2 rounded-lg bg-blue-600 px-4 py-2 text-sm font-semibold text-white hover:bg-blue-700 transition-colors disabled:bg-blue-400 disabled:cursor-not-allowed dark:bg-blue-600 dark:hover:bg-blue-700"[31m
            [33mtype[31m=[32m"button"[31m
          [36m>[31m
            [36m<svg[31m
              [33maria-hidden[31m=[32m"true"[31m
              [33mclass[31m=[32m"lucide lucide-plus"[31m
              [33mfill[31m=[32m"none"[31m
              [33mheight[31m=[32m"18"[31m
              [33mstroke[31m=[32m"currentColor"[31m
              [33mstroke-linecap[31m=[32m"round"[31m
              [33mstroke-linejoin[31m=[32m"round"[31m
              [33mstroke-width[31m=[32m"2"[31m
              [33mviewBox[31m=[32m"0 0 24 24"[31m
              [33mwidth[31m=[32m"18"[31m
              [33mxmlns[31m=[32m"http://www.w3.org/2000/svg"[31m
            [36m>[31m
              [36m<path[31m
                [33md[31m=[32m"M5 12h14"[31m
              [36m/>[31m
              [36m<path[31m
                [33md[31m=[32m"M12 5v14"[31m
              [36m/>[31m
            [36m</svg>[31m
            [0mAdd Conference[0m
          [36m</button>[31m
        [36m</div>[31m
        [36m<div[31m
          [33maria-label[31m=[32m"No conferences added yet"[31m
          [33mclass[31m=[32m"text-center py-8 text-gray-500 dark:text-slate-400"[31m
          [33mrole[31m=[32m"status"[31m
        [36m>[31m
          [36m<p[31m
            [33mclass[31m=[32m"text-sm"[31m
          [36m>[31m
            [0mNo conferences yet. Add one to get started![0m
          [36m</p>[31m
        [36m</div>[31m
      [36m</section>[31m
    [36m</div>[31m
  [36m</body>[31m
[36m</html>[31m[39m
[31m   [31m├ù[31m ConferenceManagement[2m > [22mError Handling[2m > [22mdisplays error when add operation fails[33m 2080[2mms[22m[31m[39m
[31m     ΓåÆ Unable to find an element with the text: Failed to add conference. This could be because the text is broken up by multiple elements. In this case, you can provide a function for your text matcher to make your matcher more flexible.

Ignored nodes: comments, script, style
[36m<body>[31m
  [36m<div>[31m
    [36m<section[31m
      [33maria-labelledby[31m=[32m"conference-management-heading"[31m
      [33mclass[31m=[32m"rounded-xl border border-gray-200 bg-white p-6 shadow-sm dark:border-slate-800 dark:bg-slate-900"[31m
    [36m>[31m
      [36m<div[31m
        [33mclass[31m=[32m"flex items-center justify-between mb-6"[31m
      [36m>[31m
        [36m<div[31m
          [33mclass[31m=[32m"flex items-center gap-3"[31m
        [36m>[31m
          [36m<svg[31m
            [33maria-hidden[31m=[32m"true"[31m
            [33mclass[31m=[32m"lucide lucide-calendar text-blue-600 dark:text-blue-400"[31m
            [33mfill[31m=[32m"none"[31m
            [33mheight[31m=[32m"24"[31m
            [33mstroke[31m=[32m"currentColor"[31m
            [33mstroke-linecap[31m=[32m"round"[31m
            [33mstroke-linejoin[31m=[32m"round"[31m
            [33mstroke-width[31m=[32m"2"[31m
            [33mviewBox[31m=[32m"0 0 24 24"[31m
            [33mwidth[31m=[32m"24"[31m
            [33mxmlns[31m=[32m"http://www.w3.org/2000/svg"[31m
          [36m>[31m
            [36m<path[31m
              [33md[31m=[32m"M8 2v4"[31m
            [36m/>[31m
            [36m<path[31m
              [33md[31m=[32m"M16 2v4"[31m
            [36m/>[31m
            [36m<rect[31m
              [33mheight[31m=[32m"18"[31m
              [33mrx[31m=[32m"2"[31m
              [33mwidth[31m=[32m"18"[31m
              [33mx[31m=[32m"3"[31m
              [33my[31m=[32m"4"[31m
            [36m/>[31m
            [36m<path[31m
              [33md[31m=[32m"M3 10h18"[31m
            [36m/>[31m
          [36m</svg>[31m
          [36m<h3[31m
            [33mclass[31m=[32m"text-2xl font-bold text-gray-900 dark:text-slate-100"[31m
            [33mid[31m=[32m"conference-management-heading"[31m
          [36m>[31m
            [0mConferences[0m
          [36m</h3>[31m
        [36m</div>[31m
        [36m<button[31m
          [33maria-expanded[31m=[32m"true"[31m
          [33maria-label[31m=[32m"Hide add conference form"[31m
          [33mclass[31m=[32m"inline-flex items-center gap-2 rounded-lg bg-blue-600 px-4 py-2 text-sm font-semibold text-white hover:bg-blue-700 transition-colors disabled:bg-blue-400 disabled:cursor-not-allowed dark:bg-blue-600 dark:hover:bg-blue-700"[31m
          [33mtype[31m=[32m"button"[31m
        [36m>[31m
          [36m<svg[31m
            [33maria-hidden[31m=[32m"true"[31m
            [33mclass[31m=[32m"lucide lucide-plus"[31m
            [33mfill[31m=[32m"none"[31m
            [33mheight[31m=[32m"18"[31m
            [33mstroke[31m=[32m"currentColor"[31m
            [33mstroke-linecap[31m=[32m"round"[31m
            [33mstroke-linejoin[31m=[32m"round"[31m
            [33mstroke-width[31m=[32m"2"[31m
            [33mviewBox[31m=[32m"0 0 24 24"[31m
            [33mwidth[31m=[32m"18"[31m
            [33mxmlns[31m=[32m"http://www.w3.org/2000/svg"[31m
          [36m>[31m
            [36m<path[31m
              [33md[31m=[32m"M5 12h14"[31m
            [36m/>[31m
            [36m<path[31m
              [33md[31m=[32m"M12 5v14"[31m
            [36m/>[31m
          [36m</svg>[31m
          [0mCancel[0m
        [36m</button>[31m
      [36m</div>[31m
      [36m<div[31m
        [33mclass[31m=[32m"mb-6 rounded-lg bg-gray-50 p-4 border border-gray-200 dark:bg-slate-800 dark:border-slate-700"[31m
      [36m>[31m
        [36m<form[31m
          [33mclass[31m=[32m"space-y-4"[31m
        [36m>[31m
          [36m<div[31m
            [33mclass[31m=[32m"grid grid-cols-1 sm:grid-cols-2 gap-4"[31m
          [36m>[31m
            [36m<div[31m
              [33mclass[31m=[32m"space-y-2"[31m
            [36m>[31m
              [36m<label[31m
                [33mclass[31m=[32m"block text-sm font-semibold text-gray-700 dark:text-gray-300"[31m
                [33mfor[31m=[32m"title-:ru:"[31m
              [36m>[31m
                [0mConference Title[0m
              [36m</label>[31m
              [36m<div[31m
                [33mclass[31m=[32m"relative group"[31m
              [36m>[31m
                [36m<input[31m
                  [33maria-invalid[31m=[32m"false"[31m
                  [33maria-required[31m=[32m"true"[31m
                  [33mclass[31m=[32m"
    w-full pl-4 pr-4 py-2.5 
    bg-gray-50 border rounded-xl 
    focus:bg-white focus:ring-2 focus:ring-blue-500 focus:border-blue-500 
    outline-none transition-all duration-200 
    border-gray-200 hover:border-gray-300
    dark:bg-gray-800 dark:border-gray-700 dark:text-white dark:focus:bg-gray-700
   "[31m
                  [33mid[31m=[32m"title-:ru:"[31m
                  [33mname[31m=[32m"title"[31m
                  [33mplaceholder[31m=[32m"e.g., Tech Summit 2024"[31m
                  [33mrequired[31m=[32m""[31m
                [36m/>[31m
              [36m</div>[31m
            [36m</div>[31m
            [36m<div[31m
              [33mclass[31m=[32m"space-y-2"[31m
            [36m>[31m
              [36m<label[31m
                [33mclass[31m=[32m"block text-sm font-semibold text-gray-700 dark:text-gray-300"[31m
                [33mfor[31m=[32m"role-:rv:"[31m
              [36m>[31m
                [0mYour Role[0m
              [36m</label>[31m
              [36m<div[31m
                [33mclass[31m=[32m"relative group"[31m
              [36m>[31m
                [36m<select[31m
                  [33maria-invalid[31m=[32m"false"[31m
                  [33maria-required[31m=[32m"true"[31m
                  [33mclass[31m=[32m"
    w-full pl-4 pr-4 py-2.5 
    bg-gray-50 border rounded-xl 
    focus:bg-white focus:ring-2 focus:ring-blue-500 focus:border-blue-500 
    outline-none transition-all duration-200 
    border-gray-200 hover:border-gray-300
    dark:bg-gray-800 dark:border-gray-700 dark:text-white dark:focus:bg-gray-700
   "[31m
                  [33mid[31m=[32m"role-:rv:"[31m
                  [33mname[31m=[32m"role"[31m
                  [33mrequired[31m=[32m""[31m
                [36m>[31m
                  [36m<option[31m
                    [33mvalue[31m=[32m"attendee"[31m
                  [36m>[31m
                    [0mAttendee[0m
                  [36m</option>[31m
                  [36m<option[31m
                    [33mvalue[31m=[32m"speaker"[31m
                  [36m>[31m
                    [0mSpeaker[0m
                  [36m</option>[31m
                  [36m<option[31m
                    [33mvalue[31m=[32m"organizer"[31m
                  [36m>[31m
                    [0mOrganizer[0m
                  [36m</option>[31m
                [36m</select>[31m
              [36m</div>[31m
   ...

Ignored nodes: comments, script, style
[36m<html>[31m
  [36m<head />[31m
  [36m<body>[31m
    [36m<div>[31m
      [36m<section[31m
        [33maria-labelledby[31m=[32m"conference-management-heading"[31m
        [33mclass[31m=[32m"rounded-xl border border-gray-200 bg-white p-6 shadow-sm dark:border-slate-800 dark:bg-slate-900"[31m
      [36m>[31m
        [36m<div[31m
          [33mclass[31m=[32m"flex items-center justify-between mb-6"[31m
        [36m>[31m
          [36m<div[31m
            [33mclass[31m=[32m"flex items-center gap-3"[31m
          [36m>[31m
            [36m<svg[31m
              [33maria-hidden[31m=[32m"true"[31m
              [33mclass[31m=[32m"lucide lucide-calendar text-blue-600 dark:text-blue-400"[31m
              [33mfill[31m=[32m"none"[31m
              [33mheight[31m=[32m"24"[31m
              [33mstroke[31m=[32m"currentColor"[31m
              [33mstroke-linecap[31m=[32m"round"[31m
              [33mstroke-linejoin[31m=[32m"round"[31m
              [33mstroke-width[31m=[32m"2"[31m
              [33mviewBox[31m=[32m"0 0 24 24"[31m
              [33mwidth[31m=[32m"24"[31m
              [33mxmlns[31m=[32m"http://www.w3.org/2000/svg"[31m
            [36m>[31m
              [36m<path[31m
                [33md[31m=[32m"M8 2v4"[31m
              [36m/>[31m
              [36m<path[31m
                [33md[31m=[32m"M16 2v4"[31m
              [36m/>[31m
              [36m<rect[31m
                [33mheight[31m=[32m"18"[31m
                [33mrx[31m=[32m"2"[31m
                [33mwidth[31m=[32m"18"[31m
                [33mx[31m=[32m"3"[31m
                [33my[31m=[32m"4"[31m
              [36m/>[31m
              [36m<path[31m
                [33md[31m=[32m"M3 10h18"[31m
              [36m/>[31m
            [36m</svg>[31m
            [36m<h3[31m
              [33mclass[31m=[32m"text-2xl font-bold text-gray-900 dark:text-slate-100"[31m
              [33mid[31m=[32m"conference-management-heading"[31m
            [36m>[31m
              [0mConferences[0m
            [36m</h3>[31m
          [36m</div>[31m
          [36m<button[31m
            [33maria-expanded[31m=[32m"true"[31m
            [33maria-label[31m=[32m"Hide add conference form"[31m
            [33mclass[31m=[32m"inline-flex items-center gap-2 rounded-lg bg-blue-600 px-4 py-2 text-sm font-semibold text-white hover:bg-blue-700 transition-colors disabled:bg-blue-400 disabled:cursor-not-allowed dark:bg-blue-600 dark:hover:bg-blue-700"[31m
            [33mtype[31m=[32m"button"[31m
          [36m>[31m
            [36m<svg[31m
              [33maria-hidden[31m=[32m"true"[31m
              [33mclass[31m=[32m"lucide lucide-plus"[31m
              [33mfill[31m=[32m"none"[31m
              [33mheight[31m=[32m"18"[31m
              [33mstroke[31m=[32m"currentColor"[31m
              [33mstroke-linecap[31m=[32m"round"[31m
              [33mstroke-linejoin[31m=[32m"round"[31m
              [33mstroke-width[31m=[32m"2"[31m
              [33mviewBox[31m=[32m"0 0 24 24"[31m
              [33mwidth[31m=[32m"18"[31m
              [33mxmlns[31m=[32m"http://www.w3.org/2000/svg"[31m
            [36m>[31m
              [36m<path[31m
                [33md[31m=[32m"M5 12h14"[31m
              [36m/>[31m
              [36m<path[31m
                [33md[31m=[32m"M12 5v14"[31m
              [36m/>[31m
            [36m</svg>[31m
            [0mCancel[0m
          [36m</button>[31m
        [36m</div>[31m
        [36m<div[31m
          [33mclass[31m=[32m"mb-6 rounded-lg bg-gray-50 p-4 border border-gray-200 dark:bg-slate-800 dark:border-slate-700"[31m
        [36m>[31m
          [36m<form[31m
            [33mclass[31m=[32m"space-y-4"[31m
          [36m>[31m
            [36m<div[31m
              [33mclass[31m=[32m"grid grid-cols-1 sm:grid-cols-2 gap-4"[31m
            [36m>[31m
              [36m<div[31m
                [33mclass[31m=[32m"space-y-2"[31m
              [36m>[31m
                [36m<label[31m
                  [33mclass[31m=[32m"block text-sm font-semibold text-gray-700 dark:text-gray-300"[31m
                  [33mfor[31m=[32m"title-:ru:"[31m
                [36m>[31m
                  [0mConference Title[0m
                [36m</label>[31m
                [36m<div[31m
                  [33mclass[31m=[32m"relative group"[31m
                [36m>[31m
                  [36m<input[31m
                    [33maria-invalid[31m=[32m"false"[31m
                    [33maria-required[31m=[32m"true"[31m
                    [33mclass[31m=[32m"
    w-full pl-4 pr-4 py-2.5 
    bg-gray-50 border rounded-xl 
    focus:bg-white focus:ring-2 focus:ring-blue-500 focus:border-blue-500 
    outline-none transition-all duration-200 
    border-gray-200 hover:border-gray-300
    dark:bg-gray-800 dark:border-gray-700 dark:text-white dark:focus:bg-gray-700
   "[31m
                    [33mid[31m=[32m"title-:ru:"[31m
                    [33mname[31m=[32m"title"[31m
                    [33mplaceholder[31m=[32m"e.g., Tech Summit 2024"[31m
                    [33mrequired[31m=[32m""[31m
                  [36m/>[31m
                [36m</div>[31m
              [36m</div>[31m
              [36m<div[31m
                [33mclass[31m=[32m"space-y-2"[31m
              [36m>[31m
                [36m<label[31m
                  [33mclass[31m=[32m"block text-sm font-semibold text-gray-700 dark:text-gray-300"[31m
                  [33mfor[31m=[32m"role-:rv:"[31m
                [36m>[31m
                  [0mYour Role[0m
                [36m</label>[31m
                [36m<div[31m
                  [33mclass[31m=[32m"relative group"[31m
                [36m>[31m
                  [36m<select[31m
                    [33maria-invalid[31m=[32m"false"[31m
                    [33maria-required[31m=[32m"true"[31m
                    [33mclass[31m=[32m"
    w-full pl-4 pr-4 py-2.5 
    bg-gray-50 border rounded-xl 
    focus:bg-white focus:ring-2 focus:ring-blue-500 focus:border-blue-500 
    outline-none transition-all duration-200 
    border-gray-200 hover:border-gray-300
    dark:bg-gray-800 dark:border-gray-700 dark:text-white dark:focus:bg-gray-700
   "[31m
                    [33mid[31m=[32m"role-:rv:"[31m
                    [33mname[31m=[32m"role"[31m
                    [33mrequired[31m=[32m""[31m
                  [36m>[31m
                    [36m<option[31m
                      [33mvalue[31m=[32m"attendee"[31m
                    [36m>[31m
                      [0mAttendee[0m
                    [36m</option>[31m
                    [36m<option[31m
                      [33mvalue[31m=[32m"speaker"[31m
                    [36m>[31m
                      [0mSpea...[39m
[31m   [31m├ù[31m ConferenceManagement[2m > [22mLoading States[2m > [22mdisables buttons during loading[33m 990[2mms[22m[31m[39m
[31m     ΓåÆ [2mexpect([22m[31melement[31m[2m).toHaveTextContent()[22m

Expected element to have text content:
[32m  /saving/i[31m
Received:
[31m  Add Conference[31m[39m
[31m   [31m├ù[31m ConferenceManagement[2m > [22mAccessibility[2m > [22mdelete buttons have descriptive aria-labels[33m 1029[2mms[22m[31m[39m
[31m     ΓåÆ Unable to find an element with the text: Tech Summit 2024. This could be because the text is broken up by multiple elements. In this case, you can provide a function for your text matcher to make your matcher more flexible.

Ignored nodes: comments, script, style
[36m<body>[31m
  [36m<div>[31m
    [36m<section[31m
      [33maria-labelledby[31m=[32m"conference-management-heading"[31m
      [33mclass[31m=[32m"rounded-xl border border-gray-200 bg-white p-6 shadow-sm dark:border-slate-800 dark:bg-slate-900"[31m
    [36m>[31m
      [36m<div[31m
        [33mclass[31m=[32m"flex items-center justify-between mb-6"[31m
      [36m>[31m
        [36m<div[31m
          [33mclass[31m=[32m"flex items-center gap-3"[31m
        [36m>[31m
          [36m<svg[31m
            [33maria-hidden[31m=[32m"true"[31m
            [33mclass[31m=[32m"lucide lucide-calendar text-blue-600 dark:text-blue-400"[31m
            [33mfill[31m=[32m"none"[31m
            [33mheight[31m=[32m"24"[31m
            [33mstroke[31m=[32m"currentColor"[31m
            [33mstroke-linecap[31m=[32m"round"[31m
            [33mstroke-linejoin[31m=[32m"round"[31m
            [33mstroke-width[31m=[32m"2"[31m
            [33mviewBox[31m=[32m"0 0 24 24"[31m
            [33mwidth[31m=[32m"24"[31m
            [33mxmlns[31m=[32m"http://www.w3.org/2000/svg"[31m
          [36m>[31m
            [36m<path[31m
              [33md[31m=[32m"M8 2v4"[31m
            [36m/>[31m
            [36m<path[31m
              [33md[31m=[32m"M16 2v4"[31m
            [36m/>[31m
            [36m<rect[31m
              [33mheight[31m=[32m"18"[31m
              [33mrx[31m=[32m"2"[31m
              [33mwidth[31m=[32m"18"[31m
              [33mx[31m=[32m"3"[31m
              [33my[31m=[32m"4"[31m
            [36m/>[31m
            [36m<path[31m
              [33md[31m=[32m"M3 10h18"[31m
            [36m/>[31m
          [36m</svg>[31m
          [36m<h3[31m
            [33mclass[31m=[32m"text-2xl font-bold text-gray-900 dark:text-slate-100"[31m
            [33mid[31m=[32m"conference-management-heading"[31m
          [36m>[31m
            [0mConferences[0m
          [36m</h3>[31m
        [36m</div>[31m
        [36m<button[31m
          [33maria-expanded[31m=[32m"false"[31m
          [33maria-label[31m=[32m"Show add conference form"[31m
          [33mclass[31m=[32m"inline-flex items-center gap-2 rounded-lg bg-blue-600 px-4 py-2 text-sm font-semibold text-white hover:bg-blue-700 transition-colors disabled:bg-blue-400 disabled:cursor-not-allowed dark:bg-blue-600 dark:hover:bg-blue-700"[31m
          [33mtype[31m=[32m"button"[31m
        [36m>[31m
          [36m<svg[31m
            [33maria-hidden[31m=[32m"true"[31m
            [33mclass[31m=[32m"lucide lucide-plus"[31m
            [33mfill[31m=[32m"none"[31m
            [33mheight[31m=[32m"18"[31m
            [33mstroke[31m=[32m"currentColor"[31m
            [33mstroke-linecap[31m=[32m"round"[31m
            [33mstroke-linejoin[31m=[32m"round"[31m
            [33mstroke-width[31m=[32m"2"[31m
            [33mviewBox[31m=[32m"0 0 24 24"[31m
            [33mwidth[31m=[32m"18"[31m
            [33mxmlns[31m=[32m"http://www.w3.org/2000/svg"[31m
          [36m>[31m
            [36m<path[31m
              [33md[31m=[32m"M5 12h14"[31m
            [36m/>[31m
            [36m<path[31m
              [33md[31m=[32m"M12 5v14"[31m
            [36m/>[31m
          [36m</svg>[31m
          [0mAdd Conference[0m
        [36m</button>[31m
      [36m</div>[31m
      [36m<div[31m
        [33maria-label[31m=[32m"No conferences added yet"[31m
        [33mclass[31m=[32m"text-center py-8 text-gray-500 dark:text-slate-400"[31m
        [33mrole[31m=[32m"status"[31m
      [36m>[31m
        [36m<p[31m
          [33mclass[31m=[32m"text-sm"[31m
        [36m>[31m
          [0mNo conferences yet. Add one to get started![0m
        [36m</p>[31m
      [36m</div>[31m
    [36m</section>[31m
  [36m</div>[31m
[36m</body>[31m

Ignored nodes: comments, script, style
[36m<html>[31m
  [36m<head />[31m
  [36m<body>[31m
    [36m<div>[31m
      [36m<section[31m
        [33maria-labelledby[31m=[32m"conference-management-heading"[31m
        [33mclass[31m=[32m"rounded-xl border border-gray-200 bg-white p-6 shadow-sm dark:border-slate-800 dark:bg-slate-900"[31m
      [36m>[31m
        [36m<div[31m
          [33mclass[31m=[32m"flex items-center justify-between mb-6"[31m
        [36m>[31m
          [36m<div[31m
            [33mclass[31m=[32m"flex items-center gap-3"[31m
          [36m>[31m
            [36m<svg[31m
              [33maria-hidden[31m=[32m"true"[31m
              [33mclass[31m=[32m"lucide lucide-calendar text-blue-600 dark:text-blue-400"[31m
              [33mfill[31m=[32m"none"[31m
              [33mheight[31m=[32m"24"[31m
              [33mstroke[31m=[32m"currentColor"[31m
              [33mstroke-linecap[31m=[32m"round"[31m
              [33mstroke-linejoin[31m=[32m"round"[31m
              [33mstroke-width[31m=[32m"2"[31m
              [33mviewBox[31m=[32m"0 0 24 24"[31m
              [33mwidth[31m=[32m"24"[31m
              [33mxmlns[31m=[32m"http://www.w3.org/2000/svg"[31m
            [36m>[31m
              [36m<path[31m
                [33md[31m=[32m"M8 2v4"[31m
              [36m/>[31m
              [36m<path[31m
                [33md[31m=[32m"M16 2v4"[31m
              [36m/>[31m
              [36m<rect[31m
                [33mheight[31m=[32m"18"[31m
                [33mrx[31m=[32m"2"[31m
                [33mwidth[31m=[32m"18"[31m
                [33mx[31m=[32m"3"[31m
                [33my[31m=[32m"4"[31m
              [36m/>[31m
              [36m<path[31m
                [33md[31m=[32m"M3 10h18"[31m
              [36m/>[31m
            [36m</svg>[31m
            [36m<h3[31m
              [33mclass[31m=[32m"text-2xl font-bold text-gray-900 dark:text-slate-100"[31m
              [33mid[31m=[32m"conference-management-heading"[31m
            [36m>[31m
              [0mConferences[0m
            [36m</h3>[31m
          [36m</div>[31m
          [36m<button[31m
            [33maria-expanded[31m=[32m"false"[31m
            [33maria-label[31m=[32m"Show add conference form"[31m
            [33mclass[31m=[32m"inline-flex items-center gap-2 rounded-lg bg-blue-600 px-4 py-2 text-sm font-semibold text-white hover:bg-blue-700 transition-colors disabled:bg-blue-400 disabled:cursor-not-allowed dark:bg-blue-600 dark:hover:bg-blue-700"[31m
            [33mtype[31m=[32m"button"[31m
          [36m>[31m
            [36m<svg[31m
              [33maria-hidden[31m=[32m"true"[31m
              [33mclass[31m=[32m"lucide lucide-plus"[31m
              [33mfill[31m=[32m"none"[31m
              [33mheight[31m=[32m"18"[31m
              [33mstroke[31m=[32m"currentColor"[31m
              [33mstroke-linecap[31m=[32m"round"[31m
              [33mstroke-linejoin[31m=[32m"round"[31m
              [33mstroke-width[31m=[32m"2"[31m
              [33mviewBox[31m=[32m"0 0 24 24"[31m
              [33mwidth[31m=[32m"18"[31m
              [33mxmlns[31m=[32m"http://www.w3.org/2000/svg"[31m
            [36m>[31m
              [36m<path[31m
                [33md[31m=[32m"M5 12h14"[31m
              [36m/>[31m
              [36m<path[31m
                [33md[31m=[32m"M12 5v14"[31m
              [36m/>[31m
            [36m</svg>[31m
            [0mAdd Conference[0m
          [36m</button>[31m
        [36m</div>[31m
        [36m<div[31m
          [33maria-label[31m=[32m"No conferences added yet"[31m
          [33mclass[31m=[32m"text-center py-8 text-gray-500 dark:text-slate-400"[31m
          [33mrole[31m=[32m"status"[31m
        [36m>[31m
          [36m<p[31m
            [33mclass[31m=[32m"text-sm"[31m
          [36m>[31m
            [0mNo conferences yet. Add one to get started![0m
          [36m</p>[31m
        [36m</div>[31m
      [36m</section>[31m
    [36m</div>[31m
  [36m</body>[31m
[36m</html>[31m[39m
[31m   [31m├ù[31m ConferenceManagement[2m > [22mAccessibility[2m > [22medit buttons have descriptive aria-labels[33m 1068[2mms[22m[31m[39m
[31m     ΓåÆ Unable to find an element with the text: Tech Summit 2024. This could be because the text is broken up by multiple elements. In this case, you can provide a function for your text matcher to make your matcher more flexible.

Ignored nodes: comments, script, style
[36m<body>[31m
  [36m<div>[31m
    [36m<section[31m
      [33maria-labelledby[31m=[32m"conference-management-heading"[31m
      [33mclass[31m=[32m"rounded-xl border border-gray-200 bg-white p-6 shadow-sm dark:border-slate-800 dark:bg-slate-900"[31m
    [36m>[31m
      [36m<div[31m
        [33mclass[31m=[32m"flex items-center justify-between mb-6"[31m
      [36m>[31m
        [36m<div[31m
          [33mclass[31m=[32m"flex items-center gap-3"[31m
        [36m>[31m
          [36m<svg[31m
            [33maria-hidden[31m=[32m"true"[31m
            [33mclass[31m=[32m"lucide lucide-calendar text-blue-600 dark:text-blue-400"[31m
            [33mfill[31m=[32m"none"[31m
            [33mheight[31m=[32m"24"[31m
            [33mstroke[31m=[32m"currentColor"[31m
            [33mstroke-linecap[31m=[32m"round"[31m
            [33mstroke-linejoin[31m=[32m"round"[31m
            [33mstroke-width[31m=[32m"2"[31m
            [33mviewBox[31m=[32m"0 0 24 24"[31m
            [33mwidth[31m=[32m"24"[31m
            [33mxmlns[31m=[32m"http://www.w3.org/2000/svg"[31m
          [36m>[31m
            [36m<path[31m
              [33md[31m=[32m"M8 2v4"[31m
            [36m/>[31m
            [36m<path[31m
              [33md[31m=[32m"M16 2v4"[31m
            [36m/>[31m
            [36m<rect[31m
              [33mheight[31m=[32m"18"[31m
              [33mrx[31m=[32m"2"[31m
              [33mwidth[31m=[32m"18"[31m
              [33mx[31m=[32m"3"[31m
              [33my[31m=[32m"4"[31m
            [36m/>[31m
            [36m<path[31m
              [33md[31m=[32m"M3 10h18"[31m
            [36m/>[31m
          [36m</svg>[31m
          [36m<h3[31m
            [33mclass[31m=[32m"text-2xl font-bold text-gray-900 dark:text-slate-100"[31m
            [33mid[31m=[32m"conference-management-heading"[31m
          [36m>[31m
            [0mConferences[0m
          [36m</h3>[31m
        [36m</div>[31m
        [36m<button[31m
          [33maria-expanded[31m=[32m"false"[31m
          [33maria-label[31m=[32m"Show add conference form"[31m
          [33mclass[31m=[32m"inline-flex items-center gap-2 rounded-lg bg-blue-600 px-4 py-2 text-sm font-semibold text-white hover:bg-blue-700 transition-colors disabled:bg-blue-400 disabled:cursor-not-allowed dark:bg-blue-600 dark:hover:bg-blue-700"[31m
          [33mtype[31m=[32m"button"[31m
        [36m>[31m
          [36m<svg[31m
            [33maria-hidden[31m=[32m"true"[31m
            [33mclass[31m=[32m"lucide lucide-plus"[31m
            [33mfill[31m=[32m"none"[31m
            [33mheight[31m=[32m"18"[31m
            [33mstroke[31m=[32m"currentColor"[31m
            [33mstroke-linecap[31m=[32m"round"[31m
            [33mstroke-linejoin[31m=[32m"round"[31m
            [33mstroke-width[31m=[32m"2"[31m
            [33mviewBox[31m=[32m"0 0 24 24"[31m
            [33mwidth[31m=[32m"18"[31m
            [33mxmlns[31m=[32m"http://www.w3.org/2000/svg"[31m
          [36m>[31m
            [36m<path[31m
              [33md[31m=[32m"M5 12h14"[31m
            [36m/>[31m
            [36m<path[31m
              [33md[31m=[32m"M12 5v14"[31m
            [36m/>[31m
          [36m</svg>[31m
          [0mAdd Conference[0m
        [36m</button>[31m
      [36m</div>[31m
      [36m<div[31m
        [33maria-label[31m=[32m"No conferences added yet"[31m
        [33mclass[31m=[32m"text-center py-8 text-gray-500 dark:text-slate-400"[31m
        [33mrole[31m=[32m"status"[31m
      [36m>[31m
        [36m<p[31m
          [33mclass[31m=[32m"text-sm"[31m
        [36m>[31m
          [0mNo conferences yet. Add one to get started![0m
        [36m</p>[31m
      [36m</div>[31m
    [36m</section>[31m
  [36m</div>[31m
[36m</body>[31m

Ignored nodes: comments, script, style
[36m<html>[31m
  [36m<head />[31m
  [36m<body>[31m
    [36m<div>[31m
      [36m<section[31m
        [33maria-labelledby[31m=[32m"conference-management-heading"[31m
        [33mclass[31m=[32m"rounded-xl border border-gray-200 bg-white p-6 shadow-sm dark:border-slate-800 dark:bg-slate-900"[31m
      [36m>[31m
        [36m<div[31m
          [33mclass[31m=[32m"flex items-center justify-between mb-6"[31m
        [36m>[31m
          [36m<div[31m
            [33mclass[31m=[32m"flex items-center gap-3"[31m
          [36m>[31m
            [36m<svg[31m
              [33maria-hidden[31m=[32m"true"[31m
              [33mclass[31m=[32m"lucide lucide-calendar text-blue-600 dark:text-blue-400"[31m
              [33mfill[31m=[32m"none"[31m
              [33mheight[31m=[32m"24"[31m
              [33mstroke[31m=[32m"currentColor"[31m
              [33mstroke-linecap[31m=[32m"round"[31m
              [33mstroke-linejoin[31m=[32m"round"[31m
              [33mstroke-width[31m=[32m"2"[31m
              [33mviewBox[31m=[32m"0 0 24 24"[31m
              [33mwidth[31m=[32m"24"[31m
              [33mxmlns[31m=[32m"http://www.w3.org/2000/svg"[31m
            [36m>[31m
              [36m<path[31m
                [33md[31m=[32m"M8 2v4"[31m
              [36m/>[31m
              [36m<path[31m
                [33md[31m=[32m"M16 2v4"[31m
              [36m/>[31m
              [36m<rect[31m
                [33mheight[31m=[32m"18"[31m
                [33mrx[31m=[32m"2"[31m
                [33mwidth[31m=[32m"18"[31m
                [33mx[31m=[32m"3"[31m
                [33my[31m=[32m"4"[31m
              [36m/>[31m
              [36m<path[31m
                [33md[31m=[32m"M3 10h18"[31m
              [36m/>[31m
            [36m</svg>[31m
            [36m<h3[31m
              [33mclass[31m=[32m"text-2xl font-bold text-gray-900 dark:text-slate-100"[31m
              [33mid[31m=[32m"conference-management-heading"[31m
            [36m>[31m
              [0mConferences[0m
            [36m</h3>[31m
          [36m</div>[31m
          [36m<button[31m
            [33maria-expanded[31m=[32m"false"[31m
            [33maria-label[31m=[32m"Show add conference form"[31m
            [33mclass[31m=[32m"inline-flex items-center gap-2 rounded-lg bg-blue-600 px-4 py-2 text-sm font-semibold text-white hover:bg-blue-700 transition-colors disabled:bg-blue-400 disabled:cursor-not-allowed dark:bg-blue-600 dark:hover:bg-blue-700"[31m
            [33mtype[31m=[32m"button"[31m
          [36m>[31m
            [36m<svg[31m
              [33maria-hidden[31m=[32m"true"[31m
              [33mclass[31m=[32m"lucide lucide-plus"[31m
              [33mfill[31m=[32m"none"[31m
              [33mheight[31m=[32m"18"[31m
              [33mstroke[31m=[32m"currentColor"[31m
              [33mstroke-linecap[31m=[32m"round"[31m
              [33mstroke-linejoin[31m=[32m"round"[31m
              [33mstroke-width[31m=[32m"2"[31m
              [33mviewBox[31m=[32m"0 0 24 24"[31m
              [33mwidth[31m=[32m"18"[31m
              [33mxmlns[31m=[32m"http://www.w3.org/2000/svg"[31m
            [36m>[31m
              [36m<path[31m
                [33md[31m=[32m"M5 12h14"[31m
              [36m/>[31m
              [36m<path[31m
                [33md[31m=[32m"M12 5v14"[31m
              [36m/>[31m
            [36m</svg>[31m
            [0mAdd Conference[0m
          [36m</button>[31m
        [36m</div>[31m
        [36m<div[31m
          [33maria-label[31m=[32m"No conferences added yet"[31m
          [33mclass[31m=[32m"text-center py-8 text-gray-500 dark:text-slate-400"[31m
          [33mrole[31m=[32m"status"[31m
        [36m>[31m
          [36m<p[31m
            [33mclass[31m=[32m"text-sm"[31m
          [36m>[31m
            [0mNo conferences yet. Add one to get started![0m
          [36m</p>[31m
        [36m</div>[31m
      [36m</section>[31m
    [36m</div>[31m
  [36m</body>[31m
[36m</html>[31m[39m
   [33m[2mΓ£ô[22m[39m ConferenceManagement[2m > [22mAccessibility[2m > [22mbutton aria-expanded reflects form visibility [33m331[2mms[22m[39m
 [32mΓ£ô[39m src/testing/ComponentTester.test.tsx [2m([22m[2m26 tests[22m[2m)[22m[33m 4227[2mms[22m[39m
   [33m[2mΓ£ô[22m[39m ComponentTester ΓÇô Button[2m > [22mcalls onClick handler when clicked [33m349[2mms[22m[39m
   [33m[2mΓ£ô[22m[39m ComponentTester ΓÇô Counter[2m > [22maccumulates across multiple clicks [33m747[2mms[22m[39m
   [33m[2mΓ£ô[22m[39m ComponentTester ΓÇô SimpleForm[2m > [22msubmits with the entered value [33m1219[2mms[22m[39m
   [33m[2mΓ£ô[22m[39m ComponentTester ΓÇô SimpleForm[2m > [22mclears input value when user clears it [33m315[2mms[22m[39m
 [32mΓ£ô[39m src/hooks/__tests__/useMutation.test.tsx [2m([22m[2m12 tests[22m[2m)[22m[90m 192[2mms[22m[39m
 [32mΓ£ô[39m src/components/shared/MarkdownRenderer.test.ts [2m([22m[2m29 tests[22m[2m)[22m[90m 41[2mms[22m[39m
 [32mΓ£ô[39m src/testing/visualRegression.test.tsx [2m([22m[2m22 tests[22m[2m)[22m[33m 809[2mms[22m[39m
 [32mΓ£ô[39m src/testing/TestingFramework.test.tsx [2m([22m[2m17 tests[22m[2m)[22m[33m 615[2mms[22m[39m
   [33m[2mΓ£ô[22m[39m TestingFramework ΓÇô Performance[2m > [22mruns 20 suites sequentially in under 500ms [33m303[2mms[22m[39m
 [31mΓ¥»[39m src/app/api/auth/__tests__/email-verification-routes.test.ts [2m([22m[2m0 test[22m[2m)[22m
 [32mΓ£ô[39m src/lib/api/__tests__/batch.test.ts [2m([22m[2m12 tests[22m[2m)[22m[33m 1098[2mms[22m[39m
   [33m[2mΓ£ô[22m[39m useHelpDocumentation[2m > [22mfetchArticles adds new articles on demand [33m347[2mms[22m[39m
[90mstderr[2m | src/hooks/__tests__/useWeb3Wallet.test.ts[2m > 
[22m[2museWeb3Wallet[2m > [22m[2mshould initialize with disconnected state
[22m[39mError: Uncaught [ReferenceError: walletConnectionQueue is not 
defined]
    at reportException (C:\Users\u-adamu\Desktop\memplethee\teachLink_web\node_
modules\jsdom\lib\jsdom\living\helpers\runtime-script-errors.js:66:24)
    at innerInvokeEventListeners (C:\Users\u-adamu\Desktop\memplethee\teachLink
_web\node_modules\jsdom\lib\jsdom\living\events\EventTarget-impl.js:353:9)
    at invokeEventListeners (C:\Users\u-adamu\Desktop\memplethee\teachLink_web\
node_modules\jsdom\lib\jsdom\living\events\EventTarget-impl.js:286:3)
    at HTMLUnknownElementImpl._dispatch (C:\Users\u-adamu\Desktop\memplethee\te
achLink_web\node_modules\jsdom\lib\jsdom\living\events\EventTarget-impl.js:233:
9)
    at HTMLUnknownElementImpl.dispatchEvent (C:\Users\u-adamu\Desktop\memplethe
e\teachLink_web\node_modules\jsdom\lib\jsdom\living\events\EventTarget-impl.js:
104:17)
    at HTMLUnknownElement.dispatchEvent (C:\Users\u-adamu\Desktop\memplethee\te
achLink_web\node_modules\jsdom\lib\jsdom\living\generated\EventTarget.js:241:34
)
    at Object.invokeGuardedCallbackDev (C:\Users\u-adamu\Desktop\memplethee\tea
chLink_web\node_modules\react-dom\cjs\react-dom.development.js:4213:16)
    at invokeGuardedCallback (C:\Users\u-adamu\Desktop\memplethee\teachLink_web
\node_modules\react-dom\cjs\react-dom.development.js:4277:31)
    at beginWork$1 (C:\Users\u-adamu\Desktop\memplethee\teachLink_web\node_modu
les\react-dom\cjs\react-dom.development.js:27490:7)
    at performUnitOfWork (C:\Users\u-adamu\Desktop\memplethee\teachLink_web\nod
e_modules\react-dom\cjs\react-dom.development.js:26599:12) ReferenceError: 
walletConnectionQueue is not defined
    at Module.useWeb3Wallet [90m(C:\Users\u-adamu\Desktop\memplethee\teachLink
_web\[39msrc\hooks\useWeb3Wallet.ts:543:17[90m)[39m
    at [90mC:\Users\u-adamu\Desktop\memplethee\teachLink_web\[39msrc\hooks\__
tests__\useWeb3Wallet.test.ts:55:41
    at TestComponent [90m(C:\Users\u-adamu\Desktop\memplethee\teachLink_web\[
39mnode_modules\[4m@testing-library[24m\react\dist\pure.js:330:27[90m)[39m
    at renderWithHooks [90m(C:\Users\u-adamu\Desktop\memplethee\teachLink_web\
[39mnode_modules\[4mreact-dom[24m\cjs\react-dom.development.js:15486:18[90m
)[39m
    at mountIndeterminateComponent [90m(C:\Users\u-adamu\Desktop\memplethee\te
achLink_web\[39mnode_modules\[4mreact-dom[24m\cjs\react-dom.development.js:2
0103:13[90m)[39m
    at beginWork [90m(C:\Users\u-adamu\Desktop\memplethee\teachLink_web\[39mn
ode_modules\[4mreact-dom[24m\cjs\react-dom.development.js:21626:16[90m)[39m
    at HTMLUnknownElement.callCallback [90m(C:\Users\u-adamu\Desktop\memplethe
e\teachLink_web\[39mnode_modules\[4mreact-dom[24m\cjs\react-dom.development.
js:4164:14[90m)[39m
    at HTMLUnknownElement.callTheUserObjectsOperation [90m(C:\Users\u-adamu\De
sktop\memplethee\teachLink_web\[39mnode_modules\[4mjsdom[24m\lib\jsdom\livin
g\generated\EventListener.js:26:30[90m)[39m
    at innerInvokeEventListeners [90m(C:\Users\u-adamu\Desktop\memplethee\teac
hLink_web\[39mnode_modules\[4mjsdom[24m\lib\jsdom\living\events\EventTarget-
impl.js:350:25[90m)[39m
    at invokeEventListeners [90m(C:\Users\u-adamu\Desktop\memplethee\teachLink
_web\[39mnode_modules\[4mjsdom[24m\lib\jsdom\living\events\EventTarget-impl.
js:286:3[90m)[39m
Error: Uncaught [ReferenceError: walletConnectionQueue is not defined]
    at reportException (C:\Users\u-adamu\Desktop\memplethee\teachLink_web\node_
modules\jsdom\lib\jsdom\living\helpers\runtime-script-errors.js:66:24)
    at innerInvokeEventListeners (C:\Users\u-adamu\Desktop\memplethee\teachLink
_web\node_modules\jsdom\lib\jsdom\living\events\EventTarget-impl.js:353:9)
    at invokeEventListeners (C:\Users\u-adamu\Desktop\memplethee\teachLink_web\
node_modules\jsdom\lib\jsdom\living\events\EventTarget-impl.js:286:3)
    at HTMLUnknownElementImpl._dispatch (C:\Users\u-adamu\Desktop\memplethee\te
achLink_web\node_modules\jsdom\lib\jsdom\living\events\EventTarget-impl.js:233:
9)
    at HTMLUnknownElementImpl.dispatchEvent (C:\Users\u-adamu\Desktop\memplethe
e\teachLink_web\node_modules\jsdom\lib\jsdom\living\events\EventTarget-impl.js:
104:17)
    at HTMLUnknownElement.dispatchEvent (C:\Users\u-adamu\Desktop\memplethee\te
achLink_web\node_modules\jsdom\lib\jsdom\living\generated\EventTarget.js:241:34
)
    at Object.invokeGuardedCallbackDev (C:\Users\u-adamu\Desktop\memplethee\tea
chLink_web\node_modules\react-dom\cjs\react-dom.development.js:4213:16)
    at invokeGuardedCallback (C:\Users\u-adamu\Desktop\memplethee\teachLink_web
\node_modules\react-dom\cjs\react-dom.development.js:4277:31)
    at beginWork$1 (C:\Users\u-adamu\Desktop\memplethee\teachLink_web\node_modu
les\react-dom\cjs\react-dom.development.js:27490:7)
    at performUnitOfWork (C:\Users\u-adamu\Desktop\memplethee\teachLink_web\nod
e_modules\react-dom\cjs\react-dom.development.js:26599:12) ReferenceError: 
walletConnectionQueue is not defined
    at Module.useWeb3Wallet [90m(C:\Users\u-adamu\Desktop\memplethee\teachLink
_web\[39msrc\hooks\useWeb3Wallet.ts:543:17[90m)[39m
    at [90mC:\Users\u-adamu\Desktop\memplethee\teachLink_web\[39msrc\hooks\__
tests__\useWeb3Wallet.test.ts:55:41
    at TestComponent [90m(C:\Users\u-adamu\Desktop\memplethee\teachLink_web\[
39mnode_modules\[4m@testing-library[24m\react\dist\pure.js:330:27[90m)[39m
    at renderWithHooks [90m(C:\Users\u-adamu\Desktop\memplethee\teachLink_web\
[39mnode_modules\[4mreact-dom[24m\cjs\react-dom.development.js:15486:18[90m
)[39m
    at mountIndeterminateComponent [90m(C:\Users\u-adamu\Desktop\memplethee\te
achLink_web\[39mnode_modules\[4mreact-dom[24m\cjs\react-dom.development.js:2
0103:13[90m)[39m
    at beginWork [90m(C:\Users\u-adamu\Desktop\memplethee\teachLink_web\[39mn
ode_modules\[4mreact-dom[24m\cjs\react-dom.development.js:21626:16[90m)[39m
    at HTMLUnknownElement.callCallback [90m(C:\Users\u-adamu\Desktop\memplethe
e\teachLink_web\[39mnode_modules\[4mreact-dom[24m\cjs\react-dom.development.
js:4164:14[90m)[39m
    at HTMLUnknownElement.callTheUserObjectsOperation [90m(C:\Users\u-adamu\De
sktop\memplethee\teachLink_web\[39mnode_modules\[4mjsdom[24m\lib\jsdom\livin
g\generated\EventListener.js:26:30[90m)[39m
    at innerInvokeEventListeners [90m(C:\Users\u-adamu\Desktop\memplethee\teac
hLink_web\[39mnode_modules\[4mjsdom[24m\lib\jsdom\living\events\EventTarget-
impl.js:350:25[90m)[39m
    at invokeEventListeners [90m(C:\Users\u-adamu\Desktop\memplethee\teachLink
_web\[39mnode_modules\[4mjsdom[24m\lib\jsdom\living\events\EventTarget-impl.
js:286:3[90m)[39m

[90mstderr[2m | src/hooks/__tests__/useWeb3Wallet.test.ts[2m > 
[22m[2museWeb3Wallet[2m > [22m[2mshould successfully connect to MetaMask
[22m[39mError: Uncaught [ReferenceError: walletConnectionQueue is not 
defined]
    at reportException (C:\Users\u-adamu\Desktop\memplethee\teachLink_web\node_
modules\jsdom\lib\jsdom\living\helpers\runtime-script-errors.js:66:24)
    at innerInvokeEventListeners (C:\Users\u-adamu\Desktop\memplethee\teachLink
_web\node_modules\jsdom\lib\jsdom\living\events\EventTarget-impl.js:353:9)
    at invokeEventListeners (C:\Users\u-adamu\Desktop\memplethee\teachLink_web\
node_modules\jsdom\lib\jsdom\living\events\EventTarget-impl.js:286:3)
    at HTMLUnknownElementImpl._dispatch (C:\Users\u-adamu\Desktop\memplethee\te
achLink_web\node_modules\jsdom\lib\jsdom\living\events\EventTarget-impl.js:233:
9)
    at HTMLUnknownElementImpl.dispatchEvent (C:\Users\u-adamu\Desktop\memplethe
e\teachLink_web\node_modules\jsdom\lib\jsdom\living\events\EventTarget-impl.js:
104:17)
    at HTMLUnknownElement.dispatchEvent (C:\Users\u-adamu\Desktop\memplethee\te
achLink_web\node_modules\jsdom\lib\jsdom\living\generated\EventTarget.js:241:34
)
    at Object.invokeGuardedCallbackDev (C:\Users\u-adamu\Desktop\memplethee\tea
chLink_web\node_modules\react-dom\cjs\react-dom.development.js:4213:16)
    at invokeGuardedCallback (C:\Users\u-adamu\Desktop\memplethee\teachLink_web
\node_modules\react-dom\cjs\react-dom.development.js:4277:31)
    at beginWork$1 (C:\Users\u-adamu\Desktop\memplethee\teachLink_web\node_modu
les\react-dom\cjs\react-dom.development.js:27490:7)
    at performUnitOfWork (C:\Users\u-adamu\Desktop\memplethee\teachLink_web\nod
e_modules\react-dom\cjs\react-dom.development.js:26599:12) ReferenceError: 
walletConnectionQueue is not defined
    at Module.useWeb3Wallet [90m(C:\Users\u-adamu\Desktop\memplethee\teachLink
_web\[39msrc\hooks\useWeb3Wallet.ts:543:17[90m)[39m
    at [90mC:\Users\u-adamu\Desktop\memplethee\teachLink_web\[39msrc\hooks\__
tests__\useWeb3Wallet.test.ts:71:41
    at TestComponent [90m(C:\Users\u-adamu\Desktop\memplethee\teachLink_web\[
39mnode_modules\[4m@testing-library[24m\react\dist\pure.js:330:27[90m)[39m
    at renderWithHooks [90m(C:\Users\u-adamu\Desktop\memplethee\teachLink_web\
[39mnode_modules\[4mreact-dom[24m\cjs\react-dom.development.js:15486:18[90m
)[39m
    at mountIndeterminateComponent [90m(C:\Users\u-adamu\Desktop\memplethee\te
achLink_web\[39mnode_modules\[4mreact-dom[24m\cjs\react-dom.development.js:2
0103:13[90m)[39m
    at beginWork [90m(C:\Users\u-adamu\Desktop\memplethee\teachLink_web\[39mn
ode_modules\[4mreact-dom[24m\cjs\react-dom.development.js:21626:16[90m)[39m
    at HTMLUnknownElement.callCallback [90m(C:\Users\u-adamu\Desktop\memplethe
e\teachLink_web\[39mnode_modules\[4mreact-dom[24m\cjs\react-dom.development.
js:4164:14[90m)[39m
    at HTMLUnknownElement.callTheUserObjectsOperation [90m(C:\Users\u-adamu\De
sktop\memplethee\teachLink_web\[39mnode_modules\[4mjsdom[24m\lib\jsdom\livin
g\generated\EventListener.js:26:30[90m)[39m
    at innerInvokeEventListeners [90m(C:\Users\u-adamu\Desktop\memplethee\teac
hLink_web\[39mnode_modules\[4mjsdom[24m\lib\jsdom\living\events\EventTarget-
impl.js:350:25[90m)[39m
    at invokeEventListeners [90m(C:\Users\u-adamu\Desktop\memplethee\teachLink
_web\[39mnode_modules\[4mjsdom[24m\lib\jsdom\living\events\EventTarget-impl.
js:286:3[90m)[39m
Error: Uncaught [ReferenceError: walletConnectionQueue is not defined]
    at reportException (C:\Users\u-adamu\Desktop\memplethee\teachLink_web\node_
modules\jsdom\lib\jsdom\living\helpers\runtime-script-errors.js:66:24)
    at innerInvokeEventListeners (C:\Users\u-adamu\Desktop\memplethee\teachLink
_web\node_modules\jsdom\lib\jsdom\living\events\EventTarget-impl.js:353:9)
    at invokeEventListeners (C:\Users\u-adamu\Desktop\memplethee\teachLink_web\
node_modules\jsdom\lib\jsdom\living\events\EventTarget-impl.js:286:3)
    at HTMLUnknownElementImpl._dispatch (C:\Users\u-adamu\Desktop\memplethee\te
achLink_web\node_modules\jsdom\lib\jsdom\living\events\EventTarget-impl.js:233:
9)
    at HTMLUnknownElementImpl.dispatchEvent (C:\Users\u-adamu\Desktop\memplethe
e\teachLink_web\node_modules\jsdom\lib\jsdom\living\events\EventTarget-impl.js:
104:17)
    at HTMLUnknownElement.dispatchEvent (C:\Users\u-adamu\Desktop\memplethee\te
achLink_web\node_modules\jsdom\lib\jsdom\living\generated\EventTarget.js:241:34
)
    at Object.invokeGuardedCallbackDev (C:\Users\u-adamu\Desktop\memplethee\tea
chLink_web\node_modules\react-dom\cjs\react-dom.development.js:4213:16)
    at invokeGuardedCallback (C:\Users\u-adamu\Desktop\memplethee\teachLink_web
\node_modules\react-dom\cjs\react-dom.development.js:4277:31)
    at beginWork$1 (C:\Users\u-adamu\Desktop\memplethee\teachLink_web\node_modu
les\react-dom\cjs\react-dom.development.js:27490:7)
    at performUnitOfWork (C:\Users\u-adamu\Desktop\memplethee\teachLink_web\nod
e_modules\react-dom\cjs\react-dom.development.js:26599:12) ReferenceError: 
walletConnectionQueue is not defined
    at Module.useWeb3Wallet [90m(C:\Users\u-adamu\Desktop\memplethee\teachLink
_web\[39msrc\hooks\useWeb3Wallet.ts:543:17[90m)[39m
    at [90mC:\Users\u-adamu\Desktop\memplethee\teachLink_web\[39msrc\hooks\__
tests__\useWeb3Wallet.test.ts:71:41
    at TestComponent [90m(C:\Users\u-adamu\Desktop\memplethee\teachLink_web\[
39mnode_modules\[4m@testing-library[24m\react\dist\pure.js:330:27[90m)[39m
    at renderWithHooks [90m(C:\Users\u-adamu\Desktop\memplethee\teachLink_web\
[39mnode_modules\[4mreact-dom[24m\cjs\react-dom.development.js:15486:18[90m
)[39m
    at mountIndeterminateComponent [90m(C:\Users\u-adamu\Desktop\memplethee\te
achLink_web\[39mnode_modules\[4mreact-dom[24m\cjs\react-dom.development.js:2
0103:13[90m)[39m
    at beginWork [90m(C:\Users\u-adamu\Desktop\memplethee\teachLink_web\[39mn
ode_modules\[4mreact-dom[24m\cjs\react-dom.development.js:21626:16[90m)[39m
    at HTMLUnknownElement.callCallback [90m(C:\Users\u-adamu\Desktop\memplethe
e\teachLink_web\[39mnode_modules\[4mreact-dom[24m\cjs\react-dom.development.
js:4164:14[90m)[39m
    at HTMLUnknownElement.callTheUserObjectsOperation [90m(C:\Users\u-adamu\De
sktop\memplethee\teachLink_web\[39mnode_modules\[4mjsdom[24m\lib\jsdom\livin
g\generated\EventListener.js:26:30[90m)[39m
    at innerInvokeEventListeners [90m(C:\Users\u-adamu\Desktop\memplethee\teac
hLink_web\[39mnode_modules\[4mjsdom[24m\lib\jsdom\living\events\EventTarget-
impl.js:350:25[90m)[39m
    at invokeEventListeners [90m(C:\Users\u-adamu\Desktop\memplethee\teachLink
_web\[39mnode_modules\[4mjsdom[24m\lib\jsdom\living\events\EventTarget-impl.
js:286:3[90m)[39m

[90mstderr[2m | src/hooks/__tests__/useWeb3Wallet.test.ts[2m > 
[22m[2museWeb3Wallet[2m > [22m[2mshould successfully connect to Starknet
[22m[39mError: Uncaught [ReferenceError: walletConnectionQueue is not 
defined]
    at reportException (C:\Users\u-adamu\Desktop\memplethee\teachLink_web\node_
modules\jsdom\lib\jsdom\living\helpers\runtime-script-errors.js:66:24)
    at innerInvokeEventListeners (C:\Users\u-adamu\Desktop\memplethee\teachLink
_web\node_modules\jsdom\lib\jsdom\living\events\EventTarget-impl.js:353:9)
    at invokeEventListeners (C:\Users\u-adamu\Desktop\memplethee\teachLink_web\
node_modules\jsdom\lib\jsdom\living\events\EventTarget-impl.js:286:3)
    at HTMLUnknownElementImpl._dispatch (C:\Users\u-adamu\Desktop\memplethee\te
achLink_web\node_modules\jsdom\lib\jsdom\living\events\EventTarget-impl.js:233:
9)
    at HTMLUnknownElementImpl.dispatchEvent (C:\Users\u-adamu\Desktop\memplethe
e\teachLink_web\node_modules\jsdom\lib\jsdom\living\events\EventTarget-impl.js:
104:17)
    at HTMLUnknownElement.dispatchEvent (C:\Users\u-adamu\Desktop\memplethee\te
achLink_web\node_modules\jsdom\lib\jsdom\living\generated\EventTarget.js:241:34
)
    at Object.invokeGuardedCallbackDev (C:\Users\u-adamu\Desktop\memplethee\tea
chLink_web\node_modules\react-dom\cjs\react-dom.development.js:4213:16)
    at invokeGuardedCallback (C:\Users\u-adamu\Desktop\memplethee\teachLink_web
\node_modules\react-dom\cjs\react-dom.development.js:4277:31)
    at beginWork$1 (C:\Users\u-adamu\Desktop\memplethee\teachLink_web\node_modu
les\react-dom\cjs\react-dom.development.js:27490:7)
    at performUnitOfWork (C:\Users\u-adamu\Desktop\memplethee\teachLink_web\nod
e_modules\react-dom\cjs\react-dom.development.js:26599:12) ReferenceError: 
walletConnectionQueue is not defined
    at Module.useWeb3Wallet [90m(C:\Users\u-adamu\Desktop\memplethee\teachLink
_web\[39msrc\hooks\useWeb3Wallet.ts:543:17[90m)[39m
    at [90mC:\Users\u-adamu\Desktop\memplethee\teachLink_web\[39msrc\hooks\__
tests__\useWeb3Wallet.test.ts:91:41
    at TestComponent [90m(C:\Users\u-adamu\Desktop\memplethee\teachLink_web\[
39mnode_modules\[4m@testing-library[24m\react\dist\pure.js:330:27[90m)[39m
    at renderWithHooks [90m(C:\Users\u-adamu\Desktop\memplethee\teachLink_web\
[39mnode_modules\[4mreact-dom[24m\cjs\react-dom.development.js:15486:18[90m
)[39m
    at mountIndeterminateComponent [90m(C:\Users\u-adamu\Desktop\memplethee\te
achLink_web\[39mnode_modules\[4mreact-dom[24m\cjs\react-dom.development.js:2
0103:13[90m)[39m
    at beginWork [90m(C:\Users\u-adamu\Desktop\memplethee\teachLink_web\[39mn
ode_modules\[4mreact-dom[24m\cjs\react-dom.development.js:21626:16[90m)[39m
    at HTMLUnknownElement.callCallback [90m(C:\Users\u-adamu\Desktop\memplethe
e\teachLink_web\[39mnode_modules\[4mreact-dom[24m\cjs\react-dom.development.
js:4164:14[90m)[39m
    at HTMLUnknownElement.callTheUserObjectsOperation [90m(C:\Users\u-adamu\De
sktop\memplethee\teachLink_web\[39mnode_modules\[4mjsdom[24m\lib\jsdom\livin
g\generated\EventListener.js:26:30[90m)[39m
    at innerInvokeEventListeners [90m(C:\Users\u-adamu\Desktop\memplethee\teac
hLink_web\[39mnode_modules\[4mjsdom[24m\lib\jsdom\living\events\EventTarget-
impl.js:350:25[90m)[39m
    at invokeEventListeners [90m(C:\Users\u-adamu\Desktop\memplethee\teachLink
_web\[39mnode_modules\[4mjsdom[24m\lib\jsdom\living\events\EventTarget-impl.
js:286:3[90m)[39m
Error: Uncaught [ReferenceError: walletConnectionQueue is not defined]
    at reportException (C:\Users\u-adamu\Desktop\memplethee\teachLink_web\node_
modules\jsdom\lib\jsdom\living\helpers\runtime-script-errors.js:66:24)
    at innerInvokeEventListeners (C:\Users\u-adamu\Desktop\memplethee\teachLink
_web\node_modules\jsdom\lib\jsdom\living\events\EventTarget-impl.js:353:9)
    at invokeEventListeners (C:\Users\u-adamu\Desktop\memplethee\teachLink_web\
node_modules\jsdom\lib\jsdom\living\events\EventTarget-impl.js:286:3)
    at HTMLUnknownElementImpl._dispatch (C:\Users\u-adamu\Desktop\memplethee\te
achLink_web\node_modules\jsdom\lib\jsdom\living\events\EventTarget-impl.js:233:
9)
    at HTMLUnknownElementImpl.dispatchEvent (C:\Users\u-adamu\Desktop\memplethe
e\teachLink_web\node_modules\jsdom\lib\jsdom\living\events\EventTarget-impl.js:
104:17)
    at HTMLUnknownElement.dispatchEvent (C:\Users\u-adamu\Desktop\memplethee\te
achLink_web\node_modules\jsdom\lib\jsdom\living\generated\EventTarget.js:241:34
)
    at Object.invokeGuardedCallbackDev (C:\Users\u-adamu\Desktop\memplethee\tea
chLink_web\node_modules\react-dom\cjs\react-dom.development.js:4213:16)
    at invokeGuardedCallback (C:\Users\u-adamu\Desktop\memplethee\teachLink_web
\node_modules\react-dom\cjs\react-dom.development.js:4277:31)
    at beginWork$1 (C:\Users\u-adamu\Desktop\memplethee\teachLink_web\node_modu
les\react-dom\cjs\react-dom.development.js:27490:7)
    at performUnitOfWork (C:\Users\u-adamu\Desktop\memplethee\teachLink_web\nod
e_modules\react-dom\cjs\react-dom.development.js:26599:12) ReferenceError: 
walletConnectionQueue is not defined
    at Module.useWeb3Wallet [90m(C:\Users\u-adamu\Desktop\memplethee\teachLink
_web\[39msrc\hooks\useWeb3Wallet.ts:543:17[90m)[39m
    at [90mC:\Users\u-adamu\Desktop\memplethee\teachLink_web\[39msrc\hooks\__
tests__\useWeb3Wallet.test.ts:91:41
    at TestComponent [90m(C:\Users\u-adamu\Desktop\memplethee\teachLink_web\[
39mnode_modules\[4m@testing-library[24m\react\dist\pure.js:330:27[90m)[39m
    at renderWithHooks [90m(C:\Users\u-adamu\Desktop\memplethee\teachLink_web\
[39mnode_modules\[4mreact-dom[24m\cjs\react-dom.development.js:15486:18[90m
)[39m
    at mountIndeterminateComponent [90m(C:\Users\u-adamu\Desktop\memplethee\te
achLink_web\[39mnode_modules\[4mreact-dom[24m\cjs\react-dom.development.js:2
0103:13[90m)[39m
    at beginWork [90m(C:\Users\u-adamu\Desktop\memplethee\teachLink_web\[39mn
ode_modules\[4mreact-dom[24m\cjs\react-dom.development.js:21626:16[90m)[39m
    at HTMLUnknownElement.callCallback [90m(C:\Users\u-adamu\Desktop\memplethe
e\teachLink_web\[39mnode_modules\[4mreact-dom[24m\cjs\react-dom.development.
js:4164:14[90m)[39m
    at HTMLUnknownElement.callTheUserObjectsOperation [90m(C:\Users\u-adamu\De
sktop\memplethee\teachLink_web\[39mnode_modules\[4mjsdom[24m\lib\jsdom\livin
g\generated\EventListener.js:26:30[90m)[39m
    at innerInvokeEventListeners [90m(C:\Users\u-adamu\Desktop\memplethee\teac
hLink_web\[39mnode_modules\[4mjsdom[24m\lib\jsdom\living\events\EventTarget-
impl.js:350:25[90m)[39m
    at invokeEventListeners [90m(C:\Users\u-adamu\Desktop\memplethee\teachLink
_web\[39mnode_modules\[4mjsdom[24m\lib\jsdom\living\events\EventTarget-impl.
js:286:3[90m)[39m

[90mstderr[2m | src/hooks/__tests__/useWeb3Wallet.test.ts[2m > 
[22m[2museWeb3Wallet[2m > [22m[2mshould disconnect successfully
[22m[39mError: Uncaught [ReferenceError: walletConnectionQueue is not 
defined]
    at reportException (C:\Users\u-adamu\Desktop\memplethee\teachLink_web\node_
modules\jsdom\lib\jsdom\living\helpers\runtime-script-errors.js:66:24)
    at innerInvokeEventListeners (C:\Users\u-adamu\Desktop\memplethee\teachLink
_web\node_modules\jsdom\lib\jsdom\living\events\EventTarget-impl.js:353:9)
    at invokeEventListeners (C:\Users\u-adamu\Desktop\memplethee\teachLink_web\
node_modules\jsdom\lib\jsdom\living\events\EventTarget-impl.js:286:3)
    at HTMLUnknownElementImpl._dispatch (C:\Users\u-adamu\Desktop\memplethee\te
achLink_web\node_modules\jsdom\lib\jsdom\living\events\EventTarget-impl.js:233:
9)
    at HTMLUnknownElementImpl.dispatchEvent (C:\Users\u-adamu\Desktop\memplethe
e\teachLink_web\node_modules\jsdom\lib\jsdom\living\events\EventTarget-impl.js:
104:17)
    at HTMLUnknownElement.dispatchEvent (C:\Users\u-adamu\Desktop\memplethee\te
achLink_web\node_modules\jsdom\lib\jsdom\living\generated\EventTarget.js:241:34
)
    at Object.invokeGuardedCallbackDev (C:\Users\u-adamu\Desktop\memplethee\tea
chLink_web\node_modules\react-dom\cjs\react-dom.development.js:4213:16)
    at invokeGuardedCallback (C:\Users\u-adamu\Desktop\memplethee\teachLink_web
\node_modules\react-dom\cjs\react-dom.development.js:4277:31)
    at beginWork$1 (C:\Users\u-adamu\Desktop\memplethee\teachLink_web\node_modu
les\react-dom\cjs\react-dom.development.js:27490:7)
    at performUnitOfWork (C:\Users\u-adamu\Desktop\memplethee\teachLink_web\nod
e_modules\react-dom\cjs\react-dom.development.js:26599:12) ReferenceError: 
walletConnectionQueue is not defined
    at Module.useWeb3Wallet [90m(C:\Users\u-adamu\Desktop\memplethee\teachLink
_web\[39msrc\hooks\useWeb3Wallet.ts:543:17[90m)[39m
    at [90mC:\Users\u-adamu\Desktop\memplethee\teachLink_web\[39msrc\hooks\__
tests__\useWeb3Wallet.test.ts:115:41
    at TestComponent [90m(C:\Users\u-adamu\Desktop\memplethee\teachLink_web\[
39mnode_modules\[4m@testing-library[24m\react\dist\pure.js:330:27[90m)[39m
    at renderWithHooks [90m(C:\Users\u-adamu\Desktop\memplethee\teachLink_web\
[39mnode_modules\[4mreact-dom[24m\cjs\react-dom.development.js:15486:18[90m
)[39m
    at mountIndeterminateComponent [90m(C:\Users\u-adamu\Desktop\memplethee\te
achLink_web\[39mnode_modules\[4mreact-dom[24m\cjs\react-dom.development.js:2
0103:13[90m)[39m
    at beginWork [90m(C:\Users\u-adamu\Desktop\memplethee\teachLink_web\[39mn
ode_modules\[4mreact-dom[24m\cjs\react-dom.development.js:21626:16[90m)[39m
    at HTMLUnknownElement.callCallback [90m(C:\Users\u-adamu\Desktop\memplethe
e\teachLink_web\[39mnode_modules\[4mreact-dom[24m\cjs\react-dom.development.
js:4164:14[90m)[39m
    at HTMLUnknownElement.callTheUserObjectsOperation [90m(C:\Users\u-adamu\De
sktop\memplethee\teachLink_web\[39mnode_modules\[4mjsdom[24m\lib\jsdom\livin
g\generated\EventListener.js:26:30[90m)[39m
    at innerInvokeEventListeners [90m(C:\Users\u-adamu\Desktop\memplethee\teac
hLink_web\[39mnode_modules\[4mjsdom[24m\lib\jsdom\living\events\EventTarget-
impl.js:350:25[90m)[39m
    at invokeEventListeners [90m(C:\Users\u-adamu\Desktop\memplethee\teachLink
_web\[39mnode_modules\[4mjsdom[24m\lib\jsdom\living\events\EventTarget-impl.
js:286:3[90m)[39m
Error: Uncaught [ReferenceError: walletConnectionQueue is not defined]
    at reportException (C:\Users\u-adamu\Desktop\memplethee\teachLink_web\node_
modules\jsdom\lib\jsdom\living\helpers\runtime-script-errors.js:66:24)
    at innerInvokeEventListeners (C:\Users\u-adamu\Desktop\memplethee\teachLink
_web\node_modules\jsdom\lib\jsdom\living\events\EventTarget-impl.js:353:9)
    at invokeEventListeners (C:\Users\u-adamu\Desktop\memplethee\teachLink_web\
node_modules\jsdom\lib\jsdom\living\events\EventTarget-impl.js:286:3)
    at HTMLUnknownElementImpl._dispatch (C:\Users\u-adamu\Desktop\memplethee\te
achLink_web\node_modules\jsdom\lib\jsdom\living\events\EventTarget-impl.js:233:
9)
    at HTMLUnknownElementImpl.dispatchEvent (C:\Users\u-adamu\Desktop\memplethe
e\teachLink_web\node_modules\jsdom\lib\jsdom\living\events\EventTarget-impl.js:
104:17)
    at HTMLUnknownElement.dispatchEvent (C:\Users\u-adamu\Desktop\memplethee\te
achLink_web\node_modules\jsdom\lib\jsdom\living\generated\EventTarget.js:241:34
)
    at Object.invokeGuardedCallbackDev (C:\Users\u-adamu\Desktop\memplethee\tea
chLink_web\node_modules\react-dom\cjs\react-dom.development.js:4213:16)
    at invokeGuardedCallback (C:\Users\u-adamu\Desktop\memplethee\teachLink_web
\node_modules\react-dom\cjs\react-dom.development.js:4277:31)
    at beginWork$1 (C:\Users\u-adamu\Desktop\memplethee\teachLink_web\node_modu
les\react-dom\cjs\react-dom.development.js:27490:7)
    at performUnitOfWork (C:\Users\u-adamu\Desktop\memplethee\teachLink_web\nod
e_modules\react-dom\cjs\react-dom.development.js:26599:12) ReferenceError: 
walletConnectionQueue is not defined
    at Module.useWeb3Wallet [90m(C:\Users\u-adamu\Desktop\memplethee\teachLink
_web\[39msrc\hooks\useWeb3Wallet.ts:543:17[90m)[39m
    at [90mC:\Users\u-adamu\Desktop\memplethee\teachLink_web\[39msrc\hooks\__
tests__\useWeb3Wallet.test.ts:115:41
    at TestComponent [90m(C:\Users\u-adamu\Desktop\memplethee\teachLink_web\[
39mnode_modules\[4m@testing-library[24m\react\dist\pure.js:330:27[90m)[39m
    at renderWithHooks [90m(C:\Users\u-adamu\Desktop\memplethee\teachLink_web\
[39mnode_modules\[4mreact-dom[24m\cjs\react-dom.development.js:15486:18[90m
)[39m
    at mountIndeterminateComponent [90m(C:\Users\u-adamu\Desktop\memplethee\te
achLink_web\[39mnode_modules\[4mreact-dom[24m\cjs\react-dom.development.js:2
0103:13[90m)[39m
    at beginWork [90m(C:\Users\u-adamu\Desktop\memplethee\teachLink_web\[39mn
ode_modules\[4mreact-dom[24m\cjs\react-dom.development.js:21626:16[90m)[39m
    at HTMLUnknownElement.callCallback [90m(C:\Users\u-adamu\Desktop\memplethe
e\teachLink_web\[39mnode_modules\[4mreact-dom[24m\cjs\react-dom.development.
js:4164:14[90m)[39m
    at HTMLUnknownElement.callTheUserObjectsOperation [90m(C:\Users\u-adamu\De
sktop\memplethee\teachLink_web\[39mnode_modules\[4mjsdom[24m\lib\jsdom\livin
g\generated\EventListener.js:26:30[90m)[39m
    at innerInvokeEventListeners [90m(C:\Users\u-adamu\Desktop\memplethee\teac
hLink_web\[39mnode_modules\[4mjsdom[24m\lib\jsdom\living\events\EventTarget-
impl.js:350:25[90m)[39m
    at invokeEventListeners [90m(C:\Users\u-adamu\Desktop\memplethee\teachLink
_web\[39mnode_modules\[4mjsdom[24m\lib\jsdom\living\events\EventTarget-impl.
js:286:3[90m)[39m

[90mstderr[2m | src/hooks/__tests__/useWeb3Wallet.test.ts[2m > 
[22m[2museWeb3Wallet[2m > [22m[2mshould prevent MetaMask events from 
corrupting Starknet connection state
[22m[39mError: Uncaught [ReferenceError: walletConnectionQueue is not 
defined]
    at reportException (C:\Users\u-adamu\Desktop\memplethee\teachLink_web\node_
modules\jsdom\lib\jsdom\living\helpers\runtime-script-errors.js:66:24)
    at innerInvokeEventListeners (C:\Users\u-adamu\Desktop\memplethee\teachLink
_web\node_modules\jsdom\lib\jsdom\living\events\EventTarget-impl.js:353:9)
    at invokeEventListeners (C:\Users\u-adamu\Desktop\memplethee\teachLink_web\
node_modules\jsdom\lib\jsdom\living\events\EventTarget-impl.js:286:3)
    at HTMLUnknownElementImpl._dispatch (C:\Users\u-adamu\Desktop\memplethee\te
achLink_web\node_modules\jsdom\lib\jsdom\living\events\EventTarget-impl.js:233:
9)
    at HTMLUnknownElementImpl.dispatchEvent (C:\Users\u-adamu\Desktop\memplethe
e\teachLink_web\node_modules\jsdom\lib\jsdom\living\events\EventTarget-impl.js:
104:17)
    at HTMLUnknownElement.dispatchEvent (C:\Users\u-adamu\Desktop\memplethee\te
achLink_web\node_modules\jsdom\lib\jsdom\living\generated\EventTarget.js:241:34
)
    at Object.invokeGuardedCallbackDev (C:\Users\u-adamu\Desktop\memplethee\tea
chLink_web\node_modules\react-dom\cjs\react-dom.development.js:4213:16)
    at invokeGuardedCallback (C:\Users\u-adamu\Desktop\memplethee\teachLink_web
\node_modules\react-dom\cjs\react-dom.development.js:4277:31)
    at beginWork$1 (C:\Users\u-adamu\Desktop\memplethee\teachLink_web\node_modu
les\react-dom\cjs\react-dom.development.js:27490:7)
    at performUnitOfWork (C:\Users\u-adamu\Desktop\memplethee\teachLink_web\nod
e_modules\react-dom\cjs\react-dom.development.js:26599:12) ReferenceError: 
walletConnectionQueue is not defined
    at Module.useWeb3Wallet [90m(C:\Users\u-adamu\Desktop\memplethee\teachLink
_web\[39msrc\hooks\useWeb3Wallet.ts:543:17[90m)[39m
    at [90mC:\Users\u-adamu\Desktop\memplethee\teachLink_web\[39msrc\hooks\__
tests__\useWeb3Wallet.test.ts:143:41
    at TestComponent [90m(C:\Users\u-adamu\Desktop\memplethee\teachLink_web\[
39mnode_modules\[4m@testing-library[24m\react\dist\pure.js:330:27[90m)[39m
    at renderWithHooks [90m(C:\Users\u-adamu\Desktop\memplethee\teachLink_web\
[39mnode_modules\[4mreact-dom[24m\cjs\react-dom.development.js:15486:18[90m
)[39m
    at mountIndeterminateComponent [90m(C:\Users\u-adamu\Desktop\memplethee\te
achLink_web\[39mnode_modules\[4mreact-dom[24m\cjs\react-dom.development.js:2
0103:13[90m)[39m
    at beginWork [90m(C:\Users\u-adamu\Desktop\memplethee\teachLink_web\[39mn
ode_modules\[4mreact-dom[24m\cjs\react-dom.development.js:21626:16[90m)[39m
    at HTMLUnknownElement.callCallback [90m(C:\Users\u-adamu\Desktop\memplethe
e\teachLink_web\[39mnode_modules\[4mreact-dom[24m\cjs\react-dom.development.
js:4164:14[90m)[39m
    at HTMLUnknownElement.callTheUserObjectsOperation [90m(C:\Users\u-adamu\De
sktop\memplethee\teachLink_web\[39mnode_modules\[4mjsdom[24m\lib\jsdom\livin
g\generated\EventListener.js:26:30[90m)[39m
    at innerInvokeEventListeners [90m(C:\Users\u-adamu\Desktop\memplethee\teac
hLink_web\[39mnode_modules\[4mjsdom[24m\lib\jsdom\living\events\EventTarget-
impl.js:350:25[90m)[39m
    at invokeEventListeners [90m(C:\Users\u-adamu\Desktop\memplethee\teachLink
_web\[39mnode_modules\[4mjsdom[24m\lib\jsdom\living\events\EventTarget-impl.
js:286:3[90m)[39m
Error: Uncaught [ReferenceError: walletConnectionQueue is not defined]
    at reportException (C:\Users\u-adamu\Desktop\memplethee\teachLink_web\node_
modules\jsdom\lib\jsdom\living\helpers\runtime-script-errors.js:66:24)
    at innerInvokeEventListeners (C:\Users\u-adamu\Desktop\memplethee\teachLink
_web\node_modules\jsdom\lib\jsdom\living\events\EventTarget-impl.js:353:9)
    at invokeEventListeners (C:\Users\u-adamu\Desktop\memplethee\teachLink_web\
node_modules\jsdom\lib\jsdom\living\events\EventTarget-impl.js:286:3)
    at HTMLUnknownElementImpl._dispatch (C:\Users\u-adamu\Desktop\memplethee\te
achLink_web\node_modules\jsdom\lib\jsdom\living\events\EventTarget-impl.js:233:
9)
    at HTMLUnknownElementImpl.dispatchEvent (C:\Users\u-adamu\Desktop\memplethe
e\teachLink_web\node_modules\jsdom\lib\jsdom\living\events\EventTarget-impl.js:
104:17)
    at HTMLUnknownElement.dispatchEvent (C:\Users\u-adamu\Desktop\memplethee\te
achLink_web\node_modules\jsdom\lib\jsdom\living\generated\EventTarget.js:241:34
)
    at Object.invokeGuardedCallbackDev (C:\Users\u-adamu\Desktop\memplethee\tea
chLink_web\node_modules\react-dom\cjs\react-dom.development.js:4213:16)
    at invokeGuardedCallback (C:\Users\u-adamu\Desktop\memplethee\teachLink_web
\node_modules\react-dom\cjs\react-dom.development.js:4277:31)
    at beginWork$1 (C:\Users\u-adamu\Desktop\memplethee\teachLink_web\node_modu
les\react-dom\cjs\react-dom.development.js:27490:7)
    at performUnitOfWork (C:\Users\u-adamu\Desktop\memplethee\teachLink_web\nod
e_modules\react-dom\cjs\react-dom.development.js:26599:12) ReferenceError: 
walletConnectionQueue is not defined
    at Module.useWeb3Wallet [90m(C:\Users\u-adamu\Desktop\memplethee\teachLink
_web\[39msrc\hooks\useWeb3Wallet.ts:543:17[90m)[39m
    at [90mC:\Users\u-adamu\Desktop\memplethee\teachLink_web\[39msrc\hooks\__
tests__\useWeb3Wallet.test.ts:143:41
    at TestComponent [90m(C:\Users\u-adamu\Desktop\memplethee\teachLink_web\[
39mnode_modules\[4m@testing-library[24m\react\dist\pure.js:330:27[90m)[39m
    at renderWithHooks [90m(C:\Users\u-adamu\Desktop\memplethee\teachLink_web\
[39mnode_modules\[4mreact-dom[24m\cjs\react-dom.development.js:15486:18[90m
)[39m
    at mountIndeterminateComponent [90m(C:\Users\u-adamu\Desktop\memplethee\te
achLink_web\[39mnode_modules\[4mreact-dom[24m\cjs\react-dom.development.js:2
0103:13[90m)[39m
    at beginWork [90m(C:\Users\u-adamu\Desktop\memplethee\teachLink_web\[39mn
ode_modules\[4mreact-dom[24m\cjs\react-dom.development.js:21626:16[90m)[39m
    at HTMLUnknownElement.callCallback [90m(C:\Users\u-adamu\Desktop\memplethe
e\teachLink_web\[39mnode_modules\[4mreact-dom[24m\cjs\react-dom.development.
js:4164:14[90m)[39m
    at HTMLUnknownElement.callTheUserObjectsOperation [90m(C:\Users\u-adamu\De
sktop\memplethee\teachLink_web\[39mnode_modules\[4mjsdom[24m\lib\jsdom\livin
g\generated\EventListener.js:26:30[90m)[39m
    at innerInvokeEventListeners [90m(C:\Users\u-adamu\Desktop\memplethee\teac
hLink_web\[39mnode_modules\[4mjsdom[24m\lib\jsdom\living\events\EventTarget-
impl.js:350:25[90m)[39m
    at invokeEventListeners [90m(C:\Users\u-adamu\Desktop\memplethee\teachLink
_web\[39mnode_modules\[4mjsdom[24m\lib\jsdom\living\events\EventTarget-impl.
js:286:3[90m)[39m

[90mstderr[2m | src/hooks/__tests__/useWeb3Wallet.test.ts[2m > 
[22m[2museWeb3Wallet[2m > [22m[2mshould update Starknet connection state 
when Starknet accountsChanged event is fired
[22m[39mError: Uncaught [ReferenceError: walletConnectionQueue is not 
defined]
    at reportException (C:\Users\u-adamu\Desktop\memplethee\teachLink_web\node_
modules\jsdom\lib\jsdom\living\helpers\runtime-script-errors.js:66:24)
    at innerInvokeEventListeners (C:\Users\u-adamu\Desktop\memplethee\teachLink
_web\node_modules\jsdom\lib\jsdom\living\events\EventTarget-impl.js:353:9)
    at invokeEventListeners (C:\Users\u-adamu\Desktop\memplethee\teachLink_web\
node_modules\jsdom\lib\jsdom\living\events\EventTarget-impl.js:286:3)
    at HTMLUnknownElementImpl._dispatch (C:\Users\u-adamu\Desktop\memplethee\te
achLink_web\node_modules\jsdom\lib\jsdom\living\events\EventTarget-impl.js:233:
9)
    at HTMLUnknownElementImpl.dispatchEvent (C:\Users\u-adamu\Desktop\memplethe
e\teachLink_web\node_modules\jsdom\lib\jsdom\living\events\EventTarget-impl.js:
104:17)
    at HTMLUnknownElement.dispatchEvent (C:\Users\u-adamu\Desktop\memplethee\te
achLink_web\node_modules\jsdom\lib\jsdom\living\generated\EventTarget.js:241:34
)
    at Object.invokeGuardedCallbackDev (C:\Users\u-adamu\Desktop\memplethee\tea
chLink_web\node_modules\react-dom\cjs\react-dom.development.js:4213:16)
    at invokeGuardedCallback (C:\Users\u-adamu\Desktop\memplethee\teachLink_web
\node_modules\react-dom\cjs\react-dom.development.js:4277:31)
    at beginWork$1 (C:\Users\u-adamu\Desktop\memplethee\teachLink_web\node_modu
les\react-dom\cjs\react-dom.development.js:27490:7)
    at performUnitOfWork (C:\Users\u-adamu\Desktop\memplethee\teachLink_web\nod
e_modules\react-dom\cjs\react-dom.development.js:26599:12) ReferenceError: 
walletConnectionQueue is not defined
    at Module.useWeb3Wallet [90m(C:\Users\u-adamu\Desktop\memplethee\teachLink
_web\[39msrc\hooks\useWeb3Wallet.ts:543:17[90m)[39m
    at [90mC:\Users\u-adamu\Desktop\memplethee\teachLink_web\[39msrc\hooks\__
tests__\useWeb3Wallet.test.ts:176:41
    at TestComponent [90m(C:\Users\u-adamu\Desktop\memplethee\teachLink_web\[
39mnode_modules\[4m@testing-library[24m\react\dist\pure.js:330:27[90m)[39m
    at renderWithHooks [90m(C:\Users\u-adamu\Desktop\memplethee\teachLink_web\
[39mnode_modules\[4mreact-dom[24m\cjs\react-dom.development.js:15486:18[90m
)[39m
    at mountIndeterminateComponent [90m(C:\Users\u-adamu\Desktop\memplethee\te
achLink_web\[39mnode_modules\[4mreact-dom[24m\cjs\react-dom.development.js:2
0103:13[90m)[39m
    at beginWork [90m(C:\Users\u-adamu\Desktop\memplethee\teachLink_web\[39mn
ode_modules\[4mreact-dom[24m\cjs\react-dom.development.js:21626:16[90m)[39m
    at HTMLUnknownElement.callCallback [90m(C:\Users\u-adamu\Desktop\memplethe
e\teachLink_web\[39mnode_modules\[4mreact-dom[24m\cjs\react-dom.development.
js:4164:14[90m)[39m
    at HTMLUnknownElement.callTheUserObjectsOperation [90m(C:\Users\u-adamu\De
sktop\memplethee\teachLink_web\[39mnode_modules\[4mjsdom[24m\lib\jsdom\livin
g\generated\EventListener.js:26:30[90m)[39m
    at innerInvokeEventListeners [90m(C:\Users\u-adamu\Desktop\memplethee\teac
hLink_web\[39mnode_modules\[4mjsdom[24m\lib\jsdom\living\events\EventTarget-
impl.js:350:25[90m)[39m
    at invokeEventListeners [90m(C:\Users\u-adamu\Desktop\memplethee\teachLink
_web\[39mnode_modules\[4mjsdom[24m\lib\jsdom\living\events\EventTarget-impl.
js:286:3[90m)[39m
Error: Uncaught [ReferenceError: walletConnectionQueue is not defined]
    at reportException (C:\Users\u-adamu\Desktop\memplethee\teachLink_web\node_
modules\jsdom\lib\jsdom\living\helpers\runtime-script-errors.js:66:24)
    at innerInvokeEventListeners (C:\Users\u-adamu\Desktop\memplethee\teachLink
_web\node_modules\jsdom\lib\jsdom\living\events\EventTarget-impl.js:353:9)
    at invokeEventListeners (C:\Users\u-adamu\Desktop\memplethee\teachLink_web\
node_modules\jsdom\lib\jsdom\living\events\EventTarget-impl.js:286:3)
    at HTMLUnknownElementImpl._dispatch (C:\Users\u-adamu\Desktop\memplethee\te
achLink_web\node_modules\jsdom\lib\jsdom\living\events\EventTarget-impl.js:233:
9)
    at HTMLUnknownElementImpl.dispatchEvent (C:\Users\u-adamu\Desktop\memplethe
e\teachLink_web\node_modules\jsdom\lib\jsdom\living\events\EventTarget-impl.js:
104:17)
    at HTMLUnknownElement.dispatchEvent (C:\Users\u-adamu\Desktop\memplethee\te
achLink_web\node_modules\jsdom\lib\jsdom\living\generated\EventTarget.js:241:34
)
    at Object.invokeGuardedCallbackDev (C:\Users\u-adamu\Desktop\memplethee\tea
chLink_web\node_modules\react-dom\cjs\react-dom.development.js:4213:16)
    at invokeGuardedCallback (C:\Users\u-adamu\Desktop\memplethee\teachLink_web
\node_modules\react-dom\cjs\react-dom.development.js:4277:31)
    at beginWork$1 (C:\Users\u-adamu\Desktop\memplethee\teachLink_web\node_modu
les\react-dom\cjs\react-dom.development.js:27490:7)
    at performUnitOfWork (C:\Users\u-adamu\Desktop\memplethee\teachLink_web\nod
e_modules\react-dom\cjs\react-dom.development.js:26599:12) ReferenceError: 
walletConnectionQueue is not defined
    at Module.useWeb3Wallet [90m(C:\Users\u-adamu\Desktop\memplethee\teachLink
_web\[39msrc\hooks\useWeb3Wallet.ts:543:17[90m)[39m
    at [90mC:\Users\u-adamu\Desktop\memplethee\teachLink_web\[39msrc\hooks\__
tests__\useWeb3Wallet.test.ts:176:41
    at TestComponent [90m(C:\Users\u-adamu\Desktop\memplethee\teachLink_web\[
39mnode_modules\[4m@testing-library[24m\react\dist\pure.js:330:27[90m)[39m
    at renderWithHooks [90m(C:\Users\u-adamu\Desktop\memplethee\teachLink_web\
[39mnode_modules\[4mreact-dom[24m\cjs\react-dom.development.js:15486:18[90m
)[39m
    at mountIndeterminateComponent [90m(C:\Users\u-adamu\Desktop\memplethee\te
achLink_web\[39mnode_modules\[4mreact-dom[24m\cjs\react-dom.development.js:2
0103:13[90m)[39m
    at beginWork [90m(C:\Users\u-adamu\Desktop\memplethee\teachLink_web\[39mn
ode_modules\[4mreact-dom[24m\cjs\react-dom.development.js:21626:16[90m)[39m
    at HTMLUnknownElement.callCallback [90m(C:\Users\u-adamu\Desktop\memplethe
e\teachLink_web\[39mnode_modules\[4mreact-dom[24m\cjs\react-dom.development.
js:4164:14[90m)[39m
    at HTMLUnknownElement.callTheUserObjectsOperation [90m(C:\Users\u-adamu\De
sktop\memplethee\teachLink_web\[39mnode_modules\[4mjsdom[24m\lib\jsdom\livin
g\generated\EventListener.js:26:30[90m)[39m
    at innerInvokeEventListeners [90m(C:\Users\u-adamu\Desktop\memplethee\teac
hLink_web\[39mnode_modules\[4mjsdom[24m\lib\jsdom\living\events\EventTarget-
impl.js:350:25[90m)[39m
    at invokeEventListeners [90m(C:\Users\u-adamu\Desktop\memplethee\teachLink
_web\[39mnode_modules\[4mjsdom[24m\lib\jsdom\living\events\EventTarget-impl.
js:286:3[90m)[39m

[90mstderr[2m | src/hooks/__tests__/useWeb3Wallet.test.ts[2m > 
[22m[2museWeb3Wallet[2m > [22m[2mshould expose queueStats with correct 
shape
[22m[39mError: Uncaught [ReferenceError: walletConnectionQueue is not 
defined]
    at reportException (C:\Users\u-adamu\Desktop\memplethee\teachLink_web\node_
modules\jsdom\lib\jsdom\living\helpers\runtime-script-errors.js:66:24)
    at innerInvokeEventListeners (C:\Users\u-adamu\Desktop\memplethee\teachLink
_web\node_modules\jsdom\lib\jsdom\living\events\EventTarget-impl.js:353:9)
    at invokeEventListeners (C:\Users\u-adamu\Desktop\memplethee\teachLink_web\
node_modules\jsdom\lib\jsdom\living\events\EventTarget-impl.js:286:3)
    at HTMLUnknownElementImpl._dispatch (C:\Users\u-adamu\Desktop\memplethee\te
achLink_web\node_modules\jsdom\lib\jsdom\living\events\EventTarget-impl.js:233:
9)
    at HTMLUnknownElementImpl.dispatchEvent (C:\Users\u-adamu\Desktop\memplethe
e\teachLink_web\node_modules\jsdom\lib\jsdom\living\events\EventTarget-impl.js:
104:17)
    at HTMLUnknownElement.dispatchEvent (C:\Users\u-adamu\Desktop\memplethee\te
achLink_web\node_modules\jsdom\lib\jsdom\living\generated\EventTarget.js:241:34
)
    at Object.invokeGuardedCallbackDev (C:\Users\u-adamu\Desktop\memplethee\tea
chLink_web\node_modules\react-dom\cjs\react-dom.development.js:4213:16)
    at invokeGuardedCallback (C:\Users\u-adamu\Desktop\memplethee\teachLink_web
\node_modules\react-dom\cjs\react-dom.development.js:4277:31)
    at beginWork$1 (C:\Users\u-adamu\Desktop\memplethee\teachLink_web\node_modu
les\react-dom\cjs\react-dom.development.js:27490:7)
    at performUnitOfWork (C:\Users\u-adamu\Desktop\memplethee\teachLink_web\nod
e_modules\react-dom\cjs\react-dom.development.js:26599:12) ReferenceError: 
walletConnectionQueue is not defined
    at Module.useWeb3Wallet [90m(C:\Users\u-adamu\Desktop\memplethee\teachLink
_web\[39msrc\hooks\useWeb3Wallet.ts:543:17[90m)[39m
    at [90mC:\Users\u-adamu\Desktop\memplethee\teachLink_web\[39msrc\hooks\__
tests__\useWeb3Wallet.test.ts:198:41
    at TestComponent [90m(C:\Users\u-adamu\Desktop\memplethee\teachLink_web\[
39mnode_modules\[4m@testing-library[24m\react\dist\pure.js:330:27[90m)[39m
    at renderWithHooks [90m(C:\Users\u-adamu\Desktop\memplethee\teachLink_web\
[39mnode_modules\[4mreact-dom[24m\cjs\react-dom.development.js:15486:18[90m
)[39m
    at mountIndeterminateComponent [90m(C:\Users\u-adamu\Desktop\memplethee\te
achLink_web\[39mnode_modules\[4mreact-dom[24m\cjs\react-dom.development.js:2
0103:13[90m)[39m
    at beginWork [90m(C:\Users\u-adamu\Desktop\memplethee\teachLink_web\[39mn
ode_modules\[4mreact-dom[24m\cjs\react-dom.development.js:21626:16[90m)[39m
    at HTMLUnknownElement.callCallback [90m(C:\Users\u-adamu\Desktop\memplethe
e\teachLink_web\[39mnode_modules\[4mreact-dom[24m\cjs\react-dom.development.
js:4164:14[90m)[39m
    at HTMLUnknownElement.callTheUserObjectsOperation [90m(C:\Users\u-adamu\De
sktop\memplethee\teachLink_web\[39mnode_modules\[4mjsdom[24m\lib\jsdom\livin
g\generated\EventListener.js:26:30[90m)[39m
    at innerInvokeEventListeners [90m(C:\Users\u-adamu\Desktop\memplethee\teac
hLink_web\[39mnode_modules\[4mjsdom[24m\lib\jsdom\living\events\EventTarget-
impl.js:350:25[90m)[39m
    at invokeEventListeners [90m(C:\Users\u-adamu\Desktop\memplethee\teachLink
_web\[39mnode_modules\[4mjsdom[24m\lib\jsdom\living\events\EventTarget-impl.
js:286:3[90m)[39m
Error: Uncaught [ReferenceError: walletConnectionQueue is not defined]
    at reportException (C:\Users\u-adamu\Desktop\memplethee\teachLink_web\node_
modules\jsdom\lib\jsdom\living\helpers\runtime-script-errors.js:66:24)
    at innerInvokeEventListeners (C:\Users\u-adamu\Desktop\memplethee\teachLink
_web\node_modules\jsdom\lib\jsdom\living\events\EventTarget-impl.js:353:9)
    at invokeEventListeners (C:\Users\u-adamu\Desktop\memplethee\teachLink_web\
node_modules\jsdom\lib\jsdom\living\events\EventTarget-impl.js:286:3)
    at HTMLUnknownElementImpl._dispatch (C:\Users\u-adamu\Desktop\memplethee\te
achLink_web\node_modules\jsdom\lib\jsdom\living\events\EventTarget-impl.js:233:
9)
    at HTMLUnknownElementImpl.dispatchEvent (C:\Users\u-adamu\Desktop\memplethe
e\teachLink_web\node_modules\jsdom\lib\jsdom\living\events\EventTarget-impl.js:
104:17)
    at HTMLUnknownElement.dispatchEvent (C:\Users\u-adamu\Desktop\memplethee\te
achLink_web\node_modules\jsdom\lib\jsdom\living\generated\EventTarget.js:241:34
)
    at Object.invokeGuardedCallbackDev (C:\Users\u-adamu\Desktop\memplethee\tea
chLink_web\node_modules\react-dom\cjs\react-dom.development.js:4213:16)
    at invokeGuardedCallback (C:\Users\u-adamu\Desktop\memplethee\teachLink_web
\node_modules\react-dom\cjs\react-dom.development.js:4277:31)
    at beginWork$1 (C:\Users\u-adamu\Desktop\memplethee\teachLink_web\node_modu
les\react-dom\cjs\react-dom.development.js:27490:7)
    at performUnitOfWork (C:\Users\u-adamu\Desktop\memplethee\teachLink_web\nod
e_modules\react-dom\cjs\react-dom.development.js:26599:12) ReferenceError: 
walletConnectionQueue is not defined
    at Module.useWeb3Wallet [90m(C:\Users\u-adamu\Desktop\memplethee\teachLink
_web\[39msrc\hooks\useWeb3Wallet.ts:543:17[90m)[39m
    at [90mC:\Users\u-adamu\Desktop\memplethee\teachLink_web\[39msrc\hooks\__
tests__\useWeb3Wallet.test.ts:198:41
    at TestComponent [90m(C:\Users\u-adamu\Desktop\memplethee\teachLink_web\[
39mnode_modules\[4m@testing-library[24m\react\dist\pure.js:330:27[90m)[39m
    at renderWithHooks [90m(C:\Users\u-adamu\Desktop\memplethee\teachLink_web\
[39mnode_modules\[4mreact-dom[24m\cjs\react-dom.development.js:15486:18[90m
)[39m
    at mountIndeterminateComponent [90m(C:\Users\u-adamu\Desktop\memplethee\te
achLink_web\[39mnode_modules\[4mreact-dom[24m\cjs\react-dom.development.js:2
0103:13[90m)[39m
    at beginWork [90m(C:\Users\u-adamu\Desktop\memplethee\teachLink_web\[39mn
ode_modules\[4mreact-dom[24m\cjs\react-dom.development.js:21626:16[90m)[39m
    at HTMLUnknownElement.callCallback [90m(C:\Users\u-adamu\Desktop\memplethe
e\teachLink_web\[39mnode_modules\[4mreact-dom[24m\cjs\react-dom.development.
js:4164:14[90m)[39m
    at HTMLUnknownElement.callTheUserObjectsOperation [90m(C:\Users\u-adamu\De
sktop\memplethee\teachLink_web\[39mnode_modules\[4mjsdom[24m\lib\jsdom\livin
g\generated\EventListener.js:26:30[90m)[39m
    at innerInvokeEventListeners [90m(C:\Users\u-adamu\Desktop\memplethee\teac
hLink_web\[39mnode_modules\[4mjsdom[24m\lib\jsdom\living\events\EventTarget-
impl.js:350:25[90m)[39m
    at invokeEventListeners [90m(C:\Users\u-adamu\Desktop\memplethee\teachLink
_web\[39mnode_modules\[4mjsdom[24m\lib\jsdom\living\events\EventTarget-impl.
js:286:3[90m)[39m

[90mstderr[2m | src/hooks/__tests__/useWeb3Wallet.test.ts[2m > 
[22m[2museWeb3Wallet[2m > [22m[2mshould serialise concurrent connect 
calls so only one runs at a time
[22m[39mError: Uncaught [ReferenceError: walletConnectionQueue is not 
defined]
    at reportException (C:\Users\u-adamu\Desktop\memplethee\teachLink_web\node_
modules\jsdom\lib\jsdom\living\helpers\runtime-script-errors.js:66:24)
    at innerInvokeEventListeners (C:\Users\u-adamu\Desktop\memplethee\teachLink
_web\node_modules\jsdom\lib\jsdom\living\events\EventTarget-impl.js:353:9)
    at invokeEventListeners (C:\Users\u-adamu\Desktop\memplethee\teachLink_web\
node_modules\jsdom\lib\jsdom\living\events\EventTarget-impl.js:286:3)
    at HTMLUnknownElementImpl._dispatch (C:\Users\u-adamu\Desktop\memplethee\te
achLink_web\node_modules\jsdom\lib\jsdom\living\events\EventTarget-impl.js:233:
9)
    at HTMLUnknownElementImpl.dispatchEvent (C:\Users\u-adamu\Desktop\memplethe
e\teachLink_web\node_modules\jsdom\lib\jsdom\living\events\EventTarget-impl.js:
104:17)
    at HTMLUnknownElement.dispatchEvent (C:\Users\u-adamu\Desktop\memplethee\te
achLink_web\node_modules\jsdom\lib\jsdom\living\generated\EventTarget.js:241:34
)
    at Object.invokeGuardedCallbackDev (C:\Users\u-adamu\Desktop\memplethee\tea
chLink_web\node_modules\react-dom\cjs\react-dom.development.js:4213:16)
    at invokeGuardedCallback (C:\Users\u-adamu\Desktop\memplethee\teachLink_web
\node_modules\react-dom\cjs\react-dom.development.js:4277:31)
    at beginWork$1 (C:\Users\u-adamu\Desktop\memplethee\teachLink_web\node_modu
les\react-dom\cjs\react-dom.development.js:27490:7)
    at performUnitOfWork (C:\Users\u-adamu\Desktop\memplethee\teachLink_web\nod
e_modules\react-dom\cjs\react-dom.development.js:26599:12) ReferenceError: 
walletConnectionQueue is not defined
    at Module.useWeb3Wallet [90m(C:\Users\u-adamu\Desktop\memplethee\teachLink
_web\[39msrc\hooks\useWeb3Wallet.ts:543:17[90m)[39m
    at [90mC:\Users\u-adamu\Desktop\memplethee\teachLink_web\[39msrc\hooks\__
tests__\useWeb3Wallet.test.ts:226:41
 [31mΓ¥»[39m src/hooks/__tests__/useWeb3Wallet.test.ts [2m([22m[2m8 tests[22m[2m | [22m[31m8 failed[39m[2m)[22m[33m 381[2mms[22m[39m
[31m   [31m├ù[31m useWeb3Wallet[2m > [22mshould initialize with disconnected state[90m 171[2mms[22m[31m[39m
[31m     ΓåÆ walletConnectionQueue is not defined[39m
[31m   [31m├ù[31m useWeb3Wallet[2m > [22mshould successfully connect to MetaMask[90m 24[2mms[22m[31m[39m
[31m     ΓåÆ walletConnectionQueue is not defined[39m
[31m   [31m├ù[31m useWeb3Wallet[2m > [22mshould successfully connect to Starknet[90m 35[2mms[22m[31m[39m
[31m     ΓåÆ walletConnectionQueue is not defined[39m
[31m   [31m├ù[31m useWeb3Wallet[2m > [22mshould disconnect successfully[90m 21[2mms[22m[31m[39m
[31m     ΓåÆ walletConnectionQueue is not defined[39m
[31m   [31m├ù[31m useWeb3Wallet[2m > [22mshould prevent MetaMask events from corrupting Starknet connection state[90m 24[2mms[22m[31m[39m
[31m     ΓåÆ walletConnectionQueue is not defined[39m
[31m   [31m├ù[31m useWeb3Wallet[2m > [22mshould update Starknet connection state when Starknet accountsChanged event is fired[90m 20[2mms[22m[31m[39m
[31m     ΓåÆ walletConnectionQueue is not defined[39m
[31m   [31m├ù[31m useWeb3Wallet[2m > [22mshould expose queueStats with correct shape[90m 61[2mms[22m[31m[39m
[31m     ΓåÆ walletConnectionQueue is not defined[39m
[31m   [31m├ù[31m useWeb3Wallet[2m > [22mshould serialise concurrent connect calls so only one runs at a time[90m 18[2mms[22m[31m[39m
[31m     ΓåÆ walletConnectionQueue is not defined[39m
    at TestComponent [90m(C:\Users\u-adamu\Desktop\memplethee\teachLink_web\[
39mnode_modules\[4m@testing-library[24m\react\dist\pure.js:330:27[90m)[39m
    at renderWithHooks [90m(C:\Users\u-adamu\Desktop\memplethee\teachLink_web\
[39mnode_modules\[4mreact-dom[24m\cjs\react-dom.development.js:15486:18[90m
)[39m
    at mountIndeterminateComponent [90m(C:\Users\u-adamu\Desktop\memplethee\te
achLink_web\[39mnode_modules\[4mreact-dom[24m\cjs\react-dom.development.js:2
0103:13[90m)[39m
    at beginWork [90m(C:\Users\u-adamu\Desktop\memplethee\teachLink_web\[39mn
ode_modules\[4mreact-dom[24m\cjs\react-dom.development.js:21626:16[90m)[39m
    at HTMLUnknownElement.callCallback [90m(C:\Users\u-adamu\Desktop\memplethe
e\teachLink_web\[39mnode_modules\[4mreact-dom[24m\cjs\react-dom.development.
js:4164:14[90m)[39m
    at HTMLUnknownElement.callTheUserObjectsOperation [90m(C:\Users\u-adamu\De
sktop\memplethee\teachLink_web\[39mnode_modules\[4mjsdom[24m\lib\jsdom\livin
g\generated\EventListener.js:26:30[90m)[39m
    at innerInvokeEventListeners [90m(C:\Users\u-adamu\Desktop\memplethee\teac
hLink_web\[39mnode_modules\[4mjsdom[24m\lib\jsdom\living\events\EventTarget-
impl.js:350:25[90m)[39m
    at invokeEventListeners [90m(C:\Users\u-adamu\Desktop\memplethee\teachLink
_web\[39mnode_modules\[4mjsdom[24m\lib\jsdom\living\events\EventTarget-impl.
js:286:3[90m)[39m
Error: Uncaught [ReferenceError: walletConnectionQueue is not defined]
    at reportException (C:\Users\u-adamu\Desktop\memplethee\teachLink_web\node_
modules\jsdom\lib\jsdom\living\helpers\runtime-script-errors.js:66:24)
    at innerInvokeEventListeners (C:\Users\u-adamu\Desktop\memplethee\teachLink
_web\node_modules\jsdom\lib\jsdom\living\events\EventTarget-impl.js:353:9)
    at invokeEventListeners (C:\Users\u-adamu\Desktop\memplethee\teachLink_web\
node_modules\jsdom\lib\jsdom\living\events\EventTarget-impl.js:286:3)
    at HTMLUnknownElementImpl._dispatch (C:\Users\u-adamu\Desktop\memplethee\te
achLink_web\node_modules\jsdom\lib\jsdom\living\events\EventTarget-impl.js:233:
9)
    at HTMLUnknownElementImpl.dispatchEvent (C:\Users\u-adamu\Desktop\memplethe
e\teachLink_web\node_modules\jsdom\lib\jsdom\living\events\EventTarget-impl.js:
104:17)
    at HTMLUnknownElement.dispatchEvent (C:\Users\u-adamu\Desktop\memplethee\te
achLink_web\node_modules\jsdom\lib\jsdom\living\generated\EventTarget.js:241:34
)
    at Object.invokeGuardedCallbackDev (C:\Users\u-adamu\Desktop\memplethee\tea
chLink_web\node_modules\react-dom\cjs\react-dom.development.js:4213:16)
    at invokeGuardedCallback (C:\Users\u-adamu\Desktop\memplethee\teachLink_web
\node_modules\react-dom\cjs\react-dom.development.js:4277:31)
    at beginWork$1 (C:\Users\u-adamu\Desktop\memplethee\teachLink_web\node_modu
les\react-dom\cjs\react-dom.development.js:27490:7)
    at performUnitOfWork (C:\Users\u-adamu\Desktop\memplethee\teachLink_web\nod
e_modules\react-dom\cjs\react-dom.development.js:26599:12) ReferenceError: 
walletConnectionQueue is not defined
    at Module.useWeb3Wallet [90m(C:\Users\u-adamu\Desktop\memplethee\teachLink
_web\[39msrc\hooks\useWeb3Wallet.ts:543:17[90m)[39m
    at [90mC:\Users\u-adamu\Desktop\memplethee\teachLink_web\[39msrc\hooks\__
tests__\useWeb3Wallet.test.ts:226:41
    at TestComponent [90m(C:\Users\u-adamu\Desktop\memplethee\teachLink_web\[
39mnode_modules\[4m@testing-library[24m\react\dist\pure.js:330:27[90m)[39m
    at renderWithHooks [90m(C:\Users\u-adamu\Desktop\memplethee\teachLink_web\
[39mnode_modules\[4mreact-dom[24m\cjs\react-dom.development.js:15486:18[90m
)[39m
    at mountIndeterminateComponent [90m(C:\Users\u-adamu\Desktop\memplethee\te
achLink_web\[39mnode_modules\[4mreact-dom[24m\cjs\react-dom.development.js:2
0103:13[90m)[39m
    at beginWork [90m(C:\Users\u-adamu\Desktop\memplethee\teachLink_web\[39mn
ode_modules\[4mreact-dom[24m\cjs\react-dom.development.js:21626:16[90m)[39m
    at HTMLUnknownElement.callCallback [90m(C:\Users\u-adamu\Desktop\memplethe
e\teachLink_web\[39mnode_modules\[4mreact-dom[24m\cjs\react-dom.development.
js:4164:14[90m)[39m
    at HTMLUnknownElement.callTheUserObjectsOperation [90m(C:\Users\u-adamu\De
sktop\memplethee\teachLink_web\[39mnode_modules\[4mjsdom[24m\lib\jsdom\livin
g\generated\EventListener.js:26:30[90m)[39m
    at innerInvokeEventListeners [90m(C:\Users\u-adamu\Desktop\memplethee\teac
hLink_web\[39mnode_modules\[4mjsdom[24m\lib\jsdom\living\events\EventTarget-
impl.js:350:25[90m)[39m
    at invokeEventListeners [90m(C:\Users\u-adamu\Desktop\memplethee\teachLink
_web\[39mnode_modules\[4mjsdom[24m\lib\jsdom\living\events\EventTarget-impl.
js:286:3[90m)[39m

[90mstderr[2m | 
src/components/mobile/__tests__/MobileNavigation.test.tsx[2m > 
[22m[2mMobileNavigation Component[2m > [22m[2mrenders all navigation 
items correctly
[22m[39mError: Uncaught [ReferenceError: openScanner is not defined]
    at reportException (C:\Users\u-adamu\Desktop\memplethee\teachLink_web\node_
modules\jsdom\lib\jsdom\living\helpers\runtime-script-errors.js:66:24)
    at innerInvokeEventListeners (C:\Users\u-adamu\Desktop\memplethee\teachLink
_web\node_modules\jsdom\lib\jsdom\living\events\EventTarget-impl.js:353:9)
    at invokeEventListeners (C:\Users\u-adamu\Desktop\memplethee\teachLink_web\
node_modules\jsdom\lib\jsdom\living\events\EventTarget-impl.js:286:3)
    at HTMLUnknownElementImpl._dispatch (C:\Users\u-adamu\Desktop\memplethee\te
achLink_web\node_modules\jsdom\lib\jsdom\living\events\EventTarget-impl.js:233:
9)
    at HTMLUnknownElementImpl.dispatchEvent (C:\Users\u-adamu\Desktop\memplethe
e\teachLink_web\node_modules\jsdom\lib\jsdom\living\events\EventTarget-impl.js:
104:17)
    at HTMLUnknownElement.dispatchEvent (C:\Users\u-adamu\Desktop\memplethee\te
achLink_web\node_modules\jsdom\lib\jsdom\living\generated\EventTarget.js:241:34
)
    at Object.invokeGuardedCallbackDev (C:\Users\u-adamu\Desktop\memplethee\tea
chLink_web\node_modules\react-dom\cjs\react-dom.development.js:4213:16)
    at invokeGuardedCallback (C:\Users\u-adamu\Desktop\memplethee\teachLink_web
\node_modules\react-dom\cjs\react-dom.development.js:4277:31)
    at beginWork$1 (C:\Users\u-adamu\Desktop\memplethee\teachLink_web\node_modu
les\react-dom\cjs\react-dom.development.js:27490:7)
    at performUnitOfWork (C:\Users\u-adamu\Desktop\memplethee\teachLink_web\nod
e_modules\react-dom\cjs\react-dom.development.js:26599:12) ReferenceError: 
openScanner is not defined
    at MobileNavigation [90m(C:\Users\u-adamu\Desktop\memplethee\teachLink_web
\[39msrc\components\mobile\MobileNavigation.tsx:187:20[90m)[39m
    at renderWithHooks [90m(C:\Users\u-adamu\Desktop\memplethee\teachLink_web\
[39mnode_modules\[4mreact-dom[24m\cjs\react-dom.development.js:15486:18[90m
)[39m
    at mountIndeterminateComponent [90m(C:\Users\u-adamu\Desktop\memplethee\te
achLink_web\[39mnode_modules\[4mreact-dom[24m\cjs\react-dom.development.js:2
0103:13[90m)[39m
    at beginWork [90m(C:\Users\u-adamu\Desktop\memplethee\teachLink_web\[39mn
ode_modules\[4mreact-dom[24m\cjs\react-dom.development.js:21626:16[90m)[39m
    at HTMLUnknownElement.callCallback [90m(C:\Users\u-adamu\Desktop\memplethe
e\teachLink_web\[39mnode_modules\[4mreact-dom[24m\cjs\react-dom.development.
js:4164:14[90m)[39m
    at HTMLUnknownElement.callTheUserObjectsOperation [90m(C:\Users\u-adamu\De
sktop\memplethee\teachLink_web\[39mnode_modules\[4mjsdom[24m\lib\jsdom\livin
g\generated\EventListener.js:26:30[90m)[39m
    at innerInvokeEventListeners [90m(C:\Users\u-adamu\Desktop\memplethee\teac
hLink_web\[39mnode_modules\[4mjsdom[24m\lib\jsdom\living\events\EventTarget-
impl.js:350:25[90m)[39m
    at invokeEventListeners [90m(C:\Users\u-adamu\Desktop\memplethee\teachLink
_web\[39mnode_modules\[4mjsdom[24m\lib\jsdom\living\events\EventTarget-impl.
js:286:3[90m)[39m
    at HTMLUnknownElementImpl._dispatch [90m(C:\Users\u-adamu\Desktop\mempleth
ee\teachLink_web\[39mnode_modules\[4mjsdom[24m\lib\jsdom\living\events\Event
Target-impl.js:233:9[90m)[39m
    at HTMLUnknownElementImpl.dispatchEvent [90m(C:\Users\u-adamu\Desktop\memp
lethee\teachLink_web\[39mnode_modules\[4mjsdom[24m\lib\jsdom\living\events\E
ventTarget-impl.js:104:17[90m)[39m
Error: Uncaught [ReferenceError: openScanner is not defined]
    at reportException (C:\Users\u-adamu\Desktop\memplethee\teachLink_web\node_
modules\jsdom\lib\jsdom\living\helpers\runtime-script-errors.js:66:24)
    at innerInvokeEventListeners (C:\Users\u-adamu\Desktop\memplethee\teachLink
_web\node_modules\jsdom\lib\jsdom\living\events\EventTarget-impl.js:353:9)
    at invokeEventListeners (C:\Users\u-adamu\Desktop\memplethee\teachLink_web\
node_modules\jsdom\lib\jsdom\living\events\EventTarget-impl.js:286:3)
    at HTMLUnknownElementImpl._dispatch (C:\Users\u-adamu\Desktop\memplethee\te
achLink_web\node_modules\jsdom\lib\jsdom\living\events\EventTarget-impl.js:233:
9)
    at HTMLUnknownElementImpl.dispatchEvent (C:\Users\u-adamu\Desktop\memplethe
e\teachLink_web\node_modules\jsdom\lib\jsdom\living\events\EventTarget-impl.js:
104:17)
    at HTMLUnknownElement.dispatchEvent (C:\Users\u-adamu\Desktop\memplethee\te
achLink_web\node_modules\jsdom\lib\jsdom\living\generated\EventTarget.js:241:34
)
    at Object.invokeGuardedCallbackDev (C:\Users\u-adamu\Desktop\memplethee\tea
chLink_web\node_modules\react-dom\cjs\react-dom.development.js:4213:16)
    at invokeGuardedCallback (C:\Users\u-adamu\Desktop\memplethee\teachLink_web
\node_modules\react-dom\cjs\react-dom.development.js:4277:31)
    at beginWork$1 (C:\Users\u-adamu\Desktop\memplethee\teachLink_web\node_modu
les\react-dom\cjs\react-dom.development.js:27490:7)
    at performUnitOfWork (C:\Users\u-adamu\Desktop\memplethee\teachLink_web\nod
e_modules\react-dom\cjs\react-dom.development.js:26599:12) ReferenceError: 
openScanner is not defined
    at MobileNavigation [90m(C:\Users\u-adamu\Desktop\memplethee\teachLink_web
\[39msrc\components\mobile\MobileNavigation.tsx:187:20[90m)[39m
    at renderWithHooks [90m(C:\Users\u-adamu\Desktop\memplethee\teachLink_web\
[39mnode_modules\[4mreact-dom[24m\cjs\react-dom.development.js:15486:18[90m
)[39m
    at mountIndeterminateComponent [90m(C:\Users\u-adamu\Desktop\memplethee\te
achLink_web\[39mnode_modules\[4mreact-dom[24m\cjs\react-dom.development.js:2
0103:13[90m)[39m
    at beginWork [90m(C:\Users\u-adamu\Desktop\memplethee\teachLink_web\[39mn
ode_modules\[4mreact-dom[24m\cjs\react-dom.development.js:21626:16[90m)[39m
    at HTMLUnknownElement.callCallback [90m(C:\Users\u-adamu\Desktop\memplethe
e\teachLink_web\[39mnode_modules\[4mreact-dom[24m\cjs\react-dom.development.
js:4164:14[90m)[39m
    at HTMLUnknownElement.callTheUserObjectsOperation [90m(C:\Users\u-adamu\De
sktop\memplethee\teachLink_web\[39mnode_modules\[4mjsdom[24m\lib\jsdom\livin
g\generated\EventListener.js:26:30[90m)[39m
    at innerInvokeEventListeners [90m(C:\Users\u-adamu\Desktop\memplethee\teac
hLink_web\[39mnode_modules\[4mjsdom[24m\lib\jsdom\living\events\EventTarget-
impl.js:350:25[90m)[39m
    at invokeEventListeners [90m(C:\Users\u-adamu\Desktop\memplethee\teachLink
_web\[39mnode_modules\[4mjsdom[24m\lib\jsdom\living\events\EventTarget-impl.
js:286:3[90m)[39m
    at HTMLUnknownElementImpl._dispatch [90m(C:\Users\u-adamu\Desktop\mempleth
ee\teachLink_web\[39mnode_modules\[4mjsdom[24m\lib\jsdom\living\events\Event
Target-impl.js:233:9[90m)[39m
    at HTMLUnknownElementImpl.dispatchEvent [90m(C:\Users\u-adamu\Desktop\memp
lethee\teachLink_web\[39mnode_modules\[4mjsdom[24m\lib\jsdom\living\events\E
ventTarget-impl.js:104:17[90m)[39m

[90mstderr[2m | 
src/components/mobile/__tests__/MobileNavigation.test.tsx[2m > 
[22m[2mMobileNavigation Component[2m > [22m[2mhandles initial active tab 
setting correctly
[22m[39mError: Uncaught [ReferenceError: openScanner is not defined]
    at reportException (C:\Users\u-adamu\Desktop\memplethee\teachLink_web\node_
modules\jsdom\lib\jsdom\living\helpers\runtime-script-errors.js:66:24)
    at innerInvokeEventListeners (C:\Users\u-adamu\Desktop\memplethee\teachLink
_web\node_modules\jsdom\lib\jsdom\living\events\EventTarget-impl.js:353:9)
    at invokeEventListeners (C:\Users\u-adamu\Desktop\memplethee\teachLink_web\
node_modules\jsdom\lib\jsdom\living\events\EventTarget-impl.js:286:3)
    at HTMLUnknownElementImpl._dispatch (C:\Users\u-adamu\Desktop\memplethee\te
achLink_web\node_modules\jsdom\lib\jsdom\living\events\EventTarget-impl.js:233:
9)
    at HTMLUnknownElementImpl.dispatchEvent (C:\Users\u-adamu\Desktop\memplethe
e\teachLink_web\node_modules\jsdom\lib\jsdom\living\events\EventTarget-impl.js:
104:17)
    at HTMLUnknownElement.dispatchEvent (C:\Users\u-adamu\Desktop\memplethee\te
achLink_web\node_modules\jsdom\lib\jsdom\living\generated\EventTarget.js:241:34
)
    at Object.invokeGuardedCallbackDev (C:\Users\u-adamu\Desktop\memplethee\tea
chLink_web\node_modules\react-dom\cjs\react-dom.development.js:4213:16)
    at invokeGuardedCallback (C:\Users\u-adamu\Desktop\memplethee\teachLink_web
\node_modules\react-dom\cjs\react-dom.development.js:4277:31)
    at beginWork$1 (C:\Users\u-adamu\Desktop\memplethee\teachLink_web\node_modu
les\react-dom\cjs\react-dom.development.js:27490:7)
    at performUnitOfWork (C:\Users\u-adamu\Desktop\memplethee\teachLink_web\nod
e_modules\react-dom\cjs\react-dom.development.js:26599:12) ReferenceError: 
openScanner is not defined
    at MobileNavigation [90m(C:\Users\u-adamu\Desktop\memplethee\teachLink_web
\[39msrc\components\mobile\MobileNavigation.tsx:187:20[90m)[39m
    at renderWithHooks [90m(C:\Users\u-adamu\Desktop\memplethee\teachLink_web\
[39mnode_modules\[4mreact-dom[24m\cjs\react-dom.development.js:15486:18[90m
)[39m
    at mountIndeterminateComponent [90m(C:\Users\u-adamu\Desktop\memplethee\te
achLink_web\[39mnode_modules\[4mreact-dom[24m\cjs\react-dom.development.js:2
0103:13[90m)[39m
    at beginWork [90m(C:\Users\u-adamu\Desktop\memplethee\teachLink_web\[39mn
ode_modules\[4mreact-dom[24m\cjs\react-dom.development.js:21626:16[90m)[39m
    at HTMLUnknownElement.callCallback [90m(C:\Users\u-adamu\Desktop\memplethe
e\teachLink_web\[39mnode_modules\[4mreact-dom[24m\cjs\react-dom.development.
js:4164:14[90m)[39m
    at HTMLUnknownElement.callTheUserObjectsOperation [90m(C:\Users\u-adamu\De
sktop\memplethee\teachLink_web\[39mnode_modules\[4mjsdom[24m\lib\jsdom\livin
g\generated\EventListener.js:26:30[90m)[39m
    at innerInvokeEventListeners [90m(C:\Users\u-adamu\Desktop\memplethee\teac
hLink_web\[39mnode_modules\[4mjsdom[24m\lib\jsdom\living\events\EventTarget-
impl.js:350:25[90m)[39m
    at invokeEventListeners [90m(C:\Users\u-adamu\Desktop\memplethee\teachLink
_web\[39mnode_modules\[4mjsdom[24m\lib\jsdom\living\events\EventTarget-impl.
js:286:3[90m)[39m
    at HTMLUnknownElementImpl._dispatch [90m(C:\Users\u-adamu\Desktop\mempleth
ee\teachLink_web\[39mnode_modules\[4mjsdom[24m\lib\jsdom\living\events\Event
Target-impl.js:233:9[90m)[39m
    at HTMLUnknownElementImpl.dispatchEvent [90m(C:\Users\u-adamu\Desktop\memp
lethee\teachLink_web\[39mnode_modules\[4mjsdom[24m\lib\jsdom\living\events\E
ventTarget-impl.js:104:17[90m)[39m
Error: Uncaught [ReferenceError: openScanner is not defined]
    at reportException (C:\Users\u-adamu\Desktop\memplethee\teachLink_web\node_
modules\jsdom\lib\jsdom\living\helpers\runtime-script-errors.js:66:24)
    at innerInvokeEventListeners (C:\Users\u-adamu\Desktop\memplethee\teachLink
_web\node_modules\jsdom\lib\jsdom\living\events\EventTarget-impl.js:353:9)
    at invokeEventListeners (C:\Users\u-adamu\Desktop\memplethee\teachLink_web\
node_modules\jsdom\lib\jsdom\living\events\EventTarget-impl.js:286:3)
    at HTMLUnknownElementImpl._dispatch (C:\Users\u-adamu\Desktop\memplethee\te
achLink_web\node_modules\jsdom\lib\jsdom\living\events\EventTarget-impl.js:233:
9)
    at HTMLUnknownElementImpl.dispatchEvent (C:\Users\u-adamu\Desktop\memplethe
e\teachLink_web\node_modules\jsdom\lib\jsdom\living\events\EventTarget-impl.js:
104:17)
    at HTMLUnknownElement.dispatchEvent (C:\Users\u-adamu\Desktop\memplethee\te
achLink_web\node_modules\jsdom\lib\jsdom\living\generated\EventTarget.js:241:34
)
    at Object.invokeGuardedCallbackDev (C:\Users\u-adamu\Desktop\memplethee\tea
chLink_web\node_modules\react-dom\cjs\react-dom.development.js:4213:16)
    at invokeGuardedCallback (C:\Users\u-adamu\Desktop\memplethee\teachLink_web
\node_modules\react-dom\cjs\react-dom.development.js:4277:31)
    at beginWork$1 (C:\Users\u-adamu\Desktop\memplethee\teachLink_web\node_modu
les\react-dom\cjs\react-dom.development.js:27490:7)
    at performUnitOfWork (C:\Users\u-adamu\Desktop\memplethee\teachLink_web\nod
e_modules\react-dom\cjs\react-dom.development.js:26599:12) ReferenceError: 
openScanner is not defined
    at MobileNavigation [90m(C:\Users\u-adamu\Desktop\memplethee\teachLink_web
\[39msrc\components\mobile\MobileNavigation.tsx:187:20[90m)[39m
    at renderWithHooks [90m(C:\Users\u-adamu\Desktop\memplethee\teachLink_web\
[39mnode_modules\[4mreact-dom[24m\cjs\react-dom.development.js:15486:18[90m
)[39m
    at mountIndeterminateComponent [90m(C:\Users\u-adamu\Desktop\memplethee\te
achLink_web\[39mnode_modules\[4mreact-dom[24m\cjs\react-dom.development.js:2
0103:13[90m)[39m
    at beginWork [90m(C:\Users\u-adamu\Desktop\memplethee\teachLink_web\[39mn
ode_modules\[4mreact-dom[24m\cjs\react-dom.development.js:21626:16[90m)[39m
    at HTMLUnknownElement.callCallback [90m(C:\Users\u-adamu\Desktop\memplethe
e\teachLink_web\[39mnode_modules\[4mreact-dom[24m\cjs\react-dom.development.
js:4164:14[90m)[39m
    at HTMLUnknownElement.callTheUserObjectsOperation [90m(C:\Users\u-adamu\De
sktop\memplethee\teachLink_web\[39mnode_modules\[4mjsdom[24m\lib\jsdom\livin
g\generated\EventListener.js:26:30[90m)[39m
    at innerInvokeEventListeners [90m(C:\Users\u-adamu\Desktop\memplethee\teac
hLink_web\[39mnode_modules\[4mjsdom[24m\lib\jsdom\living\events\EventTarget-
impl.js:350:25[90m)[39m
    at invokeEventListeners [90m(C:\Users\u-adamu\Desktop\memplethee\teachLink
_web\[39mnode_modules\[4mjsdom[24m\lib\jsdom\living\events\EventTarget-impl.
js:286:3[90m)[39m
    at HTMLUnknownElementImpl._dispatch [90m(C:\Users\u-adamu\Desktop\mempleth
ee\teachLink_web\[39mnode_modules\[4mjsdom[24m\lib\jsdom\living\events\Event
Target-impl.js:233:9[90m)[39m
    at HTMLUnknownElementImpl.dispatchEvent [90m(C:\Users\u-adamu\Desktop\memp
lethee\teachLink_web\[39mnode_modules\[4mjsdom[24m\lib\jsdom\living\events\E
ventTarget-impl.js:104:17[90m)[39m

[90mstderr[2m | 
src/components/mobile/__tests__/MobileNavigation.test.tsx[2m > 
[22m[2mMobileNavigation Component[2m > [22m[2mtriggers onNavChange and 
updates active tab state on click
[22m[39mError: Uncaught [ReferenceError: openScanner is not defined]
    at reportException (C:\Users\u-adamu\Desktop\memplethee\teachLink_web\node_
modules\jsdom\lib\jsdom\living\helpers\runtime-script-errors.js:66:24)
    at innerInvokeEventListeners (C:\Users\u-adamu\Desktop\memplethee\teachLink
_web\node_modules\jsdom\lib\jsdom\living\events\EventTarget-impl.js:353:9)
    at invokeEventListeners (C:\Users\u-adamu\Desktop\memplethee\teachLink_web\
node_modules\jsdom\lib\jsdom\living\events\EventTarget-impl.js:286:3)
    at HTMLUnknownElementImpl._dispatch (C:\Users\u-adamu\Desktop\memplethee\te
achLink_web\node_modules\jsdom\lib\jsdom\living\events\EventTarget-impl.js:233:
9)
    at HTMLUnknownElementImpl.dispatchEvent (C:\Users\u-adamu\Desktop\memplethe
e\teachLink_web\node_modules\jsdom\lib\jsdom\living\events\EventTarget-impl.js:
104:17)
    at HTMLUnknownElement.dispatchEvent (C:\Users\u-adamu\Desktop\memplethee\te
achLink_web\node_modules\jsdom\lib\jsdom\living\generated\EventTarget.js:241:34
)
    at Object.invokeGuardedCallbackDev (C:\Users\u-adamu\Desktop\memplethee\tea
chLink_web\node_modules\react-dom\cjs\react-dom.development.js:4213:16)
    at invokeGuardedCallback (C:\Users\u-adamu\Desktop\memplethee\teachLink_web
\node_modules\react-dom\cjs\react-dom.development.js:4277:31)
    at beginWork$1 (C:\Users\u-adamu\Desktop\memplethee\teachLink_web\node_modu
les\react-dom\cjs\react-dom.development.js:27490:7)
    at performUnitOfWork (C:\Users\u-adamu\Desktop\memplethee\teachLink_web\nod
e_modules\react-dom\cjs\react-dom.development.js:26599:12) ReferenceError: 
openScanner is not defined
    at MobileNavigation [90m(C:\Users\u-adamu\Desktop\memplethee\teachLink_web
\[39msrc\components\mobile\MobileNavigation.tsx:187:20[90m)[39m
    at renderWithHooks [90m(C:\Users\u-adamu\Desktop\memplethee\teachLink_web\
[39mnode_modules\[4mreact-dom[24m\cjs\react-dom.development.js:15486:18[90m
)[39m
    at mountIndeterminateComponent [90m(C:\Users\u-adamu\Desktop\memplethee\te
achLink_web\[39mnode_modules\[4mreact-dom[24m\cjs\react-dom.development.js:2
0103:13[90m)[39m
    at beginWork [90m(C:\Users\u-adamu\Desktop\memplethee\teachLink_web\[39mn
ode_modules\[4mreact-dom[24m\cjs\react-dom.development.js:21626:16[90m)[39m
    at HTMLUnknownElement.callCallback [90m(C:\Users\u-adamu\Desktop\memplethe
e\teachLink_web\[39mnode_modules\[4mreact-dom[24m\cjs\react-dom.development.
js:4164:14[90m)[39m
    at HTMLUnknownElement.callTheUserObjectsOperation [90m(C:\Users\u-adamu\De
sktop\memplethee\teachLink_web\[39mnode_modules\[4mjsdom[24m\lib\jsdom\livin
g\generated\EventListener.js:26:30[90m)[39m
    at innerInvokeEventListeners [90m(C:\Users\u-adamu\Desktop\memplethee\teac
hLink_web\[39mnode_modules\[4mjsdom[24m\lib\jsdom\living\events\EventTarget-
impl.js:350:25[90m)[39m
    at invokeEventListeners [90m(C:\Users\u-adamu\Desktop\memplethee\teachLink
_web\[39mnode_modules\[4mjsdom[24m\lib\jsdom\living\events\EventTarget-impl.
js:286:3[90m)[39m
    at HTMLUnknownElementImpl._dispatch [90m(C:\Users\u-adamu\Desktop\mempleth
ee\teachLink_web\[39mnode_modules\[4mjsdom[24m\lib\jsdom\living\events\Event
Target-impl.js:233:9[90m)[39m
    at HTMLUnknownElementImpl.dispatchEvent [90m(C:\Users\u-adamu\Desktop\memp
lethee\teachLink_web\[39mnode_modules\[4mjsdom[24m\lib\jsdom\living\events\E
ventTarget-impl.js:104:17[90m)[39m
Error: Uncaught [ReferenceError: openScanner is not defined]
    at reportException (C:\Users\u-adamu\Desktop\memplethee\teachLink_web\node_
modules\jsdom\lib\jsdom\living\helpers\runtime-script-errors.js:66:24)
    at innerInvokeEventListeners (C:\Users\u-adamu\Desktop\memplethee\teachLink
_web\node_modules\jsdom\lib\jsdom\living\events\EventTarget-impl.js:353:9)
    at invokeEventListeners (C:\Users\u-adamu\Desktop\memplethee\teachLink_web\
node_modules\jsdom\lib\jsdom\living\events\EventTarget-impl.js:286:3)
    at HTMLUnknownElementImpl._dispatch (C:\Users\u-adamu\Desktop\memplethee\te
achLink_web\node_modules\jsdom\lib\jsdom\living\events\EventTarget-impl.js:233:
9)
    at HTMLUnknownElementImpl.dispatchEvent (C:\Users\u-adamu\Desktop\memplethe
e\teachLink_web\node_modules\jsdom\lib\jsdom\living\events\EventTarget-impl.js:
104:17)
    at HTMLUnknownElement.dispatchEvent (C:\Users\u-adamu\Desktop\memplethee\te
achLink_web\node_modules\jsdom\lib\jsdom\living\generated\EventTarget.js:241:34
)
    at Object.invokeGuardedCallbackDev (C:\Users\u-adamu\Desktop\memplethee\tea
chLink_web\node_modules\react-dom\cjs\react-dom.development.js:4213:16)
    at invokeGuardedCallback (C:\Users\u-adamu\Desktop\memplethee\teachLink_web
\node_modules\react-dom\cjs\react-dom.development.js:4277:31)
    at beginWork$1 (C:\Users\u-adamu\Desktop\memplethee\teachLink_web\node_modu
les\react-dom\cjs\react-dom.development.js:27490:7)
    at performUnitOfWork (C:\Users\u-adamu\Desktop\memplethee\teachLink_web\nod
e_modules\react-dom\cjs\react-dom.development.js:26599:12) ReferenceError: 
openScanner is not defined
    at MobileNavigation [90m(C:\Users\u-adamu\Desktop\memplethee\teachLink_web
\[39msrc\components\mobile\MobileNavigation.tsx:187:20[90m)[39m
    at renderWithHooks [90m(C:\Users\u-adamu\Desktop\memplethee\teachLink_web\
[39mnode_modules\[4mreact-dom[24m\cjs\react-dom.development.js:15486:18[90m
)[39m
    at mountIndeterminateComponent [90m(C:\Users\u-adamu\Desktop\memplethee\te
achLink_web\[39mnode_modules\[4mreact-dom[24m\cjs\react-dom.development.js:2
0103:13[90m)[39m
    at beginWork [90m(C:\Users\u-adamu\Desktop\memplethee\teachLink_web\[39mn
ode_modules\[4mreact-dom[24m\cjs\react-dom.development.js:21626:16[90m)[39m
    at HTMLUnknownElement.callCallback [90m(C:\Users\u-adamu\Desktop\memplethe
e\teachLink_web\[39mnode_modules\[4mreact-dom[24m\cjs\react-dom.development.
js:4164:14[90m)[39m
    at HTMLUnknownElement.callTheUserObjectsOperation [90m(C:\Users\u-adamu\De
sktop\memplethee\teachLink_web\[39mnode_modules\[4mjsdom[24m\lib\jsdom\livin
g\generated\EventListener.js:26:30[90m)[39m
    at innerInvokeEventListeners [90m(C:\Users\u-adamu\Desktop\memplethee\teac
hLink_web\[39mnode_modules\[4mjsdom[24m\lib\jsdom\living\events\EventTarget-
impl.js:350:25[90m)[39m
    at invokeEventListeners [90m(C:\Users\u-adamu\Desktop\memplethee\teachLink
_web\[39mnode_modules\[4mjsdom[24m\lib\jsdom\living\events\EventTarget-impl.
js:286:3[90m)[39m
    at HTMLUnknownElementImpl._dispatch [90m(C:\Users\u-adamu\Desktop\mempleth
ee\teachLink_web\[39mnode_modules\[4mjsdom[24m\lib\jsdom\living\events\Event
Target-impl.js:233:9[90m)[39m
    at HTMLUnknownElementImpl.dispatchEvent [90m(C:\Users\u-adamu\Desktop\memp
lethee\teachLink_web\[39mnode_modules\[4mjsdom[24m\lib\jsdom\living\events\E
ventTarget-impl.js:104:17[90m)[39m

[90mstderr[2m | 
src/components/mobile/__tests__/MobileNavigation.test.tsx[2m > 
[22m[2mMobileNavigation Component[2m > [22m[2mshows the scanner button 
and opens the scanner dialog
[22m[39mError: Uncaught [ReferenceError: openScanner is not defined]
    at reportException (C:\Users\u-adamu\Desktop\memplethee\teachLink_web\node_
modules\jsdom\lib\jsdom\living\helpers\runtime-script-errors.js:66:24)
    at innerInvokeEventListeners (C:\Users\u-adamu\Desktop\memplethee\teachLink
_web\node_modules\jsdom\lib\jsdom\living\events\EventTarget-impl.js:353:9)
    at invokeEventListeners (C:\Users\u-adamu\Desktop\memplethee\teachLink_web\
node_modules\jsdom\lib\jsdom\living\events\EventTarget-impl.js:286:3)
    at HTMLUnknownElementImpl._dispatch (C:\Users\u-adamu\Desktop\memplethee\te
achLink_web\node_modules\jsdom\lib\jsdom\living\events\EventTarget-impl.js:233:
9)
    at HTMLUnknownElementImpl.dispatchEvent (C:\Users\u-adamu\Desktop\memplethe
e\teachLink_web\node_modules\jsdom\lib\jsdom\living\events\EventTarget-impl.js:
104:17)
    at HTMLUnknownElement.dispatchEvent (C:\Users\u-adamu\Desktop\memplethee\te
achLink_web\node_modules\jsdom\lib\jsdom\living\generated\EventTarget.js:241:34
)
    at Object.invokeGuardedCallbackDev (C:\Users\u-adamu\Desktop\memplethee\tea
chLink_web\node_modules\react-dom\cjs\react-dom.development.js:4213:16)
    at invokeGuardedCallback (C:\Users\u-adamu\Desktop\memplethee\teachLink_web
\node_modules\react-dom\cjs\react-dom.development.js:4277:31)
    at beginWork$1 (C:\Users\u-adamu\Desktop\memplethee\teachLink_web\node_modu
les\react-dom\cjs\react-dom.development.js:27490:7)
    at performUnitOfWork (C:\Users\u-adamu\Desktop\memplethee\teachLink_web\nod
e_modules\react-dom\cjs\react-dom.development.js:26599:12) ReferenceError: 
openScanner is not defined
    at MobileNavigation [90m(C:\Users\u-adamu\Desktop\memplethee\teachLink_web
\[39msrc\components\mobile\MobileNavigation.tsx:187:20[90m)[39m
    at renderWithHooks [90m(C:\Users\u-adamu\Desktop\memplethee\teachLink_web\
[39mnode_modules\[4mreact-dom[24m\cjs\react-dom.development.js:15486:18[90m
)[39m
    at mountIndeterminateComponent [90m(C:\Users\u-adamu\Desktop\memplethee\te
achLink_web\[39mnode_modules\[4mreact-dom[24m\cjs\react-dom.development.js:2
0103:13[90m)[39m
    at beginWork [90m(C:\Users\u-adamu\Desktop\memplethee\teachLink_web\[39mn
ode_modules\[4mreact-dom[24m\cjs\react-dom.development.js:21626:16[90m)[39m
    at HTMLUnknownElement.callCallback [90m(C:\Users\u-adamu\Desktop\memplethe
e\teachLink_web\[39mnode_modules\[4mreact-dom[24m\cjs\react-dom.development.
js:4164:14[90m)[39m
    at HTMLUnknownElement.callTheUserObjectsOperation [90m(C:\Users\u-adamu\De
sktop\memplethee\teachLink_web\[39mnode_modules\[4mjsdom[24m\lib\jsdom\livin
g\generated\EventListener.js:26:30[90m)[39m
    at innerInvokeEventListeners [90m(C:\Users\u-adamu\Desktop\memplethee\teac
hLink_web\[39mnode_modules\[4mjsdom[24m\lib\jsdom\living\events\EventTarget-
impl.js:350:25[90m)[39m
    at invokeEventListeners [90m(C:\Users\u-adamu\Desktop\memplethee\teachLink
_web\[39mnode_modules\[4mjsdom[24m\lib\jsdom\living\events\EventTarget-impl.
js:286:3[90m)[39m
    at HTMLUnknownElementImpl._dispatch [90m(C:\Users\u-adamu\Desktop\mempleth
ee\teachLink_web\[39mnode_modules\[4mjsdom[24m\lib\jsdom\living\events\Event
Target-impl.js:233:9[90m)[39m
    at HTMLUnknownElementImpl.dispatchEvent [90m(C:\Users\u-adamu\Desktop\memp
lethee\teachLink_web\[39mnode_modules\[4mjsdom[24m\lib\jsdom\living\events\E
ventTarget-impl.js:104:17[90m)[39m
Error: Uncaught [ReferenceError: openScanner is not defined]
    at reportException (C:\Users\u-adamu\Desktop\memplethee\teachLink_web\node_
modules\jsdom\lib\jsdom\living\helpers\runtime-script-errors.js:66:24)
    at innerInvokeEventListeners (C:\Users\u-adamu\Desktop\memplethee\teachLink
_web\node_modules\jsdom\lib\jsdom\living\events\EventTarget-impl.js:353:9)
    at invokeEventListeners (C:\Users\u-adamu\Desktop\memplethee\teachLink_web\
node_modules\jsdom\lib\jsdom\living\events\EventTarget-impl.js:286:3)
    at HTMLUnknownElementImpl._dispatch (C:\Users\u-adamu\Desktop\memplethee\te
achLink_web\node_modules\jsdom\lib\jsdom\living\events\EventTarget-impl.js:233:
9)
    at HTMLUnknownElementImpl.dispatchEvent (C:\Users\u-adamu\Desktop\memplethe
e\teachLink_web\node_modules\jsdom\lib\jsdom\living\events\EventTarget-impl.js:
104:17)
    at HTMLUnknownElement.dispatchEvent (C:\Users\u-adamu\Desktop\memplethee\te
achLink_web\node_modules\jsdom\lib\jsdom\living\generated\EventTarget.js:241:34
)
    at Object.invokeGuardedCallbackDev (C:\Users\u-adamu\Desktop\memplethee\tea
chLink_web\node_modules\react-dom\cjs\react-dom.development.js:4213:16)
    at invokeGuardedCallback (C:\Users\u-adamu\Desktop\memplethee\teachLink_web
\node_modules\react-dom\cjs\react-dom.development.js:4277:31)
    at beginWork$1 (C:\Users\u-adamu\Desktop\memplethee\teachLink_web\node_modu
les\react-dom\cjs\react-dom.development.js:27490:7)
    at performUnitOfWork (C:\Users\u-adamu\Desktop\memplethee\teachLink_web\nod
e_modules\react-dom\cjs\react-dom.development.js:26599:12) ReferenceError: 
openScanner is not defined
    at MobileNavigation [90m(C:\Users\u-adamu\Desktop\memplethee\teachLink_web
\[39msrc\components\mobile\MobileNavigation.tsx:187:20[90m)[39m
    at renderWithHooks [90m(C:\Users\u-adamu\Desktop\memplethee\teachLink_web\
[39mnode_modules\[4mreact-dom[24m\cjs\react-dom.development.js:15486:18[90m
)[39m
    at mountIndeterminateComponent [90m(C:\Users\u-adamu\Desktop\memplethee\te
achLink_web\[39mnode_modules\[4mreact-dom[24m\cjs\react-dom.development.js:2
0103:13[90m)[39m
    at beginWork [90m(C:\Users\u-adamu\Desktop\memplethee\teachLink_web\[39mn
ode_modules\[4mreact-dom[24m\cjs\react-dom.development.js:21626:16[90m)[39m
    at HTMLUnknownElement.callCallback [90m(C:\Users\u-adamu\Desktop\memplethe
e\teachLink_web\[39mnode_modules\[4mreact-dom[24m\cjs\react-dom.development.
js:4164:14[90m)[39m
    at HTMLUnknownElement.callTheUserObjectsOperation [90m(C:\Users\u-adamu\De
sktop\memplethee\teachLink_web\[39mnode_modules\[4mjsdom[24m\lib\jsdom\livin
g\generated\EventListener.js:26:30[90m)[39m
    at innerInvokeEventListeners [90m(C:\Users\u-adamu\Desktop\memplethee\teac
hLink_web\[39mnode_modules\[4mjsdom[24m\lib\jsdom\living\events\EventTarget-
impl.js:350:25[90m)[39m
    at invokeEventListeners [90m(C:\Users\u-adamu\Desktop\memplethee\teachLink
_web\[39mnode_modules\[4mjsdom[24m\lib\jsdom\living\events\EventTarget-impl.
js:286:3[90m)[39m
    at HTMLUnknownElementImpl._dispatch [90m(C:\Users\u-adamu\Desktop\mempleth
ee\teachLink_web\[39mnode_modules\[4mjsdom[24m\lib\jsdom\living\events\Event
Target-impl.js:233:9[90m)[39m
    at HTMLUnknownElementImpl.dispatchEvent [90m(C:\Users\u-adamu\Desktop\memp
lethee\teachLink_web\[39mnode_modules\[4mjsdom[24m\lib\jsdom\living\events\E
ventTarget-impl.js:104:17[90m)[39m

[90mstderr[2m | 
src/components/mobile/__tests__/MobileNavigation.test.tsx[2m > 
[22m[2mMobileNavigation Component[2m > [22m[2mKeyboard Navigation 
(WAI-ARIA Tablist Compliance)[2m > [22m[2mmoves focus to the next item when 
ArrowRight or ArrowDown is pressed
[22m[39mError: Uncaught [ReferenceError: openScanner is not defined]
    at reportException (C:\Users\u-adamu\Desktop\memplethee\teachLink_web\node_
modules\jsdom\lib\jsdom\living\helpers\runtime-script-errors.js:66:24)
    at innerInvokeEventListeners (C:\Users\u-adamu\Desktop\memplethee\teachLink
_web\node_modules\jsdom\lib\jsdom\living\events\EventTarget-impl.js:353:9)
    at invokeEventListeners (C:\Users\u-adamu\Desktop\memplethee\teachLink_web\
node_modules\jsdom\lib\jsdom\living\events\EventTarget-impl.js:286:3)
    at HTMLUnknownElementImpl._dispatch (C:\Users\u-adamu\Desktop\memplethee\te
achLink_web\node_modules\jsdom\lib\jsdom\living\events\EventTarget-impl.js:233:
9)
    at HTMLUnknownElementImpl.dispatchEvent (C:\Users\u-adamu\Desktop\memplethe
e\teachLink_web\node_modules\jsdom\lib\jsdom\living\events\EventTarget-impl.js:
104:17)
    at HTMLUnknownElement.dispatchEvent (C:\Users\u-adamu\Desktop\memplethee\te
achLink_web\node_modules\jsdom\lib\jsdom\living\generated\EventTarget.js:241:34
)
    at Object.invokeGuardedCallbackDev (C:\Users\u-adamu\Desktop\memplethee\tea
chLink_web\node_modules\react-dom\cjs\react-dom.development.js:4213:16)
    at invokeGuardedCallback (C:\Users\u-adamu\Desktop\memplethee\teachLink_web
\node_modules\react-dom\cjs\react-dom.development.js:4277:31)
    at beginWork$1 (C:\Users\u-adamu\Desktop\memplethee\teachLink_web\node_modu
les\react-dom\cjs\react-dom.development.js:27490:7)
    at performUnitOfWork (C:\Users\u-adamu\Desktop\memplethee\teachLink_web\nod
e_modules\react-dom\cjs\react-dom.development.js:26599:12) ReferenceError: 
openScanner is not defined
    at MobileNavigation [90m(C:\Users\u-adamu\Desktop\memplethee\teachLink_web
\[39msrc\components\mobile\MobileNavigation.tsx:187:20[90m)[39m
    at renderWithHooks [90m(C:\Users\u-adamu\Desktop\memplethee\teachLink_web\
[39mnode_modules\[4mreact-dom[24m\cjs\react-dom.development.js:15486:18[90m
)[39m
    at mountIndeterminateComponent [90m(C:\Users\u-adamu\Desktop\memplethee\te
achLink_web\[39mnode_modules\[4mreact-dom[24m\cjs\react-dom.development.js:2
0103:13[90m)[39m
    at beginWork [90m(C:\Users\u-adamu\Desktop\memplethee\teachLink_web\[39mn
ode_modules\[4mreact-dom[24m\cjs\react-dom.development.js:21626:16[90m)[39m
    at HTMLUnknownElement.callCallback [90m(C:\Users\u-adamu\Desktop\memplethe
e\teachLink_web\[39mnode_modules\[4mreact-dom[24m\cjs\react-dom.development.
js:4164:14[90m)[39m
    at HTMLUnknownElement.callTheUserObjectsOperation [90m(C:\Users\u-adamu\De
sktop\memplethee\teachLink_web\[39mnode_modules\[4mjsdom[24m\lib\jsdom\livin
g\generated\EventListener.js:26:30[90m)[39m
    at innerInvokeEventListeners [90m(C:\Users\u-adamu\Desktop\memplethee\teac
hLink_web\[39mnode_modules\[4mjsdom[24m\lib\jsdom\living\events\EventTarget-
impl.js:350:25[90m)[39m
    at invokeEventListeners [90m(C:\Users\u-adamu\Desktop\memplethee\teachLink
_web\[39mnode_modules\[4mjsdom[24m\lib\jsdom\living\events\EventTarget-impl.
js:286:3[90m)[39m
    at HTMLUnknownElementImpl._dispatch [90m(C:\Users\u-adamu\Desktop\mempleth
ee\teachLink_web\[39mnode_modules\[4mjsdom[24m\lib\jsdom\living\events\Event
Target-impl.js:233:9[90m)[39m
    at HTMLUnknownElementImpl.dispatchEvent [90m(C:\Users\u-adamu\Desktop\memp
lethee\teachLink_web\[39mnode_modules\[4mjsdom[24m\lib\jsdom\living\events\E
ventTarget-impl.js:104:17[90m)[39m
Error: Uncaught [ReferenceError: openScanner is not defined]
    at reportException (C:\Users\u-adamu\Desktop\memplethee\teachLink_web\node_
modules\jsdom\lib\jsdom\living\helpers\runtime-script-errors.js:66:24)
    at innerInvokeEventListeners (C:\Users\u-adamu\Desktop\memplethee\teachLink
_web\node_modules\jsdom\lib\jsdom\living\events\EventTarget-impl.js:353:9)
    at invokeEventListeners (C:\Users\u-adamu\Desktop\memplethee\teachLink_web\
node_modules\jsdom\lib\jsdom\living\events\EventTarget-impl.js:286:3)
    at HTMLUnknownElementImpl._dispatch (C:\Users\u-adamu\Desktop\memplethee\te
achLink_web\node_modules\jsdom\lib\jsdom\living\events\EventTarget-impl.js:233:
9)
    at HTMLUnknownElementImpl.dispatchEvent (C:\Users\u-adamu\Desktop\memplethe
e\teachLink_web\node_modules\jsdom\lib\jsdom\living\events\EventTarget-impl.js:
104:17)
    at HTMLUnknownElement.dispatchEvent (C:\Users\u-adamu\Desktop\memplethee\te
achLink_web\node_modules\jsdom\lib\jsdom\living\generated\EventTarget.js:241:34
)
    at Object.invokeGuardedCallbackDev (C:\Users\u-adamu\Desktop\memplethee\tea
chLink_web\node_modules\react-dom\cjs\react-dom.development.js:4213:16)
    at invokeGuardedCallback (C:\Users\u-adamu\Desktop\memplethee\teachLink_web
\node_modules\react-dom\cjs\react-dom.development.js:4277:31)
    at beginWork$1 (C:\Users\u-adamu\Desktop\memplethee\teachLink_web\node_modu
les\react-dom\cjs\react-dom.development.js:27490:7)
    at performUnitOfWork (C:\Users\u-adamu\Desktop\memplethee\teachLink_web\nod
e_modules\react-dom\cjs\react-dom.development.js:26599:12) ReferenceError: 
openScanner is not defined
    at MobileNavigation [90m(C:\Users\u-adamu\Desktop\memplethee\teachLink_web
\[39msrc\components\mobile\MobileNavigation.tsx:187:20[90m)[39m
    at renderWithHooks [90m(C:\Users\u-adamu\Desktop\memplethee\teachLink_web\
[39mnode_modules\[4mreact-dom[24m\cjs\react-dom.development.js:15486:18[90m
)[39m
    at mountIndeterminateComponent [90m(C:\Users\u-adamu\Desktop\memplethee\te
achLink_web\[39mnode_modules\[4mreact-dom[24m\cjs\react-dom.development.js:2
0103:13[90m)[39m
    at beginWork [90m(C:\Users\u-adamu\Desktop\memplethee\teachLink_web\[39mn
ode_modules\[4mreact-dom[24m\cjs\react-dom.development.js:21626:16[90m)[39m
    at HTMLUnknownElement.callCallback [90m(C:\Users\u-adamu\Desktop\memplethe
e\teachLink_web\[39mnode_modules\[4mreact-dom[24m\cjs\react-dom.development.
js:4164:14[90m)[39m
    at HTMLUnknownElement.callTheUserObjectsOperation [90m(C:\Users\u-adamu\De
sktop\memplethee\teachLink_web\[39mnode_modules\[4mjsdom[24m\lib\jsdom\livin
g\generated\EventListener.js:26:30[90m)[39m
    at innerInvokeEventListeners [90m(C:\Users\u-adamu\Desktop\memplethee\teac
hLink_web\[39mnode_modules\[4mjsdom[24m\lib\jsdom\living\events\EventTarget-
impl.js:350:25[90m)[39m
    at invokeEventListeners [90m(C:\Users\u-adamu\Desktop\memplethee\teachLink
_web\[39mnode_modules\[4mjsdom[24m\lib\jsdom\living\events\EventTarget-impl.
js:286:3[90m)[39m
    at HTMLUnknownElementImpl._dispatch [90m(C:\Users\u-adamu\Desktop\mempleth
ee\teachLink_web\[39mnode_modules\[4mjsdom[24m\lib\jsdom\living\events\Event
Target-impl.js:233:9[90m)[39m
    at HTMLUnknownElementImpl.dispatchEvent [90m(C:\Users\u-adamu\Desktop\memp
lethee\teachLink_web\[39mnode_modules\[4mjsdom[24m\lib\jsdom\living\events\E
ventTarget-impl.js:104:17[90m)[39m

[90mstderr[2m | 
src/components/mobile/__tests__/MobileNavigation.test.tsx[2m > 
[22m[2mMobileNavigation Component[2m > [22m[2mKeyboard Navigation 
(WAI-ARIA Tablist Compliance)[2m > [22m[2mmoves focus to the previous item 
when ArrowLeft or ArrowUp is pressed
[22m[39mError: Uncaught [ReferenceError: openScanner is not defined]
    at reportException (C:\Users\u-adamu\Desktop\memplethee\teachLink_web\node_
modules\jsdom\lib\jsdom\living\helpers\runtime-script-errors.js:66:24)
    at innerInvokeEventListeners (C:\Users\u-adamu\Desktop\memplethee\teachLink
_web\node_modules\jsdom\lib\jsdom\living\events\EventTarget-impl.js:353:9)
    at invokeEventListeners (C:\Users\u-adamu\Desktop\memplethee\teachLink_web\
node_modules\jsdom\lib\jsdom\living\events\EventTarget-impl.js:286:3)
    at HTMLUnknownElementImpl._dispatch (C:\Users\u-adamu\Desktop\memplethee\te
achLink_web\node_modules\jsdom\lib\jsdom\living\events\EventTarget-impl.js:233:
9)
    at HTMLUnknownElementImpl.dispatchEvent (C:\Users\u-adamu\Desktop\memplethe
e\teachLink_web\node_modules\jsdom\lib\jsdom\living\events\EventTarget-impl.js:
104:17)
    at HTMLUnknownElement.dispatchEvent (C:\Users\u-adamu\Desktop\memplethee\te
achLink_web\node_modules\jsdom\lib\jsdom\living\generated\EventTarget.js:241:34
)
    at Object.invokeGuardedCallbackDev (C:\Users\u-adamu\Desktop\memplethee\tea
chLink_web\node_modules\react-dom\cjs\react-dom.development.js:4213:16)
    at invokeGuardedCallback (C:\Users\u-adamu\Desktop\memplethee\teachLink_web
\node_modules\react-dom\cjs\react-dom.development.js:4277:31)
    at beginWork$1 (C:\Users\u-adamu\Desktop\memplethee\teachLink_web\node_modu
les\react-dom\cjs\react-dom.development.js:27490:7)
    at performUnitOfWork (C:\Users\u-adamu\Desktop\memplethee\teachLink_web\nod
e_modules\react-dom\cjs\react-dom.development.js:26599:12) ReferenceError: 
openScanner is not defined
    at MobileNavigation [90m(C:\Users\u-adamu\Desktop\memplethee\teachLink_web
\[39msrc\components\mobile\MobileNavigation.tsx:187:20[90m)[39m
    at renderWithHooks [90m(C:\Users\u-adamu\Desktop\memplethee\teachLink_web\
[39mnode_modules\[4mreact-dom[24m\cjs\react-dom.development.js:15486:18[90m
)[39m
    at mountIndeterminateComponent [90m(C:\Users\u-adamu\Desktop\memplethee\te
achLink_web\[39mnode_modules\[4mreact-dom[24m\cjs\react-dom.development.js:2
0103:13[90m)[39m
    at beginWork [90m(C:\Users\u-adamu\Desktop\memplethee\teachLink_web\[39mn
ode_modules\[4mreact-dom[24m\cjs\react-dom.development.js:21626:16[90m)[39m
    at HTMLUnknownElement.callCallback [90m(C:\Users\u-adamu\Desktop\memplethe
e\teachLink_web\[39mnode_modules\[4mreact-dom[24m\cjs\react-dom.development.
js:4164:14[90m)[39m
    at HTMLUnknownElement.callTheUserObjectsOperation [90m(C:\Users\u-adamu\De
sktop\memplethee\teachLink_web\[39mnode_modules\[4mjsdom[24m\lib\jsdom\livin
g\generated\EventListener.js:26:30[90m)[39m
    at innerInvokeEventListeners [90m(C:\Users\u-adamu\Desktop\memplethee\teac
hLink_web\[39mnode_modules\[4mjsdom[24m\lib\jsdom\living\events\EventTarget-
impl.js:350:25[90m)[39m
    at invokeEventListeners [90m(C:\Users\u-adamu\Desktop\memplethee\teachLink
_web\[39mnode_modules\[4mjsdom[24m\lib\jsdom\living\events\EventTarget-impl.
js:286:3[90m)[39m
    at HTMLUnknownElementImpl._dispatch [90m(C:\Users\u-adamu\Desktop\mempleth
ee\teachLink_web\[39mnode_modules\[4mjsdom[24m\lib\jsdom\living\events\Event
Target-impl.js:233:9[90m)[39m
    at HTMLUnknownElementImpl.dispatchEvent [90m(C:\Users\u-adamu\Desktop\memp
lethee\teachLink_web\[39mnode_modules\[4mjsdom[24m\lib\jsdom\living\events\E
ventTarget-impl.js:104:17[90m)[39m
Error: Uncaught [ReferenceError: openScanner is not defined]
    at reportException (C:\Users\u-adamu\Desktop\memplethee\teachLink_web\node_
modules\jsdom\lib\jsdom\living\helpers\runtime-script-errors.js:66:24)
    at innerInvokeEventListeners (C:\Users\u-adamu\Desktop\memplethee\teachLink
_web\node_modules\jsdom\lib\jsdom\living\events\EventTarget-impl.js:353:9)
    at invokeEventListeners (C:\Users\u-adamu\Desktop\memplethee\teachLink_web\
node_modules\jsdom\lib\jsdom\living\events\EventTarget-impl.js:286:3)
    at HTMLUnknownElementImpl._dispatch (C:\Users\u-adamu\Desktop\memplethee\te
achLink_web\node_modules\jsdom\lib\jsdom\living\events\EventTarget-impl.js:233:
9)
    at HTMLUnknownElementImpl.dispatchEvent (C:\Users\u-adamu\Desktop\memplethe
e\teachLink_web\node_modules\jsdom\lib\jsdom\living\events\EventTarget-impl.js:
104:17)
    at HTMLUnknownElement.dispatchEvent (C:\Users\u-adamu\Desktop\memplethee\te
achLink_web\node_modules\jsdom\lib\jsdom\living\generated\EventTarget.js:241:34
)
    at Object.invokeGuardedCallbackDev (C:\Users\u-adamu\Desktop\memplethee\tea
chLink_web\node_modules\react-dom\cjs\react-dom.development.js:4213:16)
    at invokeGuardedCallback (C:\Users\u-adamu\Desktop\memplethee\teachLink_web
\node_modules\react-dom\cjs\react-dom.development.js:4277:31)
    at beginWork$1 (C:\Users\u-adamu\Desktop\memplethee\teachLink_web\node_modu
les\react-dom\cjs\react-dom.development.js:27490:7)
    at performUnitOfWork (C:\Users\u-adamu\Desktop\memplethee\teachLink_web\nod
e_modules\react-dom\cjs\react-dom.development.js:26599:12) ReferenceError: 
openScanner is not defined
    at MobileNavigation [90m(C:\Users\u-adamu\Desktop\memplethee\teachLink_web
\[39msrc\components\mobile\MobileNavigation.tsx:187:20[90m)[39m
    at renderWithHooks [90m(C:\Users\u-adamu\Desktop\memplethee\teachLink_web\
[39mnode_modules\[4mreact-dom[24m\cjs\react-dom.development.js:15486:18[90m
)[39m
    at mountIndeterminateComponent [90m(C:\Users\u-adamu\Desktop\memplethee\te
achLink_web\[39mnode_modules\[4mreact-dom[24m\cjs\react-dom.development.js:2
0103:13[90m)[39m
    at beginWork [90m(C:\Users\u-adamu\Desktop\memplethee\teachLink_web\[39mn
ode_modules\[4mreact-dom[24m\cjs\react-dom.development.js:21626:16[90m)[39m
    at HTMLUnknownElement.callCallback [90m(C:\Users\u-adamu\Desktop\memplethe
e\teachLink_web\[39mnode_modules\[4mreact-dom[24m\cjs\react-dom.development.
js:4164:14[90m)[39m
    at HTMLUnknownElement.callTheUserObjectsOperation [90m(C:\Users\u-adamu\De
sktop\memplethee\teachLink_web\[39mnode_modules\[4mjsdom[24m\lib\jsdom\livin
g\generated\EventListener.js:26:30[90m)[39m
    at innerInvokeEventListeners [90m(C:\Users\u-adamu\Desktop\memplethee\teac
hLink_web\[39mnode_modules\[4mjsdom[24m\lib\jsdom\living\events\EventTarget-
impl.js:350:25[90m)[39m
    at invokeEventListeners [90m(C:\Users\u-adamu\Desktop\memplethee\teachLink
_web\[39mnode_modules\[4mjsdom[24m\lib\jsdom\living\events\EventTarget-impl.
js:286:3[90m)[39m
    at HTMLUnknownElementImpl._dispatch [90m(C:\Users\u-adamu\Desktop\mempleth
ee\teachLink_web\[39mnode_modules\[4mjsdom[24m\lib\jsdom\living\events\Event
Target-impl.js:233:9[90m)[39m
    at HTMLUnknownElementImpl.dispatchEvent [90m(C:\Users\u-adamu\Desktop\memp
lethee\teachLink_web\[39mnode_modules\[4mjsdom[24m\lib\jsdom\living\events\E
ventTarget-impl.js:104:17[90m)[39m

[90mstderr[2m | 
src/components/mobile/__tests__/MobileNavigation.test.tsx[2m > 
[22m[2mMobileNavigation Component[2m > [22m[2mKeyboard Navigation 
(WAI-ARIA Tablist Compliance)[2m > [22m[2mmoves focus to first and last 
items on Home and End keys
[22m[39mError: Uncaught [ReferenceError: openScanner is not defined]
    at reportException (C:\Users\u-adamu\Desktop\memplethee\teachLink_web\node_
modules\jsdom\lib\jsdom\living\helpers\runtime-script-errors.js:66:24)
    at innerInvokeEventListeners (C:\Users\u-adamu\Desktop\memplethee\teachLink
_web\node_modules\jsdom\lib\jsdom\living\events\EventTarget-impl.js:353:9)
    at invokeEventListeners (C:\Users\u-adamu\Desktop\memplethee\teachLink_web\
node_modules\jsdom\lib\jsdom\living\events\EventTarget-impl.js:286:3)
    at HTMLUnknownElementImpl._dispatch (C:\Users\u-adamu\Desktop\memplethee\te
achLink_web\node_modules\jsdom\lib\jsdom\living\events\EventTarget-impl.js:233:
9)
    at HTMLUnknownElementImpl.dispatchEvent (C:\Users\u-adamu\Desktop\memplethe
e\teachLink_web\node_modules\jsdom\lib\jsdom\living\events\EventTarget-impl.js:
104:17)
    at HTMLUnknownElement.dispatchEvent (C:\Users\u-adamu\Desktop\memplethee\te
achLink_web\node_modules\jsdom\lib\jsdom\living\generated\EventTarget.js:241:34
)
    at Object.invokeGuardedCallbackDev (C:\Users\u-adamu\Desktop\memplethee\tea
chLink_web\node_modules\react-dom\cjs\react-dom.development.js:4213:16)
    at invokeGuardedCallback (C:\Users\u-adamu\Desktop\memplethee\teachLink_web
\node_modules\react-dom\cjs\react-dom.development.js:4277:31)
    at beginWork$1 (C:\Users\u-adamu\Desktop\memplethee\teachLink_web\node_modu
les\react-dom\cjs\react-dom.development.js:27490:7)
    at performUnitOfWork (C:\Users\u-adamu\Desktop\memplethee\teachLink_web\nod
e_modules\react-dom\cjs\react-dom.development.js:26599:12) ReferenceError: 
openScanner is not defined
    at MobileNavigation [90m(C:\Users\u-adamu\Desktop\memplethee\teachLink_web
\[39msrc\components\mobile\MobileNavigation.tsx:187:20[90m)[39m
    at renderWithHooks [90m(C:\Users\u-adamu\Desktop\memplethee\teachLink_web\
[39mnode_modules\[4mreact-dom[24m\cjs\react-dom.development.js:15486:18[90m
)[39m
    at mountIndeterminateComponent [90m(C:\Users\u-adamu\Desktop\memplethee\te
achLink_web\[39mnode_modules\[4mreact-dom[24m\cjs\react-dom.development.js:2
0103:13[90m)[39m
    at beginWork [90m(C:\Users\u-adamu\Desktop\memplethee\teachLink_web\[39mn
ode_modules\[4mreact-dom[24m\cjs\react-dom.development.js:21626:16[90m)[39m
    at HTMLUnknownElement.callCallback [90m(C:\Users\u-adamu\Desktop\memplethe
e\teachLink_web\[39mnode_modules\[4mreact-dom[24m\cjs\react-dom.development.
js:4164:14[90m)[39m
    at HTMLUnknownElement.callTheUserObjectsOperation [90m(C:\Users\u-adamu\De
sktop\memplethee\teachLink_web\[39mnode_modules\[4mjsdom[24m\lib\jsdom\livin
g\generated\EventListener.js:26:30[90m)[39m
    at innerInvokeEventListeners [90m(C:\Users\u-adamu\Desktop\memplethee\teac
hLink_web\[39mnode_modules\[4mjsdom[24m\lib\jsdom\living\events\EventTarget-
impl.js:350:25[90m)[39m
    at invokeEventListeners [90m(C:\Users\u-adamu\Desktop\memplethee\teachLink
_web\[39mnode_modules\[4mjsdom[24m\lib\jsdom\living\events\EventTarget-impl.
js:286:3[90m)[39m
    at HTMLUnknownElementImpl._dispatch [90m(C:\Users\u-adamu\Desktop\mempleth
ee\teachLink_web\[39mnode_modules\[4mjsdom[24m\lib\jsdom\living\events\Event
Target-impl.js:233:9[90m)[39m
    at HTMLUnknownElementImpl.dispatchEvent [90m(C:\Users\u-adamu\Desktop\memp
lethee\teachLink_web\[39mnode_modules\[4mjsdom[24m\lib\jsdom\living\events\E
ventTarget-impl.js:104:17[90m)[39m
Error: Uncaught [ReferenceError: openScanner is not defined]
    at reportException (C:\Users\u-adamu\Desktop\memplethee\teachLink_web\node_
modules\jsdom\lib\jsdom\living\helpers\runtime-script-errors.js:66:24)
    at innerInvokeEventListeners (C:\Users\u-adamu\Desktop\memplethee\teachLink
_web\node_modules\jsdom\lib\jsdom\living\events\EventTarget-impl.js:353:9)
    at invokeEventListeners (C:\Users\u-adamu\Desktop\memplethee\teachLink_web\
node_modules\jsdom\lib\jsdom\living\events\EventTarget-impl.js:286:3)
    at HTMLUnknownElementImpl._dispatch (C:\Users\u-adamu\Desktop\memplethee\te
achLink_web\node_modules\jsdom\lib\jsdom\living\events\EventTarget-impl.js:233:
9)
    at HTMLUnknownElementImpl.dispatchEvent (C:\Users\u-adamu\Desktop\memplethe
e\teachLink_web\node_modules\jsdom\lib\jsdom\living\events\EventTarget-impl.js:
104:17)
    at HTMLUnknownElement.dispatchEvent (C:\Users\u-adamu\Desktop\memplethee\te
achLink_web\node_modules\jsdom\lib\jsdom\living\generated\EventTarget.js:241:34
)
    at Object.invokeGuardedCallbackDev (C:\Users\u-adamu\Desktop\memplethee\tea
chLink_web\node_modules\react-dom\cjs\react-dom.development.js:4213:16)
    at invokeGuardedCallback (C:\Users\u-adamu\Desktop\memplethee\teachLink_web
\node_modules\react-dom\cjs\react-dom.development.js:4277:31)
    at beginWork$1 (C:\Users\u-adamu\Desktop\memplethee\teachLink_web\node_modu
les\react-dom\cjs\react-dom.development.js:27490:7)
    at performUnitOfWork (C:\Users\u-adamu\Desktop\memplethee\teachLink_web\nod
e_modules\react-dom\cjs\react-dom.development.js:26599:12) ReferenceError: 
openScanner is not defined
    at MobileNavigation [90m(C:\Users\u-adamu\Desktop\memplethee\teachLink_web
\[39msrc\components\mobile\MobileNavigation.tsx:187:20[90m)[39m
    at renderWithHooks [90m(C:\Users\u-adamu\Desktop\memplethee\teachLink_web\
[39mnode_modules\[4mreact-dom[24m\cjs\react-dom.development.js:15486:18[90m
)[39m
    at mountIndeterminateComponent [90m(C:\Users\u-adamu\Desktop\memplethee\te
achLink_web\[39mnode_modules\[4mreact-dom[24m\cjs\react-dom.development.js:2
0103:13[90m)[39m
    at beginWork [90m(C:\Users\u-adamu\Desktop\memplethee\teachLink_web\[39mn
ode_modules\[4mreact-dom[24m\cjs\react-dom.development.js:21626:16[90m)[39m
    at HTMLUnknownElement.callCallback [90m(C:\Users\u-adamu\Desktop\memplethe
e\teachLink_web\[39mnode_modules\[4mreact-dom[24m\cjs\react-dom.development.
js:4164:14[90m)[39m
    at HTMLUnknownElement.callTheUserObjectsOperation [90m(C:\Users\u-adamu\De
sktop\memplethee\teachLink_web\[39mnode_modules\[4mjsdom[24m\lib\jsdom\livin
g\generated\EventListener.js:26:30[90m)[39m
    at innerInvokeEventListeners [90m(C:\Users\u-adamu\Desktop\memplethee\teac
hLink_web\[39mnode_modules\[4mjsdom[24m\lib\jsdom\living\events\EventTarget-
impl.js:350:25[90m)[39m
    at invokeEventListeners [90m(C:\Users\u-adamu\Desktop\memplethee\teachLink
_web\[39mnode_modules\[4mjsdom[24m\lib\jsdom\living\events\EventTarget-impl.
js:286:3[90m)[39m
    at HTMLUnknownElementImpl._dispatch [90m(C:\Users\u-adamu\Desktop\mempleth
ee\teachLink_web\[39mnode_modules\[4mjsdom[24m\lib\jsdom\living\events\Event
Target-impl.js:233:9[90m)[39m
    at HTMLUnknownElementImpl.dispatchEvent [90m(C:\Users\u-adamu\Desktop\memp
lethee\teachLink_web\[39mnode_modules\[4mjsdom[24m\lib\jsdom\living\events\E
ventTarget-impl.js:104:17[90m)[39m

[90mstderr[2m | 
src/components/mobile/__tests__/MobileNavigation.test.tsx[2m > 
[22m[2mMobileNavigation Component[2m > [22m[2mResponsive Design 
Styling[2m > [22m[2mapplies bottom bar classes by default for compact 
portrait screens
[22m[39mError: Uncaught [ReferenceError: openScanner is not defined]
    at reportException (C:\Users\u-adamu\Desktop\memplethee\teachLink_web\node_
modules\jsdom\lib\jsdom\living\helpers\runtime-script-errors.js:66:24)
    at innerInvokeEventListeners (C:\Users\u-adamu\Desktop\memplethee\teachLink
_web\node_modules\jsdom\lib\jsdom\living\events\EventTarget-impl.js:353:9)
    at invokeEventListeners (C:\Users\u-adamu\Desktop\memplethee\teachLink_web\
node_modules\jsdom\lib\jsdom\living\events\EventTarget-impl.js:286:3)
    at HTMLUnknownElementImpl._dispatch (C:\Users\u-adamu\Desktop\memplethee\te
achLink_web\node_modules\jsdom\lib\jsdom\living\events\EventTarget-impl.js:233:
9)
    at HTMLUnknownElementImpl.dispatchEvent (C:\Users\u-adamu\Desktop\memplethe
e\teachLink_web\node_modules\jsdom\lib\jsdom\living\events\EventTarget-impl.js:
104:17)
    at HTMLUnknownElement.dispatchEvent (C:\Users\u-adamu\Desktop\memplethee\te
achLink_web\node_modules\jsdom\lib\jsdom\living\generated\EventTarget.js:241:34
)
    at Object.invokeGuardedCallbackDev (C:\Users\u-adamu\Desktop\memplethee\tea
chLink_web\node_modules\react-dom\cjs\react-dom.development.js:4213:16)
    at invokeGuardedCallback (C:\Users\u-adamu\Desktop\memplethee\teachLink_web
\node_modules\react-dom\cjs\react-dom.development.js:4277:31)
    at beginWork$1 (C:\Users\u-adamu\Desktop\memplethee\teachLink_web\node_modu
les\react-dom\cjs\react-dom.development.js:27490:7)
    at performUnitOfWork (C:\Users\u-adamu\Desktop\memplethee\teachLink_web\nod
e_modules\react-dom\cjs\react-dom.development.js:26599:12) ReferenceError: 
openScanner is not defined
    at MobileNavigation [90m(C:\Users\u-adamu\Desktop\memplethee\teachLink_web
\[39msrc\components\mobile\MobileNavigation.tsx:187:20[90m)[39m
    at renderWithHooks [90m(C:\Users\u-adamu\Desktop\memplethee\teachLink_web\
[39mnode_modules\[4mreact-dom[24m\cjs\react-dom.development.js:15486:18[90m
)[39m
    at mountIndeterminateComponent [90m(C:\Users\u-adamu\Desktop\memplethee\te
achLink_web\[39mnode_modules\[4mreact-dom[24m\cjs\react-dom.development.js:2
0103:13[90m)[39m
    at beginWork [90m(C:\Users\u-adamu\Desktop\memplethee\teachLink_web\[39mn
ode_modules\[4mreact-dom[24m\cjs\react-dom.development.js:21626:16[90m)[39m
    at HTMLUnknownElement.callCallback [90m(C:\Users\u-adamu\Desktop\memplethe
e\teachLink_web\[39mnode_modules\[4mreact-dom[24m\cjs\react-dom.development.
js:4164:14[90m)[39m
    at HTMLUnknownElement.callTheUserObjectsOperation [90m(C:\Users\u-adamu\De
sktop\memplethee\teachLink_web\[39mnode_modules\[4mjsdom[24m\lib\jsdom\livin
g\generated\EventListener.js:26:30[90m)[39m
    at innerInvokeEventListeners [90m(C:\Users\u-adamu\Desktop\memplethee\teac
hLink_web\[39mnode_modules\[4mjsdom[24m\lib\jsdom\living\events\EventTarget-
impl.js:350:25[90m)[39m
    at invokeEventListeners [90m(C:\Users\u-adamu\Desktop\memplethee\teachLink
_web\[39mnode_modules\[4mjsdom[24m\lib\jsdom\living\events\EventTarget-impl.
js:286:3[90m)[39m
    at HTMLUnknownElementImpl._dispatch [90m(C:\Users\u-adamu\Desktop\mempleth
ee\teachLink_web\[39mnode_modules\[4mjsdom[24m\lib\jsdom\living\events\Event
Target-impl.js:233:9[90m)[39m
    at HTMLUnknownElementImpl.dispatchEvent [90m(C:\Users\u-adamu\Desktop\memp
lethee\teachLink_web\[39mnode_modules\[4mjsdom[24m\lib\jsdom\living\events\E
ventTarget-impl.js:104:17[90m)[39m
Error: Uncaught [ReferenceError: openScanner is not defined]
    at reportException (C:\Users\u-adamu\Desktop\memplethee\teachLink_web\node_
modules\jsdom\lib\jsdom\living\helpers\runtime-script-errors.js:66:24)
    at innerInvokeEventListeners (C:\Users\u-adamu\Desktop\memplethee\teachLink
_web\node_modules\jsdom\lib\jsdom\living\events\EventTarget-impl.js:353:9)
    at invokeEventListeners (C:\Users\u-adamu\Desktop\memplethee\teachLink_web\
node_modules\jsdom\lib\jsdom\living\events\EventTarget-impl.js:286:3)
    at HTMLUnknownElementImpl._dispatch (C:\Users\u-adamu\Desktop\memplethee\te
achLink_web\node_modules\jsdom\lib\jsdom\living\events\EventTarget-impl.js:233:
9)
    at HTMLUnknownElementImpl.dispatchEvent (C:\Users\u-adamu\Desktop\memplethe
e\teachLink_web\node_modules\jsdom\lib\jsdom\living\events\EventTarget-impl.js:
104:17)
    at HTMLUnknownElement.dispatchEvent (C:\Users\u-adamu\Desktop\memplethee\te
achLink_web\node_modules\jsdom\lib\jsdom\living\generated\EventTarget.js:241:34
)
    at Object.invokeGuardedCallbackDev (C:\Users\u-adamu\Desktop\memplethee\tea
chLink_web\node_modules\react-dom\cjs\react-dom.development.js:4213:16)
    at invokeGuardedCallback (C:\Users\u-adamu\Desktop\memplethee\teachLink_web
\node_modules\react-dom\cjs\react-dom.development.js:4277:31)
    at beginWork$1 (C:\Users\u-adamu\Desktop\memplethee\teachLink_web\node_modu
les\react-dom\cjs\react-dom.development.js:27490:7)
    at performUnitOfWork (C:\Users\u-adamu\Desktop\memplethee\teachLink_web\nod
e_modules\react-dom\cjs\react-dom.development.js:26599:12) ReferenceError: 
openScanner is not defined
    at MobileNavigation [90m(C:\Users\u-adamu\Desktop\memplethee\teachLink_web
\[39msrc\components\mobile\MobileNavigation.tsx:187:20[90m)[39m
    at renderWithHooks [90m(C:\Users\u-adamu\Desktop\memplethee\teachLink_web\
[39mnode_modules\[4mreact-dom[24m\cjs\react-dom.development.js:15486:18[90m
)[39m
    at mountIndeterminateComponent [90m(C:\Users\u-adamu\Desktop\memplethee\te
achLink_web\[39mnode_modules\[4mreact-dom[24m\cjs\react-dom.development.js:2
0103:13[90m)[39m
    at beginWork [90m(C:\Users\u-adamu\Desktop\memplethee\teachLink_web\[39mn
ode_modules\[4mreact-dom[24m\cjs\react-dom.development.js:21626:16[90m)[39m
    at HTMLUnknownElement.callCallback [90m(C:\Users\u-adamu\Desktop\memplethe
e\teachLink_web\[39mnode_modules\[4mreact-dom[24m\cjs\react-dom.development.
js:4164:14[90m)[39m
    at HTMLUnknownElement.callTheUserObjectsOperation [90m(C:\Users\u-adamu\De
sktop\memplethee\teachLink_web\[39mnode_modules\[4mjsdom[24m\lib\jsdom\livin
g\generated\EventListener.js:26:30[90m)[39m
    at innerInvokeEventListeners [90m(C:\Users\u-adamu\Desktop\memplethee\teac
hLink_web\[39mnode_modules\[4mjsdom[24m\lib\jsdom\living\events\EventTarget-
impl.js:350:25[90m)[39m
    at invokeEventListeners [90m(C:\Users\u-adamu\Desktop\memplethee\teachLink
_web\[39mnode_modules\[4mjsdom[24m\lib\jsdom\living\events\EventTarget-impl.
js:286:3[90m)[39m
    at HTMLUnknownElementImpl._dispatch [90m(C:\Users\u-adamu\Desktop\mempleth
ee\teachLink_web\[39mnode_modules\[4mjsdom[24m\lib\jsdom\living\events\Event
Target-impl.js:233:9[90m)[39m
    at HTMLUnknownElementImpl.dispatchEvent [90m(C:\Users\u-adamu\Desktop\memp
lethee\teachLink_web\[39mnode_modules\[4mjsdom[24m\lib\jsdom\living\events\E
ventTarget-impl.js:104:17[90m)[39m

[90mstderr[2m | 
src/components/mobile/__tests__/MobileNavigation.test.tsx[2m > 
[22m[2mMobileNavigation Component[2m > [22m[2mResponsive Design 
Styling[2m > [22m[2monly switches to a side rail at landscape mobile/tablet 
dimensions
[22m[39mError: Uncaught [ReferenceError: openScanner is not defined]
    at reportException (C:\Users\u-adamu\Desktop\memplethee\teachLink_web\node_
modules\jsdom\lib\jsdom\living\helpers\runtime-script-errors.js:66:24)
    at innerInvokeEventListeners (C:\Users\u-adamu\Desktop\memplethee\teachLink
_web\node_modules\jsdom\lib\jsdom\living\events\EventTarget-impl.js:353:9)
    at invokeEventListeners (C:\Users\u-adamu\Desktop\memplethee\teachLink_web\
node_modules\jsdom\lib\jsdom\living\events\EventTarget-impl.js:286:3)
    at HTMLUnknownElementImpl._dispatch (C:\Users\u-adamu\Desktop\memplethee\te
achLink_web\node_modules\jsdom\lib\jsdom\living\events\EventTarget-impl.js:233:
9)
    at HTMLUnknownElementImpl.dispatchEvent (C:\Users\u-adamu\Desktop\memplethe
e\teachLink_web\node_modules\jsdom\lib\jsdom\living\events\EventTarget-impl.js:
104:17)
    at HTMLUnknownElement.dispatchEvent (C:\Users\u-adamu\Desktop\memplethee\te
achLink_web\node_modules\jsdom\lib\jsdom\living\generated\EventTarget.js:241:34
)
    at Object.invokeGuardedCallbackDev (C:\Users\u-adamu\Desktop\memplethee\tea
chLink_web\node_modules\react-dom\cjs\react-dom.development.js:4213:16)
    at invokeGuardedCallback (C:\Users\u-adamu\Desktop\memplethee\teachLink_web
\node_modules\react-dom\cjs\react-dom.development.js:4277:31)
    at beginWork$1 (C:\Users\u-adamu\Desktop\memplethee\teachLink_web\node_modu
les\react-dom\cjs\react-dom.development.js:27490:7)
    at performUnitOfWork (C:\Users\u-adamu\Desktop\memplethee\teachLink_web\nod
e_modules\react-dom\cjs\react-dom.development.js:26599:12) ReferenceError: 
openScanner is not defined
    at MobileNavigation [90m(C:\Users\u-adamu\Desktop\memplethee\teachLink_web
\[39msrc\components\mobile\MobileNavigation.tsx:187:20[90m)[39m
    at renderWithHooks [90m(C:\Users\u-adamu\Desktop\memplethee\teachLink_web\
[39mnode_modules\[4mreact-dom[24m\cjs\react-dom.development.js:15486:18[90m
)[39m
    at mountIndeterminateComponent [90m(C:\Users\u-adamu\Desktop\memplethee\te
achLink_web\[39mnode_modules\[4mreact-dom[24m\cjs\react-dom.development.js:2
0103:13[90m)[39m
    at beginWork [90m(C:\Users\u-adamu\Desktop\memplethee\teachLink_web\[39mn
ode_modules\[4mreact-dom[24m\cjs\react-dom.development.js:21626:16[90m)[39m
    at HTMLUnknownElement.callCallback [90m(C:\Users\u-adamu\Desktop\memplethe
e\teachLink_web\[39mnode_modules\[4mreact-dom[24m\cjs\react-dom.development.
js:4164:14[90m)[39m
    at HTMLUnknownElement.callTheUserObjectsOperation [90m(C:\Users\u-adamu\De
sktop\memplethee\teachLink_web\[39mnode_modules\[4mjsdom[24m\lib\jsdom\livin
g\generated\EventListener.js:26:30[90m)[39m
    at innerInvokeEventListeners [90m(C:\Users\u-adamu\Desktop\memplethee\teac
hLink_web\[39mnode_modules\[4mjsdom[24m\lib\jsdom\living\events\EventTarget-
impl.js:350:25[90m)[39m
    at invokeEventListeners [90m(C:\Users\u-adamu\Desktop\memplethee\teachLink
_web\[39mnode_modules\[4mjsdom[24m\lib\jsdom\living\events\EventTarget-impl.
js:286:3[90m)[39m
    at HTMLUnknownElementImpl._dispatch [90m(C:\Users\u-adamu\Desktop\mempleth
ee\teachLink_web\[39mnode_modules\[4mjsdom[24m\lib\jsdom\living\events\Event
Target-impl.js:233:9[90m)[39m
    at HTMLUnknownElementImpl.dispatchEvent [90m(C:\Users\u-adamu\Desktop\memp
lethee\teachLink_web\[39mnode_modules\[4mjsdom[24m\lib\jsdom\living\events\E
ventTarget-impl.js:104:17[90m)[39m
Error: Uncaught [ReferenceError: openScanner is not defined]
    at reportException (C:\Users\u-adamu\Desktop\memplethee\teachLink_web\node_
modules\jsdom\lib\jsdom\living\helpers\runtime-script-errors.js:66:24)
    at innerInvokeEventListeners (C:\Users\u-adamu\Desktop\memplethee\teachLink
_web\node_modules\jsdom\lib\jsdom\living\events\EventTarget-impl.js:353:9)
    at invokeEventListeners (C:\Users\u-adamu\Desktop\memplethee\teachLink_web\
node_modules\jsdom\lib\jsdom\living\events\EventTarget-impl.js:286:3)
    at HTMLUnknownElementImpl._dispatch (C:\Users\u-adamu\Desktop\memplethee\te
achLink_web\node_modules\jsdom\lib\jsdom\living\events\EventTarget-impl.js:233:
9)
    at HTMLUnknownElementImpl.dispatchEvent (C:\Users\u-adamu\Desktop\memplethe
e\teachLink_web\node_modules\jsdom\lib\jsdom\living\events\EventTarget-impl.js:
104:17)
    at HTMLUnknownElement.dispatchEvent (C:\Users\u-adamu\Desktop\memplethee\te
achLink_web\node_modules\jsdom\lib\jsdom\living\generated\EventTarget.js:241:34
)
    at Object.invokeGuardedCallbackDev (C:\Users\u-adamu\Desktop\memplethee\tea
chLink_web\node_modules\react-dom\cjs\react-dom.development.js:4213:16)
    at invokeGuardedCallback (C:\Users\u-adamu\Desktop\memplethee\teachLink_web
\node_modules\react-dom\cjs\react-dom.development.js:4277:31)
    at beginWork$1 (C:\Users\u-adamu\Desktop\memplethee\teachLink_web\node_modu
les\react-dom\cjs\react-dom.development.js:27490:7)
    at performUnitOfWork (C:\Users\u-adamu\Desktop\memplethee\teachLink_web\nod
e_modules\react-dom\cjs\react-dom.development.js:26599:12) ReferenceError: 
openScanner is not defined
    at MobileNavigation [90m(C:\Users\u-adamu\Desktop\memplethee\teachLink_web
\[39msrc\components\mobile\MobileNavigation.tsx:187:20[90m)[39m
    at renderWithHooks [90m(C:\Users\u-adamu\Desktop\memplethee\teachLink_web\
[39mnode_modules\[4mreact-dom[24m\cjs\react-dom.development.js:15486:18[90m
)[39m
    at mountIndeterminateComponent [90m(C:\Users\u-adamu\Desktop\memplethee\te
achLink_web\[39mnode_modules\[4mreact-dom[24m\cjs\react-dom.development.js:2
0103:13[90m)[39m
    at beginWork [90m(C:\Users\u-adamu\Desktop\memplethee\teachLink_web\[39mn
ode_modules\[4mreact-dom[24m\cjs\react-dom.development.js:21626:16[90m)[39m
    at HTMLUnknownElement.callCallback [90m(C:\Users\u-adamu\Desktop\memplethe
e\teachLink_web\[39mnode_modules\[4mreact-dom[24m\cjs\react-dom.development.
js:4164:14[90m)[39m
    at HTMLUnknownElement.callTheUserObjectsOperation [90m(C:\Users\u-adamu\De
sktop\memplethee\teachLink_web\[39mnode_modules\[4mjsdom[24m\lib\jsdom\livin
g\generated\EventListener.js:26:30[90m)[39m
    at innerInvokeEventListeners [90m(C:\Users\u-adamu\Desktop\memplethee\teac
hLink_web\[39mnode_modules\[4mjsdom[24m\lib\jsdom\living\events\EventTarget-
impl.js:350:25[90m)[39m
    at invokeEventListeners [90m(C:\Users\u-adamu\Desktop\memplethee\teachLink
_web\[39mnode_modules\[4mjsdom[24m\lib\jsdom\living\events\EventTarget-impl.
js:286:3[90m)[39m
    at HTMLUnknownElementImpl._dispatch [90m(C:\Users\u-adamu\Desktop\mempleth
ee\teachLink_web\[39mnode_modules\[4mjsdom[24m\lib\jsdom\living\events\Event
Target-impl.js:233:9[90m)[39m
    at HTMLUnknownElementImpl.dispatchEvent [90m(C:\Users\u-adamu\Desktop\memp
lethee\teachLink_web\[39mnode_modules\[4mjsdom[24m\lib\jsdom\living\events\E
ventTarget-impl.js:104:17[90m)[39m

[90mstderr[2m | 
src/components/mobile/__tests__/MobileNavigation.test.tsx[2m > 
[22m[2mMobileNavigation Component[2m > [22m[2mResponsive Design 
Styling[2m > [22m[2mhas standard safe-area padding for notches and 
interactive boundaries
[22m[39mError: Uncaught [ReferenceError: openScanner is not defined]
    at reportException (C:\Users\u-adamu\Desktop\memplethee\teachLink_web\node_
modules\jsdom\lib\jsdom\living\helpers\runtime-script-errors.js:66:24)
    at innerInvokeEventListeners (C:\Users\u-adamu\Desktop\memplethee\teachLink
_web\node_modules\jsdom\lib\jsdom\living\events\EventTarget-impl.js:353:9)
    at invokeEventListeners (C:\Users\u-adamu\Desktop\memplethee\teachLink_web\
node_modules\jsdom\lib\jsdom\living\events\EventTarget-impl.js:286:3)
    at HTMLUnknownElementImpl._dispatch (C:\Users\u-adamu\Desktop\memplethee\te
achLink_web\node_modules\jsdom\lib\jsdom\living\events\EventTarget-impl.js:233:
9)
    at HTMLUnknownElementImpl.dispatchEvent (C:\Users\u-adamu\Desktop\memplethe
e\teachLink_web\node_modules\jsdom\lib\jsdom\living\events\EventTarget-impl.js:
104:17)
    at HTMLUnknownElement.dispatchEvent (C:\Users\u-adamu\Desktop\memplethee\te
achLink_web\node_modules\jsdom\lib\jsdom\living\generated\EventTarget.js:241:34
)
    at Object.invokeGuardedCallbackDev (C:\Users\u-adamu\Desktop\memplethee\tea
chLink_web\node_modules\react-dom\cjs\react-dom.development.js:4213:16)
    at invokeGuardedCallback (C:\Users\u-adamu\Desktop\memplethee\teachLink_web
\node_modules\react-dom\cjs\react-dom.development.js:4277:31)
    at beginWork$1 (C:\Users\u-adamu\Desktop\memplethee\teachLink_web\node_modu
les\react-dom\cjs\react-dom.development.js:27490:7)
    at performUnitOfWork (C:\Users\u-adamu\Desktop\memplethee\teachLink_web\nod
e_modules\react-dom\cjs\react-dom.development.js:26599:12) ReferenceError: 
openScanner is not defined
    at MobileNavigation [90m(C:\Users\u-adamu\Desktop\memplethee\teachLink_web
\[39msrc\components\mobile\MobileNavigation.tsx:187:20[90m)[39m
    at renderWithHooks [90m(C:\Users\u-adamu\Desktop\memplethee\teachLink_web\
[39mnode_modules\[4mreact-dom[24m\cjs\react-dom.development.js:15486:18[90m
)[39m
    at mountIndeterminateComponent [90m(C:\Users\u-adamu\Desktop\memplethee\te
achLink_web\[39mnode_modules\[4mreact-dom[24m\cjs\react-dom.development.js:2
0103:13[90m)[39m
    at beginWork [90m(C:\Users\u-adamu\Desktop\memplethee\teachLink_web\[39mn
ode_modules\[4mreact-dom[24m\cjs\react-dom.development.js:21626:16[90m)[39m
    at HTMLUnknownElement.callCallback [90m(C:\Users\u-adamu\Desktop\memplethe
e\teachLink_web\[39mnode_modules\[4mreact-dom[24m\cjs\react-dom.development.
js:4164:14[90m)[39m
    at HTMLUnknownElement.callTheUserObjectsOperation [90m(C:\Users\u-adamu\De
sktop\memplethee\teachLink_web\[39mnode_modules\[4mjsdom[24m\lib\jsdom\livin
g\generated\EventListener.js:26:30[90m)[39m
    at innerInvokeEventListeners [90m(C:\Users\u-adamu\Desktop\memplethee\teac
hLink_web\[39mnode_modules\[4mjsdom[24m\lib\jsdom\living\events\EventTarget-
impl.js:350:25[90m)[39m
    at invokeEventListeners [90m(C:\Users\u-adamu\Desktop\memplethee\teachLink
_web\[39mnode_modules\[4mjsdom[24m\lib\jsdom\living\events\EventTarget-impl.
js:286:3[90m)[39m
    at HTMLUnknownElementImpl._dispatch [90m(C:\Users\u-adamu\Desktop\mempleth
ee\teachLink_web\[39mnode_modules\[4mjsdom[24m\lib\jsdom\living\events\Event
Target-impl.js:233:9[90m)[39m
    at HTMLUnknownElementImpl.dispatchEvent [90m(C:\Users\u-adamu\Desktop\memp
lethee\teachLink_web\[39mnode_modules\[4mjsdom[24m\lib\jsdom\living\events\E
ventTarget-impl.js:104:17[90m)[39m
Error: Uncaught [ReferenceError: openScanner is not defined]
    at reportException (C:\Users\u-adamu\Desktop\memplethee\teachLink_web\node_
modules\jsdom\lib\jsdom\living\helpers\runtime-script-errors.js:66:24)
    at innerInvokeEventListeners (C:\Users\u-adamu\Desktop\memplethee\teachLink
_web\node_modules\jsdom\lib\jsdom\living\events\EventTarget-impl.js:353:9)
    at invokeEventListeners (C:\Users\u-adamu\Desktop\memplethee\teachLink_web\
node_modules\jsdom\lib\jsdom\living\events\EventTarget-impl.js:286:3)
    at HTMLUnknownElementImpl._dispatch (C:\Users\u-adamu\Desktop\memplethee\te
achLink_web\node_modules\jsdom\lib\jsdom\living\events\EventTarget-impl.js:233:
9)
    at HTMLUnknownElementImpl.dispatchEvent (C:\Users\u-adamu\Desktop\memplethe
e\teachLink_web\node_modules\jsdom\lib\jsdom\living\events\EventTarget-impl.js:
104:17)
    at HTMLUnknownElement.dispatchEvent (C:\Users\u-adamu\Desktop\memplethee\te
achLink_web\node_modules\jsdom\lib\jsdom\living\generated\EventTarget.js:241:34
)
    at Object.invokeGuardedCallbackDev (C:\Users\u-adamu\Desktop\memplethee\tea
chLink_web\node_modules\react-dom\cjs\react-dom.development.js:4213:16)
    at invokeGuardedCallback (C:\Users\u-adamu\Desktop\memplethee\teachLink_web
\node_modules\react-dom\cjs\react-dom.development.js:4277:31)
    at beginWork$1 (C:\Users\u-adamu\Desktop\memplethee\teachLink_web\node_modu
les\react-dom\cjs\react-dom.development.js:27490:7)
    at performUnitOfWork (C:\Users\u-adamu\Desktop\memplethee\teachLink_web\nod
e_modules\react-dom\cjs\react-dom.development.js:26599:12) ReferenceError: 
openScanner is not defined
    at MobileNavigation [90m(C:\Users\u-adamu\Desktop\memplethee\teachLink_web
\[39msrc\components\mobile\MobileNavigation.tsx:187:20[90m)[39m
    at renderWithHooks [90m(C:\Users\u-adamu\Desktop\memplethee\teachLink_web\
[39mnode_modules\[4mreact-dom[24m\cjs\react-dom.development.js:15486:18[90m
)[39m
    at mountIndeterminateComponent [90m(C:\Users\u-adamu\Desktop\memplethee\te
achLink_web\[39mnode_modules\[4mreact-dom[24m\cjs\react-dom.development.js:2
0103:13[90m)[39m
    at beginWork [90m(C:\Users\u-adamu\Desktop\memplethee\teachLink_web\[39mn
ode_modules\[4mreact-dom[24m\cjs\react-dom.development.js:21626:16[90m)[39m
    at HTMLUnknownElement.callCallback [90m(C:\Users\u-adamu\Desktop\memplethe
e\teachLink_web\[39mnode_modules\[4mreact-dom[24m\cjs\react-dom.development.
js:4164:14[90m)[39m
    at HTMLUnknownElement.callTheUserObjectsOperation [90m(C:\Users\u-adamu\De
sktop\memplethee\teachLink_web\[39mnode_modules\[4mjsdom[24m\lib\jsdom\livin
g\generated\EventListener.js:26:30[90m)[39m
    at innerInvokeEventListeners [90m(C:\Users\u-adamu\Desktop\memplethee\teac
hLink_web\[39mnode_modules\[4mjsdom[24m\lib\jsdom\living\events\EventTarget-
impl.js:350:25[90m)[39m
    at invokeEventListeners [90m(C:\Users\u-adamu\Desktop\memplethee\teachLink
_web\[39mnode_modules\[4mjsdom[24m\lib\jsdom\living\events\EventTarget-impl.
js:286:3[90m)[39m
    at HTMLUnknownElementImpl._dispatch [90m(C:\Users\u-adamu\Desktop\mempleth
ee\teachLink_web\[39mnode_modules\[4mjsdom[24m\lib\jsdom\living\events\Event
Target-impl.js:233:9[90m)[39m
    at HTMLUnknownElementImpl.dispatchEvent [90m(C:\Users\u-adamu\Desktop\memp
lethee\teachLink_web\[39mnode_modules\[4mjsdom[24m\lib\jsdom\living\events\E
ventTarget-impl.js:104:17[90m)[39m

[90mstderr[2m | 
src/components/mobile/__tests__/MobileNavigation.test.tsx[2m > 
[22m[2mMobileNavigation Component[2m > [22m[2mResponsive Design 
Styling[2m > [22m[2mkeeps labels visible in the bottom bar and hides them 
in the side rail
[22m[39mError: Uncaught [ReferenceError: openScanner is not defined]
    at reportException (C:\Users\u-adamu\Desktop\memplethee\teachLink_web\node_
modules\jsdom\lib\jsdom\living\helpers\runtime-script-errors.js:66:24)
    at innerInvokeEventListeners (C:\Users\u-adamu\Desktop\memplethee\teachLink
_web\node_modules\jsdom\lib\jsdom\living\events\EventTarget-impl.js:353:9)
    at invokeEventListeners (C:\Users\u-adamu\Desktop\memplethee\teachLink_web\
node_modules\jsdom\lib\jsdom\living\events\EventTarget-impl.js:286:3)
    at HTMLUnknownElementImpl._dispatch (C:\Users\u-adamu\Desktop\memplethee\te
achLink_web\node_modules\jsdom\lib\jsdom\living\events\EventTarget-impl.js:233:
9)
    at HTMLUnknownElementImpl.dispatchEvent (C:\Users\u-adamu\Desktop\memplethe
e\teachLink_web\node_modules\jsdom\lib\jsdom\living\events\EventTarget-impl.js:
104:17)
    at HTMLUnknownElement.dispatchEvent (C:\Users\u-adamu\Desktop\memplethee\te
achLink_web\node_modules\jsdom\lib\jsdom\living\generated\EventTarget.js:241:34
)
    at Object.invokeGuardedCallbackDev (C:\Users\u-adamu\Desktop\memplethee\tea
chLink_web\node_modules\react-dom\cjs\react-dom.development.js:4213:16)
    at invokeGuardedCallback (C:\Users\u-adamu\Desktop\memplethee\teachLink_web
\node_modules\react-dom\cjs\react-dom.development.js:4277:31)
    at beginWork$1 (C:\Users\u-adamu\Desktop\memplethee\teachLink_web\node_modu
les\react-dom\cjs\react-dom.development.js:27490:7)
    at performUnitOfWork (C:\Users\u-adamu\Desktop\memplethee\teachLink_web\nod
e_modules\react-dom\cjs\react-dom.development.js:26599:12) ReferenceError: 
openScanner is not defined
 [31mΓ¥»[39m src/components/mobile/__tests__/MobileNavigation.test.tsx [2m([22m[2m11 tests[22m[2m | [22m[31m11 failed[39m[2m)[22m[33m 536[2mms[22m[39m
[31m   [31m├ù[31m MobileNavigation Component[2m > [22mrenders all navigation items correctly[90m 230[2mms[22m[31m[39m
[31m     ΓåÆ openScanner is not defined[39m
[31m   [31m├ù[31m MobileNavigation Component[2m > [22mhandles initial active tab setting correctly[90m 28[2mms[22m[31m[39m
[31m     ΓåÆ openScanner is not defined[39m
[31m   [31m├ù[31m MobileNavigation Component[2m > [22mtriggers onNavChange and updates active tab state on click[90m 41[2mms[22m[31m[39m
[31m     ΓåÆ openScanner is not defined[39m
[31m   [31m├ù[31m MobileNavigation Component[2m > [22mshows the scanner button and opens the scanner dialog[90m 22[2mms[22m[31m[39m
[31m     ΓåÆ openScanner is not defined[39m
[31m   [31m├ù[31m MobileNavigation Component[2m > [22mKeyboard Navigation (WAI-ARIA Tablist Compliance)[2m > [22mmoves focus to the next item when ArrowRight or ArrowDown is pressed[90m 42[2mms[22m[31m[39m
[31m     ΓåÆ openScanner is not defined[39m
[31m   [31m├ù[31m MobileNavigation Component[2m > [22mKeyboard Navigation (WAI-ARIA Tablist Compliance)[2m > [22mmoves focus to the previous item when ArrowLeft or ArrowUp is pressed[90m 21[2mms[22m[31m[39m
[31m     ΓåÆ openScanner is not defined[39m
[31m   [31m├ù[31m MobileNavigation Component[2m > [22mKeyboard Navigation (WAI-ARIA Tablist Compliance)[2m > [22mmoves focus to first and last items on Home and End keys[90m 50[2mms[22m[31m[39m
[31m     ΓåÆ openScanner is not defined[39m
[31m   [31m├ù[31m MobileNavigation Component[2m > [22mResponsive Design Styling[2m > [22mapplies bottom bar classes by default for compact portrait screens[90m 30[2mms[22m[31m[39m
[31m     ΓåÆ openScanner is not defined[39m
[31m   [31m├ù[31m MobileNavigation Component[2m > [22mResponsive Design Styling[2m > [22monly switches to a side rail at landscape mobile/tablet dimensions[90m 21[2mms[22m[31m[39m
[31m     ΓåÆ openScanner is not defined[39m
[31m   [31m├ù[31m MobileNavigation Component[2m > [22mResponsive Design Styling[2m > [22mhas standard safe-area padding for notches and interactive boundaries[90m 17[2mms[22m[31m[39m
[31m     ΓåÆ openScanner is not defined[39m
[31m   [31m├ù[31m MobileNavigation Component[2m > [22mResponsive Design Styling[2m > [22mkeeps labels visible in the bottom bar and hides them in the side rail[90m 24[2mms[22m[31m[39m
[31m     ΓåÆ openScanner is not defined[39m
    at MobileNavigation [90m(C:\Users\u-adamu\Desktop\memplethee\teachLink_web
\[39msrc\components\mobile\MobileNavigation.tsx:187:20[90m)[39m
    at renderWithHooks [90m(C:\Users\u-adamu\Desktop\memplethee\teachLink_web\
[39mnode_modules\[4mreact-dom[24m\cjs\react-dom.development.js:15486:18[90m
)[39m
    at mountIndeterminateComponent [90m(C:\Users\u-adamu\Desktop\memplethee\te
achLink_web\[39mnode_modules\[4mreact-dom[24m\cjs\react-dom.development.js:2
0103:13[90m)[39m
    at beginWork [90m(C:\Users\u-adamu\Desktop\memplethee\teachLink_web\[39mn
ode_modules\[4mreact-dom[24m\cjs\react-dom.development.js:21626:16[90m)[39m
    at HTMLUnknownElement.callCallback [90m(C:\Users\u-adamu\Desktop\memplethe
e\teachLink_web\[39mnode_modules\[4mreact-dom[24m\cjs\react-dom.development.
js:4164:14[90m)[39m
    at HTMLUnknownElement.callTheUserObjectsOperation [90m(C:\Users\u-adamu\De
sktop\memplethee\teachLink_web\[39mnode_modules\[4mjsdom[24m\lib\jsdom\livin
g\generated\EventListener.js:26:30[90m)[39m
    at innerInvokeEventListeners [90m(C:\Users\u-adamu\Desktop\memplethee\teac
hLink_web\[39mnode_modules\[4mjsdom[24m\lib\jsdom\living\events\EventTarget-
impl.js:350:25[90m)[39m
    at invokeEventListeners [90m(C:\Users\u-adamu\Desktop\memplethee\teachLink
_web\[39mnode_modules\[4mjsdom[24m\lib\jsdom\living\events\EventTarget-impl.
js:286:3[90m)[39m
    at HTMLUnknownElementImpl._dispatch [90m(C:\Users\u-adamu\Desktop\mempleth
ee\teachLink_web\[39mnode_modules\[4mjsdom[24m\lib\jsdom\living\events\Event
Target-impl.js:233:9[90m)[39m
    at HTMLUnknownElementImpl.dispatchEvent [90m(C:\Users\u-adamu\Desktop\memp
lethee\teachLink_web\[39mnode_modules\[4mjsdom[24m\lib\jsdom\living\events\E
ventTarget-impl.js:104:17[90m)[39m
Error: Uncaught [ReferenceError: openScanner is not defined]
    at reportException (C:\Users\u-adamu\Desktop\memplethee\teachLink_web\node_
modules\jsdom\lib\jsdom\living\helpers\runtime-script-errors.js:66:24)
    at innerInvokeEventListeners (C:\Users\u-adamu\Desktop\memplethee\teachLink
_web\node_modules\jsdom\lib\jsdom\living\events\EventTarget-impl.js:353:9)
    at invokeEventListeners (C:\Users\u-adamu\Desktop\memplethee\teachLink_web\
node_modules\jsdom\lib\jsdom\living\events\EventTarget-impl.js:286:3)
    at HTMLUnknownElementImpl._dispatch (C:\Users\u-adamu\Desktop\memplethee\te
achLink_web\node_modules\jsdom\lib\jsdom\living\events\EventTarget-impl.js:233:
9)
    at HTMLUnknownElementImpl.dispatchEvent (C:\Users\u-adamu\Desktop\memplethe
e\teachLink_web\node_modules\jsdom\lib\jsdom\living\events\EventTarget-impl.js:
104:17)
    at HTMLUnknownElement.dispatchEvent (C:\Users\u-adamu\Desktop\memplethee\te
achLink_web\node_modules\jsdom\lib\jsdom\living\generated\EventTarget.js:241:34
)
    at Object.invokeGuardedCallbackDev (C:\Users\u-adamu\Desktop\memplethee\tea
chLink_web\node_modules\react-dom\cjs\react-dom.development.js:4213:16)
    at invokeGuardedCallback (C:\Users\u-adamu\Desktop\memplethee\teachLink_web
\node_modules\react-dom\cjs\react-dom.development.js:4277:31)
    at beginWork$1 (C:\Users\u-adamu\Desktop\memplethee\teachLink_web\node_modu
les\react-dom\cjs\react-dom.development.js:27490:7)
    at performUnitOfWork (C:\Users\u-adamu\Desktop\memplethee\teachLink_web\nod
e_modules\react-dom\cjs\react-dom.development.js:26599:12) ReferenceError: 
openScanner is not defined
    at MobileNavigation [90m(C:\Users\u-adamu\Desktop\memplethee\teachLink_web
\[39msrc\components\mobile\MobileNavigation.tsx:187:20[90m)[39m
    at renderWithHooks [90m(C:\Users\u-adamu\Desktop\memplethee\teachLink_web\
[39mnode_modules\[4mreact-dom[24m\cjs\react-dom.development.js:15486:18[90m
)[39m
    at mountIndeterminateComponent [90m(C:\Users\u-adamu\Desktop\memplethee\te
achLink_web\[39mnode_modules\[4mreact-dom[24m\cjs\react-dom.development.js:2
0103:13[90m)[39m
    at beginWork [90m(C:\Users\u-adamu\Desktop\memplethee\teachLink_web\[39mn
ode_modules\[4mreact-dom[24m\cjs\react-dom.development.js:21626:16[90m)[39m
    at HTMLUnknownElement.callCallback [90m(C:\Users\u-adamu\Desktop\memplethe
e\teachLink_web\[39mnode_modules\[4mreact-dom[24m\cjs\react-dom.development.
js:4164:14[90m)[39m
    at HTMLUnknownElement.callTheUserObjectsOperation [90m(C:\Users\u-adamu\De
sktop\memplethee\teachLink_web\[39mnode_modules\[4mjsdom[24m\lib\jsdom\livin
g\generated\EventListener.js:26:30[90m)[39m
    at innerInvokeEventListeners [90m(C:\Users\u-adamu\Desktop\memplethee\teac
hLink_web\[39mnode_modules\[4mjsdom[24m\lib\jsdom\living\events\EventTarget-
impl.js:350:25[90m)[39m
    at invokeEventListeners [90m(C:\Users\u-adamu\Desktop\memplethee\teachLink
_web\[39mnode_modules\[4mjsdom[24m\lib\jsdom\living\events\EventTarget-impl.
js:286:3[90m)[39m
    at HTMLUnknownElementImpl._dispatch [90m(C:\Users\u-adamu\Desktop\mempleth
ee\teachLink_web\[39mnode_modules\[4mjsdom[24m\lib\jsdom\living\events\Event
Target-impl.js:233:9[90m)[39m
    at HTMLUnknownElementImpl.dispatchEvent [90m(C:\Users\u-adamu\Desktop\memp
lethee\teachLink_web\[39mnode_modules\[4mjsdom[24m\lib\jsdom\living\events\E
ventTarget-impl.js:104:17[90m)[39m

 [32mΓ£ô[39m src/app/api/tutorials/__tests__/ratelimit.test.ts [2m([22m[2m18 tests[22m[2m)[22m[33m 350[2mms[22m[39m
[90mstderr[2m | 
src/form-management/validation/image-optimization-task-manager.test.ts[2m > 
[22m[2mImageOptimizationTaskManager[2m > [22m[2mshould enqueue tasks and 
execute them asynchronously
[22m[39mError: Not implemented: HTMLCanvasElement.prototype.getContext 
(without installing the canvas npm package)
    at module.exports (C:\Users\u-adamu\Desktop\memplethee\teachLink_web\node_m
odules\jsdom\lib\jsdom\browser\not-implemented.js:9:17)
    at HTMLCanvasElementImpl.getContext (C:\Users\u-adamu\Desktop\memplethee\te
achLink_web\node_modules\jsdom\lib\jsdom\living\nodes\HTMLCanvasElement-impl.js
:42:5)
    at HTMLCanvasElement.getContext (C:\Users\u-adamu\Desktop\memplethee\teachL
ink_web\node_modules\jsdom\lib\jsdom\living\generated\HTMLCanvasElement.js:131:
58)
    at MockImage.onload (C:\Users\u-adamu\Desktop\memplethee\teachLink_web\src\
form-management\validation\image-optimizer.ts:87:28)
    at Timeout._onTimeout (C:\Users\u-adamu\Desktop\memplethee\teachLink_web\sr
c\form-management\validation\image-optimization-task-manager.test.ts:39:18)
    at listOnTimeout (node:internal/timers:588:17)
    at processTimers (node:internal/timers:523:7) [90mundefined[39m
Error: Not implemented: HTMLCanvasElement.prototype.getContext (without 
installing the canvas npm package)
    at module.exports (C:\Users\u-adamu\Desktop\memplethee\teachLink_web\node_m
odules\jsdom\lib\jsdom\browser\not-implemented.js:9:17)
    at HTMLCanvasElementImpl.getContext (C:\Users\u-adamu\Desktop\memplethee\te
achLink_web\node_modules\jsdom\lib\jsdom\living\nodes\HTMLCanvasElement-impl.js
:42:5)
    at HTMLCanvasElement.getContext (C:\Users\u-adamu\Desktop\memplethee\teachL
ink_web\node_modules\jsdom\lib\jsdom\living\generated\HTMLCanvasElement.js:131:
58)
    at MockImage.onload (C:\Users\u-adamu\Desktop\memplethee\teachLink_web\src\
form-management\validation\image-optimizer.ts:87:28)
    at Timeout._onTimeout (C:\Users\u-adamu\Desktop\memplethee\teachLink_web\sr
c\form-management\validation\image-optimization-task-manager.test.ts:39:18)
    at listOnTimeout (node:internal/timers:588:17)
    at processTimers (node:internal/timers:523:7) [90mundefined[39m

[90mstderr[2m | 
src/form-management/validation/image-optimization-task-manager.test.ts[2m > 
[22m[2mImageOptimizationTaskManager[2m > [22m[2mshould track progress 
callbacks
[22m[39mError: Not implemented: HTMLCanvasElement.prototype.getContext 
(without installing the canvas npm package)
    at module.exports (C:\Users\u-adamu\Desktop\memplethee\teachLink_web\node_m
odules\jsdom\lib\jsdom\browser\not-implemented.js:9:17)
    at HTMLCanvasElementImpl.getContext (C:\Users\u-adamu\Desktop\memplethee\te
achLink_web\node_modules\jsdom\lib\jsdom\living\nodes\HTMLCanvasElement-impl.js
:42:5)
    at HTMLCanvasElement.getContext (C:\Users\u-adamu\Desktop\memplethee\teachL
ink_web\node_modules\jsdom\lib\jsdom\living\generated\HTMLCanvasElement.js:131:
58)
    at MockImage.onload (C:\Users\u-adamu\Desktop\memplethee\teachLink_web\src\
form-management\validation\image-optimizer.ts:87:28)
    at Timeout._onTimeout (C:\Users\u-adamu\Desktop\memplethee\teachLink_web\sr
c\form-management\validation\image-optimization-task-manager.test.ts:39:18)
    at listOnTimeout (node:internal/timers:588:17)
    at processTimers (node:internal/timers:523:7) [90mundefined[39m

[90mstderr[2m | 
src/form-management/validation/image-optimization-task-manager.test.ts[2m > 
[22m[2mImageOptimizationTaskManager[2m > [22m[2mshould clear completed 
tasks
[22m[39mError: Not implemented: HTMLCanvasElement.prototype.getContext 
(without installing the canvas npm package)
    at module.exports (C:\Users\u-adamu\Desktop\memplethee\teachLink_web\node_m
odules\jsdom\lib\jsdom\browser\not-implemented.js:9:17)
    at HTMLCanvasElementImpl.getContext (C:\Users\u-adamu\Desktop\memplethee\te
achLink_web\node_modules\jsdom\lib\jsdom\living\nodes\HTMLCanvasElement-impl.js
:42:5)
    at HTMLCanvasElement.getContext (C:\Users\u-adamu\Desktop\memplethee\teachL
ink_web\node_modules\jsdom\lib\jsdom\living\generated\HTMLCanvasElement.js:131:
58)
    at MockImage.onload (C:\Users\u-adamu\Desktop\memplethee\teachLink_web\src\
form-management\validation\image-optimizer.ts:87:28)
    at Timeout._onTimeout (C:\Users\u-adamu\Desktop\memplethee\teachLink_web\sr
c\form-management\validation\image-optimization-task-manager.test.ts:39:18)
    at listOnTimeout (node:internal/timers:588:17)
    at processTimers (node:internal/timers:523:7) [90mundefined[39m

 [32mΓ£ô[39m src/form-management/validation/image-optimization-task-manager.test.ts [2m([22m[2m10 tests[22m[2m)[22m[33m 596[2mms[22m[39m
   [33m[2mΓ£ô[22m[39m ImageOptimizationTaskManager[2m > [22mshould enqueue tasks and execute them asynchronously [33m410[2mms[22m[39m
 [32mΓ£ô[39m src/utils/__tests__/codeUtils.test.ts [2m([22m[2m25 tests[22m[2m)[22m[90m 239[2mms[22m[39m
 [32mΓ£ô[39m src/components/ui/__tests__/Button.test.tsx [2m([22m[2m21 tests[22m[2m)[22m[33m 1961[2mms[22m[39m
   [33m[2mΓ£ô[22m[39m Button[2m > [22mrenders with default props [33m537[2mms[22m[39m
 [32mΓ£ô[39m src/components/ui/__tests__/Tooltip.test.tsx [2m([22m[2m15 tests[22m[2m)[22m[33m 1717[2mms[22m[39m
   [33m[2mΓ£ô[22m[39m Tooltip[2m > [22mrenders children without tooltip initially [33m525[2mms[22m[39m
 [32mΓ£ô[39m src/components/leaderboard/__tests__/LeaderboardConference.test.tsx [2m([22m[2m19 tests[22m[2m)[22m[33m 10282[2mms[22m[39m
   [33m[2mΓ£ô[22m[39m LeaderboardConference[2m > [22mLeaderboard section[2m > [22mrenders the leaderboard heading [33m1355[2mms[22m[39m
   [33m[2mΓ£ô[22m[39m LeaderboardConference[2m > [22mConference management section[2m > [22mrenders the conferences heading [33m304[2mms[22m[39m
   [33m[2mΓ£ô[22m[39m LeaderboardConference[2m > [22mConference management section[2m > [22mtoggles create form on New button click [33m835[2mms[22m[39m
   [33m[2mΓ£ô[22m[39m LeaderboardConference[2m > [22mConference management section[2m > [22mcreates a new conference [33m1864[2mms[22m[39m
   [33m[2mΓ£ô[22m[39m LeaderboardConference[2m > [22mConference management section[2m > [22mcreates a conference on Enter key [33m1360[2mms[22m[39m
   [33m[2mΓ£ô[22m[39m LeaderboardConference[2m > [22mConference management section[2m > [22mdoes not create a conference with empty name [33m334[2mms[22m[39m
   [33m[2mΓ£ô[22m[39m LeaderboardConference[2m > [22mConference management section[2m > [22mdeletes a conference [33m315[2mms[22m[39m
   [33m[2mΓ£ô[22m[39m LeaderboardConference[2m > [22mVideo conference integration[2m > [22mhides VideoConference when leaving a conference [33m691[2mms[22m[39m
   [33m[2mΓ£ô[22m[39m LeaderboardConference[2m > [22mVideo conference integration[2m > [22mhides VideoConference when the active conference is deleted [33m773[2mms[22m[39m
   [33m[2mΓ£ô[22m[39m LeaderboardConference[2m > [22mVideo conference integration[2m > [22mjoin button is aria-pressed when conference is active [33m1207[2mms[22m[39m
 [32mΓ£ô[39m src/app/store/__tests__/notificationStore.test.ts [2m([22m[2m10 tests[22m[2m)[22m[33m 611[2mms[22m[39m
   [33m[2mΓ£ô[22m[39m notificationStore[2m > [22madds a notification and returns it [33m589[2mms[22m[39m
 [32mΓ£ô[39m src/lib/auth/__tests__/email-verification.test.ts [2m([22m[2m6 tests[22m[2m)[22m[33m 2082[2mms[22m[39m
   [33m[2mΓ£ô[22m[39m email verification store[2m > [22mcreates a pending verification record and persists it without raw secrets [33m1883[2mms[22m[39m
 [32mΓ£ô[39m src/middleware/__tests__/redirectManagement.test.ts [2m([22m[2m19 tests[22m[2m)[22m[90m 93[2mms[22m[39m
 [32mΓ£ô[39m src/app/api/auth/discord/callback/__tests__/route.test.ts [2m([22m[2m6 tests[22m[2m)[22m[33m 463[2mms[22m[39m
   [33m[2mΓ£ô[22m[39m Discord OAuth Callback API Route[2m > [22mGET /api/auth/discord/callback[2m > [22mshould handle successful Discord OAuth callback [33m441[2mms[22m[39m
 [31mΓ¥»[39m src/components/__tests__/BulkImporter.test.tsx [2m([22m[2m2 tests[22m[2m | [22m[31m2 failed[39m[2m)[22m[33m 2713[2mms[22m[39m
[31m   [31m├ù[31m BulkImporter analytics integration[2m > [22mtracks the happy-path import lifecycle[33m 1562[2mms[22m[31m[39m
[31m     ΓåÆ Unable to find an element with the text: /map columns/i. This could be because the text is broken up by multiple elements. In this case, you can provide a function for your text matcher to make your matcher more flexible.

Ignored nodes: comments, script, style
[36m<body>[31m
  [36m<div>[31m
    [36m<div[31m
      [33mclass[31m=[32m"w-full space-y-6 "[31m
    [36m>[31m
      [36m<div[31m
        [33mclass[31m=[32m"flex items-start gap-3 rounded-lg border border-red-300 bg-red-50 p-4 text-red-800 dark:border-red-700 dark:bg-red-950 dark:text-red-200"[31m
        [33mrole[31m=[32m"alert"[31m
      [36m>[31m
        [36m<svg[31m
          [33maria-hidden[31m=[32m"true"[31m
          [33mclass[31m=[32m"lucide lucide-circle-alert mt-0.5 h-5 w-5 shrink-0"[31m
          [33mfill[31m=[32m"none"[31m
          [33mheight[31m=[32m"24"[31m
          [33mstroke[31m=[32m"currentColor"[31m
          [33mstroke-linecap[31m=[32m"round"[31m
          [33mstroke-linejoin[31m=[32m"round"[31m
          [33mstroke-width[31m=[32m"2"[31m
          [33mviewBox[31m=[32m"0 0 24 24"[31m
          [33mwidth[31m=[32m"24"[31m
          [33mxmlns[31m=[32m"http://www.w3.org/2000/svg"[31m
        [36m>[31m
          [36m<circle[31m
            [33mcx[31m=[32m"12"[31m
            [33mcy[31m=[32m"12"[31m
            [33mr[31m=[32m"10"[31m
          [36m/>[31m
          [36m<line[31m
            [33mx1[31m=[32m"12"[31m
            [33mx2[31m=[32m"12"[31m
            [33my1[31m=[32m"8"[31m
            [33my2[31m=[32m"12"[31m
          [36m/>[31m
          [36m<line[31m
            [33mx1[31m=[32m"12"[31m
            [33mx2[31m=[32m"12.01"[31m
            [33my1[31m=[32m"16"[31m
            [33my2[31m=[32m"16"[31m
          [36m/>[31m
        [36m</svg>[31m
        [36m<span[31m
          [33mclass[31m=[32m"text-sm"[31m
        [36m>[31m
          [0mFailed to read file: file.text is not a function[0m
        [36m</span>[31m
      [36m</div>[31m
      [36m<label[31m
        [33mclass[31m=[32m"flex cursor-pointer flex-col items-center justify-center rounded-xl border-2 border-dashed p-12 text-center transition-colors
            border-gray-300 bg-gray-50 hover:border-blue-400 hover:bg-blue-50 dark:border-gray-600 dark:bg-gray-800 dark:hover:border-blue-500"[31m
        [33mfor[31m=[32m":r0:"[31m
      [36m>[31m
        [36m<svg[31m
          [33maria-hidden[31m=[32m"true"[31m
          [33mclass[31m=[32m"lucide lucide-upload mb-3 h-10 w-10 text-gray-400"[31m
          [33mfill[31m=[32m"none"[31m
          [33mheight[31m=[32m"24"[31m
          [33mstroke[31m=[32m"currentColor"[31m
          [33mstroke-linecap[31m=[32m"round"[31m
          [33mstroke-linejoin[31m=[32m"round"[31m
          [33mstroke-width[31m=[32m"2"[31m
          [33mviewBox[31m=[32m"0 0 24 24"[31m
          [33mwidth[31m=[32m"24"[31m
          [33mxmlns[31m=[32m"http://www.w3.org/2000/svg"[31m
        [36m>[31m
          [36m<path[31m
            [33md[31m=[32m"M21 15v4a2 2 0 0 1-2 2H5a2 2 0 0 1-2-2v-4"[31m
          [36m/>[31m
          [36m<polyline[31m
            [33mpoints[31m=[32m"17 8 12 3 7 8"[31m
          [36m/>[31m
          [36m<line[31m
            [33mx1[31m=[32m"12"[31m
            [33mx2[31m=[32m"12"[31m
            [33my1[31m=[32m"3"[31m
            [33my2[31m=[32m"15"[31m
          [36m/>[31m
        [36m</svg>[31m
        [36m<p[31m
          [33mclass[31m=[32m"text-base font-medium text-gray-700 dark:text-gray-200"[31m
        [36m>[31m
          [0mDrag & drop or [0m
          [36m<span[31m
            [33mclass[31m=[32m"text-blue-600 dark:text-blue-400"[31m
          [36m>[31m
            [0mbrowse[0m
          [36m</span>[31m
        [36m</p>[31m
        [36m<p[31m
          [33mclass[31m=[32m"mt-1 text-sm text-gray-500 dark:text-gray-400"[31m
        [36m>[31m
          [0mSupports CSV and XLSX files[0m
        [36m</p>[31m
        [36m<input[31m
          [33maccept[31m=[32m".csv,.xlsx,.xls"[31m
          [33mclass[31m=[32m"sr-only"[31m
          [33mid[31m=[32m":r0:"[31m
          [33mtype[31m=[32m"file"[31m
        [36m/>[31m
      [36m</label>[31m
    [36m</div>[31m
  [36m</div>[31m
[36m</body>[31m

Ignored nodes: comments, script, style
[36m<html>[31m
  [36m<head />[31m
  [36m<body>[31m
    [36m<div>[31m
      [36m<div[31m
        [33mclass[31m=[32m"w-full space-y-6 "[31m
      [36m>[31m
        [36m<div[31m
          [33mclass[31m=[32m"flex items-start gap-3 rounded-lg border border-red-300 bg-red-50 p-4 text-red-800 dark:border-red-700 dark:bg-red-950 dark:text-red-200"[31m
          [33mrole[31m=[32m"alert"[31m
        [36m>[31m
          [36m<svg[31m
            [33maria-hidden[31m=[32m"true"[31m
            [33mclass[31m=[32m"lucide lucide-circle-alert mt-0.5 h-5 w-5 shrink-0"[31m
            [33mfill[31m=[32m"none"[31m
            [33mheight[31m=[32m"24"[31m
            [33mstroke[31m=[32m"currentColor"[31m
            [33mstroke-linecap[31m=[32m"round"[31m
            [33mstroke-linejoin[31m=[32m"round"[31m
            [33mstroke-width[31m=[32m"2"[31m
            [33mviewBox[31m=[32m"0 0 24 24"[31m
            [33mwidth[31m=[32m"24"[31m
            [33mxmlns[31m=[32m"http://www.w3.org/2000/svg"[31m
          [36m>[31m
            [36m<circle[31m
              [33mcx[31m=[32m"12"[31m
              [33mcy[31m=[32m"12"[31m
              [33mr[31m=[32m"10"[31m
            [36m/>[31m
            [36m<line[31m
              [33mx1[31m=[32m"12"[31m
              [33mx2[31m=[32m"12"[31m
              [33my1[31m=[32m"8"[31m
              [33my2[31m=[32m"12"[31m
            [36m/>[31m
            [36m<line[31m
              [33mx1[31m=[32m"12"[31m
              [33mx2[31m=[32m"12.01"[31m
              [33my1[31m=[32m"16"[31m
              [33my2[31m=[32m"16"[31m
            [36m/>[31m
          [36m</svg>[31m
          [36m<span[31m
            [33mclass[31m=[32m"text-sm"[31m
          [36m>[31m
            [0mFailed to read file: file.text is not a function[0m
          [36m</span>[31m
        [36m</div>[31m
        [36m<label[31m
          [33mclass[31m=[32m"flex cursor-pointer flex-col items-center justify-center rounded-xl border-2 border-dashed p-12 text-center transition-colors
            border-gray-300 bg-gray-50 hover:border-blue-400 hover:bg-blue-50 dark:border-gray-600 dark:bg-gray-800 dark:hover:border-blue-500"[31m
          [33mfor[31m=[32m":r0:"[31m
        [36m>[31m
          [36m<svg[31m
            [33maria-hidden[31m=[32m"true"[31m
            [33mclass[31m=[32m"lucide lucide-upload mb-3 h-10 w-10 text-gray-400"[31m
            [33mfill[31m=[32m"none"[31m
            [33mheight[31m=[32m"24"[31m
            [33mstroke[31m=[32m"currentColor"[31m
            [33mstroke-linecap[31m=[32m"round"[31m
            [33mstroke-linejoin[31m=[32m"round"[31m
            [33mstroke-width[31m=[32m"2"[31m
            [33mviewBox[31m=[32m"0 0 24 24"[31m
            [33mwidth[31m=[32m"24"[31m
            [33mxmlns[31m=[32m"http://www.w3.org/2000/svg"[31m
          [36m>[31m
            [36m<path[31m
              [33md[31m=[32m"M21 15v4a2 2 0 0 1-2 2H5a2 2 0 0 1-2-2v-4"[31m
            [36m/>[31m
            [36m<polyline[31m
              [33mpoints[31m=[32m"17 8 12 3 7 8"[31m
            [36m/>[31m
            [36m<line[31m
              [33mx1[31m=[32m"12"[31m
              [33mx2[31m=[32m"12"[31m
              [33my1[31m=[32m"3"[31m
              [33my2[31m=[32m"15"[31m
            [36m/>[31m
          [36m</svg>[31m
          [36m<p[31m
            [33mclass[31m=[32m"text-base font-medium text-gray-700 dark:text-gray-200"[31m
          [36m>[31m
            [0mDrag & drop or [0m
            [36m<span[31m
              [33mclass[31m=[32m"text-blue-600 dark:text-blue-400"[31m
            [36m>[31m
              [0mbrowse[0m
            [36m</span>[31m
          [36m</p>[31m
          [36m<p[31m
            [33mclass[31m=[32m"mt-1 text-sm text-gray-500 dark:text-gray-400"[31m
          [36m>[31m
            [0mSupports CSV and XLSX files[0m
          [36m</p>[31m
          [36m<input[31m
            [33maccept[31m=[32m".csv,.xlsx,.xls"[31m
            [33mclass[31m=[32m"sr-only"[31m
            [33mid[31m=[32m":r0:"[31m
            [33mtype[31m=[32m"file"[31m
          [36m/>[31m
        [36m</label>[31m
      [36m</div>[31m
    [36m</div>[31m
  [36m</body>[31m
[36m</html>[31m[39m
[31m   [31m├ù[31m BulkImporter analytics integration[2m > [22mtracks rollback and failure analytics when import persistence fails[33m 1147[2mms[22m[31m[39m
[31m     ΓåÆ Unable to find an element with the text: /map columns/i. This could be because the text is broken up by multiple elements. In this case, you can provide a function for your text matcher to make your matcher more flexible.

Ignored nodes: comments, script, style
[36m<body>[31m
  [36m<div>[31m
    [36m<div[31m
      [33mclass[31m=[32m"w-full space-y-6 "[31m
    [36m>[31m
      [36m<div[31m
        [33mclass[31m=[32m"flex items-start gap-3 rounded-lg border border-red-300 bg-red-50 p-4 text-red-800 dark:border-red-700 dark:bg-red-950 dark:text-red-200"[31m
        [33mrole[31m=[32m"alert"[31m
      [36m>[31m
        [36m<svg[31m
          [33maria-hidden[31m=[32m"true"[31m
          [33mclass[31m=[32m"lucide lucide-circle-alert mt-0.5 h-5 w-5 shrink-0"[31m
          [33mfill[31m=[32m"none"[31m
          [33mheight[31m=[32m"24"[31m
          [33mstroke[31m=[32m"currentColor"[31m
          [33mstroke-linecap[31m=[32m"round"[31m
          [33mstroke-linejoin[31m=[32m"round"[31m
          [33mstroke-width[31m=[32m"2"[31m
          [33mviewBox[31m=[32m"0 0 24 24"[31m
          [33mwidth[31m=[32m"24"[31m
          [33mxmlns[31m=[32m"http://www.w3.org/2000/svg"[31m
        [36m>[31m
          [36m<circle[31m
            [33mcx[31m=[32m"12"[31m
            [33mcy[31m=[32m"12"[31m
            [33mr[31m=[32m"10"[31m
          [36m/>[31m
          [36m<line[31m
            [33mx1[31m=[32m"12"[31m
            [33mx2[31m=[32m"12"[31m
            [33my1[31m=[32m"8"[31m
            [33my2[31m=[32m"12"[31m
          [36m/>[31m
          [36m<line[31m
            [33mx1[31m=[32m"12"[31m
            [33mx2[31m=[32m"12.01"[31m
            [33my1[31m=[32m"16"[31m
            [33my2[31m=[32m"16"[31m
          [36m/>[31m
        [36m</svg>[31m
        [36m<span[31m
          [33mclass[31m=[32m"text-sm"[31m
        [36m>[31m
          [0mFailed to read file: file.text is not a function[0m
        [36m</span>[31m
      [36m</div>[31m
      [36m<label[31m
        [33mclass[31m=[32m"flex cursor-pointer flex-col items-center justify-center rounded-xl border-2 border-dashed p-12 text-center transition-colors
            border-gray-300 bg-gray-50 hover:border-blue-400 hover:bg-blue-50 dark:border-gray-600 dark:bg-gray-800 dark:hover:border-blue-500"[31m
        [33mfor[31m=[32m":r1:"[31m
      [36m>[31m
        [36m<svg[31m
          [33maria-hidden[31m=[32m"true"[31m
          [33mclass[31m=[32m"lucide lucide-upload mb-3 h-10 w-10 text-gray-400"[31m
          [33mfill[31m=[32m"none"[31m
          [33mheight[31m=[32m"24"[31m
          [33mstroke[31m=[32m"currentColor"[31m
          [33mstroke-linecap[31m=[32m"round"[31m
          [33mstroke-linejoin[31m=[32m"round"[31m
          [33mstroke-width[31m=[32m"2"[31m
          [33mviewBox[31m=[32m"0 0 24 24"[31m
          [33mwidth[31m=[32m"24"[31m
          [33mxmlns[31m=[32m"http://www.w3.org/2000/svg"[31m
        [36m>[31m
          [36m<path[31m
            [33md[31m=[32m"M21 15v4a2 2 0 0 1-2 2H5a2 2 0 0 1-2-2v-4"[31m
          [36m/>[31m
          [36m<polyline[31m
            [33mpoints[31m=[32m"17 8 12 3 7 8"[31m
          [36m/>[31m
          [36m<line[31m
            [33mx1[31m=[32m"12"[31m
            [33mx2[31m=[32m"12"[31m
            [33my1[31m=[32m"3"[31m
            [33my2[31m=[32m"15"[31m
          [36m/>[31m
        [36m</svg>[31m
        [36m<p[31m
          [33mclass[31m=[32m"text-base font-medium text-gray-700 dark:text-gray-200"[31m
        [36m>[31m
          [0mDrag & drop or [0m
          [36m<span[31m
            [33mclass[31m=[32m"text-blue-600 dark:text-blue-400"[31m
          [36m>[31m
            [0mbrowse[0m
          [36m</span>[31m
        [36m</p>[31m
        [36m<p[31m
          [33mclass[31m=[32m"mt-1 text-sm text-gray-500 dark:text-gray-400"[31m
        [36m>[31m
          [0mSupports CSV and XLSX files[0m
        [36m</p>[31m
        [36m<input[31m
          [33maccept[31m=[32m".csv,.xlsx,.xls"[31m
          [33mclass[31m=[32m"sr-only"[31m
          [33mid[31m=[32m":r1:"[31m
          [33mtype[31m=[32m"file"[31m
        [36m/>[31m
      [36m</label>[31m
    [36m</div>[31m
  [36m</div>[31m
[36m</body>[31m

Ignored nodes: comments, script, style
[36m<html>[31m
  [36m<head />[31m
  [36m<body>[31m
    [36m<div>[31m
      [36m<div[31m
        [33mclass[31m=[32m"w-full space-y-6 "[31m
      [36m>[31m
        [36m<div[31m
          [33mclass[31m=[32m"flex items-start gap-3 rounded-lg border border-red-300 bg-red-50 p-4 text-red-800 dark:border-red-700 dark:bg-red-950 dark:text-red-200"[31m
          [33mrole[31m=[32m"alert"[31m
        [36m>[31m
          [36m<svg[31m
            [33maria-hidden[31m=[32m"true"[31m
            [33mclass[31m=[32m"lucide lucide-circle-alert mt-0.5 h-5 w-5 shrink-0"[31m
            [33mfill[31m=[32m"none"[31m
            [33mheight[31m=[32m"24"[31m
            [33mstroke[31m=[32m"currentColor"[31m
            [33mstroke-linecap[31m=[32m"round"[31m
            [33mstroke-linejoin[31m=[32m"round"[31m
            [33mstroke-width[31m=[32m"2"[31m
            [33mviewBox[31m=[32m"0 0 24 24"[31m
            [33mwidth[31m=[32m"24"[31m
            [33mxmlns[31m=[32m"http://www.w3.org/2000/svg"[31m
          [36m>[31m
            [36m<circle[31m
              [33mcx[31m=[32m"12"[31m
              [33mcy[31m=[32m"12"[31m
              [33mr[31m=[32m"10"[31m
            [36m/>[31m
            [36m<line[31m
              [33mx1[31m=[32m"12"[31m
              [33mx2[31m=[32m"12"[31m
              [33my1[31m=[32m"8"[31m
              [33my2[31m=[32m"12"[31m
            [36m/>[31m
            [36m<line[31m
              [33mx1[31m=[32m"12"[31m
              [33mx2[31m=[32m"12.01"[31m
              [33my1[31m=[32m"16"[31m
              [33my2[31m=[32m"16"[31m
            [36m/>[31m
          [36m</svg>[31m
          [36m<span[31m
            [33mclass[31m=[32m"text-sm"[31m
          [36m>[31m
            [0mFailed to read file: file.text is not a function[0m
          [36m</span>[31m
        [36m</div>[31m
        [36m<label[31m
          [33mclass[31m=[32m"flex cursor-pointer flex-col items-center justify-center rounded-xl border-2 border-dashed p-12 text-center transition-colors
            border-gray-300 bg-gray-50 hover:border-blue-400 hover:bg-blue-50 dark:border-gray-600 dark:bg-gray-800 dark:hover:border-blue-500"[31m
          [33mfor[31m=[32m":r1:"[31m
        [36m>[31m
          [36m<svg[31m
            [33maria-hidden[31m=[32m"true"[31m
            [33mclass[31m=[32m"lucide lucide-upload mb-3 h-10 w-10 text-gray-400"[31m
            [33mfill[31m=[32m"none"[31m
            [33mheight[31m=[32m"24"[31m
            [33mstroke[31m=[32m"currentColor"[31m
            [33mstroke-linecap[31m=[32m"round"[31m
            [33mstroke-linejoin[31m=[32m"round"[31m
            [33mstroke-width[31m=[32m"2"[31m
            [33mviewBox[31m=[32m"0 0 24 24"[31m
            [33mwidth[31m=[32m"24"[31m
            [33mxmlns[31m=[32m"http://www.w3.org/2000/svg"[31m
          [36m>[31m
            [36m<path[31m
              [33md[31m=[32m"M21 15v4a2 2 0 0 1-2 2H5a2 2 0 0 1-2-2v-4"[31m
            [36m/>[31m
            [36m<polyline[31m
              [33mpoints[31m=[32m"17 8 12 3 7 8"[31m
            [36m/>[31m
            [36m<line[31m
              [33mx1[31m=[32m"12"[31m
              [33mx2[31m=[32m"12"[31m
              [33my1[31m=[32m"3"[31m
              [33my2[31m=[32m"15"[31m
            [36m/>[31m
          [36m</svg>[31m
          [36m<p[31m
            [33mclass[31m=[32m"text-base font-medium text-gray-700 dark:text-gray-200"[31m
          [36m>[31m
            [0mDrag & drop or [0m
            [36m<span[31m
              [33mclass[31m=[32m"text-blue-600 dark:text-blue-400"[31m
            [36m>[31m
              [0mbrowse[0m
            [36m</span>[31m
          [36m</p>[31m
          [36m<p[31m
            [33mclass[31m=[32m"mt-1 text-sm text-gray-500 dark:text-gray-400"[31m
          [36m>[31m
            [0mSupports CSV and XLSX files[0m
          [36m</p>[31m
          [36m<input[31m
            [33maccept[31m=[32m".csv,.xlsx,.xls"[31m
            [33mclass[31m=[32m"sr-only"[31m
            [33mid[31m=[32m":r1:"[31m
            [33mtype[31m=[32m"file"[31m
          [36m/>[31m
        [36m</label>[31m
      [36m</div>[31m
    [36m</div>[31m
  [36m</body>[31m
[36m</html>[31m[39m
 [31mΓ¥»[39m src/testing/PerformanceTester.test.tsx [2m([22m[2m18 tests[22m[2m | [22m[31m1 failed[39m[2m)[22m[33m 1156[2mms[22m[39m
[31m   [31m├ù[31m PerformanceTester ΓÇô Render budgets[2m > [22mrenders a simple component within budget[90m 178[2mms[22m[31m[39m
[31m     ΓåÆ Performance budget exceeded: expected Γëñ100ms but got 112.46ms[39m
   [33m[2mΓ£ô[22m[39m PerformanceTester ΓÇô Render budgets[2m > [22mrenders a 500-item list within budget [33m332[2mms[22m[39m
   [33m[2mΓ£ô[22m[39m PerformanceTester ΓÇô Render budgets[2m > [22mrenders a 1000-item list within extended budget [33m398[2mms[22m[39m
 [31mΓ¥»[39m src/lib/__tests__/referral.test.ts [2m([22m[2m24 tests[22m[2m | [22m[31m1 failed[39m[2m)[22m[90m 240[2mms[22m[39m
[31m   [31m├ù[31m Referral Code Utilities[2m > [22misValidReferralCodeFormat[2m > [22mshould return true for valid codes[90m 30[2mms[22m[31m[39m
[31m     ΓåÆ expected false to be true // Object.is equality[39m
 [31mΓ¥»[39m src/app/onboarding/__tests__/onboarding.test.tsx [2m([22m[2m6 tests[22m[2m | [22m[31m5 failed[39m[2m)[22m[33m 24365[2mms[22m[39m
   [33m[2mΓ£ô[22m[39m Onboarding Page[2m > [22mrenders Step 1 (Personal & Role Setup) successfully on mount [33m368[2mms[22m[39m
[31m   [31m├ù[31m Onboarding Page[2m > [22mshows error messages if required Step 1 fields are missing on Next click[33m 5923[2mms[22m[31m[39m
[31m     ΓåÆ Test timed out in 5000ms.
If this is a long-running test, pass a timeout value as the last argument or configure it globally with "testTimeout".[39m
[31m   [31m├ù[31m Onboarding Page[2m > [22mnavigates to Step 2 (Preferences) when Step 1 fields are valid[33m 6288[2mms[22m[31m[39m
[31m     ΓåÆ Test timed out in 5000ms.
If this is a long-running test, pass a timeout value as the last argument or configure it globally with "testTimeout".[39m
[31m   [31m├ù[31m Onboarding Page[2m > [22mvalidates Step 2 and moves to Step 3 (Wallet Connection)[33m 5161[2mms[22m[31m[39m
[31m     ΓåÆ Test timed out in 5000ms.
If this is a long-running test, pass a timeout value as the last argument or configure it globally with "testTimeout".[39m
[31m   [31m├ù[31m Onboarding Page[2m > [22msimulates Starknet Argent X wallet connection in Step 3[33m 1498[2mms[22m[31m[39m
[31m     ΓåÆ Unable to find an element with the text: Connecting. This could be because the text is broken up by multiple elements. In this case, you can provide a function for your text matcher to make your matcher more flexible.

Ignored nodes: comments, script, style
[36m<body>[31m
  [36m<div>[31m
    [36m<div[31m
      [33mclass[31m=[32m"min-h-screen bg-slate-50 dark:bg-slate-950 flex flex-col items-center justify-center relative overflow-hidden p-4 md:p-8"[31m
    [36m>[31m
      [36m<div[31m
        [33mclass[31m=[32m"absolute top-[-20%] left-[-10%] w-[500px] h-[500px] rounded-full bg-cyan-400/20 dark:bg-cyan-500/10 blur-[120px] pointer-events-none"[31m
      [36m/>[31m
      [36m<div[31m
        [33mclass[31m=[32m"absolute bottom-[-20%] right-[-10%] w-[500px] h-[500px] rounded-full bg-blue-500/20 dark:bg-blue-600/10 blur-[120px] pointer-events-none"[31m
      [36m/>[31m
      [36m<div[31m
        [33mclass[31m=[32m"w-full max-w-3xl z-10 space-y-6"[31m
      [36m>[31m
        [36m<div[31m
          [33mclass[31m=[32m"text-center space-y-2"[31m
        [36m>[31m
          [36m<div[31m
            [33mclass[31m=[32m"inline-flex items-center justify-center gap-2 mb-2"[31m
          [36m>[31m
            [36m<div[31m
              [33mclass[31m=[32m"w-9 h-9 bg-gradient-to-r from-cyan-400 to-blue-500 rounded-lg flex items-center justify-center shadow-lg shadow-cyan-400/10"[31m
            [36m>[31m
              [36m<svg[31m
                [33mclass[31m=[32m"w-5 h-5 text-white"[31m
                [33mfill[31m=[32m"none"[31m
                [33mstroke[31m=[32m"currentColor"[31m
                [33mviewBox[31m=[32m"0 0 24 24"[31m
              [36m>[31m
                [36m<path[31m
                  [33md[31m=[32m"M12 6.253v13m0-13C10.832 5.477 9.246 5 7.5 5S4.168 5.477 3 6.253v13C4.168 18.477 5.754 18 7.5 18s3.332.477 4.5 1.253m0-13C13.168 5.477 14.754 5 16.5 5c1.747 0 3.332.477 4.5 1.253v13C19.832 18.477 18.247 18 16.5 18c-1.746 0-3.332.477-4.5 1.253"[31m
                  [33mstroke-linecap[31m=[32m"round"[31m
                  [33mstroke-linejoin[31m=[32m"round"[31m
                  [33mstroke-width[31m=[32m"2.5"[31m
                [36m/>[31m
              [36m</svg>[31m
            [36m</div>[31m
            [36m<span[31m
              [33mclass[31m=[32m"text-2xl font-bold tracking-tight text-slate-800 dark:text-white"[31m
            [36m>[31m
              [0mTeachLink[0m
            [36m</span>[31m
          [36m</div>[31m
          [36m<h1[31m
            [33mclass[31m=[32m"text-3xl font-extrabold tracking-tight text-slate-800 dark:text-white sm:text-4xl"[31m
          [36m>[31m
            [0mWelcome to Onboarding[0m
          [36m</h1>[31m
          [36m<p[31m
            [33mclass[31m=[32m"text-slate-500 dark:text-slate-400 text-sm max-w-md mx-auto"[31m
          [36m>[31m
            [0mSet up your identity and technical preferences to get started with TeachLink's decentralized platform.[0m
          [36m</p>[31m
        [36m</div>[31m
        [36m<div[31m
          [33mclass[31m=[32m"form-wizard "[31m
        [36m>[31m
          [36m<div[31m
            [33mclass[31m=[32m"wizard-progress-bar"[31m
          [36m>[31m
            [36m<div[31m
              [33mclass[31m=[32m"progress-step group  completed accessible"[31m
            [36m>[31m
              [36m<div[31m
                [33mclass[31m=[32m"step-indicator"[31m
              [36m>[31m
                [0mΓ£ô[0m
              [36m</div>[31m
              [36m<div[31m
                [33mclass[31m=[32m"step-label"[31m
              [36m>[31m
                [0mPersonal & Role[0m
              [36m</div>[31m
            [36m</div>[31m
            [36m<div[31m
              [33mclass[31m=[32m"progress-step group  completed accessible"[31m
            [36m>[31m
              [36m<div[31m
                [33mclass[31m=[32m"step-indicator"[31m
              [36m>[31m
                [0mΓ£ô[0m
              [36m</div>[31m
              [36m<div[31m
                [33mclass[31m=[32m"step-label"[31m
              [36m>[31m
                [0mPreferences[0m
              [36m</div>[31m
            [36m</div>[31m
            [36m<div[31m
              [33mclass[31m=[32m"progress-step group current  accessible"[31m
            [36m>[31m
              [36m<div[31m
                [33mclass[31m=[32m"step-indicator"[31m
              [36m>[31m
                [0m3[0m
              [36m</div>[31m
              [36m<div[31m
                [33mclass[31m=[32m"step-label"[31m
              [36m>[31m
                [0mWeb3 Wallet[0m
              [36m</div>[31m
            [36m</div>[31m
          [36m</div>[31m
          [36m<div[31m
            [33mclass[31m=[32m"wizard-content"[31m
          [36m>[31m
            [36m<div[31m
              [33mclass[31m=[32m"space-y-6"[31m
            [36m>[31m
              [36m<div>[31m
                [36m<h2[31m
                  [33mclass[31m=[32m"text-xl font-bold text-slate-800 dark:text-slate-100"[31m
                [36m>[31m
                  [0mDecentralized Web3 Connection[0m
                [36m</h2>[31m
                [36m<p[31m
                  [33mclass[31m=[32m"text-sm text-slate-500 dark:text-slate-400"[31m
                [36m>[31m
                  [0mConnect your Starknet wallet to access offline capability storage hashes and verification tokens.[0m
                [36m</p>[31m
              [36m</div>[31m
              [36m<div[31m
                [33mclass[31m=[32m"p-4 bg-slate-50 dark:bg-slate-900/40 border border-slate-200/50 dark:border-slate-800/80 rounded-xl flex items-start"[31m
              [36m>[31m
                [36m<div[31m
                  [33mclass[31m=[32m"p-2 bg-cyan-500/10 text-cyan-600 dark:text-cyan-400 rounded-lg mr-3 shrink-0"[31m
                [36m>[31m
                  [36m<svg[31m
                    [33mclass[31m=[32m"lucide lucide-wallet"[31m
                    [33mfill[31m=[32m"none"[31m
                    [33mheight[31m=[32m"20"[31m
                    [33mstroke[31m=[32m"currentColor"[31m
                    [33mstroke-linecap[31m=[32m"round"[31m
                    [33mstroke-linejoin[31m=[32m"round"[31m
                    [33mstroke-width[31m=[32m"2"[31m
                    [33mviewBox[31m=[32m"0 0 24 24"[31m
                    [33mwidth[31m=[32m"20"[31m
                    [33mxmlns[31m=[32m"http://www.w3.org/2000/svg"[31m
                  [36m>[31m
                    [36m<path[31m
                      [33md[31m=[32m"M19 7V4a1 1 0 0 0-1-1H5a2 2 0 0 0 0 4h15a1 1 0 0 1 1 1v4h-3a2 2 0 0 0 0 4h3a1 1 0 0 0 1-1v-2a1 1 0 0 0-1-1"[31m
                    [36m/>[31m
                    [36m<path[31m
                      [33md[31m=[32m"M3 5v14a2 2 0 0 0 2 2h15a1 1 0 0 0 1-1v-4"[31m
                    [36m/>[31m
                  [36m</svg>[31m
                [36m</div>[31m
                [36m<div>[31m
                  [36m<h3[31m
                    [33mclass[31m=[32m"text-sm font-bold text-slate-800 dark:text-slate-200"[31m
                  [36m>[31m
                    [0mWhy Starknet Wallet Integration?[0m
                  [36m</h3>[31m
                  [36m<p[31m
                    [33mclass[31m=[32m"text-xs text-slate-500 dark:text-slate-400 mt-1 leading-relaxed"[31m
                  [36m>[31m
                    [0mTeachLink utilizes Starknet to store offline learning progress cryptographic commitments. Connecting your wallet enables you to record accomplishments securely and claim verified course certificates on-chain.[0m
                  [36m</p>[31m
                [36m</div>[31m
              [36m</div>[31m
              [36m<div[31m
                [33mclass[31m=[32m"space-y-4"[31m
                [33mstyle[31m=[32m"opacity: 0; transform: translateY(10px);"[31m
              [36m>[31m
                [36m<label[31m
                  [33mclass[31m=[32m"block text-sm font-semibold text-slate-700 dark:text-slate-300"[31m
                [36m>[31m
                  [0mChoose a Starknet wallet to connect:[0m
                [36m</label>[31m
                [36m<div[31m
                  [33mclass[31m=[32m"grid grid-cols-1 md:grid-cols-2 gap-4"[31m
                [36m>[31m
                  [36m<button[31m
                    [33mclass[31m=[32m"flex items-center justify-between p-4 bg-white dark:bg-slate-900 border border-slate-200 dark:border-slate-800/80 rounded-xl hover:border-cyan-500/50 hover:shadow-md hover:bg-slate-50/50 dark:hover:bg-slate-800/30 transition-all text-left"[31m
                    [33mdisabled[31m=[32m""[31m
                    [33mid[31m=[32m"argent-connect-button"[31m
                    [33mtype[31m=[32m"button"[31m
                  [36m>[31m
                    [36m<div[31m
                      [33mclass[31m=[32m"flex items-center"[31m
                    [36m>[31m
                      [36m<div[31m
                        [33mclass[31m=[32m"w-10 h-10 rounded-lg bg-orange-500 flex items-center justify-center font-bold text-white text-lg mr-3 shadow-inner"[31m
                      [36m>[31m
                        [0mA[0m
                      [36m</div>[31m
                      [36m<div>[31m
                        [36m<h4[31m
                          [33mclass[31m=[32m"font-bold text-slate-800 dark:text-slate-200 text-sm"[31m
                        [36m>[31m
                          [0mArgent X[0m
                        [36m</h4>[31m
                        [36m<p[31m
                          [33mclass[31m=[32m"text-xxs text-slate-400 dark:text-slate-500"[31m
                        [36m>[31m
                          [0mStarknet's premier smart wallet[0m
                        [36m</p>[31m
                      [36m</div>[31m
                    [36m</div>[31m
                    [36m<svg[31m
                      [33mclass[31m=[32m"lucide lucide-loader-circle animate-spin text-cyan-500"[31m
                      [33mfill[31m=[32m"none"[31m
                      [33mheight[31m=[32m"18"[31m
                      [33mstroke[31m=[32m"currentColor"[31m
                      [33mstroke-linecap[31m=[32m"round"[31m
                      [33mstroke-linejoin[31m=[32m"round"[31m
                      [33mstroke-width[31m=[32m"2"[31m
                      [33mviewBox[31m=[32m"0 0 24 24"[31m
                      [33mwidth[31m=[32m"18"[31m
                      [33mxmlns[31m=[32m"http://www.w3.org/2000/svg"[31m
                    [36m>[31m
                      [36m<path[31m
                        [33md[31m=[32m"M21 12a9 9 0 1 1-6.219-8.56"[31m
                      [36m/>[31m
                    [36m</svg>[31m
                  [36m</button>[31m
                  [36m<button[31m
                    [33mclass[31m=[32m"flex items-center justify-between p-4 bg-white dark:bg-slate-900 border border-slate-200 dark:border-slate-800/80 rounded-xl hover:border-blue-500/50 hover:shadow-md hover:bg-slate-50/50 dark:hover:bg-slate-800/30 transition-all text-left"[31m
                    [33mdisabled[31m=[32m""[31m
                    [33mid[31m=[32m"braavos-connect-button"[31m
                    [33mtype[31m=[32m"button"[31m
                  [36m>[31m
                    [36m<div[31m
                      [33mclass[31m=[32m"flex items-center"[31m
                    [36m>[31m
                      [36m<div[31m
                        [33mclass[31m=[32m"w-10 h-10 rounded-lg bg-blue-600 flex items-center justify-center font-bold text-white text-lg mr-3 shadow-inner"[31m
                      [36m>[31m
                        [0mB[0m
                      [36m</div>[31m
                      [36m<div>[31m
                        [36m<h4[31m
                          [33mclass[31m=[32m"font-bold text-slate-800 dark:text-slate-200 text-sm"[31m
                        [36m>[31m
                          [0mBraavos[0m
                        [36m</h4>[31m
                        [36m<p[31m
                          [33mclass[31m=[32m"text-xxs text-slate-400 dark:text-slate-500"[31m
                        [36m>[31m
                          [0mFast, secure, and user-friendly wallet[0m
                        [36m</p>[31m
                      [36m</div>[31m
                    [36m</div>[31m
                    [36m<span[31m
                      [33mclass[31m=[32m"text-xs font-semibold text-blue-600 dark:text-blue-400 bg-blue-50 dark:bg-blue-950/40 px-2.5 py-1 rounded-full"[31m
                    [36m>[31m
                      [0mConnect[0m
                    [36m</span>[31m
                  [36m</button>[31m
                [36m</div>[31m
              [36m</div>[31m
            [36m</div>[31m
          [36m</div>[31m
          [36m<div[31m
            [33mclass[31m=[32m"wizard-navigation"[31m
          [36m>[31m
            [36m<button[31m
              [33mclass[31m=[32m"btn-previous"[31m
            [36m>[31m
              [0mΓåÉ Previous[0m
            [36m</button>[31m
            [36m<div[31m
              [33mclass[31m=[32m"step-counter"[31m
            [36m>[31m
              [0mStep [0m
              [0m3[0m
              [0m of [0m
              [0m3[0m
            [36m</div>[31m
            [36m<button[31m
              [33maria-busy[31m=[32m"false"[31m
              [33maria-disabled[31m=[32m"false"[31m
              [33mclass[31m=[32m"btn-complete"[31m
              [33mtype[31m=[32m"button"[31m
            [36m>[31m
              [0mComplete[0m
            [36m</button>[31m
          [36m</div>[31m
        [36m</div>[31m
      [36m</div>[31m
    [36m</div>[31m
  [36m</div>[31m
[36m</body>[31m[39m
[31m   [31m├ù[31m Onboarding Page[2m > [22mcompletes onboarding and triggers redirection to dashboard[33m 5121[2mms[22m[31m[39m
[31m     ΓåÆ Test timed out in 5000ms.
If this is a long-running test, pass a timeout value as the last argument or configure it globally with "testTimeout".[39m
 [32mΓ£ô[39m src/services/__tests__/bundleSecurityContext.test.ts [2m([22m[2m14 tests[22m[2m)[22m[90m 29[2mms[22m[39m
[2m19:47:31[22m [33m[1m[vite][22m[39m [33mwarning: invalid import 
"./${language}.json". Variable imports cannot import their own directory, 
place imports in a separate directory or make the import filename more 
specific. For example: import(`./foo/${bar}.js`).[39m
  Plugin: [35mvite:dynamic-import-vars[39m
  File: [36mC:/Users/u-adamu/Desktop/memplethee/teachLink_web/src/locales/tran
slationManager.ts[39m
 [32mΓ£ô[39m src/lib/notifications/__tests__/socket.test.ts [2m([22m[2m8 tests[22m[2m)[22m[90m 55[2mms[22m[39m
 [31mΓ¥»[39m src/__tests__/sms/queue.test.ts [2m([22m[2m13 tests[22m[2m | [22m[31m2 failed[39m[2m)[22m[33m 9041[2mms[22m[39m
   [33m[2mΓ£ô[22m[39m SMSQueue[2m > [22menqueueing messages[2m > [22mshould enqueue a message [33m441[2mms[22m[39m
[31m   [31m├ù[31m SMSQueue[2m > [22menqueueing messages[2m > [22mshould handle multiple concurrent messages[33m 5023[2mms[22m[31m[39m
[31m     ΓåÆ Test timed out in 5000ms.
If this is a long-running test, pass a timeout value as the last argument or configure it globally with "testTimeout".[39m
   [33m[2mΓ£ô[22m[39m SMSQueue[2m > [22menqueueing messages[2m > [22mshould add message tags [33m318[2mms[22m[39m
   [33m[2mΓ£ô[22m[39m SMSQueue[2m > [22mdelivery logs[2m > [22mshould retrieve delivery logs [33m319[2mms[22m[39m
   [33m[2mΓ£ô[22m[39m SMSQueue[2m > [22mdelivery logs[2m > [22mshould filter logs by status [33m333[2mms[22m[39m
   [33m[2mΓ£ô[22m[39m SMSQueue[2m > [22mdelivery logs[2m > [22mshould filter logs by provider [33m322[2mms[22m[39m
   [33m[2mΓ£ô[22m[39m SMSQueue[2m > [22mdelivery logs[2m > [22mshould respect log limit [33m320[2mms[22m[39m
   [33m[2mΓ£ô[22m[39m SMSQueue[2m > [22mdelivery statistics[2m > [22mshould generate delivery statistics [33m321[2mms[22m[39m
   [33m[2mΓ£ô[22m[39m SMSQueue[2m > [22mdelivery statistics[2m > [22mshould track stats by provider [33m320[2mms[22m[39m
   [33m[2mΓ£ô[22m[39m SMSQueue[2m > [22mlog maintenance[2m > [22mshould clear old logs [33m321[2mms[22m[39m
   [33m[2mΓ£ô[22m[39m SMSQueue[2m > [22mlog maintenance[2m > [22mshould respect old log time threshold [33m348[2mms[22m[39m
   [33m[2mΓ£ô[22m[39m SMSQueue[2m > [22mmessage handling[2m > [22mshould handle multiple recipients [33m317[2mms[22m[39m
[31m   [31m├ù[31m SMSQueue[2m > [22mmessage handling[2m > [22mshould include metadata in delivery logs[33m 328[2mms[22m[31m[39m
[31m     ΓåÆ expected undefined to be defined[39m
 [32mΓ£ô[39m src/utils/__tests__/reviewSearch.test.ts [2m([22m[2m20 tests[22m[2m)[22m[90m 23[2mms[22m[39m
 [32mΓ£ô[39m src/utils/__tests__/visualizationUtils.test.ts [2m([22m[2m26 tests[22m[2m)[22m[33m 24356[2mms[22m[39m
   [33m[2mΓ£ô[22m[39m visualizationUtils[2m > [22mgenerateDateLabels[2m > [22mshould generate 7 day labels [33m24189[2mms[22m[39m
 [32mΓ£ô[39m src/app/hooks/__tests__/useAudioEnhancement.test.tsx [2m([22m[2m3 tests[22m[2m)[22m[90m 111[2mms[22m[39m
 [31mΓ¥»[39m src/app/hooks/__tests__/useOfflineMode.test.tsx [2m([22m[2m4 tests[22m[2m | [22m[31m2 failed[39m[2m)[22m[90m 264[2mms[22m[39m
[31m   [31m├ù[31m useOfflineMode[2m > [22msaves progress and enqueues sync items[90m 46[2mms[22m[31m[39m
[31m     ΓåÆ expected +0 to be 1 // Object.is equality[39m
[31m   [31m├ù[31m useOfflineMode[2m > [22msyncs offline progress through the remote lesson progress microservice[90m 135[2mms[22m[31m[39m
[31m     ΓåÆ expected "spy" to be called 1 times, but got 0 times[39m
 [32mΓ£ô[39m src/components/ui/__tests__/Quote.test.tsx [2m([22m[2m19 tests[22m[2m)[22m[33m 870[2mms[22m[39m
 [32mΓ£ô[39m src/components/dashboard/__tests__/DashboardFilters.test.tsx [2m([22m[2m11 tests[22m[2m)[22m[33m 1497[2mms[22m[39m
   [33m[2mΓ£ô[22m[39m DashboardFilters[2m > [22mrenders the filter toggle button [33m465[2mms[22m[39m
 [32mΓ£ô[39m src/app/components/accessibility/__tests__/accessibilityUtils.test.ts [2m([22m[2m21 tests[22m[2m)[22m[90m 58[2mms[22m[39m
 [32mΓ£ô[39m src/components/dashboard/__tests__/InteractiveCharts.test.tsx [2m([22m[2m10 tests[22m[2m)[22m[33m 1139[2mms[22m[39m
 [32mΓ£ô[39m src/components/dashboard/__tests__/AdvancedDashboard.test.tsx [2m([22m[2m8 tests[22m[2m)[22m[33m 2010[2mms[22m[39m
   [33m[2mΓ£ô[22m[39m AdvancedDashboard[2m > [22mrenders without crashing [33m425[2mms[22m[39m
   [33m[2mΓ£ô[22m[39m AdvancedDashboard[2m > [22mrenders the Share button [33m485[2mms[22m[39m
   [33m[2mΓ£ô[22m[39m AdvancedDashboard[2m > [22mcalls clipboard.writeText when Share is clicked [33m380[2mms[22m[39m
 [31mΓ¥»[39m src/app/privacy/__tests__/privacy-page.test.tsx [2m([22m[2m17 tests[22m[2m | [22m[31m5 failed[39m[2m)[22m[33m 1447[2mms[22m[39m
[31m   [31m├ù[31m Privacy Policy Page[2m > [22mPrivacyPolicyContent Component[2m > [22mshould include all required sections in English[90m 208[2mms[22m[31m[39m
[31m     ΓåÆ Found multiple elements with the text: /Information We Collect/i

Here are the matching elements:

Ignored nodes: comments, script, style
[36m<h2[31m
  [33mid[31m=[32m"information-collection"[31m
[36m>[31m
  [0mInformation We Collect[0m
[36m</h2>[31m

Ignored nodes: comments, script, style
[36m<p>[31m
  [0mWe use the information we collect for:[0m
[36m</p>[31m

(If this is intentional, then use the `*AllBy*` variant of the query (like `queryAllByText`, `getAllByText`, or `findAllByText`)).

Ignored nodes: comments, script, style
[36m<body>[31m
  [36m<div>[31m
    [36m<section[31m
      [33mclass[31m=[32m"space-y-8 text-gray-700"[31m
    [36m>[31m
      [0m
            
      [0m
      [36m<h2[31m
        [33mid[31m=[32m"introduction"[31m
      [36m>[31m
        [0mIntroduction[0m
      [36m</h2>[31m
      [0m
      [0m
      [36m<p>[31m
        [0m
        TeachLink ("we," "us," "our," or "Company") is committed to protecting your privacy. This Privacy Policy explains how we collect, use, disclose, and safeguard your information when you visit our website and use our services.
      [0m
      [36m</p>[31m
      [0m
      [0m
      [36m<p>[31m
        [0m
        Please read this Privacy Policy carefully. If you do not agree with our policies and practices, please do not use our services.
      [0m
      [36m</p>[31m
      [0m
    
            
      [0m
      [36m<h2[31m
        [33mid[31m=[32m"information-collection"[31m
      [36m>[31m
        [0mInformation We Collect[0m
      [36m</h2>[31m
      [0m
      [0m
      [36m<h3>[31m
        [0mInformation You Provide Directly[0m
      [36m</h3>[31m
      [0m
      [0m
      [36m<p>[31m
        [0mWe collect information you provide directly, such as:[0m
      [36m</p>[31m
      [0m
      [0m
      [36m<ul>[31m
        [0m
        [0m
        [36m<li>[31m
          [0mAccount registration information (name, email, password)[0m
        [36m</li>[31m
        [0m
        [0m
        [36m<li>[31m
          [0mProfile information (photo, bio, preferences)[0m
        [36m</li>[31m
        [0m
        [0m
        [36m<li>[31m
          [0mCourse content and learning progress[0m
        [36m</li>[31m
        [0m
        [0m
        [36m<li>[31m
          [0mCommunication with other users and support team[0m
        [36m</li>[31m
        [0m
        [0m
        [36m<li>[31m
          [0mPayment and billing information[0m
        [36m</li>[31m
        [0m
      [0m
      [36m</ul>[31m
      [0m
      [0m
      [36m<h3>[31m
        [0mInformation Collected Automatically[0m
      [36m</h3>[31m
      [0m
      [0m
      [36m<p>[31m
        [0mWe automatically collect certain information about your device and usage:[0m
      [36m</p>[31m
      [0m
      [0m
      [36m<ul>[31m
        [0m
        [0m
        [36m<li>[31m
          [0mBrowser type and operating system[0m
        [36m</li>[31m
        [0m
        [0m
        [36m<li>[31m
          [0mIP address and location information[0m
        [36m</li>[31m
        [0m
        [0m
        [36m<li>[31m
          [0mPages visited and time spent on pages[0m
        [36m</li>[31m
        [0m
        [0m
        [36m<li>[31m
          [0mReferral source[0m
        [36m</li>[31m
        [0m
        [0m
        [36m<li>[31m
          [0mCookies and similar tracking technologies[0m
        [36m</li>[31m
        [0m
      [0m
      [36m</ul>[31m
      [0m
    
            
      [0m
      [36m<h2[31m
        [33mid[31m=[32m"information-use"[31m
      [36m>[31m
        [0mHow We Use Your Information[0m
      [36m</h2>[31m
      [0m
      [0m
      [36m<p>[31m
        [0mWe use the information we collect for:[0m
      [36m</p>[31m
      [0m
      [0m
      [36m<ul>[31m
        [0m
        [0m
        [36m<li>[31m
          [0mProviding and improving our services[0m
        [36m</li>[31m
        [0m
        [0m
        [36m<li>[31m
          [0mPersonalizing your learning experience[0m
        [36m</li>[31m
        [0m
        [0m
        [36m<li>[31m
          [0mProcessing payments and transactions[0m
        [36m</li>[31m
        [0m
        [0m
        [36m<li>[31m
          [0mSending service-related announcements[0m
        [36m</li>[31m
        [0m
        [0m
        [36m<li>[31m
          [0mResponding to your inquiries and support requests[0m
        [36m</li>[31m
        [0m
        [0m
        [36m<li>[31m
          [0mConducting research and analytics[0m
        [36m</li>[31m
        [0m
        [0m
        [36m<li>[31m
          [0mComplying with legal obligations[0m
        [36m</li>[31m
        [0m
        [0m
        [36m<li>[31m
          [0mProtecting against fraud and security threats[0m
        [36m</li>[31m
        [0m
      [0m
      [36m</ul>[31m
      [0m
    
            
      [0m
      [36m<h2[31m
        [33mid[31m=[32m"data-security"[31m
      [36m>[31m
        [0mData Security[0m
      [36m</h2>[31m
      [0m
      [0m
      [36m<p>[31m
        [0m
        We implement appropriate technical and organizational measures to protect your personal information against unauthorized access, alteration, disclosure, or destruction. These measures include:
      [0m
      [36m</p>[31m
      [0m
      [0m
      [36m<ul>[31m
        [0m
        [0m
        [36m<li>[31m
          [0mSSL/TLS encryption for data in transit[0m
        [36m</li>[31m
        [0m
        [0m
        [36m<li>[31m
          [0mEncryption for sensitive data at rest[0m
        [36m</li>[31m
        [0m
        [0m
        [36m<li>[31m
          [0mRegular security audits and updates[0m
        [36m</li>[31m
        [0m
        [0m
        [36m<li>[31m
          [0mAccess controls and authentication mechanisms[0m
        [36m</li>[31m
        [0m
        [0m
        [36m<li>[31m
          [0mEmployee training on data protection[0m
        [36m</li>[31m
        [0m
      [0m
      [36m</ul>[31m
      [0m
      [0m
      [36m<p>[31m
        [0m
        However, no method of transmission over the internet is 100% secure. While we strive to protect your information, we cannot guarantee absolute security.
      [0m
      [36m</p>[31m
      [0m
    
            
      [0m
      [36m<h2[31m
        [33mid[31m=[32m"your-rights"[31m
      [36m>[31m
        [0mYour Privacy Rights[0m
      [36m</h2>[31m
      [0m
      [0m
      [36m<p>[31m
        [0mDepending on your location, you may have the following rights:[0m
      [36m</p>[31m
      [0m
      [0m
      [36m<ul>[31m
        [0m
        [0m
        [36m<li>[31m
          [36m<strong>[31m
            [0mAccess:[0m
          [36m</strong>[31m
          [0m Request a copy of your personal information[0m
        [36m</li>[31m
        [0m
        [0m
        [36m<li>[31m
          [36m<strong>[31m
            [0mCorrection:[0m
          [36m</strong>[31m
          [0m Request corrections to inaccurate information[0m
        [36m</li>[31m
        [0m
        [0m
        [36m<li>[31m
          [36m<strong>[31m
            [0mDeletion:[0m
          [36m</strong>[31m
          [0m Request deletion of your personal information[0m
        [36m</li>[31m
        [0m
        [0m
        [36m<li>[31m
          [36m<strong>[31m
            [0mPortability:[0m
          [36m</strong>[31m
          [0m Receive your information in a portable format[0m
        [36m</li>[31m
        [0m
        [0m
        [36m<li>[31m
          [36m<strong>[31m
            [0mOpt-out:[0m
          [36m</strong>[31m
          [0m Opt-out of marketing communications[0m
        [36m</li>[31m
        [0m
        [0m
        [36m<li>[31m
          [36m<strong>[31m
            [0mRestriction:[0m
          [36m</strong>[31m
          [0m Request restriction of processing[0m
        [36m</li>[31m
        [0m
      [0m
      [36m</ul>[31m
      [0m
      [0m
      [36m<p>[31m
        [0m
        To exercise any of these rights, please contact us at [0m
        [36m<a[31m
          [33mhref[31m=[32m"mailto:privacy@teachlink.com"[31m
        [36m>[31m
          [0mprivacy@teachlink.com[0m
        [36m</a>[31m
        [0m.
      [0m
      [36m</p>[31m
      [0m
    
            
      [0m
      [36m<h2[31m
        [33mid[31m=[32m"contact"[31m
      [36m>[31m
        [0mContact Us[0m
      [36m</h2>[31m
      [0m
      [0m
      [36m<p>[31m
        [0m
        If you have questions about this Privacy Policy or our privacy practices, please contact us at:
      [0m
      [36m</p>[31m
      [0m
      [0m
      [36m<address>[31m
        [0m
        TeachLink Privacy Team[0m
        [36m<br />[31m
        [0m
        Email: [0m
        [36m<a[31m
          [33mhref[31m=[32m"mailto:privacy@teachlink.com"[31m
        [36m>[31m
          [0mprivacy@teachlink.com[0m
        [36m</a>[31m
        [36m<br />[31m
        [0m
        Address: [Company Address][0m
        [36m<br />[31m
        [0m
        Phone: [Company Phone]
      [0m
      [36m</address>[31m
      [0m
    
          [0m
    [36m</section>[31m
  [36m</div>[31m
[36m</body>[31m[39m
[31m   [31m├ù[31m Privacy Policy Page[2m > [22mPrivacyPolicyContent Component[2m > [22mshould include privacy contact email[90m 62[2mms[22m[31m[39m
[31m     ΓåÆ Found multiple elements with the text: privacy@teachlink.com

Here are the matching elements:

Ignored nodes: comments, script, style
[36m<a[31m
  [33mhref[31m=[32m"mailto:privacy@teachlink.com"[31m
[36m>[31m
  [0mprivacy@teachlink.com[0m
[36m</a>[31m

Ignored nodes: comments, script, style
[36m<a[31m
  [33mhref[31m=[32m"mailto:privacy@teachlink.com"[31m
[36m>[31m
  [0mprivacy@teachlink.com[0m
[36m</a>[31m

(If this is intentional, then use the `*AllBy*` variant of the query (like `queryAllByText`, `getAllByText`, or `findAllByText`)).

Ignored nodes: comments, script, style
[36m<body>[31m
  [36m<div>[31m
    [36m<section[31m
      [33mclass[31m=[32m"space-y-8 text-gray-700"[31m
    [36m>[31m
      [0m
            
      [0m
      [36m<h2[31m
        [33mid[31m=[32m"introduction"[31m
      [36m>[31m
        [0mIntroduction[0m
      [36m</h2>[31m
      [0m
      [0m
      [36m<p>[31m
        [0m
        TeachLink ("we," "us," "our," or "Company") is committed to protecting your privacy. This Privacy Policy explains how we collect, use, disclose, and safeguard your information when you visit our website and use our services.
      [0m
      [36m</p>[31m
      [0m
      [0m
      [36m<p>[31m
        [0m
        Please read this Privacy Policy carefully. If you do not agree with our policies and practices, please do not use our services.
      [0m
      [36m</p>[31m
      [0m
    
            
      [0m
      [36m<h2[31m
        [33mid[31m=[32m"information-collection"[31m
      [36m>[31m
        [0mInformation We Collect[0m
      [36m</h2>[31m
      [0m
      [0m
      [36m<h3>[31m
        [0mInformation You Provide Directly[0m
      [36m</h3>[31m
      [0m
      [0m
      [36m<p>[31m
        [0mWe collect information you provide directly, such as:[0m
      [36m</p>[31m
      [0m
      [0m
      [36m<ul>[31m
        [0m
        [0m
        [36m<li>[31m
          [0mAccount registration information (name, email, password)[0m
        [36m</li>[31m
        [0m
        [0m
        [36m<li>[31m
          [0mProfile information (photo, bio, preferences)[0m
        [36m</li>[31m
        [0m
        [0m
        [36m<li>[31m
          [0mCourse content and learning progress[0m
        [36m</li>[31m
        [0m
        [0m
        [36m<li>[31m
          [0mCommunication with other users and support team[0m
        [36m</li>[31m
        [0m
        [0m
        [36m<li>[31m
          [0mPayment and billing information[0m
        [36m</li>[31m
        [0m
      [0m
      [36m</ul>[31m
      [0m
      [0m
      [36m<h3>[31m
        [0mInformation Collected Automatically[0m
      [36m</h3>[31m
      [0m
      [0m
      [36m<p>[31m
        [0mWe automatically collect certain information about your device and usage:[0m
      [36m</p>[31m
      [0m
      [0m
      [36m<ul>[31m
        [0m
        [0m
        [36m<li>[31m
          [0mBrowser type and operating system[0m
        [36m</li>[31m
        [0m
        [0m
        [36m<li>[31m
          [0mIP address and location information[0m
        [36m</li>[31m
        [0m
        [0m
        [36m<li>[31m
          [0mPages visited and time spent on pages[0m
        [36m</li>[31m
        [0m
        [0m
        [36m<li>[31m
          [0mReferral source[0m
        [36m</li>[31m
        [0m
        [0m
        [36m<li>[31m
          [0mCookies and similar tracking technologies[0m
        [36m</li>[31m
        [0m
      [0m
      [36m</ul>[31m
      [0m
    
            
      [0m
      [36m<h2[31m
        [33mid[31m=[32m"information-use"[31m
      [36m>[31m
        [0mHow We Use Your Information[0m
      [36m</h2>[31m
      [0m
      [0m
      [36m<p>[31m
        [0mWe use the information we collect for:[0m
      [36m</p>[31m
      [0m
      [0m
      [36m<ul>[31m
        [0m
        [0m
        [36m<li>[31m
          [0mProviding and improving our services[0m
        [36m</li>[31m
        [0m
        [0m
        [36m<li>[31m
          [0mPersonalizing your learning experience[0m
        [36m</li>[31m
        [0m
        [0m
        [36m<li>[31m
          [0mProcessing payments and transactions[0m
        [36m</li>[31m
        [0m
        [0m
        [36m<li>[31m
          [0mSending service-related announcements[0m
        [36m</li>[31m
        [0m
        [0m
        [36m<li>[31m
          [0mResponding to your inquiries and support requests[0m
        [36m</li>[31m
        [0m
        [0m
        [36m<li>[31m
          [0mConducting research and analytics[0m
        [36m</li>[31m
        [0m
        [0m
        [36m<li>[31m
          [0mComplying with legal obligations[0m
        [36m</li>[31m
        [0m
        [0m
        [36m<li>[31m
          [0mProtecting against fraud and security threats[0m
        [36m</li>[31m
        [0m
      [0m
      [36m</ul>[31m
      [0m
    
            
      [0m
      [36m<h2[31m
        [33mid[31m=[32m"data-security"[31m
      [36m>[31m
        [0mData Security[0m
      [36m</h2>[31m
      [0m
      [0m
      [36m<p>[31m
        [0m
        We implement appropriate technical and organizational measures to protect your personal information against unauthorized access, alteration, disclosure, or destruction. These measures include:
      [0m
      [36m</p>[31m
      [0m
      [0m
      [36m<ul>[31m
        [0m
        [0m
        [36m<li>[31m
          [0mSSL/TLS encryption for data in transit[0m
        [36m</li>[31m
        [0m
        [0m
        [36m<li>[31m
          [0mEncryption for sensitive data at rest[0m
        [36m</li>[31m
        [0m
        [0m
        [36m<li>[31m
          [0mRegular security audits and updates[0m
        [36m</li>[31m
        [0m
        [0m
        [36m<li>[31m
          [0mAccess controls and authentication mechanisms[0m
        [36m</li>[31m
        [0m
        [0m
        [36m<li>[31m
          [0mEmployee training on data protection[0m
        [36m</li>[31m
        [0m
      [0m
      [36m</ul>[31m
      [0m
      [0m
      [36m<p>[31m
        [0m
        However, no method of transmission over the internet is 100% secure. While we strive to protect your information, we cannot guarantee absolute security.
      [0m
      [36m</p>[31m
      [0m
    
            
      [0m
      [36m<h2[31m
        [33mid[31m=[32m"your-rights"[31m
      [36m>[31m
        [0mYour Privacy Rights[0m
      [36m</h2>[31m
      [0m
      [0m
      [36m<p>[31m
        [0mDepending on your location, you may have the following rights:[0m
      [36m</p>[31m
      [0m
      [0m
      [36m<ul>[31m
        [0m
        [0m
        [36m<li>[31m
          [36m<strong>[31m
            [0mAccess:[0m
          [36m</strong>[31m
          [0m Request a copy of your personal information[0m
        [36m</li>[31m
        [0m
        [0m
        [36m<li>[31m
          [36m<strong>[31m
            [0mCorrection:[0m
          [36m</strong>[31m
          [0m Request corrections to inaccurate information[0m
        [36m</li>[31m
        [0m
        [0m
        [36m<li>[31m
          [36m<strong>[31m
            [0mDeletion:[0m
          [36m</strong>[31m
          [0m Request deletion of your personal information[0m
        [36m</li>[31m
        [0m
        [0m
        [36m<li>[31m
          [36m<strong>[31m
            [0mPortability:[0m
          [36m</strong>[31m
          [0m Receive your information in a portable format[0m
        [36m</li>[31m
        [0m
        [0m
        [36m<li>[31m
          [36m<strong>[31m
            [0mOpt-out:[0m
          [36m</strong>[31m
          [0m Opt-out of marketing communications[0m
        [36m</li>[31m
        [0m
        [0m
        [36m<li>[31m
          [36m<strong>[31m
            [0mRestriction:[0m
          [36m</strong>[31m
          [0m Request restriction of processing[0m
        [36m</li>[31m
        [0m
      [0m
      [36m</ul>[31m
      [0m
      [0m
      [36m<p>[31m
        [0m
        To exercise any of these rights, please contact us at [0m
        [36m<a[31m
          [33mhref[31m=[32m"mailto:privacy@teachlink.com"[31m
        [36m>[31m
          [0mprivacy@teachlink.com[0m
        [36m</a>[31m
        [0m.
      [0m
      [36m</p>[31m
      [0m
    
            
      [0m
      [36m<h2[31m
        [33mid[31m=[32m"contact"[31m
      [36m>[31m
        [0mContact Us[0m
      [36m</h2>[31m
      [0m
      [0m
      [36m<p>[31m
        [0m
        If you have questions about this Privacy Policy or our privacy practices, please contact us at:
      [0m
      [36m</p>[31m
      [0m
      [0m
      [36m<address>[31m
        [0m
        TeachLink Privacy Team[0m
        [36m<br />[31m
        [0m
        Email: [0m
        [36m<a[31m
          [33mhref[31m=[32m"mailto:privacy@teachlink.com"[31m
        [36m>[31m
          [0mprivacy@teachlink.com[0m
        [36m</a>[31m
        [36m<br />[31m
        [0m
        Address: [Company Address][0m
        [36m<br />[31m
        [0m
        Phone: [Company Phone]
      [0m
      [36m</address>[31m
      [0m
    
          [0m
    [36m</section>[31m
  [36m</div>[31m
[36m</body>[31m[39m
   [33m[2mΓ£ô[22m[39m Privacy Policy Page[2m > [22mPrivacyPolicyContent Component[2m > [22mshould include list elements for key information [33m319[2mms[22m[39m
[31m   [31m├ù[31m Privacy Policy Page[2m > [22mPrivacyPolicyContent Component[2m > [22mshould include user rights section in English[90m 43[2mms[22m[31m[39m
[31m     ΓåÆ Found multiple elements with the text: /Access/i

Here are the matching elements:

Ignored nodes: comments, script, style
[36m<p>[31m
  [0m
        We implement appropriate technical and organizational measures to protect your personal information against unauthorized access, alteration, disclosure, or destruction. These measures include:
      [0m
[36m</p>[31m

Ignored nodes: comments, script, style
[36m<li>[31m
  [0mAccess controls and authentication mechanisms[0m
[36m</li>[31m

Ignored nodes: comments, script, style
[36m<strong>[31m
  [0mAccess:[0m
[36m</strong>[31m

(If this is intentional, then use the `*AllBy*` variant of the query (like `queryAllByText`, `getAllByText`, or `findAllByText`)).

Ignored nodes: comments, script, style
[36m<body>[31m
  [36m<div>[31m
    [36m<section[31m
      [33mclass[31m=[32m"space-y-8 text-gray-700"[31m
    [36m>[31m
      [0m
            
      [0m
      [36m<h2[31m
        [33mid[31m=[32m"introduction"[31m
      [36m>[31m
        [0mIntroduction[0m
      [36m</h2>[31m
      [0m
      [0m
      [36m<p>[31m
        [0m
        TeachLink ("we," "us," "our," or "Company") is committed to protecting your privacy. This Privacy Policy explains how we collect, use, disclose, and safeguard your information when you visit our website and use our services.
      [0m
      [36m</p>[31m
      [0m
      [0m
      [36m<p>[31m
        [0m
        Please read this Privacy Policy carefully. If you do not agree with our policies and practices, please do not use our services.
      [0m
      [36m</p>[31m
      [0m
    
            
      [0m
      [36m<h2[31m
        [33mid[31m=[32m"information-collection"[31m
      [36m>[31m
        [0mInformation We Collect[0m
      [36m</h2>[31m
      [0m
      [0m
      [36m<h3>[31m
        [0mInformation You Provide Directly[0m
      [36m</h3>[31m
      [0m
      [0m
      [36m<p>[31m
        [0mWe collect information you provide directly, such as:[0m
      [36m</p>[31m
      [0m
      [0m
      [36m<ul>[31m
        [0m
        [0m
        [36m<li>[31m
          [0mAccount registration information (name, email, password)[0m
        [36m</li>[31m
        [0m
        [0m
        [36m<li>[31m
          [0mProfile information (photo, bio, preferences)[0m
        [36m</li>[31m
        [0m
        [0m
        [36m<li>[31m
          [0mCourse content and learning progress[0m
        [36m</li>[31m
        [0m
        [0m
        [36m<li>[31m
          [0mCommunication with other users and support team[0m
        [36m</li>[31m
        [0m
        [0m
        [36m<li>[31m
          [0mPayment and billing information[0m
        [36m</li>[31m
        [0m
      [0m
      [36m</ul>[31m
      [0m
      [0m
      [36m<h3>[31m
        [0mInformation Collected Automatically[0m
      [36m</h3>[31m
      [0m
      [0m
      [36m<p>[31m
        [0mWe automatically collect certain information about your device and usage:[0m
      [36m</p>[31m
      [0m
      [0m
      [36m<ul>[31m
        [0m
        [0m
        [36m<li>[31m
          [0mBrowser type and operating system[0m
        [36m</li>[31m
        [0m
        [0m
        [36m<li>[31m
          [0mIP address and location information[0m
        [36m</li>[31m
        [0m
        [0m
        [36m<li>[31m
          [0mPages visited and time spent on pages[0m
        [36m</li>[31m
        [0m
        [0m
        [36m<li>[31m
          [0mReferral source[0m
        [36m</li>[31m
        [0m
        [0m
        [36m<li>[31m
          [0mCookies and similar tracking technologies[0m
        [36m</li>[31m
        [0m
      [0m
      [36m</ul>[31m
      [0m
    
            
      [0m
      [36m<h2[31m
        [33mid[31m=[32m"information-use"[31m
      [36m>[31m
        [0mHow We Use Your Information[0m
      [36m</h2>[31m
      [0m
      [0m
      [36m<p>[31m
        [0mWe use the information we collect for:[0m
      [36m</p>[31m
      [0m
      [0m
      [36m<ul>[31m
        [0m
        [0m
        [36m<li>[31m
          [0mProviding and improving our services[0m
        [36m</li>[31m
        [0m
        [0m
        [36m<li>[31m
          [0mPersonalizing your learning experience[0m
        [36m</li>[31m
        [0m
        [0m
        [36m<li>[31m
          [0mProcessing payments and transactions[0m
        [36m</li>[31m
        [0m
        [0m
        [36m<li>[31m
          [0mSending service-related announcements[0m
        [36m</li>[31m
        [0m
        [0m
        [36m<li>[31m
          [0mResponding to your inquiries and support requests[0m
        [36m</li>[31m
        [0m
        [0m
        [36m<li>[31m
          [0mConducting research and analytics[0m
        [36m</li>[31m
        [0m
        [0m
        [36m<li>[31m
          [0mComplying with legal obligations[0m
        [36m</li>[31m
        [0m
        [0m
        [36m<li>[31m
          [0mProtecting against fraud and security threats[0m
        [36m</li>[31m
        [0m
      [0m
      [36m</ul>[31m
      [0m
    
            
      [0m
      [36m<h2[31m
        [33mid[31m=[32m"data-security"[31m
      [36m>[31m
        [0mData Security[0m
      [36m</h2>[31m
      [0m
      [0m
      [36m<p>[31m
        [0m
        We implement appropriate technical and organizational measures to protect your personal information against unauthorized access, alteration, disclosure, or destruction. These measures include:
      [0m
      [36m</p>[31m
      [0m
      [0m
      [36m<ul>[31m
        [0m
        [0m
        [36m<li>[31m
          [0mSSL/TLS encryption for data in transit[0m
        [36m</li>[31m
        [0m
        [0m
        [36m<li>[31m
          [0mEncryption for sensitive data at rest[0m
        [36m</li>[31m
        [0m
        [0m
        [36m<li>[31m
          [0mRegular security audits and updates[0m
        [36m</li>[31m
        [0m
        [0m
        [36m<li>[31m
          [0mAccess controls and authentication mechanisms[0m
        [36m</li>[31m
        [0m
        [0m
        [36m<li>[31m
          [0mEmployee training on data protection[0m
        [36m</li>[31m
        [0m
      [0m
      [36m</ul>[31m
      [0m
      [0m
      [36m<p>[31m
        [0m
        However, no method of transmission over the internet is 100% secure. While we strive to protect your information, we cannot guarantee absolute security.
      [0m
      [36m</p>[31m
      [0m
    
            
      [0m
      [36m<h2[31m
        [33mid[31m=[32m"your-rights"[31m
      [36m>[31m
        [0mYour Privacy Rights[0m
      [36m</h2>[31m
      [0m
      [0m
      [36m<p>[31m
        [0mDepending on your location, you may have the following rights:[0m
      [36m</p>[31m
      [0m
      [0m
      [36m<ul>[31m
        [0m
        [0m
        [36m<li>[31m
          [36m<strong>[31m
            [0mAccess:[0m
          [36m</strong>[31m
          [0m Request a copy of your personal information[0m
        [36m</li>[31m
        [0m
        [0m
        [36m<li>[31m
          [36m<strong>[31m
            [0mCorrection:[0m
          [36m</strong>[31m
          [0m Request corrections to inaccurate information[0m
        [36m</li>[31m
        [0m
        [0m
        [36m<li>[31m
          [36m<strong>[31m
            [0mDeletion:[0m
          [36m</strong>[31m
          [0m Request deletion of your personal information[0m
        [36m</li>[31m
        [0m
        [0m
        [36m<li>[31m
          [36m<strong>[31m
            [0mPortability:[0m
          [36m</strong>[31m
          [0m Receive your information in a portable format[0m
        [36m</li>[31m
        [0m
        [0m
        [36m<li>[31m
          [36m<strong>[31m
            [0mOpt-out:[0m
          [36m</strong>[31m
          [0m Opt-out of marketing communications[0m
        [36m</li>[31m
        [0m
        [0m
        [36m<li>[31m
          [36m<strong>[31m
            [0mRestriction:[0m
          [36m</strong>[31m
          [0m Request restriction of processing[0m
        [36m</li>[31m
        [0m
      [0m
      [36m</ul>[31m
      [0m
      [0m
      [36m<p>[31m
        [0m
        To exercise any of these rights, please contact us at [0m
        [36m<a[31m
          [33mhref[31m=[32m"mailto:privacy@teachlink.com"[31m
        [36m>[31m
          [0mprivacy@teachlink.com[0m
        [36m</a>[31m
        [0m.
      [0m
      [36m</p>[31m
      [0m
    
            
      [0m
      [36m<h2[31m
        [33mid[31m=[32m"contact"[31m
      [36m>[31m
        [0mContact Us[0m
      [36m</h2>[31m
      [0m
      [0m
      [36m<p>[31m
        [0m
        If you have questions about this Privacy Policy or our privacy practices, please contact us at:
      [0m
      [36m</p>[31m
      [0m
      [0m
      [36m<address>[31m
        [0m
        TeachLink Privacy Team[0m
        [36m<br />[31m
        [0m
        Email: [0m
        [36m<a[31m
          [33mhref[31m=[32m"mailto:privacy@teachlink.com"[31m
        [36m>[31m
          [0mprivacy@teachlink.com[0m
        [36m</a>[31m
        [36m<br />[31m
        [0m
        Address: [Company Address][0m
        [36m<br />[31m
        [0m
        Phone: [Company Phone]
      [0m
      [36m</address>[31m
      [0m
    
          [0m
    [36m</section>[31m
  [36m</div>[31m
[36m</body>[31m[39m
[31m   [31m├ù[31m Privacy Policy Page[2m > [22mPrivacyPolicyContent Component[2m > [22mshould have proper language-specific content for Spanish[90m 73[2mms[22m[31m[39m
[31m     ΓåÆ Found multiple elements with the text: /Informaci├│n que Recopilamos/i

Here are the matching elements:

Ignored nodes: comments, script, style
[36m<h2[31m
  [33mid[31m=[32m"information-collection"[31m
[36m>[31m
  [0mInformaci├│n que Recopilamos[0m
[36m</h2>[31m

Ignored nodes: comments, script, style
[36m<p>[31m
  [0mUtilizamos la informaci├│n que recopilamos para:[0m
[36m</p>[31m

(If this is intentional, then use the `*AllBy*` variant of the query (like `queryAllByText`, `getAllByText`, or `findAllByText`)).

Ignored nodes: comments, script, style
[36m<body>[31m
  [36m<div>[31m
    [36m<section[31m
      [33mclass[31m=[32m"space-y-8 text-gray-700"[31m
    [36m>[31m
      [0m
            
      [0m
      [36m<h2[31m
        [33mid[31m=[32m"introduction"[31m
      [36m>[31m
        [0mIntroducci├│n[0m
      [36m</h2>[31m
      [0m
      [0m
      [36m<p>[31m
        [0m
        TeachLink ("nosotros," "nuestro" o "Compa├▒├¡a") est├í comprometida con la protecci├│n de su privacidad. Esta Pol├¡tica de Privacidad explica c├│mo recopilamos, utilizamos, divulgamos y salvaguardamos su informaci├│n cuando visita nuestro sitio web y utiliza nuestros servicios.
      [0m
      [36m</p>[31m
      [0m
      [0m
      [36m<p>[31m
        [0m
        Por favor, lea esta Pol├¡tica de Privacidad cuidadosamente. Si no est├í de acuerdo con nuestras pol├¡ticas y pr├ícticas, no utilice nuestros servicios.
      [0m
      [36m</p>[31m
      [0m
    
            
      [0m
      [36m<h2[31m
        [33mid[31m=[32m"information-collection"[31m
      [36m>[31m
        [0mInformaci├│n que Recopilamos[0m
      [36m</h2>[31m
      [0m
      [0m
      [36m<h3>[31m
        [0mInformaci├│n que Proporciona Directamente[0m
      [36m</h3>[31m
      [0m
      [0m
      [36m<p>[31m
        [0mRecopilamos informaci├│n que proporciona directamente, como:[0m
      [36m</p>[31m
      [0m
      [0m
      [36m<ul>[31m
        [0m
        [0m
        [36m<li>[31m
          [0mInformaci├│n de registro de cuenta (nombre, correo electr├│nico, contrase├▒a)[0m
        [36m</li>[31m
        [0m
        [0m
        [36m<li>[31m
          [0mInformaci├│n de perfil (foto, biograf├¡a, preferencias)[0m
        [36m</li>[31m
        [0m
        [0m
        [36m<li>[31m
          [0mContenido del curso y progreso de aprendizaje[0m
        [36m</li>[31m
        [0m
        [0m
        [36m<li>[31m
          [0mComunicaci├│n con otros usuarios y equipo de soporte[0m
        [36m</li>[31m
        [0m
        [0m
        [36m<li>[31m
          [0mInformaci├│n de pago y facturaci├│n[0m
        [36m</li>[31m
        [0m
      [0m
      [36m</ul>[31m
      [0m
      [0m
      [36m<h3>[31m
        [0mInformaci├│n Recopilada Autom├íticamente[0m
      [36m</h3>[31m
      [0m
      [0m
      [36m<p>[31m
        [0mRecopilamos autom├íticamente cierta informaci├│n sobre su dispositivo y uso:[0m
      [36m</p>[31m
      [0m
      [0m
      [36m<ul>[31m
        [0m
        [0m
        [36m<li>[31m
          [0mTipo de navegador y sistema operativo[0m
        [36m</li>[31m
        [0m
        [0m
        [36m<li>[31m
          [0mDirecci├│n IP e informaci├│n de ubicaci├│n[0m
        [36m</li>[31m
        [0m
        [0m
        [36m<li>[31m
          [0mP├íginas visitadas y tiempo dedicado en las p├íginas[0m
        [36m</li>[31m
        [0m
        [0m
        [36m<li>[31m
          [0mFuente de referencia[0m
        [36m</li>[31m
        [0m
        [0m
        [36m<li>[31m
          [0mCookies y tecnolog├¡as de seguimiento similares[0m
        [36m</li>[31m
        [0m
      [0m
      [36m</ul>[31m
      [0m
    
            
      [0m
      [36m<h2[31m
        [33mid[31m=[32m"information-use"[31m
      [36m>[31m
        [0mC├│mo Usamos Su Informaci├│n[0m
      [36m</h2>[31m
      [0m
      [0m
      [36m<p>[31m
        [0mUtilizamos la informaci├│n que recopilamos para:[0m
      [36m</p>[31m
      [0m
      [0m
      [36m<ul>[31m
        [0m
        [0m
        [36m<li>[31m
          [0mProporcionar y mejorar nuestros servicios[0m
        [36m</li>[31m
        [0m
        [0m
        [36m<li>[31m
          [0mPersonalizar su experiencia de aprendizaje[0m
        [36m</li>[31m
        [0m
        [0m
        [36m<li>[31m
          [0mProcesar pagos y transacciones[0m
        [36m</li>[31m
        [0m
        [0m
        [36m<li>[31m
          [0mEnviar anuncios relacionados con el servicio[0m
        [36m</li>[31m
        [0m
        [0m
        [36m<li>[31m
          [0mResponder a sus consultas y solicitudes de soporte[0m
        [36m</li>[31m
        [0m
        [0m
        [36m<li>[31m
          [0mRealizar investigaci├│n y an├ílisis[0m
        [36m</li>[31m
        [0m
        [0m
        [36m<li>[31m
          [0mCumplir con obligaciones legales[0m
        [36m</li>[31m
        [0m
        [0m
        [36m<li>[31m
          [0mProteger contra fraude y amenazas de seguridad[0m
        [36m</li>[31m
        [0m
      [0m
      [36m</ul>[31m
      [0m
    
            
      [0m
      [36m<h2[31m
        [33mid[31m=[32m"data-security"[31m
      [36m>[31m
        [0mSeguridad de Datos[0m
      [36m</h2>[31m
      [0m
      [0m
      [36m<p>[31m
        [0m
        Implementamos medidas t├⌐cnicas y organizacionales apropiadas para proteger su informaci├│n personal contra acceso no autorizado, alteraci├│n, divulgaci├│n o destrucci├│n. Estas medidas incluyen:
      [0m
      [36m</p>[31m
      [0m
      [0m
      [36m<ul>[31m
        [0m
        [0m
        [36m<li>[31m
          [0mCifrado SSL/TLS para datos en tr├ínsito[0m
        [36m</li>[31m
        [0m
        [0m
        [36m<li>[31m
          [0mCifrado para datos sensibles en reposo[0m
        [36m</li>[31m
        [0m
        [0m
        [36m<li>[31m
          [0mAuditor├¡as de seguridad y actualizaciones regulares[0m
        [36m</li>[31m
        [0m
        [0m
        [36m<li>[31m
          [0mControles de acceso y mecanismos de autenticaci├│n[0m
        [36m</li>[31m
        [0m
        [0m
        [36m<li>[31m
          [0mCapacitaci├│n de empleados en protecci├│n de datos[0m
        [36m</li>[31m
        [0m
      [0m
      [36m</ul>[31m
      [0m
      [0m
      [36m<p>[31m
        [0m
        Sin embargo, ning├║n m├⌐todo de transmisi├│n por Internet es 100% seguro. Aunque nos esforzamos por proteger su informaci├│n, no podemos garantizar una seguridad absoluta.
      [0m
      [36m</p>[31m
      [0m
    
            
      [0m
      [36m<h2[31m
        [33mid[31m=[32m"your-rights"[31m
      [36m>[31m
        [0mSus Derechos de Privacidad[0m
      [36m</h2>[31m
      [0m
      [0m
      [36m<p>[31m
        [0mDependiendo de su ubicaci├│n, puede tener los siguientes derechos:[0m
      [36m</p>[31m
      [0m
      [0m
      [36m<ul>[31m
        [0m
        [0m
        [36m<li>[31m
          [36m<strong>[31m
            [0mAcceso:[0m
          [36m</strong>[31m
          [0m Solicitar una copia de su informaci├│n personal[0m
        [36m</li>[31m
        [0m
        [0m
        [36m<li>[31m
          [36m<strong>[31m
            [0mCorrecci├│n:[0m
          [36m</strong>[31m
          [0m Solicitar correcciones a informaci├│n inexacta[0m
        [36m</li>[31m
        [0m
        [0m
        [36m<li>[31m
          [36m<strong>[31m
            [0mEliminaci├│n:[0m
          [36m</strong>[31m
          [0m Solicitar la eliminaci├│n de su informaci├│n personal[0m
        [36m</li>[31m
        [0m
        [0m
        [36m<li>[31m
          [36m<strong>[31m
            [0mPortabilidad:[0m
          [36m</strong>[31m
          [0m Recibir su informaci├│n en un formato portable[0m
        [36m</li>[31m
        [0m
        [0m
        [36m<li>[31m
          [36m<strong>[31m
            [0mExclusi├│n:[0m
          [36m</strong>[31m
          [0m Excluirse de comunicaciones de marketing[0m
        [36m</li>[31m
        [0m
        [0m
        [36m<li>[31m
          [36m<strong>[31m
            [0mRestricci├│n:[0m
          [36m</strong>[31m
          [0m Solicitar restricci├│n del procesamiento[0m
        [36m</li>[31m
        [0m
      [0m
      [36m</ul>[31m
      [0m
      [0m
      [36m<p>[31m
        [0m
        Para ejercer cualquiera de estos derechos, cont├íctenos en [0m
        [36m<a[31m
          [33mhref[31m=[32m"mailto:privacy@teachlink.com"[31m
        [36m>[31m
          [0mprivacy@teachlink.com[0m
        [36m</a>[31m
        [0m.
      [0m
      [36m</p>[31m
      [0m
    
            
      [0m
      [36m<h2[31m
        [33mid[31m=[32m"contact"[31m
      [36m>[31m
        [0mCont├íctenos[0m
      [36m</h2>[31m
      [0m
      [0m
      [36m<p>[31m
        [0m
        Si tiene preguntas sobre esta Pol├¡tica de Privacidad o nuestras pr├ícticas de privacidad, cont├íctenos en:
      [0m
      [36m</p>[31m
      [0m
      [0m
      [36m<address>[31m
        [0m
        Equipo de Privacidad de TeachLink[0m
        [36m<br />[31m
        [0m
        Correo electr├│nico: [0m
        [36m<a[31m
          [33mhref[31m=[32m"mailto:privacy@teachlink.com"[31m
        [36m>[31m
          [0mprivacy@teachlink.com[0m
        [36m</a>[31m
        [36m<br />[31m
        [0m
        Direcci├│n: [Direcci├│n de la Compa├▒├¡a][0m
        [36m<br />[31m
        [0m
        Tel├⌐fono: [Tel├⌐fono de la Compa├▒├¡a]
      [0m
      [36m</address>[31m
      [0m
    
          [0m
    [36m</section>[31m
  [36m</div>[31m
[36m</body>[31m[39m
[31m   [31m├ù[31m Privacy Policy Page[2m > [22mPrivacyPolicyContent Component[2m > [22mshould have proper language-specific content for French[90m 44[2mms[22m[31m[39m
[31m     ΓåÆ Found multiple elements with the text: /Informations que nous collectons/i

Here are the matching elements:

Ignored nodes: comments, script, style
[36m<h2[31m
  [33mid[31m=[32m"information-collection"[31m
[36m>[31m
  [0mInformations que nous collectons[0m
[36m</h2>[31m

Ignored nodes: comments, script, style
[36m<p>[31m
  [0mNous utilisons les informations que nous collectons pour:[0m
[36m</p>[31m

(If this is intentional, then use the `*AllBy*` variant of the query (like `queryAllByText`, `getAllByText`, or `findAllByText`)).

Ignored nodes: comments, script, style
[36m<body>[31m
  [36m<div>[31m
    [36m<section[31m
      [33mclass[31m=[32m"space-y-8 text-gray-700"[31m
    [36m>[31m
      [0m
            
      [0m
      [36m<h2[31m
        [33mid[31m=[32m"introduction"[31m
      [36m>[31m
        [0mIntroduction[0m
      [36m</h2>[31m
      [0m
      [0m
      [36m<p>[31m
        [0m
        TeachLink ("nous," "notre" ou "Soci├⌐t├⌐") s'engage ├á prot├⌐ger votre vie priv├⌐e. Cette Politique de Confidentialit├⌐ explique comment nous collectons, utilisons, divulguons et prot├⌐geons vos informations lorsque vous visitez notre site web et utilisez nos services.
      [0m
      [36m</p>[31m
      [0m
      [0m
      [36m<p>[31m
        [0m
        Veuillez lire attentivement cette Politique de Confidentialit├⌐. Si vous n'├¬tes pas d'accord avec nos politiques et pratiques, veuillez ne pas utiliser nos services.
      [0m
      [36m</p>[31m
      [0m
    
            
      [0m
      [36m<h2[31m
        [33mid[31m=[32m"information-collection"[31m
      [36m>[31m
        [0mInformations que nous collectons[0m
      [36m</h2>[31m
      [0m
      [0m
      [36m<h3>[31m
        [0mInformations que vous fournissez directement[0m
      [36m</h3>[31m
      [0m
      [0m
      [36m<p>[31m
        [0mNous collectons les informations que vous fournissez directement, telles que:[0m
      [36m</p>[31m
      [0m
      [0m
      [36m<ul>[31m
        [0m
        [0m
        [36m<li>[31m
          [0mInformations d'enregistrement de compte (nom, e-mail, mot de passe)[0m
        [36m</li>[31m
        [0m
        [0m
        [36m<li>[31m
          [0mInformations de profil (photo, biographie, pr├⌐f├⌐rences)[0m
        [36m</li>[31m
        [0m
        [0m
        [36m<li>[31m
          [0mContenu du cours et progression d'apprentissage[0m
        [36m</li>[31m
        [0m
        [0m
        [36m<li>[31m
          [0mCommunication avec d'autres utilisateurs et l'├⌐quipe d'assistance[0m
        [36m</li>[31m
        [0m
        [0m
        [36m<li>[31m
          [0mInformations de paiement et de facturation[0m
        [36m</li>[31m
        [0m
      [0m
      [36m</ul>[31m
      [0m
      [0m
      [36m<h3>[31m
        [0mInformations collect├⌐es automatiquement[0m
      [36m</h3>[31m
      [0m
      [0m
      [36m<p>[31m
        [0mNous collectons automatiquement certaines informations sur votre appareil et votre utilisation:[0m
      [36m</p>[31m
      [0m
      [0m
      [36m<ul>[31m
        [0m
        [0m
        [36m<li>[31m
          [0mType de navigateur et syst├¿me d'exploitation[0m
        [36m</li>[31m
        [0m
        [0m
        [36m<li>[31m
          [0mAdresse IP et informations de localisation[0m
        [36m</li>[31m
        [0m
        [0m
        [36m<li>[31m
          [0mPages visit├⌐es et temps pass├⌐ sur les pages[0m
        [36m</li>[31m
        [0m
        [0m
        [36m<li>[31m
          [0mSource de r├⌐f├⌐rence[0m
        [36m</li>[31m
        [0m
        [0m
        [36m<li>[31m
          [0mCookies et technologies de suivi similaires[0m
        [36m</li>[31m
        [0m
      [0m
      [36m</ul>[31m
      [0m
    
            
      [0m
      [36m<h2[31m
        [33mid[31m=[32m"information-use"[31m
      [36m>[31m
        [0mComment nous utilisons vos informations[0m
      [36m</h2>[31m
      [0m
      [0m
      [36m<p>[31m
        [0mNous utilisons les informations que nous collectons pour:[0m
      [36m</p>[31m
      [0m
      [0m
      [36m<ul>[31m
        [0m
        [0m
        [36m<li>[31m
          [0mFournir et am├⌐liorer nos services[0m
        [36m</li>[31m
        [0m
        [0m
        [36m<li>[31m
          [0mPersonnaliser votre exp├⌐rience d'apprentissage[0m
        [36m</li>[31m
        [0m
        [0m
        [36m<li>[31m
          [0mTraiter les paiements et les transactions[0m
        [36m</li>[31m
        [0m
        [0m
        [36m<li>[31m
          [0mEnvoyer des annonces relatives au service[0m
        [36m</li>[31m
        [0m
        [0m
        [36m<li>[31m
          [0mR├⌐pondre ├á vos questions et demandes d'assistance[0m
        [36m</li>[31m
        [0m
        [0m
        [36m<li>[31m
          [0mMener des recherches et des analyses[0m
        [36m</li>[31m
        [0m
        [0m
        [36m<li>[31m
          [0mRespecter les obligations l├⌐gales[0m
        [36m</li>[31m
        [0m
        [0m
        [36m<li>[31m
          [0mProt├⌐ger contre la fraude et les menaces de s├⌐curit├⌐[0m
        [36m</li>[31m
        [0m
      [0m
      [36m</ul>[31m
      [0m
    
            
      [0m
      [36m<h2[31m
        [33mid[31m=[32m"data-security"[31m
      [36m>[31m
        [0mS├⌐curit├⌐ des donn├⌐es[0m
      [36m</h2>[31m
      [0m
      [0m
      [36m<p>[31m
        [0m
        Nous mettons en ┼ôuvre des mesures techniques et organisationnelles appropri├⌐es pour prot├⌐ger vos informations personnelles contre l'acc├¿s, la modification, la divulgation ou la destruction non autoris├⌐s. Ces mesures incluent:
      [0m
      [36m</p>[31m
      [0m
      [0m
      [36m<ul>[31m
        [0m
        [0m
        [36m<li>[31m
          [0mChiffrement SSL/TLS pour les donn├⌐es en transit[0m
        [36m</li>[31m
        [0m
        [0m
        [36m<li>[31m
          [0mChiffrement pour les donn├⌐es sensibles au repos[0m
        [36m</li>[31m
        [0m
        [0m
        [36m<li>[31m
          [0mAudits de s├⌐curit├⌐ et mises ├á jour r├⌐guli├¿res[0m
        [36m</li>[31m
        [0m
        [0m
        [36m<li>[31m
          [0mContr├┤les d'acc├¿s et m├⌐canismes d'authentification[0m
        [36m</li>[31m
        [0m
        [0m
        [36m<li>[31m
          [0mFormation des employ├⌐s ├á la protection des donn├⌐es[0m
        [36m</li>[31m
        [0m
      [0m
      [36m</ul>[31m
      [0m
      [0m
      [36m<p>[31m
        [0m
        Cependant, aucune m├⌐thode de transmission sur Internet n'est 100% s├⌐curis├⌐e. Bien que nous nous efforcions de prot├⌐ger vos informations, nous ne pouvons pas garantir une s├⌐curit├⌐ absolue.
      [0m
      [36m</p>[31m
      [0m
    
            
      [0m
      [36m<h2[31m
        [33mid[31m=[32m"your-rights"[31m
      [36m>[31m
        [0mVos droits en mati├¿re de confidentialit├⌐[0m
      [36m</h2>[31m
      [0m
      [0m
      [36m<p>[31m
        [0mSelon votre localisation, vous pouvez avoir les droits suivants:[0m
      [36m</p>[31m
      [0m
      [0m
      [36m<ul>[31m
        [0m
        [0m
        [36m<li>[31m
          [36m<strong>[31m
            [0mAcc├¿s:[0m
          [36m</strong>[31m
          [0m Demander une copie de vos informations personnelles[0m
        [36m</li>[31m
        [0m
        [0m
        [36m<li>[31m
          [36m<strong>[31m
            [0mCorrection:[0m
          [36m</strong>[31m
          [0m Demander des corrections aux informations inexactes[0m
        [36m</li>[31m
        [0m
        [0m
        [36m<li>[31m
          [36m<strong>[31m
            [0mSuppression:[0m
          [36m</strong>[31m
          [0m Demander la suppression de vos informations personnelles[0m
        [36m</li>[31m
        [0m
        [0m
        [36m<li>[31m
          [36m<strong>[31m
            [0mPortabilit├⌐:[0m
          [36m</strong>[31m
          [0m Recevoir vos informations dans un format portable[0m
        [36m</li>[31m
        [0m
        [0m
        [36m<li>[31m
          [36m<strong>[31m
            [0mExclusion:[0m
          [36m</strong>[31m
          [0m Vous exclure des communications marketing[0m
        [36m</li>[31m
        [0m
        [0m
        [36m<li>[31m
          [36m<strong>[31m
            [0mRestriction:[0m
          [36m</strong>[31m
          [0m Demander une restriction du traitement[0m
        [36m</li>[31m
        [0m
      [0m
      [36m</ul>[31m
      [0m
      [0m
      [36m<p>[31m
        [0m
        Pour exercer l'un de ces droits, veuillez nous contacter ├á [0m
        [36m<a[31m
          [33mhref[31m=[32m"mailto:privacy@teachlink.com"[31m
        [36m>[31m
          [0mprivacy@teachlink.com[0m
        [36m</a>[31m
        [0m.
      [0m
      [36m</p>[31m
      [0m
    
            
      [0m
      [36m<h2[31m
        [33mid[31m=[32m"contact"[31m
      [36m>[31m
        [0mNous contacter[0m
      [36m</h2>[31m
      [0m
      [0m
      [36m<p>[31m
        [0m
        Si vous avez des questions sur cette Politique de Confidentialit├⌐ ou sur nos pratiques de confidentialit├⌐, veuillez nous contacter ├á:
      [0m
      [36m</p>[31m
      [0m
      [0m
      [36m<address>[31m
        [0m
        ├ëquipe de Confidentialit├⌐ TeachLink[0m
        [36m<br />[31m
        [0m
        E-mail: [0m
        [36m<a[31m
          [33mhref[31m=[32m"mailto:privacy@teachlink.com"[31m
        [36m>[31m
          [0mprivacy@teachlink.com[0m
        [36m</a>[31m
        [36m<br />[31m
        [0m
        Adresse: [Adresse de l'Entreprise][0m
        [36m<br />[31m
        [0m
        T├⌐l├⌐phone: [T├⌐l├⌐phone de l'Entreprise]
      [0m
      [36m</address>[31m
      [0m
    
          [0m
    [36m</section>[31m
  [36m</div>[31m
[36m</body>[31m[39m
 [32mΓ£ô[39m src/components/editor/__tests__/accessibility.test.tsx [2m([22m[2m12 tests[22m[2m)[22m[33m 1014[2mms[22m[39m
   [33m[2mΓ£ô[22m[39m CollaborativeEditingTools accessibility[2m > [22mrenders collaborator list with role=list and aria-label [33m403[2mms[22m[39m
 [31mΓ¥»[39m src/context/__tests__/ToastContext.circuitBreaker.test.tsx [2m([22m[2m7 tests[22m[2m | [22m[31m1 failed[39m[2m)[22m[33m 1303[2mms[22m[39m
   [33m[2mΓ£ô[22m[39m ToastContext with Circuit Breaker[2m > [22mshould provide circuit breaker metrics [33m309[2mms[22m[39m
   [33m[2mΓ£ô[22m[39m ToastContext with Circuit Breaker[2m > [22mshould suppress toasts when circuit is open [33m311[2mms[22m[39m
[31m   [31m├ù[31m ToastContext with Circuit Breaker[2m > [22mshould log warning when toast is suppressed[33m 400[2mms[22m[31m[39m
[31m     ΓåÆ expected "spy" to be called at least once[39m
 [32mΓ£ô[39m src/components/dashboard/__tests__/RealTimeUpdater.test.tsx [2m([22m[2m9 tests[22m[2m)[22m[33m 1300[2mms[22m[39m
   [33m[2mΓ£ô[22m[39m RealTimeUpdater[2m > [22mrenders without crashing [33m578[2mms[22m[39m
 [32mΓ£ô[39m src/lib/course-config/__tests__/course-config.test.ts [2m([22m[2m18 tests[22m[2m)[22m[33m 847[2mms[22m[39m
   [33m[2mΓ£ô[22m[39m course-list config[2m > [22mgetPaginatedCourses[2m > [22mreturns all courses by default [33m794[2mms[22m[39m
 [32mΓ£ô[39m src/hooks/__tests__/SearchQuality.test.tsx [2m([22m[2m5 tests[22m[2m)[22m[90m 180[2mms[22m[39m
 [32mΓ£ô[39m src/components/ui/__tests__/Table.test.tsx [2m([22m[2m7 tests[22m[2m)[22m[33m 882[2mms[22m[39m
   [33m[2mΓ£ô[22m[39m Table Component[2m > [22mselects single row and select all rows [33m336[2mms[22m[39m
 [32mΓ£ô[39m src/lib/graphql/subscriptions.test.ts [2m([22m[2m8 tests[22m[2m)[22m[90m 26[2mms[22m[39m
 [32mΓ£ô[39m src/app/store/__tests__/ratingStore.test.ts [2m([22m[2m11 tests[22m[2m)[22m[90m 24[2mms[22m[39m
 [32mΓ£ô[39m src/utils/__tests__/walletCache.test.ts [2m([22m[2m23 tests[22m[2m)[22m[90m 61[2mms[22m[39m
 [32mΓ£ô[39m src/app/hooks/__tests__/useStudyGroups.test.tsx [2m([22m[2m5 tests[22m[2m)[22m[90m 235[2mms[22m[39m
 [32mΓ£ô[39m src/components/mobile/__tests__/AdaptiveNavigation.test.tsx [2m([22m[2m6 tests[22m[2m)[22m[33m 929[2mms[22m[39m
   [33m[2mΓ£ô[22m[39m AdaptiveNavigation Component[2m > [22mrenders brand name and desktop links [33m488[2mms[22m[39m
 [31mΓ¥»[39m src/hooks/__tests__/useVirtualBackground.test.ts [2m([22m[2m4 tests[22m[2m | [22m[31m4 failed[39m[2m)[22m[90m 187[2mms[22m[39m
[31m   [31m├ù[31m useVirtualBackground Hook[2m > [22mreturns correct configuration when virtual background is disabled[90m 144[2mms[22m[31m[39m
[31m     ΓåÆ expected undefined to be false // Object.is equality[39m
[31m   [31m├ù[31m useVirtualBackground Hook[2m > [22mreturns correct configuration when virtual background is enabled with image[90m 14[2mms[22m[31m[39m
[31m     ΓåÆ expected undefined to be true // Object.is equality[39m
[31m   [31m├ù[31m useVirtualBackground Hook[2m > [22mreturns correct configuration when virtual background is enabled with blur[90m 14[2mms[22m[31m[39m
[31m     ΓåÆ expected undefined to be true // Object.is equality[39m
[31m   [31m├ù[31m useVirtualBackground Hook[2m > [22mreturns correct configuration when virtual background is enabled with color[90m 8[2mms[22m[31m[39m
[31m     ΓåÆ expected undefined to be true // Object.is equality[39m
 [32mΓ£ô[39m src/__tests__/sms/service.test.ts [2m([22m[2m8 tests[22m[2m)[22m[90m 36[2mms[22m[39m
 [31mΓ¥»[39m src/lib/logging/logger.test.ts [2m([22m[2m5 tests[22m[2m | [22m[31m1 failed[39m[2m)[22m[90m 116[2mms[22m[39m
[31m   [31m├ù[31m structured logging[2m > [22mpropagates correlation and request IDs automatically using AsyncLocalStorage[90m 56[2mms[22m[31m[39m
[31m     ΓåÆ expected 'corr-1782413267670-1uso1q' to be 'test-req-123' // Object.is equality[39m
 [31mΓ¥»[39m src/lib/discord/__tests__/oauth.test.ts [2m([22m[2m7 tests[22m[2m | [22m[31m1 failed[39m[2m)[22m[90m 125[2mms[22m[39m
[31m   [31m├ù[31m Discord OAuth Utilities[2m > [22mgetDiscordAuthUrl[2m > [22mshould generate correct Discord authorization URL[90m 39[2mms[22m[31m[39m
[31m     ΓåÆ expected 'https://discord.com/api/v10/oauth2/auΓÇª' to contain 'scope=identify%20email'[39m
 [32mΓ£ô[39m src/components/web3/__tests__/InvestmentSearchBar.test.tsx [2m([22m[2m6 tests[22m[2m)[22m[33m 1739[2mms[22m[39m
   [33m[2mΓ£ô[22m[39m InvestmentSearchBar[2m > [22mfilters results based on search query [33m403[2mms[22m[39m
   [33m[2mΓ£ô[22m[39m InvestmentSearchBar[2m > [22mfilters results by risk level [33m304[2mms[22m[39m
   [33m[2mΓ£ô[22m[39m InvestmentSearchBar[2m > [22mfilters results by minimum APY [33m439[2mms[22m[39m
   [33m[2mΓ£ô[22m[39m InvestmentSearchBar[2m > [22msorts results by APY [33m317[2mms[22m[39m
[90mstderr[2m | src/hooks/__tests__/useSubscription.test.tsx[2m > 
[22m[2mSubscriptionProvider[2m > [22m[2mshould throw error when 
useSubscriptionClient is used outside provider
[22m[39mError: Uncaught [Error: useSubscriptionClient must be used within a 
SubscriptionProvider]
    at reportException (C:\Users\u-adamu\Desktop\memplethee\teachLink_web\node_
modules\jsdom\lib\jsdom\living\helpers\runtime-script-errors.js:66:24)
    at innerInvokeEventListeners (C:\Users\u-adamu\Desktop\memplethee\teachLink
_web\node_modules\jsdom\lib\jsdom\living\events\EventTarget-impl.js:353:9)
    at invokeEventListeners (C:\Users\u-adamu\Desktop\memplethee\teachLink_web\
node_modules\jsdom\lib\jsdom\living\events\EventTarget-impl.js:286:3)
    at HTMLUnknownElementImpl._dispatch (C:\Users\u-adamu\Desktop\memplethee\te
achLink_web\node_modules\jsdom\lib\jsdom\living\events\EventTarget-impl.js:233:
9)
    at HTMLUnknownElementImpl.dispatchEvent (C:\Users\u-adamu\Desktop\memplethe
e\teachLink_web\node_modules\jsdom\lib\jsdom\living\events\EventTarget-impl.js:
104:17)
    at HTMLUnknownElement.dispatchEvent (C:\Users\u-adamu\Desktop\memplethee\te
achLink_web\node_modules\jsdom\lib\jsdom\living\generated\EventTarget.js:241:34
)
    at Object.invokeGuardedCallbackDev (C:\Users\u-adamu\Desktop\memplethee\tea
chLink_web\node_modules\react-dom\cjs\react-dom.development.js:4213:16)
    at invokeGuardedCallback (C:\Users\u-adamu\Desktop\memplethee\teachLink_web
\node_modules\react-dom\cjs\react-dom.development.js:4277:31)
    at beginWork$1 (C:\Users\u-adamu\Desktop\memplethee\teachLink_web\node_modu
les\react-dom\cjs\react-dom.development.js:27490:7)
    at performUnitOfWork (C:\Users\u-adamu\Desktop\memplethee\teachLink_web\nod
e_modules\react-dom\cjs\react-dom.development.js:26599:12) Error: 
useSubscriptionClient must be used within a SubscriptionProvider
    at [90mC:\Users\u-adamu\Desktop\memplethee\teachLink_web\[39msrc\hooks\__
tests__\useSubscription.test.tsx:135:15
    at TestComponent [90m(C:\Users\u-adamu\Desktop\memplethee\teachLink_web\[
39mnode_modules\[4m@testing-library[24m\react\dist\pure.js:330:27[90m)[39m
    at renderWithHooks [90m(C:\Users\u-adamu\Desktop\memplethee\teachLink_web\
[39mnode_modules\[4mreact-dom[24m\cjs\react-dom.development.js:15486:18[90m
)[39m
    at mountIndeterminateComponent [90m(C:\Users\u-adamu\Desktop\memplethee\te
achLink_web\[39mnode_modules\[4mreact-dom[24m\cjs\react-dom.development.js:2
0103:13[90m)[39m
    at beginWork [90m(C:\Users\u-adamu\Desktop\memplethee\teachLink_web\[39mn
ode_modules\[4mreact-dom[24m\cjs\react-dom.development.js:21626:16[90m)[39m
    at HTMLUnknownElement.callCallback [90m(C:\Users\u-adamu\Desktop\memplethe
e\teachLink_web\[39mnode_modules\[4mreact-dom[24m\cjs\react-dom.development.
js:4164:14[90m)[39m
    at HTMLUnknownElement.callTheUserObjectsOperation [90m(C:\Users\u-adamu\De
sktop\memplethee\teachLink_web\[39mnode_modules\[4mjsdom[24m\lib\jsdom\livin
g\generated\EventListener.js:26:30[90m)[39m
    at innerInvokeEventListeners [90m(C:\Users\u-adamu\Desktop\memplethee\teac
hLink_web\[39mnode_modules\[4mjsdom[24m\lib\jsdom\living\events\EventTarget-
impl.js:350:25[90m)[39m
    at invokeEventListeners [90m(C:\Users\u-adamu\Desktop\memplethee\teachLink
_web\[39mnode_modules\[4mjsdom[24m\lib\jsdom\living\events\EventTarget-impl.
js:286:3[90m)[39m
    at HTMLUnknownElementImpl._dispatch [90m(C:\Users\u-adamu\Desktop\mempleth
ee\teachLink_web\[39mnode_modules\[4mjsdom[24m\lib\jsdom\living\events\Event
Target-impl.js:233:9[90m)[39m
Error: Uncaught [Error: useSubscriptionClient must be used within a 
SubscriptionProvider]
    at reportException (C:\Users\u-adamu\Desktop\memplethee\teachLink_web\node_
modules\jsdom\lib\jsdom\living\helpers\runtime-script-errors.js:66:24)
    at innerInvokeEventListeners (C:\Users\u-adamu\Desktop\memplethee\teachLink
_web\node_modules\jsdom\lib\jsdom\living\events\EventTarget-impl.js:353:9)
    at invokeEventListeners (C:\Users\u-adamu\Desktop\memplethee\teachLink_web\
node_modules\jsdom\lib\jsdom\living\events\EventTarget-impl.js:286:3)
    at HTMLUnknownElementImpl._dispatch (C:\Users\u-adamu\Desktop\memplethee\te
achLink_web\node_modules\jsdom\lib\jsdom\living\events\EventTarget-impl.js:233:
9)
    at HTMLUnknownElementImpl.dispatchEvent (C:\Users\u-adamu\Desktop\memplethe
e\teachLink_web\node_modules\jsdom\lib\jsdom\living\events\EventTarget-impl.js:
104:17)
    at HTMLUnknownElement.dispatchEvent (C:\Users\u-adamu\Desktop\memplethee\te
achLink_web\node_modules\jsdom\lib\jsdom\living\generated\EventTarget.js:241:34
)
    at Object.invokeGuardedCallbackDev (C:\Users\u-adamu\Desktop\memplethee\tea
chLink_web\node_modules\react-dom\cjs\react-dom.development.js:4213:16)
    at invokeGuardedCallback (C:\Users\u-adamu\Desktop\memplethee\teachLink_web
\node_modules\react-dom\cjs\react-dom.development.js:4277:31)
    at beginWork$1 (C:\Users\u-adamu\Desktop\memplethee\teachLink_web\node_modu
les\react-dom\cjs\react-dom.development.js:27490:7)
    at performUnitOfWork (C:\Users\u-adamu\Desktop\memplethee\teachLink_web\nod
e_modules\react-dom\cjs\react-dom.development.js:26599:12) Error: 
useSubscriptionClient must be used within a SubscriptionProvider
    at [90mC:\Users\u-adamu\Desktop\memplethee\teachLink_web\[39msrc\hooks\__
tests__\useSubscription.test.tsx:135:15
    at TestComponent [90m(C:\Users\u-adamu\Desktop\memplethee\teachLink_web\[
39mnode_modules\[4m@testing-library[24m\react\dist\pure.js:330:27[90m)[39m
    at renderWithHooks [90m(C:\Users\u-adamu\Desktop\memplethee\teachLink_web\
[39mnode_modules\[4mreact-dom[24m\cjs\react-dom.development.js:15486:18[90m
)[39m
    at mountIndeterminateComponent [90m(C:\Users\u-adamu\Desktop\memplethee\te
achLink_web\[39mnode_modules\[4mreact-dom[24m\cjs\react-dom.development.js:2
0103:13[90m)[39m
    at beginWork [90m(C:\Users\u-adamu\Desktop\memplethee\teachLink_web\[39mn
ode_modules\[4mreact-dom[24m\cjs\react-dom.development.js:21626:16[90m)[39m
    at HTMLUnknownElement.callCallback [90m(C:\Users\u-adamu\Desktop\memplethe
e\teachLink_web\[39mnode_modules\[4mreact-dom[24m\cjs\react-dom.development.
js:4164:14[90m)[39m
    at HTMLUnknownElement.callTheUserObjectsOperation [90m(C:\Users\u-adamu\De
sktop\memplethee\teachLink_web\[39mnode_modules\[4mjsdom[24m\lib\jsdom\livin
g\generated\EventListener.js:26:30[90m)[39m
    at innerInvokeEventListeners [90m(C:\Users\u-adamu\Desktop\memplethee\teac
hLink_web\[39mnode_modules\[4mjsdom[24m\lib\jsdom\living\events\EventTarget-
impl.js:350:25[90m)[39m
    at invokeEventListeners [90m(C:\Users\u-adamu\Desktop\memplethee\teachLink
_web\[39mnode_modules\[4mjsdom[24m\lib\jsdom\living\events\EventTarget-impl.
js:286:3[90m)[39m
    at HTMLUnknownElementImpl._dispatch [90m(C:\Users\u-adamu\Desktop\mempleth
ee\teachLink_web\[39mnode_modules\[4mjsdom[24m\lib\jsdom\living\events\Event
Target-impl.js:233:9[90m)[39m

 [32mΓ£ô[39m src/hooks/__tests__/useSubscription.test.tsx [2m([22m[2m11 tests[22m[2m)[22m[33m 324[2mms[22m[39m
 [31mΓ¥»[39m src/components/admin/__tests__/AdminThemeToggle.test.tsx [2m([22m[2m3 tests[22m[2m | [22m[31m1 failed[39m[2m)[22m[33m 1208[2mms[22m[39m
   [33m[2mΓ£ô[22m[39m AdminThemeToggle[2m > [22mswitches between theme preferences (light, dark, system) [33m703[2mms[22m[39m
   [33m[2mΓ£ô[22m[39m AdminThemeToggle[2m > [22mrenders an accessible visual fallback when context is missing [33m354[2mms[22m[39m
[31m   [31m├ù[31m AdminThemeToggle[2m > [22msafely catches and logs errors inside event handler without crashing[90m 143[2mms[22m[31m[39m
[31m     ΓåÆ Cannot find module '@/contexts/ThemeContext'
Require stack:
- C:\Users\u-adamu\Desktop\memplethee\teachLink_web\src\components\admin\__tests__\AdminThemeToggle.test.tsx[39m
[90mstderr[2m | src/components/admin/__tests__/AdminThemeToggle.test.tsx[2m 
> [22m[2mAdminThemeToggle[2m > [22m[2msafely catches and logs errors 
inside event handler without crashing
[22m[39mError: Uncaught [Error: Cannot find module '@/contexts/ThemeContext'
Require stack:
- C:\Users\u-adamu\Desktop\memplethee\teachLink_web\src\components\admin\__test
s__\AdminThemeToggle.test.tsx]
    at reportException (C:\Users\u-adamu\Desktop\memplethee\teachLink_web\node_
modules\jsdom\lib\jsdom\living\helpers\runtime-script-errors.js:66:24)
    at innerInvokeEventListeners (C:\Users\u-adamu\Desktop\memplethee\teachLink
_web\node_modules\jsdom\lib\jsdom\living\events\EventTarget-impl.js:353:9)
    at invokeEventListeners (C:\Users\u-adamu\Desktop\memplethee\teachLink_web\
node_modules\jsdom\lib\jsdom\living\events\EventTarget-impl.js:286:3)
    at HTMLUnknownElementImpl._dispatch (C:\Users\u-adamu\Desktop\memplethee\te
achLink_web\node_modules\jsdom\lib\jsdom\living\events\EventTarget-impl.js:233:
9)
    at HTMLUnknownElementImpl.dispatchEvent (C:\Users\u-adamu\Desktop\memplethe
e\teachLink_web\node_modules\jsdom\lib\jsdom\living\events\EventTarget-impl.js:
104:17)
    at HTMLUnknownElement.dispatchEvent (C:\Users\u-adamu\Desktop\memplethee\te
achLink_web\node_modules\jsdom\lib\jsdom\living\generated\EventTarget.js:241:34
)
    at Object.invokeGuardedCallbackDev (C:\Users\u-adamu\Desktop\memplethee\tea
chLink_web\node_modules\react-dom\cjs\react-dom.development.js:4213:16)
    at invokeGuardedCallback (C:\Users\u-adamu\Desktop\memplethee\teachLink_web
\node_modules\react-dom\cjs\react-dom.development.js:4277:31)
    at beginWork$1 (C:\Users\u-adamu\Desktop\memplethee\teachLink_web\node_modu
les\react-dom\cjs\react-dom.development.js:27490:7)
    at performUnitOfWork (C:\Users\u-adamu\Desktop\memplethee\teachLink_web\nod
e_modules\react-dom\cjs\react-dom.development.js:26599:12) Error: Cannot find 
module '@/contexts/ThemeContext'
Require stack:
- C:\Users\u-adamu\Desktop\memplethee\teachLink_web\src\components\admin\__test
s__\AdminThemeToggle.test.tsx
[90m    at Function._resolveFilename 
(node:internal/modules/cjs/loader:1365:15)[39m
[90m    at defaultResolveImpl (node:internal/modules/cjs/loader:1021:19)[39m
[90m    at resolveForCJSWithHooks 
(node:internal/modules/cjs/loader:1026:22)[39m
[90m    at Function._load (node:internal/modules/cjs/loader:1175:37)[39m
[90m    at TracingChannel.traceSync (node:diagnostics_channel:322:14)[39m
[90m    at wrapModuleLoad (node:internal/modules/cjs/loader:235:24)[39m
[90m    at Module.require (node:internal/modules/cjs/loader:1445:12)[39m
[90m    at require (node:internal/modules/helpers:135:16)[39m
    at ThrowingProvider [90m(C:\Users\u-adamu\Desktop\memplethee\teachLink_web
\[39msrc\components\admin\__tests__\AdminThemeToggle.test.tsx:86:28[90m)[39m
    at renderWithHooks [90m(C:\Users\u-adamu\Desktop\memplethee\teachLink_web\
[39mnode_modules\[4mreact-dom[24m\cjs\react-dom.development.js:15486:18[90m
)[39m {
  code: [32m'MODULE_NOT_FOUND'[39m,
  requireStack: [
    [32m'C:\\Users\\u-adamu\\Desktop\\memplethee\\teachLink_web\\src\\componen
ts\\admin\\__tests__\\AdminThemeToggle.test.tsx'[39m
  ]
}
Error: Uncaught [Error: Cannot find module '@/contexts/ThemeContext'
Require stack:
- C:\Users\u-adamu\Desktop\memplethee\teachLink_web\src\components\admin\__test
s__\AdminThemeToggle.test.tsx]
    at reportException (C:\Users\u-adamu\Desktop\memplethee\teachLink_web\node_
modules\jsdom\lib\jsdom\living\helpers\runtime-script-errors.js:66:24)
    at innerInvokeEventListeners (C:\Users\u-adamu\Desktop\memplethee\teachLink
_web\node_modules\jsdom\lib\jsdom\living\events\EventTarget-impl.js:353:9)
    at invokeEventListeners (C:\Users\u-adamu\Desktop\memplethee\teachLink_web\
node_modules\jsdom\lib\jsdom\living\events\EventTarget-impl.js:286:3)
    at HTMLUnknownElementImpl._dispatch (C:\Users\u-adamu\Desktop\memplethee\te
achLink_web\node_modules\jsdom\lib\jsdom\living\events\EventTarget-impl.js:233:
9)
    at HTMLUnknownElementImpl.dispatchEvent (C:\Users\u-adamu\Desktop\memplethe
e\teachLink_web\node_modules\jsdom\lib\jsdom\living\events\EventTarget-impl.js:
104:17)
    at HTMLUnknownElement.dispatchEvent (C:\Users\u-adamu\Desktop\memplethee\te
achLink_web\node_modules\jsdom\lib\jsdom\living\generated\EventTarget.js:241:34
)
    at Object.invokeGuardedCallbackDev (C:\Users\u-adamu\Desktop\memplethee\tea
chLink_web\node_modules\react-dom\cjs\react-dom.development.js:4213:16)
    at invokeGuardedCallback (C:\Users\u-adamu\Desktop\memplethee\teachLink_web
\node_modules\react-dom\cjs\react-dom.development.js:4277:31)
    at beginWork$1 (C:\Users\u-adamu\Desktop\memplethee\teachLink_web\node_modu
les\react-dom\cjs\react-dom.development.js:27490:7)
    at performUnitOfWork (C:\Users\u-adamu\Desktop\memplethee\teachLink_web\nod
e_modules\react-dom\cjs\react-dom.development.js:26599:12) Error: Cannot find 
module '@/contexts/ThemeContext'
Require stack:
- C:\Users\u-adamu\Desktop\memplethee\teachLink_web\src\components\admin\__test
s__\AdminThemeToggle.test.tsx
[90m    at Function._resolveFilename 
(node:internal/modules/cjs/loader:1365:15)[39m
[90m    at defaultResolveImpl (node:internal/modules/cjs/loader:1021:19)[39m
[90m    at resolveForCJSWithHooks 
(node:internal/modules/cjs/loader:1026:22)[39m
[90m    at Function._load (node:internal/modules/cjs/loader:1175:37)[39m
[90m    at TracingChannel.traceSync (node:diagnostics_channel:322:14)[39m
[90m    at wrapModuleLoad (node:internal/modules/cjs/loader:235:24)[39m
[90m    at Module.require (node:internal/modules/cjs/loader:1445:12)[39m
[90m    at require (node:internal/modules/helpers:135:16)[39m
    at ThrowingProvider [90m(C:\Users\u-adamu\Desktop\memplethee\teachLink_web
\[39msrc\components\admin\__tests__\AdminThemeToggle.test.tsx:86:28[90m)[39m
    at renderWithHooks [90m(C:\Users\u-adamu\Desktop\memplethee\teachLink_web\
[39mnode_modules\[4mreact-dom[24m\cjs\react-dom.development.js:15486:18[90m
)[39m {
  code: [32m'MODULE_NOT_FOUND'[39m,
  requireStack: [
    [32m'C:\\Users\\u-adamu\\Desktop\\memplethee\\teachLink_web\\src\\componen
ts\\admin\\__tests__\\AdminThemeToggle.test.tsx'[39m
  ]
}

 [31mΓ¥»[39m src/app/api/courses/__tests__/course-security.test.ts [2m([22m[2m6 tests[22m[2m | [22m[31m2 failed[39m[2m)[22m[90m 191[2mms[22m[39m
[31m   [31m├ù[31m Course Listing API Security[2m > [22mvalidateQuerySafety[2m > [22mshould detect and block HTML/Script injection[90m 51[2mms[22m[31m[39m
[31m     ΓåÆ expected true to be false // Object.is equality[39m
[31m   [31m├ù[31m Course Listing API Security[2m > [22mvalidateQuerySafety[2m > [22mshould detect and block SQL injection patterns[90m 11[2mms[22m[31m[39m
[31m     ΓåÆ expected true to be false // Object.is equality[39m
 [32mΓ£ô[39m src/utils/__tests__/virtualBackgroundUtils.test.ts [2m([22m[2m10 tests[22m[2m)[22m[90m 125[2mms[22m[39m
 [32mΓ£ô[39m src/utils/__tests__/generate-qr.test.ts [2m([22m[2m10 tests[22m[2m)[22m[90m 88[2mms[22m[39m
 [32mΓ£ô[39m src/utils/__tests__/walletQueue.test.ts [2m([22m[2m8 tests[22m[2m)[22m[90m 103[2mms[22m[39m
[90mstderr[2m | src/components/ui/__tests__/theme-toggle.test.tsx[2m > 
[22m[2mThemeToggle[2m > [22m[2msafely catches and logs errors inside 
event handler without crashing
[22m[39mError: Uncaught [Error: Cannot find module '@/contexts/ThemeContext'
Require stack:
- C:\Users\u-adamu\Desktop\memplethee\teachLink_web\src\components\ui\__tests__
\theme-toggle.test.tsx]
    at reportException (C:\Users\u-adamu\Desktop\memplethee\teachLink_web\node_
modules\jsdom\lib\jsdom\living\helpers\runtime-script-errors.js:66:24)
    at innerInvokeEventListeners (C:\Users\u-adamu\Desktop\memplethee\teachLink
_web\node_modules\jsdom\lib\jsdom\living\events\EventTarget-impl.js:353:9)
    at invokeEventListeners (C:\Users\u-adamu\Desktop\memplethee\teachLink_web\
node_modules\jsdom\lib\jsdom\living\events\EventTarget-impl.js:286:3)
    at HTMLUnknownElementImpl._dispatch (C:\Users\u-adamu\Desktop\memplethee\te
achLink_web\node_modules\jsdom\lib\jsdom\living\events\EventTarget-impl.js:233:
9)
    at HTMLUnknownElementImpl.dispatchEvent (C:\Users\u-adamu\Desktop\memplethe
e\teachLink_web\node_modules\jsdom\lib\jsdom\living\events\EventTarget-impl.js:
104:17)
    at HTMLUnknownElement.dispatchEvent (C:\Users\u-adamu\Desktop\memplethee\te
achLink_web\node_modules\jsdom\lib\jsdom\living\generated\EventTarget.js:241:34
)
    at Object.invokeGuardedCallbackDev (C:\Users\u-adamu\Desktop\memplethee\tea
chLink_web\node_modules\react-dom\cjs\react-dom.development.js:4213:16)
    at invokeGuardedCallback (C:\Users\u-adamu\Desktop\memplethee\teachLink_web
\node_modules\react-dom\cjs\react-dom.development.js:4277:31)
    at beginWork$1 (C:\Users\u-adamu\Desktop\memplethee\teachLink_web\node_modu
les\react-dom\cjs\react-dom.development.js:27490:7)
    at performUnitOfWork (C:\Users\u-adamu\Desktop\memplethee\teachLink_web\nod
e_modules\react-dom\cjs\react-dom.development.js:26599:12) Error: Cannot find 
module '@/contexts/ThemeContext'
Require stack:
- C:\Users\u-adamu\Desktop\memplethee\teachLink_web\src\components\ui\__tests__
\theme-toggle.test.tsx
[90m    at Function._resolveFilename 
(node:internal/modules/cjs/loader:1365:15)[39m
[90m    at defaultResolveImpl (node:internal/modules/cjs/loader:1021:19)[39m
[90m    at resolveForCJSWithHooks 
(node:internal/modules/cjs/loader:1026:22)[39m
[90m    at Function._load (node:internal/modules/cjs/loader:1175:37)[39m
[90m    at TracingChannel.traceSync (node:diagnostics_channel:322:14)[39m
[90m    at wrapModuleLoad (node:internal/modules/cjs/loader:235:24)[39m
[90m    at Module.require (node:internal/modules/cjs/loader:1445:12)[39m
[90m    at require (node:internal/modules/helpers:135:16)[39m
    at ThrowingProvider [90m(C:\Users\u-adamu\Desktop\memplethee\teachLink_web
\[39msrc\components\ui\__tests__\theme-toggle.test.tsx:79:28[90m)[39m
    at renderWithHooks [90m(C:\Users\u-adamu\Desktop\memplethee\teachLink_web\
[39mnode_modules\[4mreact-dom[24m\cjs\react-dom.development.js:15486:18[90m
)[39m {
  code: [32m'MODULE_NOT_FOUND'[39m,
  requireStack: [
    [32m'C:\\Users\\u-adamu\\Desktop\\memplethee\\teachLink_web\\src\\componen
ts\\ui\\__tests__\\theme-toggle.test.tsx'[39m
  ]
}
Error: Uncaught [Error: Cannot find module '@/contexts/ThemeContext'
Require stack:
- C:\Users\u-adamu\Desktop\memplethee\teachLink_web\src\components\ui\__tests__
\theme-toggle.test.tsx]
    at reportException (C:\Users\u-adamu\Desktop\memplethee\teachLink_web\node_
modules\jsdom\lib\jsdom\living\helpers\runtime-script-errors.js:66:24)
    at innerInvokeEventListeners (C:\Users\u-adamu\Desktop\memplethee\teachLink
_web\node_modules\jsdom\lib\jsdom\living\events\EventTarget-impl.js:353:9)
    at invokeEventListeners (C:\Users\u-adamu\Desktop\memplethee\teachLink_web\
node_modules\jsdom\lib\jsdom\living\events\EventTarget-impl.js:286:3)
    at HTMLUnknownElementImpl._dispatch (C:\Users\u-adamu\Desktop\memplethee\te
achLink_web\node_modules\jsdom\lib\jsdom\living\events\EventTarget-impl.js:233:
9)
    at HTMLUnknownElementImpl.dispatchEvent (C:\Users\u-adamu\Desktop\memplethe
e\teachLink_web\node_modules\jsdom\lib\jsdom\living\events\EventTarget-impl.js:
104:17)
    at HTMLUnknownElement.dispatchEvent (C:\Users\u-adamu\Desktop\memplethee\te
achLink_web\node_modules\jsdom\lib\jsdom\living\generated\EventTarget.js:241:34
)
    at Object.invokeGuardedCallbackDev (C:\Users\u-adamu\Desktop\memplethee\tea
chLink_web\node_modules\react-dom\cjs\react-dom.development.js:4213:16)
    at invokeGuardedCallback (C:\Users\u-adamu\Desktop\memplethee\teachLink_web
\node_modules\react-dom\cjs\react-dom.development.js:4277:31)
    at beginWork$1 (C:\Users\u-adamu\Desktop\memplethee\teachLink_web\node_modu
les\react-dom\cjs\react-dom.development.js:27490:7)
    at performUnitOfWork (C:\Users\u-adamu\Desktop\memplethee\teachLink_web\nod
e_modules\react-dom\cjs\react-dom.development.js:26599:12) Error: Cannot find 
module '@/contexts/ThemeContext'
Require stack:
- C:\Users\u-adamu\Desktop\memplethee\teachLink_web\src\components\ui\__tests__
\theme-toggle.test.tsx
[90m    at Function._resolveFilename 
(node:internal/modules/cjs/loader:1365:15)[39m
[90m    at defaultResolveImpl (node:internal/modules/cjs/loader:1021:19)[39m
[90m    at resolveForCJSWithHooks 
(node:internal/modules/cjs/loader:1026:22)[39m
[90m    at Function._load (node:internal/modules/cjs/loader:1175:37)[39m
[90m    at TracingChannel.traceSync (node:diagnostics_channel:322:14)[39m
[90m    at wrapModuleLoad (node:internal/modules/cjs/loader:235:24)[39m
[90m    at Module.require (node:internal/modules/cjs/loader:1445:12)[39m
[90m    at require (node:internal/modules/helpers:135:16)[39m
    at ThrowingProvider [90m(C:\Users\u-adamu\Desktop\memplethee\teachLink_web
\[39msrc\components\ui\__tests__\theme-toggle.test.tsx:79:28[90m)[39m
    at renderWithHooks [90m(C:\Users\u-adamu\Desktop\memplethee\teachLink_web\
[39mnode_modules\[4mreact-dom[24m\cjs\react-dom.development.js:15486:18[90m
)[39m {
  code: [32m'MODULE_NOT_FOUND'[39m,
  requireStack: [
    [32m'C:\\Users\\u-adamu\\Desktop\\memplethee\\teachLink_web\\src\\componen
ts\\ui\\__tests__\\theme-toggle.test.tsx'[39m
  ]
}

 [31mΓ¥»[39m src/components/ui/__tests__/theme-toggle.test.tsx [2m([22m[2m3 tests[22m[2m | [22m[31m1 failed[39m[2m)[22m[33m 1143[2mms[22m[39m
   [33m[2mΓ£ô[22m[39m ThemeToggle[2m > [22mswitches from light to dark mode when clicked [33m840[2mms[22m[39m
[31m   [31m├ù[31m ThemeToggle[2m > [22msafely catches and logs errors inside event handler without crashing[90m 70[2mms[22m[31m[39m
[31m     ΓåÆ Cannot find module '@/contexts/ThemeContext'
Require stack:
- C:\Users\u-adamu\Desktop\memplethee\teachLink_web\src\components\ui\__tests__\theme-toggle.test.tsx[39m
 [32mΓ£ô[39m src/components/mobile/__tests__/MobileNavigationScanner.test.tsx [2m([22m[2m3 tests[22m[2m)[22m[33m 1399[2mms[22m[39m
   [33m[2mΓ£ô[22m[39m MobileNavigationScanner Component[2m > [22mrenders the scanner dialog when open [33m734[2mms[22m[39m
   [33m[2mΓ£ô[22m[39m MobileNavigationScanner Component[2m > [22mshows a camera permission fallback when camera access is unavailable [33m314[2mms[22m[39m
   [33m[2mΓ£ô[22m[39m MobileNavigationScanner Component[2m > [22muploads an image and shows a successful QR scan result [33m343[2mms[22m[39m
 [32mΓ£ô[39m src/app/hooks/__tests__/useDashboardWidgets.test.tsx [2m([22m[2m2 tests[22m[2m)[22m[90m 158[2mms[22m[39m
 [32mΓ£ô[39m src/components/code/__tests__/CodeBlock.test.tsx [2m([22m[2m9 tests[22m[2m)[22m[33m 897[2mms[22m[39m
 [31mΓ¥»[39m src/app/components/social/__tests__/GroupDiscussionThread.test.tsx [2m([22m[2m4 tests[22m[2m | [22m[31m2 failed[39m[2m)[22m[33m 981[2mms[22m[39m
   [33m[2mΓ£ô[22m[39m GroupDiscussionThread[2m > [22mposts content via onPost [33m484[2mms[22m[39m
[31m   [31m├ù[31m GroupDiscussionThread[2m > [22msupports accessible threaded replies[33m 318[2mms[22m[31m[39m
[31m     ΓåÆ Unable to find a label with the text of: Thread starter with 1 reply by Alice

Ignored nodes: comments, script, style
[36m<body>[31m
  [36m<div>[31m
    [36m<div[31m
      [33mclass[31m=[32m"flex flex-col h-full max-h-[600px] bg-white dark:bg-gray-800 rounded-lg border border-gray-200 dark:border-gray-700"[31m
    [36m>[31m
      [36m<div[31m
        [33maria-label[31m=[32m"Discussion messages"[31m
        [33maria-live[31m=[32m"polite"[31m
        [33maria-relevant[31m=[32m"additions text"[31m
        [33mclass[31m=[32m"flex-1 overflow-y-auto space-y-4 p-4"[31m
        [33mrole[31m=[32m"log"[31m
      [36m>[31m
        [36m<article[31m
          [33maria-labelledby[31m=[32m"message-root-sender"[31m
          [33mclass[31m=[32m"flex items-start gap-3 group"[31m
          [33mstyle[31m=[32m"opacity: 0; transform: translateY(10px);"[31m
        [36m>[31m
          [36m<div[31m
            [33maria-hidden[31m=[32m"true"[31m
            [33mclass[31m=[32m"flex-shrink-0 w-10 h-10 rounded-full bg-purple-100 dark:bg-purple-900/30 border-2 border-white dark:border-gray-700 flex items-center justify-center text-sm font-medium text-purple-600 dark:text-purple-400"[31m
          [36m>[31m
            [0mA[0m
          [36m</div>[31m
          [36m<div[31m
            [33mclass[31m=[32m"flex-1 min-w-0"[31m
          [36m>[31m
            [36m<div[31m
              [33mclass[31m=[32m"flex items-center gap-2 mb-1"[31m
            [36m>[31m
              [36m<span[31m
                [33mclass[31m=[32m"text-sm font-medium text-gray-900 dark:text-gray-50"[31m
                [33mid[31m=[32m"message-root-sender"[31m
              [36m>[31m
                [0mAlice[0m
              [36m</span>[31m
              [36m<time[31m
                [33mclass[31m=[32m"text-xs text-gray-500 dark:text-gray-400"[31m
                [33mdatetime[31m=[32m"2026-05-28T10:00:00.000Z"[31m
              [36m>[31m
                [0m28 days ago[0m
              [36m</time>[31m
            [36m</div>[31m
            [36m<div[31m
              [33mclass[31m=[32m"prose prose-sm dark:prose-invert max-w-none text-gray-700 dark:text-gray-300 bg-gray-50 dark:bg-gray-700/50 rounded-lg p-3"[31m
            [36m>[31m
              [36m<p>[31m
                [0mRoot message[0m
              [36m</p>[31m
            [36m</div>[31m
          [36m</div>[31m
        [36m</article>[31m
        [36m<article[31m
          [33maria-labelledby[31m=[32m"message-reply-sender"[31m
          [33mclass[31m=[32m"flex items-start gap-3 group"[31m
          [33mstyle[31m=[32m"opacity: 0; transform: translateY(10px);"[31m
        [36m>[31m
          [36m<div[31m
            [33maria-hidden[31m=[32m"true"[31m
            [33mclass[31m=[32m"flex-shrink-0 w-10 h-10 rounded-full bg-purple-100 dark:bg-purple-900/30 border-2 border-white dark:border-gray-700 flex items-center justify-center text-sm font-medium text-purple-600 dark:text-purple-400"[31m
          [36m>[31m
            [0mB[0m
          [36m</div>[31m
          [36m<div[31m
            [33mclass[31m=[32m"flex-1 min-w-0"[31m
          [36m>[31m
            [36m<div[31m
              [33mclass[31m=[32m"flex items-center gap-2 mb-1"[31m
            [36m>[31m
              [36m<span[31m
                [33mclass[31m=[32m"text-sm font-medium text-gray-900 dark:text-gray-50"[31m
                [33mid[31m=[32m"message-reply-sender"[31m
              [36m>[31m
                [0mBob[0m
              [36m</span>[31m
              [36m<time[31m
                [33mclass[31m=[32m"text-xs text-gray-500 dark:text-gray-400"[31m
                [33mdatetime[31m=[32m"2026-05-28T10:01:00.000Z"[31m
              [36m>[31m
                [0m28 days ago[0m
              [36m</time>[31m
            [36m</div>[31m
            [36m<div[31m
              [33mclass[31m=[32m"prose prose-sm dark:prose-invert max-w-none text-gray-700 dark:text-gray-300 bg-gray-50 dark:bg-gray-700/50 rounded-lg p-3"[31m
            [36m>[31m
              [36m<p>[31m
                [0mReply message[0m
              [36m</p>[31m
            [36m</div>[31m
          [36m</div>[31m
        [36m</article>[31m
        [36m<div />[31m
      [36m</div>[31m
      [36m<form[31m
        [33maria-label[31m=[32m"Create discussion post"[31m
        [33mclass[31m=[32m"border-t border-gray-200 dark:border-gray-700 p-4 space-y-3 bg-gray-50 dark:bg-gray-900/50"[31m
      [36m>[31m
        [36m<div>[31m
          [36m<textarea[31m
            [33maria-describedby[31m=[32m":r1:"[31m
            [33maria-label[31m=[32m"Discussion post content"[31m
            [33mdata-testid[31m=[32m"rte"[31m
          [36m/>[31m
        [36m</div>[31m
        [36m<div[31m
          [33mclass[31m=[32m"flex items-center justify-between"[31m
        [36m>[31m
          [36m<label[31m
            [33mclass[31m=[32m"inline-flex items-center gap-2 text-sm text-gray-600 dark:text-gray-400 cursor-pointer hover:text-purple-600 dark:hover:text-purple-400 transition-colors"[31m
          [36m>[31m
            [36m<svg[31m
              [33mclass[31m=[32m"lucide lucide-paperclip"[31m
              [33mfill[31m=[32m"none"[31m
              [33mheight[31m=[32m"16"[31m
              [33mstroke[31m=[32m"currentColor"[31m
              [33mstroke-linecap[31m=[32m"round"[31m
              [33mstroke-linejoin[31m=[32m"round"[31m
              [33mstroke-width[31m=[32m"2"[31m
              [33mviewBox[31m=[32m"0 0 24 24"[31m
              [33mwidth[31m=[32m"16"[31m
              [33mxmlns[31m=[32m"http://www.w3.org/2000/svg"[31m
            [36m>[31m
              [36m<path[31m
                [33md[31m=[32m"m21.44 11.05-9.19 9.19a6 6 0 0 1-8.49-8.49l8.57-8.57A4 4 0 1 1 18 8.84l-8.59 8.57a2 2 0 0 1-2.83-2.83l8.49-8.48"[31m
              [36m/>[31m
            [36m</svg>[31m
            [36m<span>[31m
              [0mAttach files[0m
            [36m</span>[31m
            [36m<input[31m
              [33maria-label[31m=[32m"Attach files to discussion post"[31m
              [33mclass[31m=[32m"hidden"[31m
              [33mmultiple[31m=[32m""[31m
              [33mtype[31m=[32m"file"[31m
            [36m/>[31m
          [36m</label>[31m
          [36m<button[31m
            [33mclass[31m=[32m"px-4 py-2 rounded-md bg-purple-600 hover:bg-purple-700 disabled:bg-gray-300 disabled:cursor-not-allowed text-white text-sm font-medium transition-colors flex items-center gap-2"[31m
            [33mdisabled[31m=[32m""[31m
            [33mtype[31m=[32m"submit"[31m
          [36m>[31m
            [36m<svg[31m
              [33mclass[31m=[32m"lucide lucide-send"[31m
              [33mfill[31m=[32m"none"[31m
              [33mheight[31m=[32m"16"[31m
              [33mstroke[31m=[32m"currentColor"[31m
              [33mstroke-linecap[31m=[32m"round"[31m
              [33mstroke-linejoin[31m=[32m"round"[31m
              [33mstroke-width[31m=[32m"2"[31m
              [33mviewBox[31m=[32m"0 0 24 24"[31m
              [33mwidth[31m=[32m"16"[31m
              [33mxmlns[31m=[32m"http://www.w3.org/2000/svg"[31m
            [36m>[31m
              [36m<path[31m
                [33md[31m=[32m"M14.536 21.686a.5.5 0 0 0 .937-.024l6.5-19a.496.496 0 0 0-.635-.635l-19 6.5a.5.5 0 0 0-.024.937l7.93 3.18a2 2 0 0 1 1.112 1.11z"[31m
              [36m/>[31m
              [36m<path[31m
                [33md[31m=[32m"m21.854 2.147-10.94 10.939"[31m
              [36m/>[31m
            [36m</svg>[31m
            [0mPost[0m
          [36m</button>[31m
        [36m</div>[31m
        [36m<p[31m
          [33mclass[31m=[32m"text-xs text-gray-500 dark:text-gray-400"[31m
          [33mid[31m=[32m":r1:"[31m
        [36m>[31m
          [0mPress Cmd/Ctrl + Enter to post[0m
        [36m</p>[31m
      [36m</form>[31m
    [36m</div>[31m
  [36m</div>[31m
[36m</body>[31m[39m
[31m   [31m├ù[31m GroupDiscussionThread[2m > [22mposts content with the documented keyboard shortcut[90m 82[2mms[22m[31m[39m
[31m     ΓåÆ expected "spy" to be called with arguments: [ '<p>Keyboard post</p>', undefined ][90m

Received: 

[1m  1st spy call:

[22m[2m  Array [[22m
[2m    "<p>Keyboard post</p>",[22m
[2m    undefined,[22m
[31m+   null,[90m
[2m  ][22m
[31m[90m

Number of calls: [1m1[22m
[31m[39m
 [32mΓ£ô[39m src/components/shared/ImageUploader.test.tsx [2m([22m[2m2 tests[22m[2m)[22m[33m 505[2mms[22m[39m
   [33m[2mΓ£ô[22m[39m ImageUploader[2m > [22muses an object URL for selected avatar previews and revokes it on unmount [33m467[2mms[22m[39m
 [32mΓ£ô[39m src/components/forms/__tests__/FormInput.test.tsx [2m([22m[2m4 tests[22m[2m)[22m[33m 775[2mms[22m[39m
   [33m[2mΓ£ô[22m[39m FormInput[2m > [22massociates the visible label and helper text with text inputs [33m427[2mms[22m[39m
 [32mΓ£ô[39m src/components/__tests__/CookieConsentBanner.test.tsx [2m([22m[2m8 tests[22m[2m)[22m[33m 949[2mms[22m[39m
   [33m[2mΓ£ô[22m[39m CookieConsentBanner[2m > [22mrenders the banner when no consent is stored [33m378[2mms[22m[39m
 [32mΓ£ô[39m src/components/shared/__tests__/ImageUploader.test.tsx [2m([22m[2m3 tests[22m[2m)[22m[33m 772[2mms[22m[39m
   [33m[2mΓ£ô[22m[39m ImageUploader[2m > [22mhandles image upload correctly without video extraction [33m398[2mms[22m[39m
 [31mΓ¥»[39m src/providers/__tests__/Notificationprovider.test.tsx [2m([22m[2m3 tests[22m[2m | [22m[31m1 failed[39m[2m)[22m[90m 242[2mms[22m[39m
[31m   [31m├ù[31m NotificationProvider[2m > [22mreports reconnecting state after an unexpected disconnect[90m 59[2mms[22m[31m[39m
[31m     ΓåÆ expected [ MockWebSocket{ ΓÇª(6) } ] to have a length of 2 but got 1[39m
 [32mΓ£ô[39m src/hooks/__tests__/useFeatureFlag.test.tsx [2m([22m[2m4 tests[22m[2m)[22m[33m 493[2mms[22m[39m
 [32mΓ£ô[39m src/hooks/__tests__/useSearch.test.tsx [2m([22m[2m3 tests[22m[2m)[22m[33m 526[2mms[22m[39m
 [32mΓ£ô[39m src/lib/export-scheduler/__tests__/exporter.test.ts [2m([22m[2m7 tests[22m[2m)[22m[90m 149[2mms[22m[39m
 [31mΓ¥»[39m src/components/tipping/TipForm/TipForm.test.tsx [2m([22m[2m6 tests[22m[2m | [22m[31m3 failed[39m[2m)[22m[33m 4874[2mms[22m[39m
[31m   [31m├ù[31m TipForm[2m > [22mrenders form with recipient name[33m 325[2mms[22m[31m[39m
[31m     ΓåÆ Unable to find a label with the text of: /Tip Alice/i

Ignored nodes: comments, script, style
[36m<body>[31m
  [36m<div>[31m
    [36m<form[31m
      [33mclass[31m=[32m"space-y-4 rounded-2xl border border-slate-200 bg-white p-6 shadow-sm dark:border-slate-700 dark:bg-slate-900"[31m
      [33mdata-testid[31m=[32m"tip-form"[31m
    [36m>[31m
      [36m<div[31m
        [33mclass[31m=[32m"space-y-2"[31m
      [36m>[31m
        [36m<div[31m
          [33mclass[31m=[32m"flex items-center gap-2 text-lg font-semibold text-slate-900 dark:text-slate-100"[31m
        [36m>[31m
          [36m<svg[31m
            [33mclass[31m=[32m"lucide lucide-gift h-5 w-5 text-sky-500"[31m
            [33mfill[31m=[32m"none"[31m
            [33mheight[31m=[32m"24"[31m
            [33mstroke[31m=[32m"currentColor"[31m
            [33mstroke-linecap[31m=[32m"round"[31m
            [33mstroke-linejoin[31m=[32m"round"[31m
            [33mstroke-width[31m=[32m"2"[31m
            [33mviewBox[31m=[32m"0 0 24 24"[31m
            [33mwidth[31m=[32m"24"[31m
            [33mxmlns[31m=[32m"http://www.w3.org/2000/svg"[31m
          [36m>[31m
            [36m<rect[31m
              [33mheight[31m=[32m"4"[31m
              [33mrx[31m=[32m"1"[31m
              [33mwidth[31m=[32m"18"[31m
              [33mx[31m=[32m"3"[31m
              [33my[31m=[32m"8"[31m
            [36m/>[31m
            [36m<path[31m
              [33md[31m=[32m"M12 8v13"[31m
            [36m/>[31m
            [36m<path[31m
              [33md[31m=[32m"M19 12v7a2 2 0 0 1-2 2H7a2 2 0 0 1-2-2v-7"[31m
            [36m/>[31m
            [36m<path[31m
              [33md[31m=[32m"M7.5 8a2.5 2.5 0 0 1 0-5A4.8 8 0 0 1 12 8a4.8 8 0 0 1 4.5-5 2.5 2.5 0 0 1 0 5"[31m
            [36m/>[31m
          [36m</svg>[31m
          [36m<span>[31m
            [0mTip [0m
            [0mAlice[0m
          [36m</span>[31m
        [36m</div>[31m
        [36m<p[31m
          [33mclass[31m=[32m"text-sm text-slate-600 dark:text-slate-400"[31m
        [36m>[31m
          [0mChoose a special interest group so your tip supports the right community and content category.[0m
        [36m</p>[31m
      [36m</div>[31m
      [36m<div[31m
        [33mclass[31m=[32m"grid gap-3"[31m
      [36m>[31m
        [36m<label[31m
          [33mclass[31m=[32m"text-sm font-medium text-slate-800 dark:text-slate-200"[31m
          [33mfor[31m=[32m"tip-group"[31m
        [36m>[31m
          [0mSpecial Interest Group[0m
        [36m</label>[31m
        [36m<select[31m
          [33maria-describedby[31m=[32m"tip-group-description"[31m
          [33mclass[31m=[32m"w-full rounded-lg border border-slate-300 bg-white px-4 py-3 text-sm text-slate-900 outline-none transition focus:border-sky-500 focus:ring-2 focus:ring-sky-200 dark:border-slate-700 dark:bg-slate-950 dark:text-white dark:focus:border-sky-400 dark:focus:ring-sky-500/20"[31m
          [33mdata-testid[31m=[32m"tip-group-select"[31m
          [33mid[31m=[32m"tip-group"[31m
        [36m>[31m
          [36m<option[31m
            [33mvalue[31m=[32m"default"[31m
          [36m>[31m
            [0mGeneral Support[0m
          [36m</option>[31m
          [36m<option[31m
            [33mvalue[31m=[32m"education"[31m
          [36m>[31m
            [0mEducation[0m
          [36m</option>[31m
          [36m<option[31m
            [33mvalue[31m=[32m"research"[31m
          [36m>[31m
            [0mResearch[0m
          [36m</option>[31m
        [36m</select>[31m
        [36m<p[31m
          [33mclass[31m=[32m"text-xs text-slate-500 dark:text-slate-400"[31m
          [33mid[31m=[32m"tip-group-description"[31m
        [36m>[31m
          [0mYour tip will support the creator across all their content areas.[0m
        [36m</p>[31m
      [36m</div>[31m
      [36m<div[31m
        [33mclass[31m=[32m"grid gap-3"[31m
      [36m>[31m
        [36m<label[31m
          [33mclass[31m=[32m"text-sm font-medium text-slate-800 dark:text-slate-200"[31m
          [33mfor[31m=[32m"tip-amount"[31m
        [36m>[31m
          [0mAmount (ETH)[0m
        [36m</label>[31m
        [36m<input[31m
          [33mclass[31m=[32m"w-full rounded-lg border border-slate-300 bg-white px-4 py-3 text-sm text-slate-900 outline-none transition focus:border-sky-500 focus:ring-2 focus:ring-sky-200 dark:border-slate-700 dark:bg-slate-950 dark:text-white dark:focus:border-sky-400 dark:focus:ring-sky-500/20"[31m
          [33mdata-testid[31m=[32m"tip-amount-input"[31m
          [33mid[31m=[32m"tip-amount"[31m
          [33minputmode[31m=[32m"decimal"[31m
          [33mmin[31m=[32m"0.001"[31m
          [33mname[31m=[32m"tip-amount"[31m
          [33mplaceholder[31m=[32m"0.01"[31m
          [33mstep[31m=[32m"0.001"[31m
          [33mtype[31m=[32m"number"[31m
          [33mvalue[31m=[32m""[31m
        [36m/>[31m
      [36m</div>[31m
      [36m<button[31m
        [33mclass[31m=[32m"inline-flex items-center justify-center rounded-lg bg-blue-600 px-4 py-2 text-sm font-semibold text-white disabled:cursor-not-allowed disabled:bg-blue-300"[31m
        [33mdata-testid[31m=[32m"tip-submit"[31m
        [33mtype[31m=[32m"submit"[31m
      [36m>[31m
        [0mSend Tip[0m
      [36m</button>[31m
    [36m</form>[31m
  [36m</div>[31m
[36m</body>[31m[39m
   [33m[2mΓ£ô[22m[39m TipForm[2m > [22mshows validation error for empty amount [33m425[2mms[22m[39m
[31m   [31m├ù[31m TipForm[2m > [22mshows validation error for zero amount[33m 1608[2mms[22m[31m[39m
[31m     ΓåÆ Unable to find an element by: [data-testid="tip-error"]

Ignored nodes: comments, script, style
[36m<body>[31m
  [36m<div>[31m
    [36m<form[31m
      [33mclass[31m=[32m"space-y-4 rounded-2xl border border-slate-200 bg-white p-6 shadow-sm dark:border-slate-700 dark:bg-slate-900"[31m
      [33mdata-testid[31m=[32m"tip-form"[31m
    [36m>[31m
      [36m<div[31m
        [33mclass[31m=[32m"space-y-2"[31m
      [36m>[31m
        [36m<div[31m
          [33mclass[31m=[32m"flex items-center gap-2 text-lg font-semibold text-slate-900 dark:text-slate-100"[31m
        [36m>[31m
          [36m<svg[31m
            [33mclass[31m=[32m"lucide lucide-gift h-5 w-5 text-sky-500"[31m
            [33mfill[31m=[32m"none"[31m
            [33mheight[31m=[32m"24"[31m
            [33mstroke[31m=[32m"currentColor"[31m
            [33mstroke-linecap[31m=[32m"round"[31m
            [33mstroke-linejoin[31m=[32m"round"[31m
            [33mstroke-width[31m=[32m"2"[31m
            [33mviewBox[31m=[32m"0 0 24 24"[31m
            [33mwidth[31m=[32m"24"[31m
            [33mxmlns[31m=[32m"http://www.w3.org/2000/svg"[31m
          [36m>[31m
            [36m<rect[31m
              [33mheight[31m=[32m"4"[31m
              [33mrx[31m=[32m"1"[31m
              [33mwidth[31m=[32m"18"[31m
              [33mx[31m=[32m"3"[31m
              [33my[31m=[32m"8"[31m
            [36m/>[31m
            [36m<path[31m
              [33md[31m=[32m"M12 8v13"[31m
            [36m/>[31m
            [36m<path[31m
              [33md[31m=[32m"M19 12v7a2 2 0 0 1-2 2H7a2 2 0 0 1-2-2v-7"[31m
            [36m/>[31m
            [36m<path[31m
              [33md[31m=[32m"M7.5 8a2.5 2.5 0 0 1 0-5A4.8 8 0 0 1 12 8a4.8 8 0 0 1 4.5-5 2.5 2.5 0 0 1 0 5"[31m
            [36m/>[31m
          [36m</svg>[31m
          [36m<span>[31m
            [0mTip [0m
            [0mAlice[0m
          [36m</span>[31m
        [36m</div>[31m
        [36m<p[31m
          [33mclass[31m=[32m"text-sm text-slate-600 dark:text-slate-400"[31m
        [36m>[31m
          [0mChoose a special interest group so your tip supports the right community and content category.[0m
        [36m</p>[31m
      [36m</div>[31m
      [36m<div[31m
        [33mclass[31m=[32m"grid gap-3"[31m
      [36m>[31m
        [36m<label[31m
          [33mclass[31m=[32m"text-sm font-medium text-slate-800 dark:text-slate-200"[31m
          [33mfor[31m=[32m"tip-group"[31m
        [36m>[31m
          [0mSpecial Interest Group[0m
        [36m</label>[31m
        [36m<select[31m
          [33maria-describedby[31m=[32m"tip-group-description"[31m
          [33mclass[31m=[32m"w-full rounded-lg border border-slate-300 bg-white px-4 py-3 text-sm text-slate-900 outline-none transition focus:border-sky-500 focus:ring-2 focus:ring-sky-200 dark:border-slate-700 dark:bg-slate-950 dark:text-white dark:focus:border-sky-400 dark:focus:ring-sky-500/20"[31m
          [33mdata-testid[31m=[32m"tip-group-select"[31m
          [33mid[31m=[32m"tip-group"[31m
        [36m>[31m
          [36m<option[31m
            [33mvalue[31m=[32m"default"[31m
          [36m>[31m
            [0mGeneral Support[0m
          [36m</option>[31m
          [36m<option[31m
            [33mvalue[31m=[32m"education"[31m
          [36m>[31m
            [0mEducation[0m
          [36m</option>[31m
          [36m<option[31m
            [33mvalue[31m=[32m"research"[31m
          [36m>[31m
            [0mResearch[0m
          [36m</option>[31m
        [36m</select>[31m
        [36m<p[31m
          [33mclass[31m=[32m"text-xs text-slate-500 dark:text-slate-400"[31m
          [33mid[31m=[32m"tip-group-description"[31m
        [36m>[31m
          [0mYour tip will support the creator across all their content areas.[0m
        [36m</p>[31m
      [36m</div>[31m
      [36m<div[31m
        [33mclass[31m=[32m"grid gap-3"[31m
      [36m>[31m
        [36m<label[31m
          [33mclass[31m=[32m"text-sm font-medium text-slate-800 dark:text-slate-200"[31m
          [33mfor[31m=[32m"tip-amount"[31m
        [36m>[31m
          [0mAmount (ETH)[0m
        [36m</label>[31m
        [36m<input[31m
          [33mclass[31m=[32m"w-full rounded-lg border border-slate-300 bg-white px-4 py-3 text-sm text-slate-900 outline-none transition focus:border-sky-500 focus:ring-2 focus:ring-sky-200 dark:border-slate-700 dark:bg-slate-950 dark:text-white dark:focus:border-sky-400 dark:focus:ring-sky-500/20"[31m
          [33mdata-testid[31m=[32m"tip-amount-input"[31m
          [33mid[31m=[32m"tip-amount"[31m
          [33minputmode[31m=[32m"decimal"[31m
          [33mmin[31m=[32m"0.001"[31m
          [33mname[31m=[32m"tip-amount"[31m
          [33mplaceholder[31m=[32m"0.01"[31m
          [33mstep[31m=[32m"0.001"[31m
          [33mtype[31m=[32m"number"[31m
          [33mvalue[31m=[32m"0"[31m
        [36m/>[31m
      [36m</div>[31m
      [36m<button[31m
        [33mclass[31m=[32m"inline-flex items-center justify-center rounded-lg bg-blue-600 px-4 py-2 text-sm font-semibold text-white disabled:cursor-not-allowed disabled:bg-blue-300"[31m
        [33mdata-testid[31m=[32m"tip-submit"[31m
        [33mtype[31m=[32m"submit"[31m
      [36m>[31m
        [0mSend Tip[0m
      [36m</button>[31m
    [36m</form>[31m
  [36m</div>[31m
[36m</body>[31m

Ignored nodes: comments, script, style
[36m<html>[31m
  [36m<head />[31m
  [36m<body>[31m
    [36m<div>[31m
      [36m<form[31m
        [33mclass[31m=[32m"space-y-4 rounded-2xl border border-slate-200 bg-white p-6 shadow-sm dark:border-slate-700 dark:bg-slate-900"[31m
        [33mdata-testid[31m=[32m"tip-form"[31m
      [36m>[31m
        [36m<div[31m
          [33mclass[31m=[32m"space-y-2"[31m
        [36m>[31m
          [36m<div[31m
            [33mclass[31m=[32m"flex items-center gap-2 text-lg font-semibold text-slate-900 dark:text-slate-100"[31m
          [36m>[31m
            [36m<svg[31m
              [33mclass[31m=[32m"lucide lucide-gift h-5 w-5 text-sky-500"[31m
              [33mfill[31m=[32m"none"[31m
              [33mheight[31m=[32m"24"[31m
              [33mstroke[31m=[32m"currentColor"[31m
              [33mstroke-linecap[31m=[32m"round"[31m
              [33mstroke-linejoin[31m=[32m"round"[31m
              [33mstroke-width[31m=[32m"2"[31m
              [33mviewBox[31m=[32m"0 0 24 24"[31m
              [33mwidth[31m=[32m"24"[31m
              [33mxmlns[31m=[32m"http://www.w3.org/2000/svg"[31m
            [36m>[31m
              [36m<rect[31m
                [33mheight[31m=[32m"4"[31m
                [33mrx[31m=[32m"1"[31m
                [33mwidth[31m=[32m"18"[31m
                [33mx[31m=[32m"3"[31m
                [33my[31m=[32m"8"[31m
              [36m/>[31m
              [36m<path[31m
                [33md[31m=[32m"M12 8v13"[31m
              [36m/>[31m
              [36m<path[31m
                [33md[31m=[32m"M19 12v7a2 2 0 0 1-2 2H7a2 2 0 0 1-2-2v-7"[31m
              [36m/>[31m
              [36m<path[31m
                [33md[31m=[32m"M7.5 8a2.5 2.5 0 0 1 0-5A4.8 8 0 0 1 12 8a4.8 8 0 0 1 4.5-5 2.5 2.5 0 0 1 0 5"[31m
              [36m/>[31m
            [36m</svg>[31m
            [36m<span>[31m
              [0mTip [0m
              [0mAlice[0m
            [36m</span>[31m
          [36m</div>[31m
          [36m<p[31m
            [33mclass[31m=[32m"text-sm text-slate-600 dark:text-slate-400"[31m
          [36m>[31m
            [0mChoose a special interest group so your tip supports the right community and content category.[0m
          [36m</p>[31m
        [36m</div>[31m
        [36m<div[31m
          [33mclass[31m=[32m"grid gap-3"[31m
        [36m>[31m
          [36m<label[31m
            [33mclass[31m=[32m"text-sm font-medium text-slate-800 dark:text-slate-200"[31m
            [33mfor[31m=[32m"tip-group"[31m
          [36m>[31m
            [0mSpecial Interest Group[0m
          [36m</label>[31m
          [36m<select[31m
            [33maria-describedby[31m=[32m"tip-group-description"[31m
            [33mclass[31m=[32m"w-full rounded-lg border border-slate-300 bg-white px-4 py-3 text-sm text-slate-900 outline-none transition focus:border-sky-500 focus:ring-2 focus:ring-sky-200 dark:border-slate-700 dark:bg-slate-950 dark:text-white dark:focus:border-sky-400 dark:focus:ring-sky-500/20"[31m
            [33mdata-testid[31m=[32m"tip-group-select"[31m
            [33mid[31m=[32m"tip-group"[31m
          [36m>[31m
            [36m<option[31m
              [33mvalue[31m=[32m"default"[31m
            [36m>[31m
              [0mGeneral Support[0m
            [36m</option>[31m
            [36m<option[31m
              [33mvalue[31m=[32m"education"[31m
            [36m>[31m
              [0mEducation[0m
            [36m</option>[31m
            [36m<option[31m
              [33mvalue[31m=[32m"research"[31m
            [36m>[31m
              [0mResearch[0m
            [36m</option>[31m
          [36m</select>[31m
          [36m<p[31m
            [33mclass[31m=[32m"text-xs text-slate-500 dark:text-slate-400"[31m
            [33mid[31m=[32m"tip-group-description"[31m
          [36m>[31m
            [0mYour tip will support the creator across all their content areas.[0m
          [36m</p>[31m
        [36m</div>[31m
        [36m<div[31m
          [33mclass[31m=[32m"grid gap-3"[31m
        [36m>[31m
          [36m<label[31m
            [33mclass[31m=[32m"text-sm font-medium text-slate-800 dark:text-slate-200"[31m
            [33mfor[31m=[32m"tip-amount"[31m
          [36m>[31m
            [0mAmount (ETH)[0m
          [36m</label>[31m
          [36m<input[31m
            [33mclass[31m=[32m"w-full rounded-lg border border-slate-300 bg-white px-4 py-3 text-sm text-slate-900 outline-none transition focus:border-sky-500 focus:ring-2 focus:ring-sky-200 dark:border-slate-700 dark:bg-slate-950 dark:text-white dark:focus:border-sky-400 dark:focus:ring-sky-500/20"[31m
            [33mdata-testid[31m=[32m"tip-amount-input"[31m
            [33mid[31m=[32m"tip-amount"[31m
            [33minputmode[31m=[32m"decimal"[31m
            [33mmin[31m=[32m"0.001"[31m
            [33mname[31m=[32m"tip-amount"[31m
            [33mplaceholder[31m=[32m"0.01"[31m
            [33mstep[31m=[32m"0.001"[31m
            [33mtype[31m=[32m"number"[31m
            [33mvalue[31m=[32m"0"[31m
          [36m/>[31m
        [36m</div>[31m
        [36m<button[31m
          [33mclass[31m=[32m"inline-flex items-center justify-center rounded-lg bg-blue-600 px-4 py-2 text-sm font-semibold text-white disabled:cursor-not-allowed disabled:bg-blue-300"[31m
          [33mdata-testid[31m=[32m"tip-submit"[31m
          [33mtype[31m=[32m"submit"[31m
        [36m>[31m
          [0mSend Tip[0m
        [36m</button>[31m
      [36m</form>[31m
    [36m</div>[31m
  [36m</body>[31m
[36m</html>[31m[39m
   [33m[2mΓ£ô[22m[39m TipForm[2m > [22mshows loading state while sending tip [33m381[2mms[22m[39m
[31m   [31m├ù[31m TipForm[2m > [22mshows success message after successful tip[33m 1571[2mms[22m[31m[39m
[31m     ΓåÆ Unable to find an element by: [data-testid="success-msg"]

Ignored nodes: comments, script, style
[36m<body>[31m
  [36m<div>[31m
    [36m<div[31m
      [33mclass[31m=[32m"rounded-2xl border border-slate-200 bg-slate-50 p-5 text-slate-900 shadow-sm dark:border-slate-700 dark:bg-slate-950 dark:text-white"[31m
    [36m>[31m
      [36m<div[31m
        [33mclass[31m=[32m"flex items-center gap-2 text-sm font-semibold text-emerald-700 dark:text-emerald-300"[31m
      [36m>[31m
        [36m<svg[31m
          [33mclass[31m=[32m"lucide lucide-sparkles h-5 w-5"[31m
          [33mfill[31m=[32m"none"[31m
          [33mheight[31m=[32m"24"[31m
          [33mstroke[31m=[32m"currentColor"[31m
          [33mstroke-linecap[31m=[32m"round"[31m
          [33mstroke-linejoin[31m=[32m"round"[31m
          [33mstroke-width[31m=[32m"2"[31m
          [33mviewBox[31m=[32m"0 0 24 24"[31m
          [33mwidth[31m=[32m"24"[31m
          [33mxmlns[31m=[32m"http://www.w3.org/2000/svg"[31m
        [36m>[31m
          [36m<path[31m
            [33md[31m=[32m"M9.937 15.5A2 2 0 0 0 8.5 14.063l-6.135-1.582a.5.5 0 0 1 0-.962L8.5 9.936A2 2 0 0 0 9.937 8.5l1.582-6.135a.5.5 0 0 1 .963 0L14.063 8.5A2 2 0 0 0 15.5 9.937l6.135 1.581a.5.5 0 0 1 0 .964L15.5 14.063a2 2 0 0 0-1.437 1.437l-1.582 6.135a.5.5 0 0 1-.963 0z"[31m
          [36m/>[31m
          [36m<path[31m
            [33md[31m=[32m"M20 3v4"[31m
          [36m/>[31m
          [36m<path[31m
            [33md[31m=[32m"M22 5h-4"[31m
          [36m/>[31m
          [36m<path[31m
            [33md[31m=[32m"M4 17v2"[31m
          [36m/>[31m
          [36m<path[31m
            [33md[31m=[32m"M5 18H3"[31m
          [36m/>[31m
        [36m</svg>[31m
        [0mTip sent successfully![0m
      [36m</div>[31m
      [36m<p[31m
        [33mclass[31m=[32m"mt-3 text-sm text-slate-600 dark:text-slate-300"[31m
      [36m>[31m
        [0mYour support for [0m
        [0mAlice[0m
        [0m has been routed through the[0m
        [0m [0m
        [36m<strong>[31m
          [0mGeneral Support[0m
        [36m</strong>[31m
        [0m interest group.[0m
      [36m</p>[31m
    [36m</div>[31m
  [36m</div>[31m
[36m</body>[31m

Ignored nodes: comments, script, style
[36m<html>[31m
  [36m<head />[31m
  [36m<body>[31m
    [36m<div>[31m
      [36m<div[31m
        [33mclass[31m=[32m"rounded-2xl border border-slate-200 bg-slate-50 p-5 text-slate-900 shadow-sm dark:border-slate-700 dark:bg-slate-950 dark:text-white"[31m
      [36m>[31m
        [36m<div[31m
          [33mclass[31m=[32m"flex items-center gap-2 text-sm font-semibold text-emerald-700 dark:text-emerald-300"[31m
        [36m>[31m
          [36m<svg[31m
            [33mclass[31m=[32m"lucide lucide-sparkles h-5 w-5"[31m
            [33mfill[31m=[32m"none"[31m
            [33mheight[31m=[32m"24"[31m
            [33mstroke[31m=[32m"currentColor"[31m
            [33mstroke-linecap[31m=[32m"round"[31m
            [33mstroke-linejoin[31m=[32m"round"[31m
            [33mstroke-width[31m=[32m"2"[31m
            [33mviewBox[31m=[32m"0 0 24 24"[31m
            [33mwidth[31m=[32m"24"[31m
            [33mxmlns[31m=[32m"http://www.w3.org/2000/svg"[31m
          [36m>[31m
            [36m<path[31m
              [33md[31m=[32m"M9.937 15.5A2 2 0 0 0 8.5 14.063l-6.135-1.582a.5.5 0 0 1 0-.962L8.5 9.936A2 2 0 0 0 9.937 8.5l1.582-6.135a.5.5 0 0 1 .963 0L14.063 8.5A2 2 0 0 0 15.5 9.937l6.135 1.581a.5.5 0 0 1 0 .964L15.5 14.063a2 2 0 0 0-1.437 1.437l-1.582 6.135a.5.5 0 0 1-.963 0z"[31m
            [36m/>[31m
            [36m<path[31m
              [33md[31m=[32m"M20 3v4"[31m
            [36m/>[31m
            [36m<path[31m
              [33md[31m=[32m"M22 5h-4"[31m
            [36m/>[31m
            [36m<path[31m
              [33md[31m=[32m"M4 17v2"[31m
            [36m/>[31m
            [36m<path[31m
              [33md[31m=[32m"M5 18H3"[31m
            [36m/>[31m
          [36m</svg>[31m
          [0mTip sent successfully![0m
        [36m</div>[31m
        [36m<p[31m
          [33mclass[31m=[32m"mt-3 text-sm text-slate-600 dark:text-slate-300"[31m
        [36m>[31m
          [0mYour support for [0m
          [0mAlice[0m
          [0m has been routed through the[0m
          [0m [0m
          [36m<strong>[31m
            [0mGeneral Support[0m
          [36m</strong>[31m
          [0m interest group.[0m
        [36m</p>[31m
      [36m</div>[31m
    [36m</div>[31m
  [36m</body>[31m
[36m</html>[31m[39m
   [33m[2mΓ£ô[22m[39m TipForm[2m > [22mshows error message when tip transaction fails [33m556[2mms[22m[39m
 [32mΓ£ô[39m src/lib/auth/__tests__/SessionPredictor.test.ts [2m([22m[2m5 tests[22m[2m)[22m[90m 36[2mms[22m[39m
 [31mΓ¥»[39m src/testing/validation.test.ts [2m([22m[2m7 tests[22m[2m | [22m[31m2 failed[39m[2m)[22m[90m 219[2mms[22m[39m
[31m   [31m├ù[31m Data Validation[2m > [22mUserSchema[2m > [22mshould validate a correct user object[90m 122[2mms[22m[31m[39m
[31m     ΓåÆ expected { ΓÇª(5) } to deeply equal { ΓÇª(4) }[39m
[31m   [31m├ù[31m Data Validation[2m > [22mvalidateData utility[2m > [22mshould return validated data when correct[90m 50[2mms[22m[31m[39m
[31m     ΓåÆ expected { id: '1', name: 'John Doe', ΓÇª(3) } to deeply equal { id: '1', name: 'John Doe', ΓÇª(2) }[39m
 [31mΓ¥»[39m OfflineSyncManager.test.ts [2m([22m[2m0 test[22m[2m)[22m
 [32mΓ£ô[39m src/hooks/__tests__/useQuiz.test.tsx [2m([22m[2m3 tests[22m[2m)[22m[90m 75[2mms[22m[39m
 [32mΓ£ô[39m src/testing/conflict.test.ts [2m([22m[2m7 tests[22m[2m)[22m[90m 38[2mms[22m[39m
 [32mΓ£ô[39m src/components/collaboration/__tests__/CollaborativeEditor.test.tsx [2m([22m[2m1 test[22m[2m)[22m[33m 453[2mms[22m[39m
   [33m[2mΓ£ô[22m[39m CollaborativeEditor[2m > [22msends chat messages and displays them [33m449[2mms[22m[39m
 [31mΓ¥»[39m src/components/layout/__tests__/HeaderComponent.test.tsx [2m([22m[2m0 test[22m[2m)[22m
 [32mΓ£ô[39m src/components/ui/__tests__/Modal.test.tsx [2m([22m[2m12 tests[22m[2m)[22m[33m 1039[2mms[22m[39m
 [32mΓ£ô[39m k8s/profile-deployment.test.ts [2m([22m[2m7 tests[22m[2m)[22m[90m 17[2mms[22m[39m
 [32mΓ£ô[39m src/form-management/types/core.test.ts [2m([22m[2m4 tests[22m[2m)[22m[90m 42[2mms[22m[39m
 [31mΓ¥»[39m src/app/api/auth/discord/__tests__/route.test.ts [2m([22m[2m3 tests[22m[2m | [22m[31m1 failed[39m[2m)[22m[90m 277[2mms[22m[39m
[31m   [31m├ù[31m Discord OAuth API Route[2m > [22mGET /api/auth/discord[2m > [22mshould redirect to Discord authorization URL[90m 205[2mms[22m[31m[39m
[31m     ΓåÆ expected 307 to be 302 // Object.is equality[39m
 [32mΓ£ô[39m src/hooks/__tests__/useInfiniteScroll.test.ts [2m([22m[2m4 tests[22m[2m)[22m[90m 267[2mms[22m[39m
 [32mΓ£ô[39m src/middleware/__tests__/rbac.test.ts [2m([22m[2m5 tests[22m[2m)[22m[90m 36[2mms[22m[39m
 [32mΓ£ô[39m src/hooks/__tests__/useGdprConsent.test.ts [2m([22m[2m6 tests[22m[2m)[22m[90m 127[2mms[22m[39m
 [32mΓ£ô[39m src/lib/export-scheduler/__tests__/cron-parser.test.ts [2m([22m[2m6 tests[22m[2m)[22m[90m 27[2mms[22m[39m
 [32mΓ£ô[39m src/components/courses/__tests__/EnrollmentCTA.integration.test.tsx [2m([22m[2m1 test[22m[2m)[22m[33m 328[2mms[22m[39m
   [33m[2mΓ£ô[22m[39m EnrollmentCTA & DiscountProgressBar Integration[2m > [22mcalculates aggregate spend across item selection states and pushes state to progress metrics [33m322[2mms[22m[39m
 [32mΓ£ô[39m src/app/profile/__tests__/ProfileTabs.test.tsx [2m([22m[2m3 tests[22m[2m)[22m[33m 1906[2mms[22m[39m
   [33m[2mΓ£ô[22m[39m ProfileTabs[2m > [22mrenders the profile panel first to keep initial work minimal [33m613[2mms[22m[39m
   [33m[2mΓ£ô[22m[39m ProfileTabs[2m > [22mloads settings only when the settings tab is selected [33m1097[2mms[22m[39m
